arm_test.cmd_trace(arm, [])
TRACE t_us,ref_deg,pos_deg,duty
TRACE 894,-1.00,-1.00,0.430
TRACE 2851,-1.00,-1.00,0.431
TRACE 4685,-1.00,-1.00,0.432
TRACE 6505,-1.00,-1.00,0.432
TRACE 8297,-0.99,-1.00,0.433
TRACE 10078,-0.99,-1.00,0.434
TRACE 11855,-0.99,-1.00,0.435
TRACE 13649,-0.98,-1.00,0.435
TRACE 15436,-0.98,-1.00,0.436
TRACE 17209,-0.97,-1.00,0.437
TRACE 18996,-0.96,-1.00,0.438
TRACE 20767,-0.96,-1.00,0.439
TRACE 22530,-0.95,-1.00,0.440
TRACE 24350,-0.94,-1.00,0.441
TRACE 26143,-0.93,-1.00,0.441
TRACE 27927,-0.92,-1.00,0.442
TRACE 29693,-0.91,-0.50,-0.444
TRACE 31457,-0.90,0.00,-0.490
TRACE 33227,-0.89,0.00,-0.489
TRACE 34974,-0.88,0.00,-0.488
TRACE 36721,-0.87,0.00,-0.487
TRACE 38541,-0.85,0.00,-0.486
TRACE 40283,-0.84,0.00,-0.485
TRACE 42065,-0.82,0.00,-0.452
TRACE 43819,-0.81,0.00,0.422
TRACE 45562,-0.79,0.00,0.423
TRACE 47329,-0.78,0.00,0.424
TRACE 49060,-0.76,0.00,0.425
TRACE 50831,-0.74,0.00,0.426
TRACE 52567,-0.72,0.00,0.427
TRACE 54300,-0.71,0.50,-0.459
TRACE 56086,-0.69,1.00,-0.506
TRACE 57864,-0.67,1.00,-0.504
TRACE 59635,-0.64,1.00,-0.503
TRACE 61432,-0.62,1.00,-0.501
TRACE 63246,-0.60,1.00,-0.500
TRACE 65039,-0.58,0.00,0.436
TRACE 66787,-0.55,0.00,0.469
TRACE 68551,-0.53,0.00,0.503
TRACE 70281,-0.51,0.00,0.505
TRACE 72016,-0.48,0.00,0.506
TRACE 73760,-0.46,0.00,0.508
TRACE 75504,-0.43,0.00,0.510
TRACE 77234,-0.40,0.50,-0.442
TRACE 79003,-0.38,1.00,-0.488
TRACE 80806,-0.35,1.00,-0.487
TRACE 82573,-0.32,1.00,-0.485
TRACE 84350,-0.29,1.00,-0.483
TRACE 86140,-0.26,1.00,-0.481
TRACE 87928,-0.23,1.00,-0.480
TRACE 89717,-0.20,0.00,0.488
TRACE 91463,-0.16,0.00,0.522
TRACE 93193,-0.13,0.00,0.524
TRACE 94927,-0.10,0.00,0.526
TRACE 96654,-0.07,0.00,0.528
TRACE 98400,-0.03,0.00,0.530
TRACE 100151,0.00,0.00,0.532
TRACE 101874,0.04,0.00,0.468
TRACE 103606,0.07,1.00,-0.466
TRACE 105380,0.11,1.00,-0.464
TRACE 107171,0.15,1.00,-0.462
TRACE 108948,0.19,1.00,-0.460
TRACE 110742,0.23,1.00,-0.458
TRACE 112548,0.27,1.00,-0.456
TRACE 114327,0.31,1.00,-0.454
TRACE 116136,0.35,1.00,0.452
TRACE 117910,0.39,1.00,0.454
TRACE 119675,0.43,0.50,0.503
TRACE 121437,0.47,0.00,0.552
TRACE 123171,0.52,0.00,0.554
TRACE 124899,0.56,0.00,0.557
TRACE 126637,0.60,0.00,0.559
TRACE 128363,0.65,0.50,0.513
TRACE 130125,0.69,1.00,0.468
TRACE 131886,0.74,1.00,0.437
TRACE 133671,0.79,1.00,-0.434
TRACE 135458,0.83,1.00,-0.431
TRACE 137228,0.88,1.00,-0.429
TRACE 139020,0.93,1.00,-0.427
TRACE 140802,0.98,1.00,0.448
TRACE 142572,1.03,1.00,0.482
TRACE 144342,1.08,1.00,0.484
TRACE 146096,1.13,1.00,0.487
TRACE 147869,1.19,1.50,0.442
TRACE 149641,1.24,2.00,-0.443
TRACE 151434,1.29,2.00,-0.441
TRACE 153234,1.35,2.00,-0.439
TRACE 154986,1.40,2.00,-0.437
TRACE 156768,1.46,2.00,-0.434
TRACE 158548,1.51,2.00,-0.432
TRACE 160329,1.57,2.00,0.443
TRACE 162108,1.63,2.00,0.477
TRACE 163876,1.69,2.00,0.480
TRACE 165634,1.74,2.00,0.482
TRACE 167395,1.80,2.00,0.484
TRACE 169171,1.86,2.00,0.487
TRACE 170950,1.92,2.00,0.489
TRACE 172699,1.98,2.00,0.492
TRACE 174479,2.04,2.00,0.494
TRACE 176267,2.11,3.00,-0.438
TRACE 178077,2.17,3.00,-0.435
TRACE 179867,2.24,3.00,-0.432
TRACE 181666,2.30,3.00,-0.430
TRACE 183455,2.37,3.00,-0.427
TRACE 185236,2.43,3.00,-0.424
TRACE 187025,2.50,3.00,-0.422
TRACE 188808,2.56,3.00,0.485
TRACE 190567,2.63,2.50,0.535
TRACE 192347,2.70,2.00,0.584
TRACE 194121,2.77,2.00,0.587
TRACE 195904,2.84,2.00,0.590
TRACE 197682,2.91,2.00,0.593
TRACE 199448,2.98,2.00,0.596
TRACE 201191,3.05,2.00,0.598
TRACE 211669,3.48,3.00,0.502
TRACE 213440,3.56,3.00,0.486
TRACE 215230,3.63,4.00,0.421
TRACE 217002,3.71,4.00,0.424
TRACE 218795,3.79,5.00,-0.481
TRACE 220590,3.87,5.00,-0.478
TRACE 222396,3.95,5.00,-0.475
TRACE 224180,4.03,5.00,-0.486
TRACE 225968,4.11,5.50,-0.530
TRACE 227751,4.19,5.50,-0.463
TRACE 229527,4.27,5.50,-0.460
TRACE 231337,4.35,5.00,0.494
TRACE 233142,4.44,5.00,0.497
TRACE 234908,4.52,5.00,0.500
TRACE 236690,4.60,5.00,0.503
TRACE 238458,4.69,5.00,0.538
TRACE 240240,4.77,5.00,0.542
TRACE 242034,4.86,5.00,0.545
TRACE 243805,4.94,5.50,0.469
TRACE 245564,5.03,6.00,0.425
TRACE 247383,5.12,6.00,0.429
TRACE 249151,5.21,6.00,0.432
TRACE 250924,5.30,6.00,0.435
TRACE 252710,5.39,7.00,-0.496
TRACE 254486,5.48,7.00,-0.493
TRACE 256341,5.57,7.00,-0.456
TRACE 258127,5.66,7.00,-0.421
TRACE 259935,5.76,7.50,-0.464
TRACE 261698,5.85,7.00,0.426
TRACE 263461,5.94,7.00,0.429
TRACE 265254,6.04,7.00,0.497
TRACE 267020,6.13,7.00,0.500
TRACE 268784,6.22,7.00,0.503
TRACE 270545,6.32,7.00,0.507
TRACE 272318,6.42,7.00,0.543
TRACE 274103,6.51,7.00,0.514
TRACE 275880,6.61,7.00,0.518
TRACE 277647,6.71,7.00,0.521
TRACE 279413,6.81,7.00,0.525
TRACE 281183,6.91,7.50,0.481
TRACE 282942,7.01,8.00,0.437
TRACE 284696,7.11,8.00,0.441
TRACE 286461,7.21,8.00,0.445
TRACE 288225,7.31,8.00,0.448
TRACE 290002,7.41,9.00,-0.483
TRACE 291793,7.51,9.00,-0.479
TRACE 293578,7.62,9.00,-0.443
TRACE 295354,7.72,9.00,0.434
TRACE 297105,7.83,9.00,0.437
TRACE 298871,7.93,9.00,0.441
TRACE 300621,8.04,9.00,0.435
TRACE 302432,8.15,9.00,0.502
TRACE 304235,8.25,9.00,0.506
TRACE 306054,8.36,10.00,-0.425
TRACE 307865,8.47,10.00,-0.422
TRACE 309681,8.58,10.00,0.422
TRACE 311482,8.69,10.00,0.425
TRACE 313292,8.80,10.00,0.429
TRACE 315098,8.91,11.00,-0.501
TRACE 316933,9.02,11.00,-0.498
TRACE 318766,9.13,11.00,-0.431
TRACE 320582,9.23,11.00,-0.428
TRACE 322395,9.34,11.00,-0.425
TRACE 324230,9.45,10.50,0.465
TRACE 326033,9.56,10.00,0.515
TRACE 327832,9.67,10.00,0.581
TRACE 329642,9.78,10.00,0.584
TRACE 331447,9.89,10.00,0.588
TRACE 333258,10.00,10.00,0.591
TRACE 335066,10.10,10.50,0.548
TRACE 336873,10.21,11.00,0.473
TRACE 338666,10.32,11.00,0.444
TRACE 340470,10.43,11.00,0.448
TRACE 342284,10.54,11.00,0.451
TRACE 344099,10.65,12.00,-0.479
TRACE 345950,10.76,12.00,-0.475
TRACE 347769,10.87,13.00,-0.533
TRACE 349604,10.98,13.00,-0.498
TRACE 351430,11.09,13.00,-0.495
TRACE 353270,11.20,13.00,-0.491
TRACE 355099,11.31,12.50,-0.441
TRACE 356903,11.41,12.00,0.510
TRACE 358703,11.52,12.00,0.514
TRACE 360514,11.63,12.00,0.580
TRACE 362312,11.74,12.00,0.583
TRACE 364107,11.85,11.50,0.633
TRACE 365913,11.95,12.00,0.590
TRACE 367718,12.06,12.00,0.562
TRACE 369513,12.17,12.00,0.533
TRACE 371321,12.28,12.00,0.536
TRACE 373109,12.39,13.00,0.446
TRACE 374924,12.50,13.00,0.449
TRACE 376743,12.60,13.00,0.421
TRACE 378558,12.71,13.50,-0.430
TRACE 380389,12.82,14.00,-0.474
TRACE 382220,12.93,14.00,-0.470
TRACE 384047,13.04,14.00,-0.466
TRACE 385874,13.15,14.00,0.440
TRACE 387687,13.26,14.00,0.443
TRACE 389507,13.37,14.00,0.446
TRACE 391300,13.48,14.00,0.481
TRACE 393097,13.59,14.00,0.516
TRACE 394911,13.69,14.50,0.472
TRACE 396727,13.80,15.00,0.429
TRACE 398530,13.91,15.00,0.432
TRACE 400333,14.02,15.00,0.435
TRACE 402141,14.13,15.00,0.439
TRACE 403942,14.24,16.00,-0.491
TRACE 405769,14.35,16.00,-0.488
TRACE 416241,14.97,16.00,0.441
TRACE 418054,15.08,16.00,0.463
TRACE 419896,15.19,16.00,0.466
TRACE 421727,15.30,16.00,0.470
TRACE 423547,15.41,16.00,0.473
TRACE 425368,15.52,16.00,0.514
TRACE 427202,15.63,16.00,0.517
TRACE 429022,15.74,16.00,0.520
TRACE 430836,15.85,16.00,0.524
TRACE 432653,15.96,16.00,0.527
TRACE 434459,16.07,16.00,0.530
TRACE 436268,16.18,17.00,0.440
TRACE 438126,16.29,17.00,0.444
TRACE 439968,16.40,17.00,0.447
TRACE 441770,16.51,17.50,-0.436
TRACE 443586,16.62,18.00,-0.479
TRACE 445399,16.72,18.00,-0.476
TRACE 447235,16.83,18.50,-0.519
TRACE 449051,16.94,19.00,-0.499
TRACE 450874,17.05,19.00,-0.496
TRACE 452731,17.16,19.00,-0.492
TRACE 454555,17.27,19.00,-0.458
TRACE 456426,17.39,19.00,-0.423
TRACE 458229,17.49,18.50,0.467
TRACE 460076,17.60,18.00,0.547
TRACE 461859,17.71,18.00,0.582
TRACE 463695,17.82,18.00,0.585
TRACE 465521,17.93,18.00,0.588
TRACE 467326,18.04,19.00,0.499
TRACE 469150,18.15,19.00,0.502
TRACE 470961,18.26,19.00,0.474
TRACE 472753,18.37,19.00,0.446
TRACE 474557,18.47,19.50,-0.437
TRACE 476377,18.58,20.00,-0.481
TRACE 478205,18.69,20.00,-0.477
TRACE 480025,18.80,20.50,-0.457
TRACE 481855,18.91,21.00,-0.501
TRACE 483692,19.02,21.00,-0.497
TRACE 485521,19.13,21.00,-0.493
TRACE 487338,19.24,20.50,0.428
TRACE 489144,19.35,20.00,0.508
TRACE 490936,19.46,20.00,0.512
TRACE 492743,19.56,20.00,0.546
TRACE 494573,19.67,20.00,0.581
TRACE 496368,19.78,20.00,0.585
TRACE 498201,19.89,20.50,0.541
TRACE 500029,20.00,21.00,0.467
TRACE 501846,20.11,21.00,0.438
TRACE 503653,20.22,21.00,0.442
TRACE 505466,20.33,21.00,0.445
TRACE 507274,20.44,22.00,-0.485
TRACE 509080,20.54,22.00,-0.482
TRACE 510905,20.65,22.00,-0.447
TRACE 512713,20.76,23.00,-0.505
TRACE 514534,20.87,23.00,-0.502
TRACE 516352,20.98,22.50,-0.452
TRACE 518178,21.09,22.00,0.438
TRACE 519978,21.20,22.00,0.504
TRACE 521781,21.31,22.00,0.507
TRACE 523605,21.42,22.00,0.510
TRACE 525403,21.52,22.00,0.577
TRACE 527187,21.63,22.00,0.580
TRACE 528977,21.74,22.00,0.552
TRACE 530788,21.85,22.00,0.523
TRACE 532594,21.96,22.00,0.527
TRACE 534381,22.06,23.00,0.436
TRACE 536186,22.17,23.00,0.440
TRACE 538004,22.28,23.00,0.443
TRACE 539805,22.39,23.00,0.446
TRACE 541623,22.50,23.50,-0.437
TRACE 543464,22.61,24.00,-0.480
TRACE 545295,22.72,24.00,-0.476
TRACE 547121,22.83,24.00,0.430
TRACE 548930,22.94,24.50,-0.453
TRACE 550758,23.05,24.50,-0.450
TRACE 552563,23.15,24.50,-0.446
TRACE 554398,23.26,24.00,0.475
TRACE 556212,23.37,24.00,0.509
TRACE 557991,23.48,24.00,0.512
TRACE 559799,23.59,24.00,0.516
TRACE 561609,23.70,24.00,0.550
TRACE 563415,23.80,24.00,0.554
TRACE 565238,23.91,24.00,0.557
TRACE 567066,24.02,24.00,0.529
TRACE 568886,24.13,24.00,0.532
TRACE 570710,24.24,24.00,0.535
TRACE 572528,24.35,24.00,0.539
TRACE 574326,24.46,24.00,0.542
TRACE 576128,24.57,24.50,0.499
TRACE 577927,24.68,25.00,0.455
TRACE 579746,24.78,25.00,0.458
TRACE 581567,24.89,25.00,0.462
TRACE 583367,25.00,25.50,-0.422
TRACE 585181,25.11,26.00,-0.465
TRACE 587028,25.22,26.00,-0.461
TRACE 588850,25.33,26.00,-0.426
TRACE 590678,25.44,26.50,-0.438
TRACE 592485,25.55,26.50,-0.435
TRACE 594313,25.66,26.50,-0.431
TRACE 596140,25.77,26.00,0.490
TRACE 597940,25.88,26.00,0.524
TRACE 599747,25.98,26.00,0.528
TRACE 601564,26.09,26.00,0.531
TRACE 603385,26.20,27.00,0.473
TRACE 605198,26.31,27.00,0.476
TRACE 607015,26.42,27.00,0.479
TRACE 608829,26.53,27.00,0.451
TRACE 619290,27.16,29.00,-0.480
TRACE 621145,27.27,30.00,-0.543
TRACE 622981,27.38,30.00,-0.540
TRACE 624811,27.49,30.00,-0.499
TRACE 626631,27.60,30.50,-0.530
TRACE 628473,27.71,31.00,-0.560
TRACE 630304,27.82,30.50,-0.523
TRACE 632114,27.93,30.50,-0.483
TRACE 633938,28.04,30.00,0.469
TRACE 635762,28.15,30.00,0.472
TRACE 637585,28.26,30.00,0.476
TRACE 639382,28.36,30.00,0.510
TRACE 641227,28.47,30.00,0.545
TRACE 643057,28.58,30.00,0.517
TRACE 644867,28.69,30.50,0.474
TRACE 646677,28.80,31.00,-0.441
TRACE 648497,28.91,31.00,-0.438
TRACE 650351,29.02,31.00,-0.434
TRACE 652176,29.13,31.00,-0.431
TRACE 653991,29.24,31.00,-0.427
TRACE 655844,29.35,31.00,-0.424
TRACE 657668,29.46,31.00,0.451
TRACE 659498,29.57,31.00,0.485
TRACE 661285,29.68,31.00,0.488
TRACE 663168,29.79,31.00,0.492
TRACE 664978,29.90,31.00,0.495
TRACE 666816,30.01,31.00,0.498
TRACE 668630,30.12,31.00,0.502
TRACE 670453,30.23,31.00,0.505
TRACE 672277,30.34,31.00,0.508
TRACE 674080,30.44,31.00,0.511
TRACE 675909,30.55,31.00,0.515
TRACE 677712,30.66,31.00,0.518
TRACE 679531,30.77,31.00,0.521
TRACE 681339,30.88,32.00,0.431
TRACE 683134,30.99,32.00,0.435
TRACE 684929,31.10,32.00,0.438
TRACE 686754,31.21,33.00,-0.492
TRACE 688576,31.31,33.00,-0.489
TRACE 690399,31.42,33.00,-0.485
TRACE 692212,31.53,33.00,-0.482
TRACE 694009,31.64,33.50,-0.462
TRACE 695830,31.75,33.50,-0.459
TRACE 697653,31.86,33.50,-0.456
TRACE 699476,31.97,33.50,0.451
TRACE 701303,32.08,33.00,0.500
TRACE 703107,32.19,33.00,0.504
TRACE 704907,32.29,33.00,0.507
TRACE 706706,32.40,33.50,0.495
TRACE 708501,32.51,34.00,0.452
TRACE 710313,32.62,34.00,0.455
TRACE 712109,32.73,34.00,0.458
TRACE 713928,32.84,34.00,0.430
TRACE 715736,32.94,34.00,0.433
TRACE 717537,33.05,35.00,-0.497
TRACE 719347,33.16,35.00,-0.462
TRACE 721176,33.27,35.00,-0.427
TRACE 723001,33.38,35.00,-0.424
TRACE 724831,33.49,35.00,-0.420
TRACE 726647,33.60,35.00,0.423
TRACE 728467,33.71,35.00,0.426
TRACE 730264,33.82,35.00,0.492
TRACE 732074,33.92,35.00,0.496
TRACE 733888,34.03,35.00,0.499
TRACE 735689,34.14,35.00,0.502
TRACE 737480,34.25,35.50,0.459
TRACE 739297,34.36,36.00,-0.425
TRACE 741122,34.47,36.00,-0.421
TRACE 742966,34.58,36.00,0.422
TRACE 744760,34.69,36.00,0.426
TRACE 746561,34.79,36.00,0.429
TRACE 748373,34.90,36.00,0.432
TRACE 750186,35.01,36.00,0.467
TRACE 752015,35.12,36.00,0.502
TRACE 753797,35.23,36.00,0.505
TRACE 755622,35.34,36.00,0.508
TRACE 757425,35.45,36.00,0.511
TRACE 759214,35.55,36.00,0.515
TRACE 761021,35.66,36.00,0.518
TRACE 762834,35.77,36.00,0.521
TRACE 764640,35.88,37.00,0.431
TRACE 766446,35.99,37.00,0.434
TRACE 768274,36.10,37.00,0.438
TRACE 770095,36.21,37.00,0.441
TRACE 771909,36.31,38.00,-0.489
TRACE 773725,36.42,38.00,-0.485
TRACE 775542,36.53,38.50,-0.528
TRACE 777367,36.64,39.00,-0.508
TRACE 779192,36.75,39.00,-0.505
TRACE 781024,36.86,39.00,-0.502
TRACE 782844,36.97,39.00,-0.498
TRACE 784657,37.08,39.00,-0.432
TRACE 786471,37.19,39.00,-0.429
TRACE 788304,37.30,38.00,0.538
TRACE 790114,37.41,38.00,0.573
TRACE 791911,37.51,38.00,0.576
TRACE 793708,37.62,38.00,0.580
TRACE 795509,37.73,38.00,0.583
TRACE 797308,37.84,38.00,0.586
TRACE 799102,37.95,39.00,0.496
TRACE 800921,38.06,39.00,0.436
TRACE 802719,38.16,39.00,0.439
TRACE 804519,38.27,39.00,0.443
TRACE 806342,38.38,40.00,-0.487
TRACE 808148,38.49,40.00,-0.484
TRACE 809967,38.60,41.00,-0.574
TRACE 811791,38.71,41.00,-0.507
TRACE 822248,39.33,40.00,0.471
TRACE 824047,39.44,40.00,0.474
TRACE 825860,39.55,39.00,0.545
TRACE 827656,39.66,39.00,0.585
TRACE 829471,39.77,39.00,0.589
TRACE 831283,39.88,39.00,0.629
TRACE 833099,39.99,39.00,0.633
TRACE 834912,40.09,40.00,0.531
TRACE 836733,40.20,40.00,0.534
TRACE 838563,40.31,40.00,0.474
TRACE 840378,40.42,41.00,-0.455
TRACE 842195,40.53,41.00,-0.452
TRACE 844038,40.64,41.00,-0.448
TRACE 845861,40.75,41.00,-0.445
TRACE 847679,40.86,41.50,-0.425
TRACE 849492,40.97,42.00,-0.468
TRACE 851333,41.08,42.00,-0.465
TRACE 853171,41.19,42.00,0.441
TRACE 854982,41.30,42.00,0.444
TRACE 856797,41.41,42.00,0.448
TRACE 858644,41.52,42.00,0.451
TRACE 860448,41.63,42.00,0.485
TRACE 862304,41.74,42.00,0.520
TRACE 864116,41.85,42.00,0.523
TRACE 865982,41.96,42.50,0.481
TRACE 867790,42.07,43.00,0.438
TRACE 869649,42.18,43.00,0.441
TRACE 871443,42.29,43.00,0.444
TRACE 873273,42.40,43.00,0.448
TRACE 875091,42.51,43.50,-0.436
TRACE 876909,42.61,44.00,-0.479
TRACE 878715,42.72,44.00,-0.445
TRACE 880546,42.83,44.00,0.430
TRACE 882356,42.94,44.00,0.433
TRACE 884157,43.05,44.00,0.437
TRACE 885955,43.16,44.00,0.440
TRACE 887768,43.27,44.50,0.428
TRACE 889582,43.37,45.00,-0.424
TRACE 891406,43.48,45.00,-0.421
TRACE 893229,43.59,45.00,0.423
TRACE 895055,43.70,45.00,0.426
TRACE 896870,43.81,45.00,0.429
TRACE 898687,43.92,45.00,0.433
TRACE 900497,44.03,45.50,0.421
TRACE 902273,44.14,46.00,-0.431
TRACE 904096,44.25,46.00,-0.428
TRACE 905921,44.36,46.00,-0.424
TRACE 907750,44.47,46.00,-0.421
TRACE 909552,44.57,46.00,0.422
TRACE 911363,44.68,46.00,0.425
TRACE 913165,44.79,46.00,0.460
TRACE 914949,44.90,46.00,0.495
TRACE 916751,45.01,46.00,0.498
TRACE 918581,45.11,46.00,0.501
TRACE 920405,45.22,46.00,0.505
TRACE 922222,45.33,46.00,0.508
TRACE 924028,45.44,47.00,-0.422
TRACE 925834,45.55,47.00,0.421
TRACE 927639,45.66,47.00,0.425
TRACE 929452,45.77,47.00,0.428
TRACE 931260,45.88,47.50,-0.455
TRACE 933074,45.98,48.00,-0.499
TRACE 934896,46.09,48.00,-0.495
TRACE 936722,46.20,48.00,-0.429
TRACE 938527,46.31,48.00,-0.426
TRACE 940349,46.42,48.00,-0.422
TRACE 942160,46.53,48.00,0.421
TRACE 943961,46.64,48.00,0.456
TRACE 945765,46.75,48.00,0.490
TRACE 947565,46.85,48.50,0.447
TRACE 949370,46.96,49.00,-0.436
TRACE 951204,47.07,49.00,-0.433
TRACE 953027,47.18,49.00,-0.430
TRACE 954860,47.29,49.00,-0.426
TRACE 956679,47.40,49.00,-0.423
TRACE 958499,47.51,49.00,0.420
TRACE 960313,47.62,49.00,0.455
TRACE 962129,47.73,48.50,0.536
TRACE 963957,47.84,48.50,0.539
TRACE 965766,47.95,48.50,0.543
TRACE 967589,48.06,49.00,0.500
TRACE 969383,48.16,49.00,0.503
TRACE 971176,48.27,49.00,0.506
TRACE 972975,48.38,49.00,0.509
TRACE 974784,48.49,49.00,0.481
TRACE 976597,48.60,49.00,0.484
TRACE 978431,48.71,50.00,-0.446
TRACE 980250,48.82,50.00,0.429
TRACE 982048,48.92,50.00,0.433
TRACE 983872,49.03,51.00,-0.497
TRACE 985697,49.14,51.00,-0.494
TRACE 987517,49.25,51.00,-0.490
TRACE 989335,49.36,51.00,-0.487
TRACE 991158,49.47,51.00,-0.421
TRACE 992970,49.58,51.00,0.422
TRACE 994802,49.69,51.00,0.426
TRACE 996628,49.80,51.00,0.492
TRACE 998432,49.91,51.00,0.495
TRACE 1000231,50.01,51.00,0.498
TRACE 1002032,50.12,51.00,0.502
TRACE 1003837,50.23,51.00,0.505
TRACE 1005654,50.34,51.00,0.508
TRACE 1007467,50.45,51.00,0.511
TRACE 1009268,50.56,51.00,0.515
TRACE 1011059,50.66,51.00,0.518
TRACE 1012868,50.77,51.00,0.521
TRACE 1014691,50.88,51.00,0.524
TRACE 1025106,51.51,53.00,-0.432
TRACE 1026926,51.62,53.00,-0.429
TRACE 1028766,51.73,54.00,-0.493
TRACE 1030578,51.83,54.00,-0.490
TRACE 1032401,51.94,54.00,-0.486
TRACE 1034237,52.05,54.00,-0.483
TRACE 1036086,52.17,54.00,-0.479
TRACE 1037911,52.27,54.00,-0.426
TRACE 1039730,52.38,54.00,-0.423
TRACE 1041545,52.49,53.00,0.575
TRACE 1043368,52.60,53.00,0.579
TRACE 1045167,52.71,53.00,0.582
TRACE 1046981,52.82,53.00,0.585
TRACE 1048798,52.93,53.00,0.589
TRACE 1050619,53.04,53.00,0.592
TRACE 1052428,53.15,53.00,0.595
TRACE 1054246,53.25,54.00,0.443
TRACE 1056069,53.36,54.00,0.446
TRACE 1057882,53.47,54.00,0.449
TRACE 1059713,53.58,55.00,-0.480
TRACE 1061551,53.69,55.00,-0.477
TRACE 1063373,53.80,55.00,-0.473
TRACE 1065216,53.91,56.00,-0.562
TRACE 1067062,54.02,56.00,-0.496
TRACE 1068922,54.14,56.00,-0.492
TRACE 1070734,54.24,56.00,-0.489
TRACE 1072601,54.36,55.50,0.463
TRACE 1074404,54.46,55.00,0.512
TRACE 1076221,54.57,55.00,0.515
TRACE 1078044,54.68,55.00,0.581
TRACE 1079855,54.79,55.00,0.584
TRACE 1081659,54.90,55.00,0.588
TRACE 1083478,55.01,55.00,0.591
TRACE 1085278,55.12,55.50,0.517
TRACE 1087072,55.22,56.00,0.442
TRACE 1088888,55.33,56.00,0.445
TRACE 1090708,55.44,56.00,0.448
TRACE 1092523,55.55,57.00,-0.482
TRACE 1094352,55.66,57.00,-0.478
TRACE 1096182,55.77,57.00,-0.475
TRACE 1097981,55.88,57.00,-0.440
TRACE 1099798,55.99,57.00,0.435
TRACE 1101599,56.10,57.00,0.438
TRACE 1103411,56.20,57.00,0.441
TRACE 1105230,56.31,57.00,0.507
TRACE 1107047,56.42,57.00,0.511
TRACE 1108872,56.53,57.00,0.514
TRACE 1110688,56.64,57.00,0.517
TRACE 1112485,56.75,57.00,0.520
TRACE 1114290,56.86,57.50,0.477
TRACE 1116086,56.97,58.00,0.434
TRACE 1117887,57.07,58.00,0.437
TRACE 1119690,57.18,58.00,0.440
TRACE 1121501,57.29,58.00,0.443
TRACE 1123318,57.40,59.00,-0.487
TRACE 1125150,57.51,59.00,-0.483
TRACE 1126966,57.62,59.00,-0.448
TRACE 1128790,57.73,59.00,0.427
TRACE 1130604,57.84,59.00,0.430
TRACE 1132425,57.95,59.00,0.434
TRACE 1134221,58.05,59.00,0.437
TRACE 1136037,58.16,59.00,0.503
TRACE 1137844,58.27,59.00,0.506
TRACE 1139648,58.38,59.00,0.509
TRACE 1141449,58.49,59.00,0.513
TRACE 1143251,58.60,59.50,0.469
TRACE 1145067,58.70,60.00,0.426
TRACE 1146870,58.81,60.00,0.429
TRACE 1148668,58.92,60.00,0.432
TRACE 1150484,59.03,61.00,-0.498
TRACE 1152294,59.14,61.00,-0.494
TRACE 1154095,59.25,61.00,-0.491
TRACE 1155925,59.36,61.00,-0.456
TRACE 1157742,59.46,61.00,-0.421
TRACE 1159548,59.57,61.00,0.422
TRACE 1161350,59.68,61.00,0.425
TRACE 1163171,59.79,61.00,0.492
TRACE 1164979,59.90,61.00,0.495
TRACE 1166789,60.01,61.00,0.498
TRACE 1168603,60.12,62.00,-0.432
TRACE 1170430,60.23,62.00,-0.428
TRACE 1172259,60.34,62.00,-0.425
TRACE 1174099,60.45,62.00,-0.421
TRACE 1175930,60.56,62.50,-0.464
TRACE 1177762,60.67,62.00,0.425
TRACE 1179573,60.77,62.00,0.429
TRACE 1181393,60.88,62.00,0.495
TRACE 1183193,60.99,62.00,0.498
TRACE 1184999,61.10,62.00,0.501
TRACE 1186803,61.21,62.00,0.504
TRACE 1188619,61.32,62.00,0.539
TRACE 1190436,61.43,62.00,0.511
TRACE 1192258,61.54,62.00,0.514
TRACE 1194078,61.64,62.00,0.517
TRACE 1195871,61.75,63.00,0.427
TRACE 1197675,61.86,63.00,0.431
TRACE 1199496,61.97,63.00,0.434
TRACE 1201298,62.08,63.00,0.437
TRACE 1203106,62.19,63.00,0.440
TRACE 1204917,62.30,64.00,-0.490
TRACE 1206754,62.41,64.00,-0.486
TRACE 1208592,62.52,64.00,0.421
TRACE 1210407,62.62,64.00,0.424
TRACE 1212216,62.73,64.50,-0.459
TRACE 1214044,62.84,65.00,-0.502
TRACE 1215865,62.95,65.00,-0.499
TRACE 1217692,63.06,65.00,-0.433
TRACE 1228163,63.69,64.00,0.519
TRACE 1229990,63.80,64.00,0.522
TRACE 1231812,63.91,64.00,0.525
TRACE 1233627,64.02,64.00,0.547
TRACE 1235452,64.13,64.00,0.569
TRACE 1237264,64.24,64.00,0.572
TRACE 1239091,64.35,64.00,0.576
TRACE 1240896,64.45,64.00,0.542
TRACE 1242697,64.56,64.00,0.545
TRACE 1244508,64.67,64.00,0.548
TRACE 1246295,64.78,64.00,0.551
TRACE 1248100,64.89,64.00,0.555
TRACE 1249954,65.00,65.00,0.465
TRACE 1251765,65.11,65.00,0.468
TRACE 1253569,65.21,65.00,0.471
TRACE 1255372,65.32,65.50,0.428
TRACE 1257182,65.43,66.00,-0.455
TRACE 1259032,65.54,66.00,-0.451
TRACE 1260844,65.65,67.00,-0.541
TRACE 1262677,65.76,67.00,-0.475
TRACE 1264534,65.87,67.00,-0.471
TRACE 1266340,65.98,67.00,-0.468
TRACE 1268214,66.09,67.00,-0.433
TRACE 1270032,66.20,67.00,0.442
TRACE 1271887,66.31,67.00,0.445
TRACE 1273693,66.42,67.00,0.511
TRACE 1275524,66.53,67.00,0.514
TRACE 1277325,66.64,67.00,0.517
TRACE 1279136,66.75,67.00,0.520
TRACE 1280961,66.86,67.00,0.524
TRACE 1282748,66.96,67.00,0.527
TRACE 1284555,67.07,67.50,0.484
TRACE 1286360,67.18,68.00,0.440
TRACE 1288160,67.29,68.00,0.443
TRACE 1289973,67.40,68.00,0.447
TRACE 1291785,67.51,69.00,-0.483
TRACE 1293593,67.62,69.00,-0.480
TRACE 1295406,67.72,69.00,-0.477
TRACE 1297243,67.83,69.00,-0.442
TRACE 1299085,67.95,69.00,0.433
TRACE 1300877,68.05,69.00,0.437
TRACE 1302677,68.16,69.00,0.440
TRACE 1304504,68.27,69.00,0.506
TRACE 1306321,68.38,69.00,0.509
TRACE 1308119,68.49,69.00,0.513
TRACE 1309920,68.60,69.00,0.516
TRACE 1311734,68.70,69.50,0.472
TRACE 1313534,68.81,70.00,0.429
TRACE 1315335,68.92,70.00,0.432
TRACE 1317177,69.03,71.00,-0.497
TRACE 1319012,69.14,71.00,-0.494
TRACE 1320841,69.25,71.00,-0.490
TRACE 1322693,69.36,71.00,-0.486
TRACE 1324503,69.47,71.00,-0.452
TRACE 1326342,69.58,71.00,0.423
TRACE 1328145,69.69,71.00,0.426
TRACE 1329963,69.80,71.00,0.492
TRACE 1331776,69.91,71.00,0.495
TRACE 1333564,70.01,71.00,0.498
TRACE 1335385,70.12,71.00,0.502
TRACE 1337197,70.23,71.00,0.505
TRACE 1339006,70.34,72.00,-0.425
TRACE 1340833,70.45,72.00,-0.422
TRACE 1342674,70.56,72.00,0.422
TRACE 1344481,70.67,72.00,0.425
TRACE 1346294,70.78,72.00,0.428
TRACE 1348101,70.89,72.00,0.432
TRACE 1349922,71.00,72.00,0.435
TRACE 1351715,71.10,72.00,0.501
TRACE 1353539,71.21,72.00,0.504
TRACE 1355338,71.32,72.00,0.508
TRACE 1357135,71.43,72.00,0.511
TRACE 1358942,71.54,72.00,0.514
TRACE 1360755,71.65,72.00,0.517
TRACE 1362557,71.75,72.00,0.521
TRACE 1364364,71.86,72.00,0.524
TRACE 1366171,71.97,72.00,0.527
TRACE 1367988,72.08,72.00,0.530
TRACE 1369811,72.19,72.00,0.534
TRACE 1371631,72.30,72.00,0.537
TRACE 1373415,72.40,72.00,0.540
TRACE 1375221,72.51,72.00,0.543
TRACE 1377049,72.62,72.00,0.547
TRACE 1378831,72.73,72.00,0.550
TRACE 1380632,72.84,72.00,0.553
TRACE 1382430,72.95,72.00,0.556
TRACE 1384241,73.05,72.00,0.560
TRACE 1386033,73.16,72.00,0.563
TRACE 1387820,73.27,72.00,0.566
TRACE 1389604,73.38,72.00,0.569
TRACE 1391408,73.48,72.00,0.573
TRACE 1393205,73.59,72.00,0.576
TRACE 1395020,73.70,72.00,0.579
TRACE 1396816,73.81,72.00,0.582
TRACE 1398599,73.92,72.00,0.585
TRACE 1400402,74.02,72.00,0.589
TRACE 1402199,74.13,72.00,0.592
TRACE 1403987,74.24,72.00,0.595
TRACE 1405795,74.35,72.00,0.598
TRACE 1407600,74.46,72.00,0.602
TRACE 1409398,74.56,72.00,0.605
TRACE 1411192,74.67,72.00,0.608
TRACE 1412995,74.78,72.00,0.611
TRACE 1414786,74.89,72.00,0.615
TRACE 1416595,75.00,72.00,0.618
TRACE 1418402,75.10,72.00,0.621
TRACE 1420205,75.21,72.00,0.624
TRACE 1422017,75.32,72.00,0.628
TRACE 1432476,75.95,72.00,0.646
TRACE 1434287,76.06,72.00,0.650
TRACE 1436111,76.17,72.00,0.653
TRACE 1437922,76.28,72.00,0.656
TRACE 1439748,76.38,72.00,0.660
TRACE 1441565,76.49,72.00,0.663
TRACE 1443406,76.60,72.00,0.666
TRACE 1445239,76.71,72.00,0.669
TRACE 1447057,76.82,72.00,0.673
TRACE 1448885,76.93,72.00,0.676
TRACE 1450690,77.04,72.00,0.679
TRACE 1452505,77.15,72.00,0.683
TRACE 1454351,77.26,72.00,0.686
TRACE 1456161,77.37,72.00,0.689
TRACE 1457982,77.48,72.00,0.692
TRACE 1459790,77.59,72.00,0.696
TRACE 1461602,77.70,72.00,0.699
TRACE 1463420,77.81,72.00,0.702
TRACE 1465243,77.91,72.00,0.705
TRACE 1467059,78.02,72.00,0.709
TRACE 1468930,78.14,72.00,0.712
TRACE 1470759,78.25,72.00,0.715
TRACE 1472626,78.36,72.00,0.719
TRACE 1474488,78.47,72.00,0.722
TRACE 1476357,78.58,72.00,0.725
TRACE 1478209,78.69,72.00,0.729
TRACE 1480075,78.80,72.00,0.732
TRACE 1481936,78.92,72.00,0.735
TRACE 1483800,79.03,72.00,0.739
TRACE 1485700,79.14,72.00,0.742
TRACE 1487566,79.25,72.00,0.746
TRACE 1489403,79.36,72.00,0.749
TRACE 1491243,79.47,72.00,0.750
TRACE 1493084,79.59,72.00,0.750
TRACE 1494925,79.70,72.00,0.750
TRACE 1496771,79.81,72.00,0.750
TRACE 1498616,79.92,72.00,0.750
TRACE 1500472,80.03,72.00,0.750
TRACE 1502313,80.14,72.00,0.750
TRACE 1504146,80.25,72.00,0.750
TRACE 1505981,80.36,72.00,0.750
>>> 