arm_test.cmd_trace(arm, [])
TRACE t_us,ref_deg,pos_deg,duty
TRACE 989,90.00,90.00,-0.410
TRACE 2990,90.00,90.00,-0.411
TRACE 4844,90.00,90.00,-0.412
TRACE 6665,90.00,90.00,-0.413
TRACE 8459,89.99,90.00,-0.413
TRACE 10286,89.99,90.00,-0.414
TRACE 12090,89.99,90.00,-0.415
TRACE 13937,89.98,90.00,-0.416
TRACE 15763,89.98,90.00,-0.416
TRACE 17592,89.97,89.50,0.429
TRACE 19370,89.96,89.50,0.428
TRACE 21136,89.96,90.00,-0.419
TRACE 22939,89.95,90.00,-0.420
TRACE 24732,89.94,90.00,-0.421
TRACE 26519,89.93,90.00,-0.422
TRACE 28327,89.92,90.00,-0.423
TRACE 30119,89.91,90.00,-0.455
TRACE 31947,89.90,90.00,-0.456
TRACE 33734,89.89,90.00,-0.426
TRACE 35528,89.87,90.00,-0.427
TRACE 37366,89.86,90.00,-0.428
TRACE 39161,89.85,89.50,0.418
TRACE 40963,89.83,89.50,0.417
TRACE 42759,89.82,89.50,0.416
TRACE 44537,89.80,89.50,0.415
TRACE 46323,89.79,90.00,-0.433
TRACE 48105,89.77,90.00,-0.434
TRACE 49946,89.75,90.00,-0.435
TRACE 51739,89.73,90.00,-0.468
TRACE 53564,89.71,90.00,-0.470
TRACE 55358,89.69,90.00,-0.471
TRACE 57167,89.67,90.00,-0.472
TRACE 58966,89.65,90.00,-0.442
TRACE 60740,89.63,90.00,-0.443
TRACE 62556,89.61,89.00,0.449
TRACE 64357,89.59,89.00,0.448
TRACE 66122,89.56,89.00,0.447
TRACE 67895,89.54,89.00,0.446
TRACE 69669,89.51,89.00,0.444
TRACE 71448,89.49,89.50,-0.404
TRACE 73221,89.46,90.00,-0.452
TRACE 75002,89.44,90.00,-0.518
TRACE 76803,89.41,90.00,-0.520
TRACE 78597,89.38,90.00,-0.521
TRACE 80393,89.35,90.00,-0.522
TRACE 82209,89.32,90.00,-0.524
TRACE 83996,89.29,90.00,-0.493
TRACE 85806,89.26,90.00,-0.463
TRACE 87608,89.23,89.50,-0.418
TRACE 89414,89.20,89.00,0.427
TRACE 91199,89.17,89.00,0.426
TRACE 92942,89.14,89.00,0.424
TRACE 94713,89.10,89.00,0.423
TRACE 96492,89.07,89.00,0.421
TRACE 98262,89.03,89.00,0.420
TRACE 100028,89.00,89.00,-0.414
TRACE 101808,88.96,89.00,-0.448
TRACE 103598,88.93,90.00,-0.544
TRACE 105405,88.89,90.00,-0.545
TRACE 107216,88.85,90.00,-0.547
TRACE 109017,88.81,90.00,-0.549
TRACE 110800,88.77,90.00,-0.551
TRACE 112614,88.73,90.00,-0.552
TRACE 114391,88.69,90.00,-0.554
TRACE 116196,88.65,90.00,-0.492
TRACE 117985,88.61,89.50,-0.447
TRACE 119795,88.56,89.00,-0.403
TRACE 121578,88.52,89.00,-0.404
TRACE 123371,88.48,89.00,-0.406
TRACE 125154,88.43,89.00,-0.408
TRACE 126957,88.39,89.00,-0.410
TRACE 128733,88.34,89.00,-0.412
TRACE 130532,88.30,88.00,0.448
TRACE 132300,88.25,88.00,0.414
TRACE 134114,88.20,88.00,0.412
TRACE 135884,88.15,88.00,0.410
TRACE 137658,88.11,88.00,0.408
TRACE 139427,88.06,88.00,0.406
TRACE 141228,88.01,88.00,0.403
TRACE 143006,87.95,88.00,-0.463
TRACE 144796,87.90,89.00,-0.559
TRACE 146578,87.85,89.00,-0.561
TRACE 148386,87.80,89.00,-0.563
TRACE 150154,87.75,89.00,-0.566
TRACE 151935,87.69,89.00,-0.568
TRACE 153739,87.64,88.50,-0.523
TRACE 155515,87.58,88.00,-0.479
TRACE 157289,87.53,88.00,-0.417
TRACE 159076,87.47,87.50,0.428
TRACE 160844,87.41,87.00,0.473
TRACE 162616,87.36,87.00,0.471
TRACE 164389,87.30,87.00,0.468
TRACE 166174,87.24,87.00,0.434
TRACE 167947,87.18,87.00,-0.401
TRACE 169752,87.12,87.00,-0.403
TRACE 171552,87.06,87.00,-0.438
TRACE 173323,87.00,87.00,-0.473
TRACE 175090,86.93,87.00,-0.475
TRACE 176876,86.87,87.00,-0.478
TRACE 178661,86.81,86.00,0.414
TRACE 180429,86.74,86.00,0.411
TRACE 182206,86.68,86.00,0.409
TRACE 183986,86.61,86.00,0.407
TRACE 185773,86.55,86.50,-0.443
TRACE 187565,86.48,87.00,-0.493
TRACE 189357,86.41,87.00,-0.496
TRACE 191134,86.35,87.00,-0.563
TRACE 192937,86.28,87.00,-0.565
TRACE 194724,86.21,87.00,-0.568
TRACE 205157,85.79,85.50,-0.456
TRACE 206948,85.72,85.00,-0.406
TRACE 208741,85.64,85.00,0.410
TRACE 210531,85.57,85.00,0.407
TRACE 212313,85.49,84.50,0.438
TRACE 214108,85.42,84.00,0.469
TRACE 215883,85.34,84.00,0.466
TRACE 217665,85.26,84.50,-0.402
TRACE 219462,85.18,85.00,-0.483
TRACE 221268,85.10,85.00,-0.487
TRACE 223068,85.02,85.00,-0.490
TRACE 224860,84.94,85.00,-0.525
TRACE 226680,84.86,85.00,-0.559
TRACE 228509,84.78,85.00,-0.562
TRACE 230310,84.70,85.00,-0.534
TRACE 232100,84.61,85.00,-0.505
TRACE 233903,84.53,85.00,-0.508
TRACE 235723,84.44,84.50,-0.465
TRACE 237541,84.36,84.00,-0.422
TRACE 239324,84.27,84.00,-0.425
TRACE 241145,84.18,84.00,-0.428
TRACE 242952,84.10,84.00,-0.431
TRACE 244753,84.01,83.50,0.412
TRACE 246523,83.92,83.00,0.456
TRACE 248305,83.83,83.00,0.421
TRACE 250070,83.75,83.00,-0.414
TRACE 251881,83.66,83.00,-0.417
TRACE 253706,83.56,83.00,-0.421
TRACE 255499,83.47,83.00,-0.424
TRACE 257336,83.38,83.00,-0.460
TRACE 259113,83.29,83.00,-0.495
TRACE 260877,83.19,83.00,-0.498
TRACE 262673,83.10,83.00,-0.502
TRACE 264457,83.01,83.00,-0.505
TRACE 266254,82.91,83.00,-0.509
TRACE 268034,82.82,83.00,-0.512
TRACE 269822,82.72,83.00,-0.516
TRACE 271625,82.62,83.00,-0.519
TRACE 273413,82.52,83.00,-0.523
TRACE 275222,82.43,82.00,-0.433
TRACE 277012,82.33,82.00,-0.436
TRACE 278781,82.23,82.00,-0.440
TRACE 280553,82.13,82.00,-0.443
TRACE 282333,82.03,81.00,0.447
TRACE 284099,81.93,81.00,0.444
TRACE 285878,81.83,81.00,0.440
TRACE 287649,81.73,81.00,-0.427
TRACE 289432,81.62,81.00,-0.431
TRACE 291218,81.52,81.00,-0.435
TRACE 293019,81.41,81.00,-0.439
TRACE 294797,81.31,81.00,-0.507
TRACE 296576,81.20,80.50,-0.464
TRACE 298344,81.10,80.00,-0.420
TRACE 300143,80.99,80.00,-0.414
TRACE 301962,80.88,80.00,-0.418
TRACE 303794,80.77,79.00,0.472
TRACE 305604,80.66,79.00,0.469
TRACE 307391,80.56,79.00,0.466
TRACE 309219,80.45,79.00,0.430
TRACE 311029,80.34,79.00,-0.405
TRACE 312871,80.23,79.00,-0.408
TRACE 314705,80.12,79.00,-0.412
TRACE 316541,80.01,79.50,-0.524
TRACE 318349,79.90,79.50,-0.527
TRACE 320179,79.79,79.50,-0.531
TRACE 322010,79.68,79.50,-0.534
TRACE 323825,79.57,79.50,-0.537
TRACE 325646,79.46,79.00,-0.494
TRACE 327470,79.35,79.00,-0.497
TRACE 329289,79.24,79.00,-0.469
TRACE 331109,79.13,79.00,-0.473
TRACE 332934,79.02,79.00,-0.476
TRACE 334763,78.91,79.00,-0.479
TRACE 336594,78.80,79.00,-0.483
TRACE 338429,78.69,79.00,-0.517
TRACE 340267,78.58,78.00,-0.428
TRACE 342081,78.48,78.00,-0.431
TRACE 343907,78.37,78.00,-0.435
TRACE 345731,78.26,77.00,0.455
TRACE 347538,78.15,77.00,0.452
TRACE 349330,78.04,77.00,0.449
TRACE 351136,77.93,77.00,0.446
TRACE 352943,77.82,77.00,-0.420
TRACE 354755,77.71,77.00,-0.423
TRACE 356573,77.61,77.00,-0.427
TRACE 358401,77.50,77.00,-0.493
TRACE 360233,77.39,77.00,-0.496
TRACE 362061,77.28,76.50,-0.453
TRACE 363880,77.17,76.50,-0.457
TRACE 365725,77.06,76.50,-0.460
TRACE 367535,76.95,76.00,-0.417
TRACE 369372,76.84,76.00,-0.420
TRACE 371205,76.73,76.00,-0.424
TRACE 373020,76.62,76.00,-0.427
TRACE 374855,76.51,76.00,-0.461
TRACE 376680,76.40,76.00,-0.465
TRACE 378494,76.29,76.00,-0.468
TRACE 380329,76.18,76.00,-0.503
TRACE 382148,76.07,76.00,-0.506
TRACE 383969,75.96,76.00,-0.509
TRACE 385790,75.85,76.00,-0.512
TRACE 387618,75.74,76.00,-0.516
TRACE 389459,75.63,76.00,-0.519
TRACE 391284,75.52,75.50,-0.476
TRACE 393114,75.41,75.00,-0.433
TRACE 394949,75.30,75.00,-0.436
TRACE 405392,74.68,73.00,0.454
TRACE 407211,74.57,73.00,0.451
TRACE 409051,74.46,73.00,0.448
TRACE 410885,74.35,73.00,0.444
TRACE 412688,74.24,73.00,0.423
TRACE 414504,74.13,73.00,0.401
TRACE 416308,74.02,73.00,-0.402
TRACE 418146,73.91,73.00,-0.481
TRACE 419953,73.80,73.50,-0.530
TRACE 421805,73.69,74.00,-0.580
TRACE 423620,73.58,74.00,-0.583
TRACE 425440,73.47,73.50,-0.540
TRACE 427301,73.36,73.00,-0.497
TRACE 429154,73.25,73.00,-0.500
TRACE 430982,73.14,73.00,-0.504
TRACE 432831,73.03,73.00,-0.476
TRACE 434662,72.92,72.50,-0.402
TRACE 436507,72.81,72.00,0.440
TRACE 438314,72.70,72.00,0.406
TRACE 440132,72.59,71.00,0.464
TRACE 441934,72.48,71.00,0.462
TRACE 443748,72.38,71.00,0.459
TRACE 445619,72.26,71.00,0.455
TRACE 447429,72.15,71.00,0.421
TRACE 449266,72.04,71.50,-0.460
TRACE 451078,71.94,72.00,-0.510
TRACE 452944,71.82,72.00,-0.576
TRACE 454769,71.71,72.00,-0.579
TRACE 456627,71.60,72.00,-0.582
TRACE 458484,71.49,72.00,-0.585
TRACE 460299,71.38,71.50,-0.543
TRACE 462122,71.27,71.00,-0.469
TRACE 463954,71.16,71.00,-0.441
TRACE 465793,71.05,71.00,-0.444
TRACE 467616,70.94,71.00,-0.447
TRACE 469464,70.83,70.50,-0.405
TRACE 471291,70.72,70.00,0.439
TRACE 473097,70.61,70.00,0.404
TRACE 474914,70.51,69.50,0.416
TRACE 476728,70.40,69.00,0.459
TRACE 478545,70.29,69.00,0.456
TRACE 480335,70.18,69.50,0.407
TRACE 482162,70.07,70.00,-0.474
TRACE 483993,69.96,70.00,-0.509
TRACE 485812,69.85,70.00,-0.512
TRACE 487649,69.74,70.00,-0.547
TRACE 489475,69.63,70.00,-0.582
TRACE 491294,69.52,70.00,-0.585
TRACE 493122,69.41,70.00,-0.557
TRACE 494975,69.30,70.00,-0.529
TRACE 496797,69.19,69.50,-0.486
TRACE 498641,69.08,69.00,-0.443
TRACE 500455,68.97,69.00,-0.446
TRACE 502283,68.86,69.00,-0.450
TRACE 504100,68.75,69.00,-0.453
TRACE 505930,68.64,68.00,0.436
TRACE 507738,68.54,68.00,0.433
TRACE 509543,68.43,68.00,-0.401
TRACE 511366,68.32,67.50,0.411
TRACE 513184,68.21,67.00,0.454
TRACE 514987,68.10,67.00,0.451
TRACE 516771,67.99,67.00,0.448
TRACE 518574,67.89,67.00,-0.418
TRACE 520396,67.78,67.50,-0.468
TRACE 522229,67.67,68.00,-0.518
TRACE 524060,67.56,68.00,-0.553
TRACE 525888,67.45,68.00,-0.588
TRACE 527706,67.34,67.50,-0.544
TRACE 529512,67.23,67.00,-0.501
TRACE 531333,67.12,67.00,-0.504
TRACE 533156,67.01,67.00,-0.476
TRACE 534971,66.90,67.00,-0.448
TRACE 536803,66.79,66.00,0.441
TRACE 538626,66.68,66.00,0.438
TRACE 540428,66.57,66.00,0.404
TRACE 542244,66.47,66.00,-0.431
TRACE 544070,66.36,66.00,-0.435
TRACE 545875,66.25,66.00,-0.438
TRACE 547700,66.14,66.00,-0.441
TRACE 549544,66.03,65.50,-0.461
TRACE 551363,65.92,65.00,-0.418
TRACE 553195,65.81,65.00,-0.421
TRACE 555021,65.70,65.00,-0.424
TRACE 556823,65.59,65.00,-0.428
TRACE 558641,65.48,64.50,0.415
TRACE 560462,65.37,64.00,0.459
TRACE 562273,65.26,64.00,0.424
TRACE 564085,65.15,64.00,-0.410
TRACE 565905,65.05,64.00,-0.414
TRACE 567744,64.94,64.00,-0.417
TRACE 569572,64.83,64.00,-0.420
TRACE 571407,64.72,64.00,-0.455
TRACE 573246,64.61,63.50,-0.444
TRACE 575078,64.50,63.00,-0.401
TRACE 576906,64.39,63.00,-0.404
TRACE 578748,64.28,63.00,-0.407
TRACE 580556,64.17,63.00,-0.411
TRACE 582383,64.06,62.50,0.432
TRACE 584211,63.95,62.00,0.475
TRACE 586051,63.84,62.00,0.441
TRACE 587880,63.73,62.00,0.406
TRACE 589682,63.62,62.00,0.403
TRACE 591504,63.51,62.00,0.400
TRACE 593309,63.40,62.00,-0.403
TRACE 595123,63.29,62.00,-0.438
TRACE 605648,62.66,61.00,-0.421
TRACE 607507,62.55,61.00,-0.424
TRACE 609329,62.44,61.00,-0.427
TRACE 611155,62.33,61.00,-0.431
TRACE 613011,62.22,61.00,-0.434
TRACE 614852,62.11,61.00,-0.438
TRACE 616698,62.00,61.00,-0.441
TRACE 618531,61.89,60.00,0.411
TRACE 620363,61.78,60.00,0.408
TRACE 622182,61.67,60.00,0.404
TRACE 623991,61.56,59.50,0.447
TRACE 625792,61.45,59.50,0.444
TRACE 627615,61.34,60.00,-0.405
TRACE 629444,61.23,60.00,-0.408
TRACE 631295,61.12,60.00,-0.474
TRACE 633108,61.01,60.00,-0.478
TRACE 634935,60.90,60.00,-0.481
TRACE 636763,60.79,60.00,-0.515
TRACE 638580,60.69,60.00,-0.519
TRACE 640441,60.57,60.00,-0.491
TRACE 642267,60.46,60.00,-0.494
TRACE 644132,60.35,59.50,-0.451
TRACE 645942,60.24,59.00,-0.408
TRACE 647779,60.13,59.00,-0.412
TRACE 649631,60.02,59.00,-0.415
TRACE 651453,59.91,59.00,-0.418
TRACE 653278,59.80,59.00,-0.422
TRACE 655107,59.69,59.00,-0.425
TRACE 656978,59.58,58.50,-0.413
TRACE 658801,59.47,58.00,-0.402
TRACE 660639,59.36,58.00,-0.405
TRACE 662470,59.25,57.50,0.438
TRACE 664271,59.14,57.00,0.481
TRACE 666091,59.03,57.00,0.478
TRACE 667908,58.93,57.00,0.475
TRACE 669731,58.82,57.00,0.441
TRACE 671554,58.71,57.00,0.406
TRACE 673363,58.60,57.00,0.403
TRACE 675182,58.49,57.00,-0.432
TRACE 677012,58.38,57.00,-0.467
TRACE 678834,58.27,57.00,-0.470
TRACE 680659,58.16,57.00,-0.473
TRACE 682469,58.05,57.00,-0.476
TRACE 684287,57.94,57.00,-0.480
TRACE 686109,57.83,56.00,0.410
TRACE 687919,57.72,56.00,0.407
TRACE 689739,57.62,56.00,0.403
TRACE 691575,57.51,56.00,-0.400
TRACE 693401,57.40,56.00,-0.403
TRACE 695213,57.29,56.00,-0.407
TRACE 697044,57.18,56.50,-0.456
TRACE 698866,57.07,56.50,-0.522
TRACE 700689,56.96,56.50,-0.526
TRACE 702520,56.85,56.50,-0.529
TRACE 704362,56.74,56.50,-0.532
TRACE 706189,56.63,56.00,-0.489
TRACE 707992,56.52,56.00,-0.492
TRACE 709830,56.41,56.00,-0.464
TRACE 711643,56.30,56.00,-0.468
TRACE 713461,56.19,56.00,-0.471
TRACE 715281,56.08,56.00,-0.474
TRACE 717111,55.97,56.00,-0.477
TRACE 718934,55.86,56.00,-0.512
TRACE 720776,55.75,55.00,-0.423
TRACE 722614,55.64,55.00,-0.426
TRACE 724461,55.53,55.00,-0.430
TRACE 726296,55.42,55.00,-0.433
TRACE 728127,55.31,54.00,0.456
TRACE 729956,55.20,54.00,0.453
TRACE 731780,55.09,54.00,0.449
TRACE 733614,54.98,54.00,-0.416
TRACE 735434,54.87,54.00,-0.419
TRACE 737267,54.76,54.00,-0.423
TRACE 739078,54.66,54.00,-0.426
TRACE 740908,54.55,53.50,-0.445
TRACE 742747,54.44,53.00,-0.402
TRACE 744581,54.33,53.00,-0.406
TRACE 746411,54.22,53.00,-0.409
TRACE 748256,54.10,53.00,-0.412
TRACE 750074,54.00,53.00,-0.416
TRACE 751907,53.89,52.00,0.473
TRACE 753705,53.78,52.00,0.439
TRACE 755512,53.67,52.00,0.405
TRACE 757323,53.56,52.00,0.402
TRACE 759126,53.45,52.00,-0.402
TRACE 760950,53.34,52.00,-0.405
TRACE 762778,53.23,51.50,0.438
TRACE 764596,53.12,51.50,-0.428
TRACE 766431,53.01,51.50,-0.431
TRACE 768242,52.91,51.50,-0.434
TRACE 770080,52.80,51.50,-0.438
TRACE 771921,52.68,51.00,0.405
TRACE 773703,52.58,51.00,0.402
TRACE 775512,52.47,51.00,-0.433
TRACE 777347,52.36,51.50,-0.482
TRACE 779184,52.25,51.50,-0.486
TRACE 780984,52.14,51.50,-0.489
TRACE 782815,52.03,51.50,-0.492
TRACE 784635,51.92,51.50,-0.527
TRACE 786465,51.81,51.00,-0.484
TRACE 788286,51.70,51.00,-0.487
TRACE 790124,51.59,51.00,-0.459
TRACE 791953,51.48,51.00,-0.462
TRACE 793774,51.37,51.00,-0.466
TRACE 804238,50.75,50.00,-0.430
TRACE 806078,50.64,50.00,-0.433
TRACE 807909,50.53,50.00,-0.455
TRACE 809746,50.42,49.00,0.409
TRACE 811580,50.31,49.00,0.406
TRACE 813400,50.20,49.00,0.402
TRACE 815229,50.09,49.00,-0.401
TRACE 817074,49.98,49.00,-0.416
TRACE 818907,49.87,49.00,-0.420
TRACE 820750,49.75,49.00,-0.423
TRACE 822597,49.64,49.00,-0.489
TRACE 824413,49.54,49.00,-0.492
TRACE 826286,49.42,49.00,-0.495
TRACE 828133,49.31,48.00,-0.407
TRACE 829952,49.20,48.00,-0.410
TRACE 831769,49.09,48.00,-0.413
TRACE 833603,48.98,47.00,0.476
TRACE 835426,48.87,47.00,0.473
TRACE 837208,48.77,47.00,0.470
TRACE 839061,48.66,47.00,0.467
TRACE 840888,48.55,47.00,0.401
TRACE 842697,48.44,47.00,-0.402
TRACE 844521,48.33,47.00,-0.405
TRACE 846352,48.22,47.00,-0.471
TRACE 848220,48.11,47.00,-0.475
TRACE 850040,48.00,47.00,-0.478
TRACE 851904,47.89,46.50,-0.435
TRACE 853741,47.78,46.00,0.408
TRACE 855567,47.67,46.00,0.404
TRACE 857375,47.56,46.00,0.401
TRACE 859194,47.45,46.00,-0.402
TRACE 861031,47.34,47.00,-0.498
TRACE 862867,47.23,47.00,-0.501
TRACE 864701,47.12,47.00,-0.536
TRACE 866527,47.01,47.00,-0.570
TRACE 868356,46.90,47.00,-0.574
TRACE 870185,46.79,47.00,-0.577
TRACE 872019,46.68,46.00,-0.488
TRACE 873841,46.57,46.00,-0.428
TRACE 875665,46.46,46.00,-0.432
TRACE 877490,46.35,46.00,-0.435
TRACE 879319,46.24,46.00,-0.438
TRACE 881135,46.13,46.00,-0.441
TRACE 882945,46.02,45.50,0.402
TRACE 884761,45.91,45.00,-0.418
TRACE 886568,45.81,45.00,-0.421
TRACE 888424,45.69,45.00,-0.424
TRACE 890269,45.58,45.00,-0.428
TRACE 892071,45.48,45.00,-0.431
TRACE 893884,45.37,44.00,0.459
TRACE 895698,45.26,44.00,0.424
TRACE 897511,45.15,44.00,-0.411
TRACE 899331,45.04,44.00,-0.414
TRACE 901147,44.93,44.00,-0.417
TRACE 902970,44.82,44.00,-0.420
TRACE 904782,44.71,44.00,-0.424
TRACE 906609,44.60,44.00,-0.490
TRACE 908434,44.49,43.50,-0.447
TRACE 910253,44.38,43.00,-0.404
TRACE 912080,44.28,43.00,-0.407
TRACE 913940,44.16,43.00,-0.411
TRACE 915771,44.05,43.00,-0.414
TRACE 917590,43.94,42.00,0.475
TRACE 919398,43.84,42.00,0.472
TRACE 921210,43.73,42.00,0.438
TRACE 923018,43.62,42.00,0.403
TRACE 924824,43.51,41.50,0.446
TRACE 926653,43.40,41.50,0.443
TRACE 928462,43.29,41.50,0.440
TRACE 930260,43.18,42.00,-0.472
TRACE 932076,43.08,42.00,-0.476
TRACE 933918,42.96,42.00,-0.479
TRACE 935750,42.86,42.00,-0.482
TRACE 937589,42.74,42.00,-0.517
TRACE 939414,42.64,41.50,-0.474
TRACE 941224,42.53,41.00,-0.431
TRACE 943051,42.42,41.00,-0.403
TRACE 944877,42.31,41.00,-0.406
TRACE 946693,42.20,41.00,-0.409
TRACE 948528,42.09,41.00,-0.413
TRACE 950351,41.98,41.00,-0.416
TRACE 952177,41.87,40.00,0.442
TRACE 953988,41.76,40.00,0.407
TRACE 955801,41.65,40.00,0.404
TRACE 957623,41.54,40.00,0.401
TRACE 959442,41.43,40.00,-0.402
TRACE 961273,41.32,40.00,-0.406
TRACE 963085,41.21,40.00,-0.409
TRACE 964903,41.11,40.00,-0.475
TRACE 966718,41.00,40.00,-0.478
TRACE 968542,40.89,40.00,-0.481
TRACE 970361,40.78,40.00,-0.485
TRACE 972185,40.67,40.00,-0.488
TRACE 973994,40.56,40.00,-0.491
TRACE 975831,40.45,39.50,-0.448
TRACE 977633,40.34,39.50,-0.451
TRACE 979441,40.23,39.50,-0.455
TRACE 981256,40.12,39.00,-0.411
TRACE 983100,40.01,39.00,-0.415
TRACE 984929,39.90,39.00,-0.418
TRACE 986755,39.79,39.00,-0.421
TRACE 988571,39.69,39.00,-0.456
TRACE 990394,39.58,39.00,-0.459
TRACE 992215,39.47,39.00,-0.463
TRACE 1002679,38.84,38.00,-0.445
TRACE 1004507,38.73,37.50,-0.415
TRACE 1006362,38.62,37.00,0.415
TRACE 1008178,38.51,37.00,0.412
TRACE 1010002,38.40,37.00,0.409
TRACE 1011841,38.29,36.50,0.439
TRACE 1013664,38.18,36.00,0.469
TRACE 1015494,38.07,36.00,0.479
TRACE 1017313,37.96,36.50,-0.402
TRACE 1019138,37.85,37.00,-0.482
TRACE 1020969,37.74,37.00,-0.486
TRACE 1022794,37.63,37.00,-0.489
TRACE 1024656,37.52,37.00,-0.524
TRACE 1026510,37.41,37.00,-0.558
TRACE 1028311,37.30,37.00,-0.561
TRACE 1030138,37.19,36.00,-0.441
TRACE 1031969,37.08,36.00,-0.413
TRACE 1033775,36.97,36.00,-0.416
TRACE 1035589,36.86,36.00,-0.420
TRACE 1037419,36.75,36.00,-0.423
TRACE 1039261,36.64,35.50,0.420
TRACE 1041059,36.54,35.00,0.464
TRACE 1042946,36.42,35.00,-0.403
TRACE 1044773,36.31,35.00,-0.406
TRACE 1046614,36.20,35.00,-0.410
TRACE 1048452,36.09,35.00,-0.413
TRACE 1050331,35.98,35.00,-0.417
TRACE 1052158,35.87,35.00,-0.451
TRACE 1053983,35.76,34.50,-0.439
TRACE 1055819,35.65,34.00,0.404
TRACE 1057652,35.54,34.00,0.400
TRACE 1059461,35.43,34.00,-0.403
TRACE 1061285,35.32,34.00,-0.406
TRACE 1063135,35.21,34.00,-0.409
TRACE 1064976,35.10,34.00,-0.413
TRACE 1066800,34.99,34.00,-0.447
TRACE 1068615,34.88,34.00,-0.482
TRACE 1070434,34.77,34.00,-0.485
TRACE 1072259,34.66,34.00,-0.488
TRACE 1074089,34.55,33.00,0.401
TRACE 1075896,34.45,33.00,-0.402
TRACE 1077727,34.34,33.00,-0.405
TRACE 1079571,34.23,33.00,-0.409
TRACE 1081400,34.12,33.00,-0.412
TRACE 1083245,34.01,33.00,-0.415
TRACE 1085065,33.90,32.00,0.474
TRACE 1086898,33.79,32.00,0.408
TRACE 1088696,33.68,32.00,0.405
TRACE 1090494,33.57,32.00,0.402
TRACE 1092323,33.46,32.00,-0.401
TRACE 1094159,33.35,32.00,-0.405
TRACE 1095983,33.24,32.00,-0.408
TRACE 1097799,33.13,31.50,-0.428
TRACE 1099630,33.02,31.50,-0.431
TRACE 1101465,32.91,31.00,0.412
TRACE 1103263,32.80,31.00,0.409
TRACE 1105077,32.70,31.00,0.406
TRACE 1106884,32.59,31.00,0.402
TRACE 1108699,32.48,31.00,-0.401
TRACE 1110522,32.37,32.00,-0.528
TRACE 1112349,32.26,32.00,-0.532
TRACE 1114184,32.15,32.00,-0.566
TRACE 1116018,32.04,32.00,-0.570
TRACE 1117848,31.93,32.00,-0.573
TRACE 1119664,31.82,31.50,-0.530
TRACE 1121494,31.71,31.00,-0.487
TRACE 1123322,31.60,31.00,-0.427
TRACE 1125147,31.49,31.00,-0.431
TRACE 1126961,31.38,31.00,-0.434
TRACE 1128807,31.27,31.00,-0.437
TRACE 1130627,31.16,30.00,0.452
TRACE 1132431,31.05,30.00,0.418
TRACE 1134248,30.95,30.00,-0.417
TRACE 1136075,30.84,29.50,0.426
TRACE 1137885,30.73,29.50,0.423
TRACE 1139698,30.62,29.50,0.420
TRACE 1141513,30.51,30.00,-0.430
TRACE 1143327,30.40,30.00,-0.496
TRACE 1145135,30.29,30.00,-0.499
TRACE 1146961,30.18,30.00,-0.503
TRACE 1148795,30.07,30.00,-0.537
TRACE 1150617,29.96,30.00,-0.541
TRACE 1152443,29.85,30.00,-0.544
TRACE 1154297,29.74,30.00,-0.516
TRACE 1156118,29.63,30.00,-0.519
TRACE 1157940,29.52,29.50,-0.476
TRACE 1159769,29.41,29.00,-0.433
TRACE 1161603,29.30,29.00,-0.436
TRACE 1163430,29.19,29.00,-0.440
TRACE 1165258,29.08,29.00,-0.443
TRACE 1167079,28.98,29.00,-0.446
TRACE 1168900,28.87,29.00,-0.449
TRACE 1170732,28.76,28.00,0.408
TRACE 1172563,28.65,28.00,-0.426
TRACE 1174392,28.54,28.00,-0.429
TRACE 1176205,28.43,28.00,-0.433
TRACE 1178015,28.32,27.50,0.411
TRACE 1179816,28.21,27.00,0.454
TRACE 1181630,28.10,27.00,0.451
TRACE 1183430,27.99,27.00,-0.415
TRACE 1185246,27.89,27.00,-0.418
TRACE 1187078,27.78,27.00,-0.422
TRACE 1188902,27.67,27.00,-0.425
TRACE 1190724,27.56,27.00,-0.460
TRACE 1192560,27.45,27.00,-0.495
TRACE 1203074,26.82,25.00,0.421
TRACE 1204892,26.71,25.00,0.418
TRACE 1206715,26.60,25.00,0.414
TRACE 1208523,26.49,25.00,0.411
TRACE 1210339,26.38,25.00,0.408
TRACE 1212153,26.27,25.00,0.405
TRACE 1213990,26.16,25.00,0.401
TRACE 1215803,26.05,25.00,-0.476
TRACE 1217655,25.94,25.00,-0.480
TRACE 1219491,25.83,25.00,-0.483
TRACE 1221317,25.72,25.00,-0.486
TRACE 1223150,25.61,25.00,-0.490
TRACE 1224981,25.50,25.00,-0.493
TRACE 1226802,25.39,25.00,-0.496
TRACE 1228621,25.28,25.00,-0.500
TRACE 1230463,25.17,24.50,-0.457
TRACE 1232279,25.06,24.00,-0.414
TRACE 1234102,24.95,24.00,-0.417
TRACE 1235936,24.84,24.00,-0.420
TRACE 1237790,24.73,23.00,0.469
TRACE 1239603,24.62,23.00,0.466
TRACE 1241445,24.51,23.00,0.462
TRACE 1243267,24.40,23.00,0.428
TRACE 1245088,24.29,23.00,-0.407
TRACE 1246937,24.18,23.00,-0.410
TRACE 1248774,24.07,23.00,-0.413
TRACE 1250640,23.96,23.00,-0.479
TRACE 1252442,23.85,23.00,-0.482
TRACE 1254320,23.74,23.00,-0.486
TRACE 1256140,23.63,23.00,-0.489
TRACE 1257961,23.52,23.00,-0.492
TRACE 1259805,23.41,23.00,-0.496
TRACE 1261627,23.30,23.00,-0.499
TRACE 1263436,23.19,23.00,-0.502
TRACE 1265241,23.09,23.00,-0.505
TRACE 1267053,22.98,23.00,-0.509
TRACE 1268875,22.87,23.00,-0.512
TRACE 1270696,22.76,23.00,-0.515
TRACE 1272522,22.65,23.00,-0.519
TRACE 1274356,22.54,22.50,-0.475
TRACE 1276190,22.43,22.00,-0.432
TRACE 1278029,22.32,22.00,-0.436
TRACE 1279825,22.21,22.00,-0.439
TRACE 1281652,22.10,21.00,0.450
TRACE 1283463,21.99,21.00,0.447
TRACE 1285291,21.88,21.00,0.444
TRACE 1287100,21.77,21.00,0.409
TRACE 1288906,21.67,21.00,-0.425
TRACE 1290731,21.56,21.00,-0.428
TRACE 1292566,21.45,21.00,-0.432
TRACE 1294402,21.34,21.00,-0.498
TRACE 1296232,21.23,21.00,-0.501
TRACE 1298036,21.12,20.50,-0.458
TRACE 1299868,21.01,20.00,-0.415
TRACE 1301706,20.90,20.00,-0.419
TRACE 1303542,20.79,19.50,0.424
TRACE 1305353,20.68,19.00,0.467
TRACE 1307157,20.57,19.00,0.465
TRACE 1308969,20.46,19.00,0.461
TRACE 1310776,20.35,19.00,0.427
TRACE 1312591,20.24,19.00,-0.408
TRACE 1314411,20.14,19.00,-0.411
TRACE 1316214,20.03,20.00,-0.539
TRACE 1318033,19.92,20.00,-0.574
TRACE 1319867,19.81,20.00,-0.577
TRACE 1321682,19.70,20.00,-0.580
TRACE 1323524,19.59,20.00,-0.583
TRACE 1325362,19.48,20.00,-0.586
TRACE 1327182,19.37,20.00,-0.590
TRACE 1329016,19.26,19.50,-0.484
TRACE 1330841,19.15,19.00,-0.441
TRACE 1332673,19.04,19.00,-0.444
TRACE 1334489,18.93,19.00,-0.448
TRACE 1336322,18.82,19.00,-0.451
TRACE 1338157,18.71,19.00,-0.454
TRACE 1339982,18.60,18.00,0.435
TRACE 1341792,18.49,18.00,0.401
TRACE 1343603,18.38,18.00,-0.434
TRACE 1345427,18.27,18.00,-0.437
TRACE 1347263,18.16,18.00,-0.440
TRACE 1349086,18.05,17.50,0.403
TRACE 1350897,17.95,17.00,0.446
TRACE 1352711,17.84,17.00,-0.420
TRACE 1354525,17.73,17.00,-0.423
TRACE 1356336,17.62,17.00,-0.427
TRACE 1358160,17.51,17.00,-0.430
TRACE 1359981,17.40,17.00,-0.433
TRACE 1361808,17.29,17.00,-0.468
TRACE 1363634,17.18,17.00,-0.503
TRACE 1365469,17.07,16.00,-0.413
TRACE 1367304,16.96,16.00,-0.417
TRACE 1369137,16.85,16.00,-0.420
TRACE 1370960,16.74,15.50,0.423
TRACE 1372764,16.63,15.00,0.466
TRACE 1374576,16.53,15.00,0.463
TRACE 1376398,16.42,15.00,0.460
TRACE 1378197,16.31,15.00,-0.406
TRACE 1380019,16.20,15.00,-0.409
TRACE 1381830,16.09,15.00,-0.412
TRACE 1383662,15.98,15.00,-0.447
TRACE 1385508,15.87,15.00,-0.482
TRACE 1387335,15.76,15.00,-0.485
TRACE 1389175,15.65,15.00,-0.489
TRACE 1391006,15.54,15.00,-0.492
TRACE 1401488,14.91,14.00,-0.443
TRACE 1403323,14.80,14.00,-0.447
TRACE 1405156,14.69,14.00,-0.450
TRACE 1406970,14.58,13.00,0.414
TRACE 1408803,14.47,13.00,0.411
TRACE 1410619,14.36,13.00,0.407
TRACE 1412441,14.25,13.00,0.404
TRACE 1414257,14.14,13.00,-0.411
TRACE 1416072,14.04,13.00,-0.414
TRACE 1417922,13.92,13.00,-0.418
TRACE 1419762,13.81,13.00,-0.484
TRACE 1421576,13.71,13.00,-0.487
TRACE 1423430,13.59,13.00,-0.490
TRACE 1425266,13.48,13.00,-0.493
TRACE 1427097,13.37,13.00,-0.497
TRACE 1428922,13.26,13.00,-0.500
TRACE 1430748,13.16,13.00,-0.503
TRACE 1432565,13.05,13.00,-0.507
TRACE 1434395,12.94,13.00,-0.510
TRACE 1436262,12.82,13.00,-0.513
TRACE 1438081,12.72,13.00,-0.517
TRACE 1439931,12.60,13.00,-0.520
TRACE 1441783,12.49,12.50,-0.477
TRACE 1443598,12.38,12.00,-0.434
TRACE 1445418,12.27,12.00,-0.438
TRACE 1447237,12.17,12.00,-0.441
TRACE 1449120,12.05,11.00,0.448
TRACE 1450927,11.94,11.00,0.445
TRACE 1452787,11.83,11.00,0.441
TRACE 1454611,11.72,11.00,0.407
TRACE 1456424,11.61,11.00,-0.427
TRACE 1458244,11.51,11.00,-0.430
TRACE 1460065,11.40,11.00,-0.434
TRACE 1461883,11.29,11.00,-0.499
TRACE 1463716,11.18,11.00,-0.503
TRACE 1465522,11.07,11.00,-0.506
TRACE 1467349,10.96,10.00,-0.416
TRACE 1469173,10.85,10.00,-0.420
TRACE 1471003,10.74,10.00,-0.423
TRACE 1472826,10.63,9.00,0.466
TRACE 1474639,10.52,9.00,0.463
TRACE 1476478,10.41,9.00,0.460
TRACE 1478290,10.30,9.00,0.456
TRACE 1480117,10.19,9.00,-0.410
TRACE 1481947,10.08,9.00,-0.413
TRACE 1483779,9.97,9.00,-0.416
TRACE 1485616,9.86,9.00,-0.482
TRACE 1487443,9.75,9.00,-0.485
TRACE 1489269,9.64,9.00,-0.489
TRACE 1491097,9.53,9.00,-0.492
TRACE 1492942,9.42,9.00,-0.495
TRACE 1494765,9.31,8.00,-0.406
TRACE 1496593,9.20,8.00,-0.409
TRACE 1498418,9.09,8.00,-0.413
TRACE 1500251,8.98,7.00,0.487
TRACE 1502129,8.87,7.00,0.483
TRACE 1503992,8.76,7.00,0.480
TRACE 1505870,8.65,7.00,0.477
TRACE 1507748,8.54,7.00,0.413
TRACE 1509624,8.43,7.00,0.410
TRACE 1511513,8.32,7.00,0.407
TRACE 1513401,8.21,7.00,-0.457
TRACE 1515287,8.11,7.00,-0.459
>>> 