arm_test.cmd_trace(arm, [])
TRACE t_us,ref_deg,pos_deg,duty
TRACE 948,0.00,0.00,0.410
TRACE 2868,0.00,0.00,0.411
TRACE 4700,0.00,0.00,0.412
TRACE 6478,0.00,0.00,0.412
TRACE 8251,0.01,0.00,0.413
TRACE 10016,0.01,0.00,0.414
TRACE 11788,0.01,0.00,0.415
TRACE 13550,0.02,0.00,0.415
TRACE 15320,0.02,0.00,0.416
TRACE 17067,0.03,0.50,-0.430
TRACE 18892,0.04,1.00,-0.477
TRACE 20685,0.04,1.00,-0.476
TRACE 22465,0.05,0.50,-0.428
TRACE 24235,0.06,0.00,0.420
TRACE 26003,0.07,0.00,0.421
TRACE 27744,0.08,0.00,0.422
TRACE 29476,0.09,0.00,0.455
TRACE 31232,0.10,0.00,0.489
TRACE 32962,0.11,0.00,0.490
TRACE 34733,0.12,0.00,0.459
TRACE 36454,0.13,0.00,0.427
TRACE 38191,0.15,0.00,0.428
TRACE 39948,0.16,0.00,0.429
TRACE 41681,0.17,1.00,-0.465
TRACE 43461,0.19,1.00,-0.464
TRACE 45276,0.20,1.00,-0.463
TRACE 47062,0.22,1.00,-0.461
TRACE 48874,0.24,1.00,-0.460
TRACE 50642,0.26,1.00,-0.458
TRACE 52455,0.28,0.50,-0.410
TRACE 54234,0.29,0.00,0.502
TRACE 55956,0.31,0.00,0.504
TRACE 57706,0.33,0.00,0.505
TRACE 59436,0.35,-0.50,0.554
TRACE 61186,0.37,-0.50,0.556
TRACE 62935,0.40,0.00,0.510
TRACE 64668,0.42,0.00,0.479
TRACE 66405,0.44,0.00,0.447
TRACE 68146,0.46,0.00,0.448
TRACE 69880,0.49,1.00,-0.446
TRACE 71671,0.51,1.00,-0.477
TRACE 73445,0.54,1.00,-0.475
TRACE 75223,0.57,1.00,-0.441
TRACE 77017,0.59,1.00,-0.439
TRACE 78812,0.62,1.00,-0.437
TRACE 80618,0.65,1.00,-0.436
TRACE 82413,0.68,1.00,0.430
TRACE 84176,0.71,1.00,0.432
TRACE 85933,0.74,1.00,0.433
TRACE 87693,0.77,0.50,0.482
TRACE 89448,0.80,0.00,0.531
TRACE 91195,0.83,0.00,0.532
TRACE 92935,0.86,0.00,0.534
TRACE 94684,0.90,0.00,0.536
TRACE 96417,0.93,0.50,0.490
TRACE 98172,0.96,1.00,0.444
TRACE 99956,1.00,1.00,0.413
TRACE 101728,1.03,1.00,-0.417
TRACE 103521,1.07,1.00,-0.415
TRACE 105302,1.11,1.00,-0.414
TRACE 107091,1.15,1.00,-0.412
TRACE 108860,1.19,1.00,0.423
TRACE 110611,1.22,1.00,0.457
TRACE 112390,1.26,1.00,0.458
TRACE 114152,1.30,1.00,0.460
TRACE 115918,1.34,1.00,0.462
TRACE 117712,1.39,2.00,-0.431
TRACE 119503,1.43,2.00,-0.429
TRACE 121294,1.47,2.00,-0.427
TRACE 123055,1.51,2.00,-0.425
TRACE 124826,1.56,2.00,-0.423
TRACE 126601,1.60,2.00,-0.421
TRACE 128375,1.65,2.00,-0.419
TRACE 130145,1.69,1.00,0.542
TRACE 131906,1.74,1.00,0.544
TRACE 133677,1.79,1.00,0.546
TRACE 135450,1.83,1.00,0.548
TRACE 137227,1.88,1.00,0.550
TRACE 139000,1.93,1.00,0.553
TRACE 140768,1.98,1.50,0.507
TRACE 142533,2.03,2.00,-0.402
TRACE 144313,2.08,2.00,-0.400
TRACE 146099,2.13,2.00,0.402
TRACE 147867,2.19,2.50,-0.443
TRACE 149660,2.24,3.00,-0.488
TRACE 151440,2.29,3.00,-0.485
TRACE 153232,2.35,3.00,-0.451
TRACE 155013,2.40,2.50,0.431
TRACE 156796,2.46,2.00,0.480
TRACE 158558,2.51,2.00,0.483
TRACE 160311,2.57,2.00,0.517
TRACE 162090,2.63,2.00,0.552
TRACE 163857,2.68,2.00,0.554
TRACE 165613,2.74,2.00,0.557
TRACE 167370,2.80,2.00,0.527
TRACE 169151,2.86,3.00,0.402
TRACE 170923,2.92,3.00,0.404
TRACE 172705,2.98,3.00,0.407
TRACE 174463,3.04,3.00,0.409
TRACE 176228,3.11,3.50,-0.435
TRACE 177999,3.17,4.00,-0.480
TRACE 179763,3.23,4.00,-0.477
TRACE 181541,3.30,4.00,-0.410
TRACE 183314,3.36,4.00,-0.408
TRACE 185094,3.43,4.00,-0.405
TRACE 186905,3.49,4.00,-0.402
TRACE 188696,3.56,4.00,0.433
TRACE 190480,3.63,3.00,0.562
TRACE 192265,3.70,3.00,0.564
TRACE 194034,3.76,3.00,0.567
TRACE 195794,3.83,3.00,0.570
TRACE 197571,3.90,3.00,0.572
TRACE 199369,3.97,3.00,0.575
TRACE 201131,4.05,3.00,0.578
TRACE 211551,4.48,5.00,-0.406
TRACE 213359,4.55,5.00,-0.402
TRACE 215160,4.63,5.50,-0.433
TRACE 216961,4.71,6.00,-0.464
TRACE 218752,4.79,6.00,-0.461
TRACE 220551,4.86,6.00,-0.458
TRACE 222326,4.94,6.00,-0.455
TRACE 224125,5.02,6.00,-0.402
TRACE 225924,5.10,5.50,0.448
TRACE 227709,5.19,5.00,0.529
TRACE 229492,5.27,5.00,0.564
TRACE 231272,5.35,5.00,0.568
TRACE 233042,5.43,5.00,0.571
TRACE 234834,5.51,5.00,0.574
TRACE 236635,5.60,5.00,0.577
TRACE 238398,5.68,5.00,0.548
TRACE 240171,5.77,5.00,0.520
TRACE 241937,5.85,5.00,0.523
TRACE 243727,5.94,5.00,0.526
TRACE 245514,6.03,6.00,0.435
TRACE 247265,6.11,6.00,0.438
TRACE 249035,6.20,6.00,0.441
TRACE 250804,6.29,6.00,0.445
TRACE 252568,6.38,7.00,-0.447
TRACE 254386,6.47,7.00,-0.443
TRACE 256176,6.56,7.00,-0.439
TRACE 257994,6.66,7.00,0.428
TRACE 259755,6.75,7.00,0.432
TRACE 261515,6.84,7.00,0.435
TRACE 263283,6.93,7.00,0.439
TRACE 265045,7.02,7.00,0.506
TRACE 266858,7.12,7.00,0.510
TRACE 268616,7.22,7.50,0.466
TRACE 270394,7.31,8.00,0.422
TRACE 272156,7.41,8.00,0.426
TRACE 273929,7.50,8.00,0.429
TRACE 275689,7.60,9.00,-0.462
TRACE 277461,7.70,9.00,-0.458
TRACE 279241,7.80,9.00,-0.455
TRACE 281022,7.90,9.00,-0.419
TRACE 282791,8.00,9.00,0.417
TRACE 284565,8.10,9.00,0.421
TRACE 286335,8.20,9.00,0.425
TRACE 288112,8.30,9.00,0.493
TRACE 289888,8.40,9.00,0.496
TRACE 291659,8.51,9.00,0.500
TRACE 293431,8.61,9.00,0.504
TRACE 295187,8.71,9.00,0.508
TRACE 296962,8.82,9.50,0.464
TRACE 298728,8.92,10.00,0.421
TRACE 300500,9.03,10.00,0.414
TRACE 302316,9.14,11.00,-0.477
TRACE 304154,9.25,11.00,-0.473
TRACE 305993,9.36,11.00,-0.469
TRACE 307818,9.47,11.00,-0.465
TRACE 309622,9.58,11.50,-0.476
TRACE 311452,9.69,12.00,-0.487
TRACE 313269,9.80,12.00,-0.483
TRACE 315129,9.91,11.50,0.429
TRACE 316914,10.01,11.50,0.432
TRACE 318733,10.12,11.00,0.482
TRACE 320520,10.23,11.00,0.485
TRACE 322322,10.34,11.50,0.473
TRACE 324128,10.45,12.00,0.461
TRACE 325939,10.56,12.00,0.465
TRACE 327748,10.66,12.00,0.436
TRACE 329565,10.77,12.00,0.440
TRACE 331383,10.88,12.00,0.411
TRACE 333195,10.99,13.00,-0.478
TRACE 335021,11.10,13.00,-0.443
TRACE 336828,11.21,13.00,-0.409
TRACE 338649,11.32,13.00,-0.405
TRACE 340478,11.43,13.00,-0.402
TRACE 342320,11.54,13.00,0.401
TRACE 344125,11.65,13.00,0.405
TRACE 345940,11.76,13.00,0.471
TRACE 347758,11.87,13.00,0.474
TRACE 349576,11.97,13.00,0.477
TRACE 351392,12.08,13.50,0.434
TRACE 353194,12.19,13.50,0.437
TRACE 354998,12.30,14.00,-0.406
TRACE 356828,12.41,14.00,-0.403
TRACE 358654,12.52,14.00,0.401
TRACE 360451,12.63,14.00,0.404
TRACE 362266,12.74,13.50,0.454
TRACE 364067,12.84,13.50,0.488
TRACE 365871,12.95,13.50,0.492
TRACE 367675,13.06,13.50,0.526
TRACE 369487,13.17,13.50,0.530
TRACE 371290,13.28,13.50,0.533
TRACE 373104,13.39,14.00,0.490
TRACE 374899,13.49,14.00,0.461
TRACE 376713,13.60,14.00,0.464
TRACE 378523,13.71,14.00,0.468
TRACE 380335,13.82,14.00,0.471
TRACE 382149,13.93,14.00,0.474
TRACE 383959,14.04,15.00,-0.416
TRACE 385803,14.15,15.00,0.419
TRACE 387624,14.26,15.00,0.423
TRACE 389436,14.37,15.00,0.426
TRACE 391259,14.48,15.50,-0.417
TRACE 393113,14.59,16.00,-0.460
TRACE 394942,14.70,16.00,-0.456
TRACE 396755,14.81,16.00,0.410
TRACE 398564,14.91,16.00,0.413
TRACE 400377,15.02,16.00,0.416
TRACE 402174,15.13,17.00,-0.474
TRACE 403999,15.24,17.00,-0.439
TRACE 405837,15.35,17.00,-0.404
TRACE 407673,15.46,17.00,-0.401
TRACE 418196,16.09,16.00,0.511
TRACE 420028,16.20,16.00,0.514
TRACE 421838,16.31,16.00,0.517
TRACE 423651,16.42,16.00,0.558
TRACE 425463,16.53,16.00,0.561
TRACE 427286,16.64,16.00,0.564
TRACE 429080,16.74,16.50,0.534
TRACE 430907,16.85,17.00,0.441
TRACE 432717,16.96,17.00,0.444
TRACE 434527,17.07,17.00,0.447
TRACE 436346,17.18,18.00,-0.443
TRACE 438169,17.29,18.00,-0.439
TRACE 440008,17.40,19.00,-0.529
TRACE 441849,17.51,19.00,-0.493
TRACE 443672,17.62,19.00,-0.459
TRACE 445504,17.73,19.00,-0.455
TRACE 447337,17.84,19.00,-0.452
TRACE 449166,17.95,19.00,0.414
TRACE 450995,18.06,18.00,0.510
TRACE 452788,18.17,18.00,0.576
TRACE 454646,18.28,18.00,0.579
TRACE 456451,18.39,18.00,0.582
TRACE 458269,18.50,18.00,0.586
TRACE 460083,18.60,18.00,0.589
TRACE 461899,18.71,19.00,0.499
TRACE 463732,18.82,19.00,0.440
TRACE 465549,18.93,19.00,0.443
TRACE 467401,19.04,19.00,0.447
TRACE 469212,19.15,20.00,-0.443
TRACE 471072,19.26,20.00,-0.439
TRACE 472895,19.37,20.00,-0.436
TRACE 474718,19.48,21.00,-0.462
TRACE 476530,19.59,21.00,-0.459
TRACE 478366,19.70,21.00,-0.456
TRACE 480193,19.81,21.00,-0.453
TRACE 482021,19.92,20.50,0.459
TRACE 483819,20.03,20.00,0.509
TRACE 485628,20.14,20.00,0.512
TRACE 487449,20.25,20.00,0.578
TRACE 489243,20.35,20.00,0.582
TRACE 491069,20.46,20.00,0.585
TRACE 492881,20.57,20.00,0.588
TRACE 494686,20.68,20.00,0.560
TRACE 496496,20.79,20.00,0.532
TRACE 498303,20.90,20.50,0.488
TRACE 500107,21.01,21.00,0.435
TRACE 501982,21.12,21.00,0.438
TRACE 503856,21.23,21.00,0.441
TRACE 505734,21.34,21.50,-0.402
TRACE 507627,21.45,22.00,-0.445
TRACE 509529,21.56,22.00,-0.441
TRACE 511426,21.67,22.50,-0.453
TRACE 513321,21.78,22.50,-0.419
TRACE 515212,21.89,22.50,-0.416
TRACE 517108,22.00,22.00,0.431
TRACE 518986,22.10,22.00,0.464
TRACE 520852,22.21,22.00,0.497
TRACE 522711,22.31,22.00,0.499
TRACE 524569,22.41,22.00,0.532
TRACE 526442,22.52,22.00,0.534
TRACE 528299,22.62,22.00,0.537
TRACE 530187,22.72,22.00,0.509
TRACE 532060,22.82,22.00,0.511
TRACE 533932,22.92,22.00,0.513
TRACE 535810,23.02,22.00,0.516
TRACE 537686,23.12,22.00,0.518
TRACE 539538,23.22,22.00,0.520
TRACE 541400,23.31,23.00,0.431
TRACE 543283,23.41,23.00,0.434
TRACE 545175,23.51,23.00,0.436
TRACE 547037,23.60,23.00,0.438
TRACE 548919,23.70,24.00,-0.451
TRACE 550823,23.79,24.00,-0.448
TRACE 552710,23.88,24.00,-0.446
TRACE 554619,23.98,25.00,-0.473
TRACE 556512,24.07,25.00,-0.471
TRACE 558403,24.16,25.00,-0.469
TRACE 560269,24.25,25.00,-0.467
TRACE 562164,24.34,25.00,-0.404
TRACE 564034,24.43,25.00,-0.403
TRACE 565938,24.52,25.00,-0.401
TRACE 567844,24.61,25.00,0.462
TRACE 569730,24.70,25.00,0.464
TRACE 571602,24.78,25.00,0.466
TRACE 573503,24.87,25.00,0.468
TRACE 575379,24.95,25.00,0.469
TRACE 577259,25.04,25.00,0.471
TRACE 579154,25.12,25.00,0.473
TRACE 581027,25.21,25.50,0.430
TRACE 582901,25.29,26.00,-0.414
TRACE 584787,25.37,26.00,-0.412
TRACE 586694,25.45,26.00,-0.410
TRACE 588569,25.53,27.00,-0.499
TRACE 590450,25.61,27.00,-0.498
TRACE 592330,25.69,27.00,-0.496
TRACE 594226,25.77,27.00,-0.464
TRACE 596115,25.84,27.00,-0.432
TRACE 598019,25.92,27.00,-0.430
TRACE 599916,26.00,26.00,0.462
TRACE 601814,26.07,26.00,0.524
TRACE 603678,26.15,26.00,0.526
TRACE 605547,26.22,26.00,0.527
TRACE 616032,26.62,27.00,0.445
TRACE 617942,26.69,28.00,-0.421
TRACE 619897,26.76,28.00,-0.419
TRACE 621829,26.83,29.00,-0.121
TRACE 623694,26.89,29.00,-0.119
TRACE 625558,26.96,29.00,-0.118
TRACE 627439,27.02,29.00,-0.117
TRACE 629306,27.09,29.00,-0.126
TRACE 631153,27.15,29.00,-0.065
TRACE 633020,27.21,29.00,-0.064
TRACE 634903,27.27,29.00,-0.002
TRACE 636779,27.34,29.00,-0.001
TRACE 638637,27.40,29.00,-0.000
TRACE 640495,27.46,29.00,0.001
TRACE 642361,27.51,29.00,0.002
TRACE 644224,27.57,28.50,0.449
TRACE 646147,27.63,28.00,0.495
TRACE 648055,27.69,28.00,0.496
TRACE 649979,27.75,28.00,0.497
TRACE 651907,27.81,28.50,0.453
TRACE 653823,27.86,29.00,0.009
TRACE 655704,27.92,29.00,0.009
TRACE 657546,27.97,29.00,-0.020
TRACE 659445,28.02,29.00,-0.049
TRACE 661290,28.08,29.00,-0.048
TRACE 663188,28.13,29.00,-0.047
TRACE 665034,28.18,29.00,-0.017
TRACE 666962,28.23,29.00,0.015
TRACE 668828,28.28,29.00,0.016
TRACE 670692,28.33,28.50,0.462
TRACE 672606,28.38,28.00,0.508
TRACE 674492,28.42,28.00,0.509
TRACE 676387,28.47,28.00,0.509
TRACE 678273,28.52,28.50,0.465
TRACE 680209,28.57,29.00,0.020
TRACE 682074,28.61,29.00,0.021
TRACE 683953,28.65,29.00,-0.009
TRACE 685824,28.70,29.00,-0.039
TRACE 687676,28.74,29.00,-0.038
TRACE 689529,28.78,29.00,-0.038
TRACE 691375,28.82,29.00,-0.007
TRACE 693254,28.86,29.00,0.024
TRACE 695121,28.90,28.50,0.470
TRACE 697041,28.94,28.00,0.516
TRACE 698955,28.98,28.00,0.517
TRACE 700851,29.02,28.00,0.517
TRACE 702754,29.05,28.50,0.472
TRACE 704682,29.09,29.00,0.027
TRACE 706535,29.13,29.00,0.027
TRACE 708381,29.16,29.00,-0.002
TRACE 710249,29.19,29.00,-0.032
TRACE 712100,29.23,29.00,-0.032
TRACE 713947,29.26,29.00,-0.032
TRACE 715809,29.29,29.00,-0.002
TRACE 717693,29.32,29.00,0.029
TRACE 719573,29.35,28.50,0.475
TRACE 721484,29.38,28.00,0.521
TRACE 723374,29.41,28.00,0.521
TRACE 725283,29.44,28.00,0.521
TRACE 727159,29.47,28.50,0.476
TRACE 729078,29.50,29.00,0.030
TRACE 730944,29.52,29.00,0.031
TRACE 732778,29.55,29.00,0.000
TRACE 734651,29.57,29.00,-0.030
TRACE 736499,29.60,29.00,-0.030
TRACE 738364,29.62,29.00,-0.030
TRACE 740219,29.64,29.00,0.000
TRACE 742073,29.66,29.00,0.031
TRACE 743949,29.69,29.00,0.031
TRACE 745799,29.71,28.50,0.476
TRACE 747712,29.73,28.00,0.522
TRACE 749612,29.75,28.00,0.522
TRACE 751526,29.77,28.00,0.521
TRACE 753417,29.78,28.50,0.476
TRACE 755350,29.80,29.00,0.030
TRACE 757191,29.82,29.00,0.030
TRACE 759034,29.83,29.00,-0.001
TRACE 760904,29.85,29.00,-0.031
TRACE 762763,29.86,29.00,-0.032
TRACE 764611,29.87,29.00,-0.032
TRACE 766451,29.89,29.00,-0.002
TRACE 768351,29.90,29.00,0.028
TRACE 770205,29.91,29.00,0.028
TRACE 772077,29.92,29.00,0.028
TRACE 773922,29.93,28.50,0.473
TRACE 775860,29.94,28.00,0.518
TRACE 777771,29.95,28.00,0.517
TRACE 779670,29.96,28.00,0.517
TRACE 781590,29.97,28.50,0.471
TRACE 783500,29.97,29.00,0.025
TRACE 785355,29.98,29.00,0.025
TRACE 787218,29.98,29.00,-0.006
TRACE 789086,29.99,29.00,-0.037
TRACE 790935,29.99,29.00,-0.038
TRACE 792780,29.99,29.00,-0.039
TRACE 794622,30.00,29.00,-0.009
TRACE 796483,30.00,29.00,0.021
TRACE 798352,30.00,29.00,0.021
TRACE 800213,30.00,28.50,0.476
TRACE 801916,30.00,28.00,0.522
TRACE 812260,30.00,29.00,0.030
TRACE 813924,30.00,29.00,0.030
TRACE 815584,30.00,29.00,0.030
TRACE 817250,30.00,29.00,0.030
TRACE 818898,30.00,29.00,0.030
TRACE 820553,30.00,29.00,0.010
TRACE 822207,30.00,29.00,-0.009
TRACE 823876,30.00,29.00,0.030
TRACE 825502,30.00,29.00,0.030
TRACE 827159,30.00,29.00,0.030
TRACE 828811,30.00,29.00,0.030
TRACE 830476,30.00,29.00,0.030
TRACE 832103,30.00,29.00,0.030
TRACE 833745,30.00,29.00,0.030
TRACE 835427,30.00,29.00,0.030
TRACE 837077,30.00,29.00,0.030
TRACE 838698,30.00,29.00,0.030
TRACE 840343,30.00,29.00,0.030
TRACE 841974,30.00,29.00,0.030
TRACE 843600,30.00,29.50,-0.020
TRACE 845236,30.00,30.00,-0.070
TRACE 846856,30.00,30.00,-0.070
TRACE 848492,30.00,30.00,-0.070
TRACE 850131,30.00,30.00,-0.070
TRACE 851764,30.00,30.00,-0.070
TRACE 853405,30.00,30.00,-0.070
TRACE 855027,30.00,30.00,-0.035
TRACE 856680,30.00,30.00,0.000
TRACE 858308,30.00,30.00,0.000
TRACE 859938,30.00,30.00,0.000
TRACE 861549,30.00,30.00,0.000
TRACE 863177,30.00,30.00,0.000
TRACE 864790,30.00,30.00,0.000
TRACE 866432,30.00,30.00,0.000
TRACE 868070,30.00,30.00,0.000
TRACE 869694,30.00,30.00,0.000
TRACE 871334,30.00,30.00,0.000
TRACE 872966,30.00,30.00,0.000
TRACE 874581,30.00,30.00,0.000
TRACE 876212,30.00,30.00,0.000
TRACE 877851,30.00,30.00,0.000
TRACE 879469,30.00,30.00,0.000
TRACE 881086,30.00,30.00,0.000
TRACE 882702,30.00,30.00,0.000
TRACE 884327,30.00,30.00,0.000
>>> 