arm_test.cmd_trace(arm, [])
TRACE t_us,ref_deg,pos_deg,duty
TRACE 896,-88.00,-88.00,0.410
TRACE 2865,-88.00,-88.00,0.411
TRACE 4705,-88.00,-88.00,0.412
TRACE 6538,-88.00,-88.00,0.412
TRACE 8346,-87.99,-88.00,0.413
TRACE 10144,-87.99,-88.00,0.414
TRACE 11923,-87.99,-88.00,0.415
TRACE 13711,-87.98,-88.00,0.415
TRACE 15504,-87.98,-88.00,0.416
TRACE 17274,-87.97,-88.00,0.417
TRACE 19048,-87.96,-88.00,0.418
TRACE 20828,-87.96,-88.00,0.419
TRACE 22609,-87.95,-88.00,0.420
TRACE 24421,-87.94,-88.00,0.421
TRACE 26192,-87.93,-88.00,0.421
TRACE 27963,-87.92,-88.00,0.422
TRACE 29715,-87.91,-88.00,0.423
TRACE 31483,-87.90,-88.00,0.424
TRACE 33268,-87.89,-88.00,0.425
TRACE 35031,-87.88,-88.00,0.426
TRACE 36794,-87.86,-88.00,0.427
TRACE 38610,-87.85,-88.00,0.428
TRACE 40385,-87.84,-88.00,0.429
TRACE 42141,-87.82,-88.00,0.430
TRACE 43936,-87.81,-88.00,0.432
TRACE 45699,-87.79,-88.00,0.433
TRACE 47509,-87.77,-88.00,0.434
TRACE 49306,-87.76,-88.00,0.435
TRACE 51078,-87.74,-88.00,0.436
TRACE 52857,-87.72,-88.00,0.437
TRACE 54632,-87.70,-88.00,0.439
TRACE 56455,-87.68,-88.00,0.440
TRACE 58210,-87.66,-88.00,0.441
TRACE 59994,-87.64,-88.00,0.442
TRACE 61776,-87.62,-88.00,0.444
TRACE 63555,-87.60,-88.00,0.445
TRACE 65330,-87.57,-88.00,0.446
TRACE 67113,-87.55,-88.00,0.448
TRACE 68907,-87.53,-88.00,0.449
TRACE 70673,-87.50,-88.00,0.450
TRACE 72439,-87.48,-88.00,0.452
TRACE 74209,-87.45,-88.00,0.453
TRACE 75977,-87.42,-88.00,0.455
TRACE 77756,-87.40,-88.00,0.456
TRACE 79537,-87.37,-88.00,0.458
TRACE 81309,-87.34,-88.00,0.459
TRACE 83086,-87.31,-88.00,0.461
TRACE 84856,-87.28,-88.00,0.462
TRACE 86635,-87.25,-88.00,0.464
TRACE 88403,-87.22,-88.00,0.465
TRACE 90162,-87.19,-88.00,0.467
TRACE 91911,-87.16,-88.00,0.468
TRACE 93689,-87.12,-88.00,0.470
TRACE 95470,-87.09,-88.00,0.472
TRACE 97261,-87.05,-88.00,0.473
TRACE 99028,-87.02,-88.00,0.475
TRACE 100804,-86.98,-88.00,0.477
TRACE 102603,-86.95,-88.00,0.479
TRACE 104382,-86.91,-88.00,0.480
TRACE 106144,-86.87,-88.00,0.482
TRACE 107912,-86.84,-88.00,0.484
TRACE 109685,-86.80,-88.00,0.486
TRACE 111465,-86.76,-88.00,0.487
TRACE 113239,-86.72,-88.00,0.489
TRACE 115001,-86.68,-88.00,0.491
TRACE 116767,-86.64,-88.00,0.493
TRACE 118529,-86.60,-88.00,0.495
TRACE 120301,-86.55,-88.00,0.497
TRACE 122078,-86.51,-88.00,0.499
TRACE 123867,-86.47,-88.00,0.501
TRACE 125668,-86.42,-88.00,0.503
TRACE 127428,-86.38,-88.00,0.505
TRACE 129173,-86.33,-88.00,0.507
TRACE 130942,-86.29,-88.00,0.509
TRACE 132709,-86.24,-88.00,0.511
TRACE 134487,-86.19,-88.00,0.513
TRACE 136237,-86.14,-88.00,0.515
TRACE 138015,-86.10,-88.00,0.517
TRACE 139778,-86.05,-88.00,0.519
TRACE 141547,-86.00,-88.00,0.521
TRACE 143309,-85.95,-88.00,0.523
TRACE 145082,-85.90,-88.00,0.525
TRACE 146859,-85.84,-88.00,0.528
TRACE 148634,-85.79,-88.00,0.530
TRACE 150402,-85.74,-88.00,0.532
TRACE 152158,-85.68,-88.00,0.534
TRACE 153925,-85.63,-88.00,0.536
TRACE 155690,-85.58,-88.00,0.539
TRACE 157444,-85.52,-88.00,0.541
TRACE 159209,-85.47,-87.50,0.496
TRACE 160984,-85.41,-87.00,0.451
TRACE 162756,-85.35,-87.00,0.453
TRACE 164520,-85.29,-87.00,0.456
TRACE 166298,-85.23,-87.00,0.458
TRACE 168056,-85.18,-86.00,-0.434
TRACE 169822,-85.12,-86.00,-0.432
TRACE 171606,-85.06,-86.00,0.403
TRACE 173380,-84.99,-86.00,0.438
TRACE 175142,-84.93,-86.00,0.440
TRACE 176919,-84.87,-85.50,-0.404
TRACE 178700,-84.81,-85.00,-0.449
TRACE 180490,-84.74,-85.00,0.418
TRACE 182271,-84.68,-85.00,0.421
TRACE 184043,-84.61,-85.00,0.424
TRACE 185790,-84.55,-85.00,0.426
TRACE 187557,-84.48,-85.00,0.429
TRACE 189316,-84.42,-85.00,0.463
TRACE 191104,-84.35,-85.00,0.498
TRACE 192866,-84.28,-84.50,0.454
TRACE 194625,-84.21,-84.00,0.409
TRACE 196408,-84.14,-84.00,0.412
TRACE 198198,-84.07,-84.00,0.415
TRACE 199962,-84.00,-84.00,0.417
TRACE 201729,-83.93,-83.00,-0.474
TRACE 203520,-83.86,-83.00,-0.471
TRACE 213952,-83.42,-83.00,0.417
TRACE 215746,-83.35,-84.00,0.507
TRACE 217519,-83.27,-84.00,0.510
TRACE 219293,-83.19,-84.00,0.513
TRACE 221085,-83.11,-84.00,0.516
TRACE 222883,-83.03,-84.00,0.557
TRACE 224645,-82.95,-83.50,0.526
TRACE 226424,-82.87,-83.00,0.495
TRACE 228197,-82.79,-83.00,0.434
TRACE 229972,-82.71,-83.00,0.437
TRACE 231745,-82.63,-83.00,0.440
TRACE 233528,-82.55,-82.00,-0.451
TRACE 235293,-82.46,-82.00,-0.448
TRACE 237089,-82.38,-82.00,-0.412
TRACE 238871,-82.29,-81.50,-0.424
TRACE 240656,-82.21,-81.00,-0.468
TRACE 242451,-82.12,-81.00,-0.465
TRACE 244253,-82.03,-81.50,-0.414
TRACE 246052,-81.95,-82.00,0.500
TRACE 247844,-81.86,-82.00,0.504
TRACE 249607,-81.77,-82.00,0.507
TRACE 251385,-81.68,-82.00,0.542
TRACE 253152,-81.59,-82.00,0.577
TRACE 254978,-81.50,-82.00,0.581
TRACE 256762,-81.41,-81.50,0.505
TRACE 258556,-81.31,-81.00,0.430
TRACE 260349,-81.22,-81.00,0.433
TRACE 262114,-81.13,-81.00,0.437
TRACE 263936,-81.03,-81.00,0.440
TRACE 265719,-80.94,-80.50,-0.403
TRACE 267548,-80.84,-80.00,-0.446
TRACE 269349,-80.75,-80.00,-0.411
TRACE 271114,-80.65,-80.00,0.424
TRACE 272899,-80.55,-79.50,-0.419
TRACE 274682,-80.45,-79.50,-0.415
TRACE 276457,-80.36,-80.00,0.435
TRACE 278246,-80.26,-80.00,0.470
TRACE 280013,-80.16,-80.00,0.506
TRACE 281789,-80.06,-80.00,0.510
TRACE 283554,-79.96,-80.00,0.513
TRACE 285307,-79.86,-80.00,0.549
TRACE 287057,-79.76,-80.00,0.553
TRACE 288818,-79.66,-80.00,0.524
TRACE 290582,-79.56,-80.00,0.528
TRACE 292337,-79.45,-80.00,0.532
TRACE 294096,-79.35,-79.00,0.440
TRACE 295866,-79.25,-79.00,0.444
TRACE 297620,-79.14,-79.00,0.448
TRACE 299400,-79.04,-79.00,0.452
TRACE 301178,-78.93,-79.00,0.445
TRACE 302985,-78.82,-79.00,0.449
TRACE 304797,-78.71,-78.00,-0.442
TRACE 306624,-78.60,-78.00,0.426
TRACE 308431,-78.49,-78.00,0.430
TRACE 310242,-78.39,-78.00,0.433
TRACE 312061,-78.28,-77.00,-0.457
TRACE 313876,-78.17,-77.00,-0.453
TRACE 315708,-78.06,-77.00,-0.449
TRACE 317528,-77.95,-77.00,0.417
TRACE 319339,-77.84,-77.00,0.420
TRACE 321143,-77.73,-77.00,0.423
TRACE 322950,-77.62,-77.00,0.426
TRACE 324764,-77.51,-77.00,0.493
TRACE 326571,-77.41,-77.00,0.496
TRACE 328354,-77.30,-76.00,0.406
TRACE 330156,-77.19,-76.00,0.409
TRACE 331986,-77.08,-76.00,0.412
TRACE 333796,-76.97,-76.00,0.416
TRACE 335617,-76.86,-76.00,0.419
TRACE 337437,-76.75,-76.00,0.422
TRACE 339266,-76.64,-75.00,-0.467
TRACE 341090,-76.53,-75.00,-0.401
TRACE 342912,-76.43,-75.00,0.403
TRACE 344703,-76.32,-75.00,0.406
TRACE 346505,-76.21,-75.00,0.409
TRACE 348308,-76.10,-75.00,0.412
TRACE 350106,-75.99,-75.00,0.415
TRACE 351919,-75.88,-74.50,0.435
TRACE 353726,-75.78,-74.00,-0.409
TRACE 355566,-75.67,-74.00,-0.405
TRACE 357377,-75.56,-74.00,-0.402
TRACE 359195,-75.45,-74.00,0.402
TRACE 361032,-75.34,-74.00,0.405
TRACE 362835,-75.23,-74.00,0.408
TRACE 364629,-75.12,-74.00,0.443
TRACE 366441,-75.01,-74.00,0.478
TRACE 368256,-74.90,-74.00,0.481
TRACE 370088,-74.79,-73.50,0.438
TRACE 371903,-74.69,-73.00,-0.406
TRACE 373721,-74.58,-73.00,-0.402
TRACE 375532,-74.47,-73.00,0.401
TRACE 377339,-74.36,-73.00,0.404
TRACE 379154,-74.25,-73.00,0.408
TRACE 380959,-74.14,-73.00,0.411
TRACE 382785,-74.03,-73.00,0.446
TRACE 384588,-73.92,-73.00,0.480
TRACE 386387,-73.82,-73.00,0.483
TRACE 388176,-73.71,-73.00,0.487
TRACE 389994,-73.60,-72.50,0.443
TRACE 391782,-73.49,-72.00,-0.400
TRACE 393605,-73.38,-72.00,0.403
TRACE 395407,-73.28,-72.00,0.406
TRACE 397235,-73.17,-72.00,0.410
TRACE 399041,-73.06,-71.50,-0.434
TRACE 400860,-72.95,-71.00,-0.477
TRACE 402684,-72.84,-71.00,-0.442
TRACE 404503,-72.73,-71.00,-0.407
TRACE 406321,-72.62,-71.00,-0.404
TRACE 408150,-72.51,-71.00,-0.400
TRACE 409981,-72.40,-72.00,0.496
TRACE 420494,-71.77,-73.00,0.601
TRACE 422325,-71.66,-73.00,0.623
TRACE 424137,-71.55,-73.50,0.660
TRACE 425953,-71.44,-74.00,0.697
TRACE 427780,-71.33,-74.00,0.700
TRACE 429607,-71.22,-73.00,0.636
TRACE 431436,-71.11,-73.00,0.602
TRACE 433255,-71.00,-73.00,0.568
TRACE 435078,-70.90,-73.00,0.571
TRACE 436913,-70.79,-73.00,0.543
TRACE 438719,-70.68,-72.00,0.422
TRACE 440522,-70.57,-72.00,0.425
TRACE 442368,-70.46,-71.00,-0.401
TRACE 444198,-70.35,-71.00,0.402
TRACE 446003,-70.24,-71.00,0.405
TRACE 447812,-70.13,-71.00,0.408
TRACE 449620,-70.02,-70.00,-0.482
TRACE 451466,-69.91,-70.00,-0.415
TRACE 453283,-69.80,-70.00,-0.411
TRACE 455103,-69.69,-69.00,-0.438
TRACE 456953,-69.58,-69.00,-0.435
TRACE 458771,-69.47,-69.50,0.415
TRACE 460630,-69.36,-70.00,0.465
TRACE 462438,-69.25,-70.00,0.530
TRACE 464281,-69.14,-70.00,0.534
TRACE 466097,-69.03,-70.00,0.537
TRACE 467900,-68.93,-70.00,0.603
TRACE 469704,-68.82,-70.00,0.606
TRACE 471516,-68.71,-70.00,0.578
TRACE 473384,-68.60,-70.00,0.550
TRACE 475188,-68.49,-69.50,0.507
TRACE 476991,-68.38,-69.00,0.464
TRACE 478798,-68.27,-69.00,0.467
TRACE 480588,-68.16,-69.00,0.470
TRACE 482386,-68.06,-69.00,0.473
TRACE 484183,-67.95,-68.00,-0.417
TRACE 485986,-67.84,-68.00,-0.414
TRACE 487788,-67.73,-68.00,0.421
TRACE 489586,-67.62,-68.00,0.456
TRACE 491376,-67.52,-67.50,0.412
TRACE 493190,-67.41,-67.00,-0.431
TRACE 495011,-67.30,-67.00,-0.428
TRACE 496826,-67.19,-67.00,0.439
TRACE 498632,-67.08,-67.00,0.442
TRACE 500432,-66.97,-67.00,0.446
TRACE 502216,-66.87,-67.00,0.449
TRACE 504031,-66.76,-67.00,0.484
TRACE 505815,-66.65,-66.00,0.425
TRACE 507621,-66.54,-66.00,0.428
TRACE 509424,-66.43,-66.00,0.431
TRACE 511226,-66.33,-66.00,0.435
TRACE 513045,-66.22,-66.00,0.438
TRACE 514852,-66.11,-66.00,0.441
TRACE 516667,-66.00,-66.00,0.445
TRACE 518462,-65.89,-65.00,0.418
TRACE 520282,-65.78,-65.00,0.421
TRACE 522103,-65.67,-65.00,0.425
TRACE 523903,-65.57,-65.00,0.428
TRACE 525710,-65.46,-64.00,-0.462
TRACE 527531,-65.35,-64.00,-0.459
TRACE 529354,-65.24,-64.00,-0.455
TRACE 531168,-65.13,-64.00,0.411
TRACE 532979,-65.02,-64.00,0.414
TRACE 534782,-64.91,-64.00,0.418
TRACE 536576,-64.81,-64.00,0.421
TRACE 538405,-64.70,-63.00,-0.406
TRACE 540222,-64.59,-63.00,-0.403
TRACE 542035,-64.48,-63.00,0.401
TRACE 543830,-64.37,-63.00,0.404
TRACE 545643,-64.26,-63.00,0.407
TRACE 547439,-64.15,-63.00,0.410
TRACE 549222,-64.05,-63.00,0.413
TRACE 551045,-63.94,-63.00,0.480
TRACE 552826,-63.83,-63.00,0.483
TRACE 554633,-63.72,-63.00,0.486
TRACE 556456,-63.61,-63.00,0.490
TRACE 558274,-63.50,-63.00,0.493
TRACE 560057,-63.40,-63.00,0.496
TRACE 561859,-63.29,-63.00,0.499
TRACE 563664,-63.18,-63.00,0.503
TRACE 565482,-63.07,-63.00,0.506
TRACE 567282,-62.96,-63.00,0.509
TRACE 569108,-62.85,-63.00,0.512
TRACE 570903,-62.75,-63.00,0.516
TRACE 572702,-62.64,-63.00,0.519
TRACE 574533,-62.53,-62.50,0.476
TRACE 576342,-62.42,-62.00,0.432
TRACE 578139,-62.31,-62.00,0.435
TRACE 579958,-62.20,-62.00,0.439
TRACE 581774,-62.09,-61.00,-0.451
TRACE 583601,-61.98,-61.00,-0.448
TRACE 585416,-61.88,-61.00,-0.444
TRACE 587243,-61.77,-61.00,-0.409
TRACE 589065,-61.66,-61.00,0.425
TRACE 590875,-61.55,-61.00,0.429
TRACE 592691,-61.44,-61.00,0.432
TRACE 594516,-61.33,-61.00,0.498
TRACE 596332,-61.22,-61.00,0.501
TRACE 598133,-61.11,-61.00,0.505
TRACE 599946,-61.00,-61.00,0.508
TRACE 601740,-60.90,-61.00,0.511
TRACE 603561,-60.79,-61.00,0.514
TRACE 605375,-60.68,-61.00,0.518
TRACE 607168,-60.57,-61.00,0.521
TRACE 608978,-60.46,-61.00,0.524
TRACE 610783,-60.35,-61.00,0.527
TRACE 612587,-60.24,-60.00,0.437
TRACE 614405,-60.14,-60.00,0.441
TRACE 624863,-59.51,-58.00,-0.450
TRACE 626722,-59.40,-58.00,-0.446
TRACE 628544,-59.29,-57.00,-0.510
TRACE 630374,-59.18,-57.00,-0.507
TRACE 632214,-59.07,-57.00,-0.503
TRACE 634038,-58.96,-57.00,-0.463
TRACE 635866,-58.85,-57.00,-0.459
TRACE 637710,-58.74,-57.00,-0.406
TRACE 639549,-58.63,-57.00,-0.403
TRACE 641374,-58.52,-57.00,0.462
TRACE 643194,-58.41,-57.00,0.466
TRACE 645002,-58.30,-57.00,0.469
TRACE 646830,-58.19,-57.00,0.472
TRACE 648637,-58.08,-57.00,0.476
TRACE 650455,-57.97,-57.00,0.479
TRACE 652265,-57.86,-56.50,0.436
TRACE 654080,-57.76,-56.00,-0.408
TRACE 655923,-57.64,-56.00,-0.404
TRACE 657742,-57.54,-56.00,-0.401
TRACE 659587,-57.42,-56.00,0.403
TRACE 661410,-57.32,-56.00,0.406
TRACE 663234,-57.21,-56.00,0.409
TRACE 665041,-57.10,-56.00,0.444
TRACE 666852,-56.99,-56.00,0.478
TRACE 668710,-56.88,-55.00,-0.411
TRACE 670549,-56.77,-55.00,-0.407
TRACE 672402,-56.66,-55.00,-0.404
TRACE 674211,-56.55,-55.00,-0.401
TRACE 676027,-56.44,-55.00,0.402
TRACE 677854,-56.33,-55.00,0.406
TRACE 679684,-56.22,-55.00,0.409
TRACE 681469,-56.11,-55.00,0.475
TRACE 683277,-56.00,-55.00,0.478
TRACE 685082,-55.90,-55.00,0.481
TRACE 686909,-55.79,-55.00,0.484
TRACE 688702,-55.68,-55.00,0.488
TRACE 690498,-55.57,-55.00,0.491
TRACE 692327,-55.46,-55.00,0.494
TRACE 694125,-55.35,-55.00,0.497
TRACE 695930,-55.24,-55.00,0.501
TRACE 697730,-55.14,-54.50,0.457
TRACE 699545,-55.03,-54.00,0.414
TRACE 701333,-54.92,-54.00,0.417
TRACE 703124,-54.81,-54.00,0.420
TRACE 704939,-54.70,-54.00,0.423
TRACE 706748,-54.60,-54.00,0.427
TRACE 708555,-54.49,-53.00,-0.463
TRACE 710395,-54.38,-53.00,-0.428
TRACE 712219,-54.27,-53.00,0.407
TRACE 714026,-54.16,-53.00,0.410
TRACE 715849,-54.05,-53.00,0.414
TRACE 717666,-53.94,-53.00,0.417
TRACE 719466,-53.83,-53.00,0.420
TRACE 721252,-53.72,-53.00,0.486
TRACE 723054,-53.62,-53.00,0.489
TRACE 724859,-53.51,-53.00,0.493
TRACE 726665,-53.40,-52.50,0.449
TRACE 728479,-53.29,-52.00,0.406
TRACE 730278,-53.18,-52.00,0.409
TRACE 732080,-53.08,-52.00,0.412
TRACE 733873,-52.97,-51.00,-0.478
TRACE 735707,-52.86,-51.00,-0.474
TRACE 737521,-52.75,-51.00,-0.471
TRACE 739324,-52.64,-51.00,-0.436
TRACE 741138,-52.53,-51.00,-0.401
TRACE 742940,-52.42,-51.00,0.402
TRACE 744744,-52.32,-51.00,0.405
TRACE 746546,-52.21,-51.50,0.518
TRACE 748364,-52.10,-52.00,0.568
TRACE 750152,-51.99,-52.00,0.572
TRACE 751964,-51.88,-52.00,0.575
TRACE 753783,-51.77,-52.00,0.578
TRACE 755592,-51.66,-51.00,0.488
TRACE 757427,-51.55,-51.00,0.491
TRACE 759233,-51.45,-51.00,0.463
TRACE 761040,-51.34,-51.00,0.435
TRACE 762862,-51.23,-51.00,0.438
TRACE 764687,-51.12,-51.00,0.442
TRACE 766510,-51.01,-50.00,-0.448
TRACE 768325,-50.90,-50.00,0.418
TRACE 770132,-50.79,-50.00,0.421
TRACE 771950,-50.68,-49.50,-0.422
TRACE 773767,-50.57,-49.00,-0.465
TRACE 775563,-50.47,-49.00,-0.462
TRACE 777391,-50.36,-49.00,-0.459
TRACE 779210,-50.25,-49.00,0.408
TRACE 781032,-50.14,-49.00,0.411
TRACE 782840,-50.03,-49.00,0.414
TRACE 784650,-49.92,-49.50,0.495
TRACE 786463,-49.81,-49.50,0.530
TRACE 788278,-49.70,-49.50,0.533
TRACE 790070,-49.60,-49.00,0.490
TRACE 791888,-49.49,-49.00,0.493
TRACE 793713,-49.38,-49.00,0.497
TRACE 795529,-49.27,-49.00,0.500
TRACE 797334,-49.16,-49.00,0.472
TRACE 799147,-49.05,-49.00,0.475
TRACE 800968,-48.94,-49.00,0.478
TRACE 802785,-48.83,-48.00,0.420
TRACE 804580,-48.73,-48.00,0.423
TRACE 806374,-48.62,-48.00,0.426
TRACE 808171,-48.51,-47.00,-0.464
TRACE 809982,-48.40,-47.00,-0.461
TRACE 811806,-48.29,-47.00,-0.457
TRACE 813655,-48.18,-47.00,-0.454
TRACE 815482,-48.07,-46.50,-0.434
TRACE 817318,-47.96,-46.50,-0.430
TRACE 827763,-47.33,-47.00,0.461
TRACE 829596,-47.22,-47.00,0.501
TRACE 831412,-47.12,-47.50,0.538
TRACE 833231,-47.01,-47.50,0.541
TRACE 835045,-46.90,-47.50,0.545
TRACE 836867,-46.79,-47.00,0.533
TRACE 838678,-46.68,-47.00,0.536
TRACE 840513,-46.57,-47.00,0.521
TRACE 842330,-46.46,-47.00,0.524
TRACE 844148,-46.35,-46.00,0.403
TRACE 845943,-46.24,-46.00,0.406
TRACE 847771,-46.13,-45.50,-0.437
TRACE 849611,-46.02,-45.00,-0.448
TRACE 851449,-45.91,-45.00,-0.445
TRACE 853271,-45.80,-45.00,-0.442
TRACE 855078,-45.70,-45.00,-0.438
TRACE 856916,-45.59,-45.00,0.428
TRACE 858737,-45.48,-45.00,0.431
TRACE 860556,-45.37,-45.00,0.466
TRACE 862351,-45.26,-45.00,0.500
TRACE 864234,-45.15,-45.00,0.504
TRACE 866042,-45.04,-45.00,0.507
TRACE 867879,-44.93,-45.00,0.510
TRACE 869694,-44.82,-45.00,0.513
TRACE 871499,-44.71,-45.00,0.517
TRACE 873316,-44.60,-45.00,0.520
TRACE 875116,-44.49,-45.00,0.523
TRACE 876971,-44.38,-45.00,0.527
TRACE 878782,-44.27,-44.50,0.483
TRACE 880600,-44.16,-44.00,0.440
TRACE 882402,-44.06,-44.00,0.443
TRACE 884204,-43.95,-44.00,0.447
TRACE 886018,-43.84,-44.00,0.450
TRACE 887826,-43.73,-43.00,-0.440
TRACE 889645,-43.62,-43.00,-0.437
TRACE 891482,-43.51,-43.00,-0.402
TRACE 893301,-43.40,-43.00,0.433
TRACE 895122,-43.29,-43.00,0.436
TRACE 896928,-43.18,-43.00,0.440
TRACE 898738,-43.08,-43.00,0.443
TRACE 900540,-42.97,-43.00,0.509
TRACE 902348,-42.86,-43.00,0.512
TRACE 904136,-42.75,-43.00,0.515
TRACE 905927,-42.64,-43.00,0.519
TRACE 907746,-42.54,-43.00,0.522
TRACE 909548,-42.43,-42.00,0.432
TRACE 911346,-42.32,-42.00,0.435
TRACE 913138,-42.21,-42.00,0.438
TRACE 914956,-42.10,-42.00,0.441
TRACE 916749,-42.00,-41.00,-0.449
TRACE 918557,-41.89,-41.00,-0.445
TRACE 920365,-41.78,-41.00,-0.442
TRACE 922169,-41.67,-41.00,0.425
TRACE 923978,-41.56,-41.00,0.428
TRACE 925782,-41.45,-41.00,0.431
TRACE 927590,-41.34,-41.00,0.434
TRACE 929395,-41.24,-41.00,0.501
TRACE 931201,-41.13,-40.00,0.411
TRACE 933011,-41.02,-40.00,0.414
TRACE 934818,-40.91,-40.00,0.417
TRACE 936617,-40.80,-39.00,-0.473
TRACE 938447,-40.69,-39.00,-0.469
TRACE 940263,-40.58,-39.00,-0.466
TRACE 942075,-40.48,-39.00,-0.462
TRACE 943896,-40.37,-39.00,0.404
TRACE 945720,-40.26,-39.00,0.407
TRACE 947543,-40.15,-39.00,0.411
TRACE 949364,-40.04,-39.00,0.477
TRACE 951182,-39.93,-39.00,0.480
TRACE 952980,-39.82,-39.00,0.483
TRACE 954798,-39.71,-39.00,0.487
TRACE 956610,-39.60,-38.50,0.443
TRACE 958424,-39.49,-38.00,0.400
TRACE 960228,-39.39,-38.00,0.403
TRACE 962023,-39.28,-38.00,0.406
TRACE 963827,-39.17,-37.00,-0.484
TRACE 965640,-39.06,-37.00,-0.480
TRACE 967455,-38.95,-37.00,-0.477
TRACE 969303,-38.84,-37.00,-0.442
TRACE 971119,-38.73,-36.50,-0.454
TRACE 972935,-38.62,-36.50,-0.450
TRACE 974745,-38.52,-37.00,-0.400
TRACE 976553,-38.41,-37.00,0.466
TRACE 978360,-38.30,-37.00,0.469
TRACE 980174,-38.19,-37.00,0.472
TRACE 982000,-38.08,-37.00,0.476
TRACE 983797,-37.97,-37.00,0.510
TRACE 985627,-37.86,-37.00,0.514
TRACE 987425,-37.75,-37.00,0.485
TRACE 989212,-37.65,-36.50,0.442
TRACE 991018,-37.54,-36.00,-0.401
TRACE 992859,-37.43,-36.00,0.402
TRACE 994662,-37.32,-36.00,0.405
TRACE 996460,-37.21,-36.00,0.408
TRACE 998288,-37.10,-36.00,0.412
TRACE 1000095,-36.99,-35.00,-0.478
TRACE 1001929,-36.88,-35.00,-0.443
TRACE 1003761,-36.77,-35.00,-0.408
TRACE 1005593,-36.66,-35.00,-0.405
TRACE 1007419,-36.55,-35.00,-0.401
TRACE 1009252,-36.44,-35.00,0.402
TRACE 1011068,-36.34,-35.00,0.405
TRACE 1012877,-36.23,-35.00,0.471
TRACE 1014682,-36.12,-35.00,0.474
TRACE 1016485,-36.01,-35.00,0.478
TRACE 1018282,-35.90,-35.00,0.481
TRACE 1020104,-35.79,-35.00,0.484
TRACE 1021931,-35.68,-35.00,0.487
TRACE 1032433,-35.05,-34.00,0.439
TRACE 1034259,-34.94,-34.00,0.442
TRACE 1036084,-34.83,-33.00,-0.422
TRACE 1037910,-34.73,-33.00,-0.418
TRACE 1039746,-34.62,-33.00,-0.415
TRACE 1041559,-34.51,-33.00,-0.412
TRACE 1043396,-34.40,-33.00,-0.408
TRACE 1045233,-34.29,-33.00,0.407
TRACE 1047067,-34.18,-33.00,0.410
TRACE 1048874,-34.07,-33.00,0.476
TRACE 1050683,-33.96,-33.00,0.479
TRACE 1052475,-33.85,-33.00,0.482
TRACE 1054288,-33.74,-33.00,0.486
TRACE 1056101,-33.63,-33.00,0.489
TRACE 1057891,-33.53,-33.00,0.492
TRACE 1059688,-33.42,-33.00,0.495
TRACE 1061528,-33.31,-33.00,0.499
TRACE 1063332,-33.20,-33.00,0.502
TRACE 1065139,-33.09,-33.00,0.505
TRACE 1066963,-32.98,-33.00,0.509
TRACE 1068778,-32.87,-33.00,0.512
TRACE 1070560,-32.77,-32.00,0.422
TRACE 1072402,-32.66,-32.00,0.425
TRACE 1074204,-32.55,-32.00,0.428
TRACE 1076058,-32.44,-31.00,-0.461
TRACE 1077874,-32.33,-31.00,-0.457
TRACE 1079724,-32.22,-31.00,-0.454
TRACE 1081552,-32.11,-31.00,-0.450
TRACE 1083397,-32.00,-31.00,0.416
TRACE 1085237,-31.89,-31.00,0.419
TRACE 1087025,-31.78,-31.00,0.422
TRACE 1088823,-31.67,-31.00,0.488
TRACE 1090642,-31.56,-31.00,0.491
TRACE 1092441,-31.45,-31.00,0.494
TRACE 1094236,-31.35,-31.00,0.498
TRACE 1096051,-31.24,-30.00,0.408
TRACE 1097849,-31.13,-30.00,0.411
TRACE 1099640,-31.02,-30.00,0.414
TRACE 1101460,-30.91,-29.00,-0.476
TRACE 1103289,-30.80,-29.00,-0.473
TRACE 1105103,-30.69,-29.00,-0.469
TRACE 1106895,-30.59,-29.00,-0.466
TRACE 1108715,-30.48,-29.00,0.401
TRACE 1110521,-30.37,-29.00,0.404
TRACE 1112343,-30.26,-29.00,0.407
TRACE 1114146,-30.15,-29.00,0.473
TRACE 1115978,-30.04,-29.00,0.477
TRACE 1117780,-29.93,-29.00,0.480
TRACE 1119605,-29.82,-28.00,-0.410
TRACE 1121436,-29.71,-28.00,-0.406
TRACE 1123258,-29.60,-28.00,-0.403
TRACE 1125088,-29.49,-28.00,0.400
TRACE 1126909,-29.39,-28.00,0.404
TRACE 1128714,-29.28,-28.00,0.407
TRACE 1130527,-29.17,-28.00,0.410
TRACE 1132339,-29.06,-28.00,0.476
TRACE 1134158,-28.95,-28.00,0.479
TRACE 1135954,-28.84,-28.00,0.483
TRACE 1137773,-28.73,-28.00,0.486
TRACE 1139593,-28.62,-28.00,0.489
TRACE 1141418,-28.51,-28.00,0.493
TRACE 1143231,-28.41,-28.00,0.496
TRACE 1145050,-28.30,-28.00,0.499
TRACE 1146840,-28.19,-27.00,0.409
TRACE 1148638,-28.08,-27.00,0.412
TRACE 1150459,-27.97,-27.00,0.416
TRACE 1152269,-27.86,-27.00,0.419
TRACE 1154082,-27.76,-26.50,-0.424
TRACE 1155905,-27.65,-26.00,-0.468
TRACE 1157733,-27.54,-26.00,-0.464
TRACE 1159532,-27.43,-26.00,0.402
TRACE 1161343,-27.32,-26.00,0.405
TRACE 1163168,-27.21,-26.00,0.409
TRACE 1164958,-27.10,-26.00,0.412
TRACE 1166781,-26.99,-26.00,0.447
TRACE 1168590,-26.88,-26.00,0.481
TRACE 1170389,-26.78,-25.00,-0.409
TRACE 1172211,-26.67,-25.00,-0.405
TRACE 1174033,-26.56,-25.00,-0.402
TRACE 1175853,-26.45,-25.00,0.401
TRACE 1177689,-26.34,-25.00,0.405
TRACE 1179496,-26.23,-25.00,0.408
TRACE 1181312,-26.12,-25.00,0.411
TRACE 1183132,-26.01,-25.00,0.478
TRACE 1184923,-25.90,-25.00,0.481
TRACE 1186734,-25.80,-25.00,0.484
TRACE 1188546,-25.69,-25.00,0.487
TRACE 1190344,-25.58,-25.00,0.491
TRACE 1192178,-25.47,-25.00,0.494
TRACE 1193972,-25.36,-25.00,0.497
TRACE 1195785,-25.25,-25.00,0.500
TRACE 1197580,-25.15,-24.50,0.457
TRACE 1199408,-25.04,-24.50,0.460
TRACE 1201224,-24.93,-24.00,0.417
TRACE 1203024,-24.82,-24.00,0.420
TRACE 1204829,-24.71,-24.00,0.423
TRACE 1206634,-24.60,-24.00,0.427
TRACE 1208415,-24.50,-23.00,-0.464
TRACE 1210244,-24.39,-23.00,-0.428
TRACE 1212073,-24.28,-23.00,-0.425
TRACE 1213886,-24.17,-23.00,0.410
TRACE 1215690,-24.06,-23.00,0.413
TRACE 1217498,-23.95,-23.00,0.416
TRACE 1219302,-23.84,-23.00,0.420
TRACE 1221090,-23.73,-23.00,0.486
TRACE 1222882,-23.63,-23.00,0.489
TRACE 1224693,-23.52,-23.00,0.492
TRACE 1235105,-22.89,-22.00,0.443
TRACE 1236935,-22.78,-21.00,-0.421
TRACE 1238760,-22.67,-21.00,-0.417
TRACE 1240585,-22.56,-21.00,-0.414
TRACE 1242420,-22.45,-21.00,-0.411
TRACE 1244257,-22.34,-21.00,-0.407
TRACE 1246096,-22.23,-21.00,-0.404
TRACE 1247943,-22.12,-21.00,0.412
TRACE 1249779,-22.01,-21.00,0.478
TRACE 1251607,-21.90,-21.00,0.481
TRACE 1253416,-21.80,-21.50,0.530
TRACE 1255227,-21.69,-22.00,0.580
TRACE 1257069,-21.58,-22.00,0.583
TRACE 1258877,-21.47,-22.00,0.587
TRACE 1260672,-21.36,-21.50,0.544
TRACE 1262494,-21.25,-21.00,0.500
TRACE 1264291,-21.14,-21.00,0.504
TRACE 1266077,-21.04,-21.00,0.475
TRACE 1267880,-20.93,-21.00,0.447
TRACE 1269689,-20.82,-21.00,0.450
TRACE 1271553,-20.71,-20.00,-0.439
TRACE 1273364,-20.60,-20.00,-0.404
TRACE 1275211,-20.49,-20.00,0.430
TRACE 1277025,-20.38,-20.00,0.434
TRACE 1278848,-20.27,-19.50,-0.409
TRACE 1280674,-20.16,-19.00,-0.452
TRACE 1282481,-20.05,-19.00,-0.449
TRACE 1284327,-19.94,-19.00,0.417
TRACE 1286129,-19.83,-19.00,0.420
TRACE 1288004,-19.72,-19.00,0.424
TRACE 1289811,-19.61,-19.50,0.473
TRACE 1291618,-19.50,-19.50,0.508
TRACE 1293434,-19.39,-19.50,0.543
TRACE 1295246,-19.29,-19.00,0.499
TRACE 1297063,-19.18,-19.00,0.503
TRACE 1298867,-19.07,-19.00,0.506
TRACE 1300665,-18.96,-19.00,0.509
TRACE 1302459,-18.85,-19.00,0.481
TRACE 1304256,-18.74,-19.00,0.484
TRACE 1306041,-18.64,-18.50,0.440
TRACE 1307848,-18.53,-18.00,0.429
TRACE 1309662,-18.42,-18.00,0.432
TRACE 1311476,-18.31,-18.00,0.435
TRACE 1313295,-18.20,-17.00,-0.455
TRACE 1315116,-18.09,-17.00,-0.451
TRACE 1316936,-17.98,-17.00,-0.448
TRACE 1318769,-17.87,-16.50,-0.459
TRACE 1320592,-17.76,-16.00,-0.470
TRACE 1322424,-17.65,-16.00,-0.467
TRACE 1324239,-17.55,-16.50,-0.417
TRACE 1326049,-17.44,-17.00,0.495
TRACE 1327850,-17.33,-17.00,0.498
TRACE 1329664,-17.22,-17.00,0.501
TRACE 1331467,-17.11,-17.00,0.536
TRACE 1333279,-17.00,-17.00,0.571
TRACE 1335078,-16.90,-17.00,0.574
TRACE 1336886,-16.79,-17.00,0.546
TRACE 1338682,-16.68,-16.50,0.471
TRACE 1340481,-16.57,-16.00,0.428
TRACE 1342307,-16.46,-16.00,0.431
TRACE 1344101,-16.35,-16.00,0.434
TRACE 1345909,-16.25,-15.00,-0.456
TRACE 1347733,-16.14,-15.00,-0.453
TRACE 1349535,-16.03,-15.00,-0.449
TRACE 1351348,-15.92,-15.00,-0.414
TRACE 1353181,-15.81,-15.00,0.421
TRACE 1354985,-15.70,-15.00,0.424
TRACE 1356794,-15.59,-15.00,0.427
TRACE 1358603,-15.48,-15.00,0.493
TRACE 1360412,-15.38,-15.00,0.497
TRACE 1362212,-15.27,-15.00,0.500
TRACE 1364008,-15.16,-15.00,0.503
TRACE 1365826,-15.05,-15.00,0.506
TRACE 1367642,-14.94,-15.00,0.510
TRACE 1369437,-14.83,-14.50,0.466
TRACE 1371229,-14.73,-14.00,0.423
TRACE 1373038,-14.62,-14.00,0.426
TRACE 1374851,-14.51,-14.00,0.429
TRACE 1376649,-14.40,-14.00,0.433
TRACE 1378469,-14.29,-13.00,-0.457
TRACE 1380292,-14.18,-13.00,-0.454
TRACE 1382105,-14.07,-13.00,-0.419
TRACE 1383927,-13.96,-13.00,0.416
TRACE 1385742,-13.86,-13.00,0.419
TRACE 1387530,-13.75,-13.00,0.422
TRACE 1389349,-13.64,-13.00,0.426
TRACE 1391166,-13.53,-13.00,0.492
TRACE 1392976,-13.42,-13.00,0.495
TRACE 1394790,-13.31,-13.00,0.499
TRACE 1396597,-13.20,-13.00,0.502
TRACE 1398387,-13.10,-13.00,0.505
TRACE 1400188,-12.99,-13.00,0.508
TRACE 1401998,-12.88,-13.00,0.512
TRACE 1403809,-12.77,-12.50,0.468
TRACE 1405609,-12.66,-12.00,0.425
TRACE 1407429,-12.55,-12.00,0.428
TRACE 1409221,-12.45,-12.00,0.431
TRACE 1411011,-12.34,-11.00,-0.459
TRACE 1412829,-12.23,-11.00,-0.455
TRACE 1414647,-12.12,-11.00,-0.452
TRACE 1416452,-12.01,-11.00,-0.417
TRACE 1418262,-11.90,-11.00,0.418
TRACE 1420087,-11.79,-11.00,0.421
TRACE 1421886,-11.69,-11.00,0.424
TRACE 1423682,-11.58,-11.00,0.491
TRACE 1425500,-11.47,-11.00,0.494
TRACE 1427313,-11.36,-10.50,0.451
TRACE 1429118,-11.25,-9.50,-0.439
TRACE 1439621,-10.62,-8.00,-0.483
TRACE 1441466,-10.51,-8.00,-0.480
TRACE 1443288,-10.40,-8.00,-0.476
TRACE 1445114,-10.29,-8.00,-0.473
TRACE 1446975,-10.18,-8.00,-0.469
TRACE 1448810,-10.07,-8.00,-0.447
TRACE 1450653,-9.96,-8.00,-0.407
TRACE 1452490,-9.85,-8.50,0.499
TRACE 1454313,-9.74,-9.00,0.548
TRACE 1456120,-9.63,-9.00,0.551
TRACE 1457926,-9.52,-9.00,0.555
TRACE 1459745,-9.42,-9.00,0.558
TRACE 1461558,-9.31,-9.00,0.562
TRACE 1463359,-9.20,-9.00,0.565
TRACE 1465170,-9.09,-8.00,0.444
TRACE 1466965,-8.98,-8.00,0.405
TRACE 1468847,-8.87,-8.00,0.408
TRACE 1470727,-8.76,-7.00,-0.481
TRACE 1472631,-8.65,-7.00,-0.478
TRACE 1474582,-8.53,-7.00,-0.474
TRACE 1476454,-8.42,-7.00,-0.470
TRACE 1478395,-8.31,-6.00,-0.497
TRACE 1480293,-8.20,-6.00,-0.493
TRACE 1482227,-8.09,-6.50,-0.445
TRACE 1484113,-7.98,-7.00,0.462
TRACE 1486025,-7.88,-7.00,0.465
TRACE 1487901,-7.77,-7.00,0.467
TRACE 1489826,-7.66,-7.00,0.470
TRACE 1491716,-7.56,-7.00,0.532
TRACE 1493589,-7.46,-7.00,0.535
TRACE 1495448,-7.36,-7.00,0.507
TRACE 1497316,-7.25,-6.50,0.434
TRACE 1499193,-7.15,-6.00,-0.409
TRACE 1501076,-7.05,-6.00,-0.407
TRACE 1502997,-6.95,-6.00,-0.404
TRACE 1504886,-6.85,-6.00,-0.402
TRACE 1506760,-6.76,-6.00,0.400
>>> 