arm_test.cmd_trace(arm, [])
TRACE t_us,ref_deg,pos_deg,duty
TRACE 979,-30.00,-30.00,0.470
TRACE 2949,-30.00,-30.00,0.471
TRACE 4804,-30.00,-30.00,0.472
TRACE 6602,-30.00,-30.00,0.473
TRACE 8381,-29.99,-30.00,0.473
TRACE 10180,-29.99,-30.00,0.474
TRACE 11985,-29.99,-30.00,0.475
TRACE 13804,-29.98,-29.50,-0.491
TRACE 15615,-29.98,-29.00,-0.537
TRACE 17410,-29.97,-29.00,-0.536
TRACE 19207,-29.96,-29.00,-0.535
TRACE 20981,-29.96,-30.00,0.479
TRACE 22733,-29.95,-30.00,0.480
TRACE 24491,-29.94,-30.00,0.481
TRACE 26287,-29.93,-30.00,0.514
TRACE 28055,-29.92,-30.00,0.547
TRACE 29807,-29.91,-30.00,0.548
TRACE 31578,-29.90,-30.00,0.549
TRACE 33357,-29.89,-30.00,0.485
TRACE 35135,-29.88,-30.00,0.486
TRACE 36905,-29.86,-29.50,-0.480
TRACE 38672,-29.85,-29.00,-0.526
TRACE 40487,-29.84,-29.00,-0.525
TRACE 42282,-29.82,-29.00,-0.524
TRACE 44077,-29.81,-29.00,-0.522
TRACE 45851,-29.79,-29.00,-0.521
TRACE 47625,-29.77,-30.00,0.494
TRACE 49398,-29.76,-30.00,0.527
TRACE 51176,-29.74,-30.00,0.560
TRACE 52947,-29.72,-30.00,0.562
TRACE 54707,-29.70,-30.50,0.610
TRACE 56498,-29.68,-30.00,0.564
TRACE 58248,-29.66,-30.00,0.566
TRACE 60015,-29.64,-30.00,0.502
TRACE 61808,-29.62,-30.00,0.504
TRACE 63594,-29.60,-29.00,-0.509
TRACE 65383,-29.57,-29.00,-0.508
TRACE 67162,-29.55,-29.00,-0.539
TRACE 68938,-29.52,-29.00,-0.505
TRACE 70701,-29.50,-29.00,-0.504
TRACE 72490,-29.47,-29.00,-0.502
TRACE 74270,-29.45,-29.00,-0.501
TRACE 76047,-29.42,-29.00,0.485
TRACE 77810,-29.39,-29.00,0.486
TRACE 79570,-29.37,-29.00,0.488
TRACE 81341,-29.34,-29.00,0.489
TRACE 83114,-29.31,-30.00,0.585
TRACE 84892,-29.28,-29.00,0.492
TRACE 86676,-29.25,-29.00,0.494
TRACE 88441,-29.22,-29.00,0.495
TRACE 90194,-29.19,-29.00,0.497
TRACE 91972,-29.15,-29.00,0.498
TRACE 93757,-29.12,-29.00,0.500
TRACE 95531,-29.09,-29.00,-0.483
TRACE 97310,-29.05,-28.00,-0.511
TRACE 99101,-29.02,-28.00,-0.509
TRACE 100877,-28.98,-28.00,-0.507
TRACE 102662,-28.95,-28.00,-0.506
TRACE 104446,-28.91,-28.00,-0.504
TRACE 106243,-28.87,-28.00,-0.502
TRACE 108043,-28.83,-28.50,0.467
TRACE 109814,-28.79,-29.00,0.580
TRACE 111575,-28.76,-29.00,0.582
TRACE 113337,-28.72,-29.00,0.584
TRACE 115107,-28.68,-29.00,0.585
TRACE 116860,-28.63,-29.00,0.587
TRACE 118631,-28.59,-29.00,0.590
TRACE 120411,-28.55,-28.00,0.465
TRACE 122169,-28.51,-28.00,-0.486
TRACE 123956,-28.46,-28.00,-0.484
TRACE 125727,-28.42,-27.00,-0.576
TRACE 127518,-28.37,-27.00,-0.574
TRACE 129395,-28.33,-27.00,-0.571
TRACE 131200,-28.28,-27.00,-0.568
TRACE 132986,-28.23,-27.00,-0.503
TRACE 134772,-28.18,-28.00,0.513
TRACE 136546,-28.14,-28.00,0.515
TRACE 138319,-28.09,-28.00,0.581
TRACE 140087,-28.04,-28.00,0.583
TRACE 141849,-27.99,-28.00,0.586
TRACE 143605,-27.94,-28.00,0.588
TRACE 145376,-27.89,-28.00,0.590
TRACE 147158,-27.83,-28.00,0.528
TRACE 148918,-27.78,-28.00,0.530
TRACE 150705,-27.73,-28.00,0.532
TRACE 152462,-27.68,-28.00,0.535
TRACE 154227,-27.62,-28.00,0.537
TRACE 155990,-27.57,-27.00,-0.475
TRACE 157776,-27.51,-27.00,-0.473
TRACE 159546,-27.45,-27.00,-0.471
TRACE 161371,-27.40,-27.00,-0.468
TRACE 163151,-27.34,-27.00,-0.466
TRACE 164925,-27.28,-27.00,-0.463
TRACE 166710,-27.22,-27.00,-0.461
TRACE 168490,-27.16,-27.00,0.526
TRACE 170257,-27.10,-27.00,0.528
TRACE 172044,-27.04,-27.00,0.531
TRACE 173810,-26.98,-27.00,0.533
TRACE 184834,-26.58,-26.00,0.482
TRACE 186656,-26.52,-26.00,0.485
TRACE 188416,-26.45,-25.00,-0.499
TRACE 190207,-26.38,-25.00,-0.497
TRACE 191992,-26.31,-25.00,-0.494
TRACE 193772,-26.25,-25.00,-0.491
TRACE 195567,-26.18,-25.00,-0.488
TRACE 197363,-26.10,-25.00,-0.476
TRACE 199164,-26.03,-25.00,-0.473
TRACE 200950,-25.96,-25.00,0.513
TRACE 202733,-25.89,-25.00,0.516
TRACE 204518,-25.82,-25.00,0.519
TRACE 206290,-25.74,-25.00,0.522
TRACE 208063,-25.67,-25.00,0.525
TRACE 209855,-25.60,-25.00,0.528
TRACE 211620,-25.52,-25.00,0.531
TRACE 213405,-25.45,-25.00,0.533
TRACE 215169,-25.37,-25.00,0.536
TRACE 216960,-25.29,-24.00,-0.475
TRACE 218775,-25.21,-24.00,-0.472
TRACE 220547,-25.14,-24.00,-0.469
TRACE 222345,-25.06,-23.00,-0.560
TRACE 224166,-24.97,-23.00,-0.556
TRACE 225954,-24.89,-23.00,-0.553
TRACE 227722,-24.81,-23.00,-0.550
TRACE 229499,-24.73,-23.00,-0.483
TRACE 231279,-24.65,-23.00,-0.480
TRACE 233069,-24.57,-24.00,0.537
TRACE 234831,-24.49,-24.00,0.604
TRACE 236607,-24.40,-24.00,0.607
TRACE 238374,-24.32,-24.00,0.611
TRACE 240142,-24.23,-24.00,0.614
TRACE 241899,-24.15,-23.00,0.523
TRACE 243677,-24.06,-23.00,0.526
TRACE 245500,-23.97,-23.00,0.465
TRACE 247268,-23.89,-23.00,0.468
TRACE 249032,-23.80,-22.50,-0.496
TRACE 250805,-23.71,-22.00,-0.540
TRACE 252599,-23.62,-22.00,-0.536
TRACE 254392,-23.53,-22.00,-0.468
TRACE 256179,-23.44,-21.00,-0.559
TRACE 257969,-23.35,-21.00,-0.556
TRACE 259748,-23.25,-21.50,-0.505
TRACE 261539,-23.16,-22.00,0.497
TRACE 263300,-23.07,-22.00,0.533
TRACE 265062,-22.97,-22.00,0.536
TRACE 266808,-22.88,-22.00,0.540
TRACE 268565,-22.79,-22.00,0.608
TRACE 270328,-22.69,-22.00,0.611
TRACE 272113,-22.60,-21.50,0.535
TRACE 273862,-22.50,-21.00,-0.461
TRACE 275637,-22.40,-21.00,0.462
TRACE 277396,-22.31,-21.00,0.466
TRACE 279190,-22.21,-21.00,0.470
TRACE 280938,-22.11,-21.00,0.473
TRACE 282700,-22.01,-20.00,-0.538
TRACE 284482,-21.91,-20.00,-0.502
TRACE 286257,-21.81,-20.00,-0.466
TRACE 288041,-21.70,-20.00,-0.462
TRACE 289825,-21.60,-20.00,0.462
TRACE 291601,-21.50,-20.00,0.466
TRACE 293359,-21.39,-20.00,0.469
TRACE 295141,-21.29,-20.00,0.538
TRACE 296906,-21.18,-20.00,0.541
TRACE 298671,-21.08,-20.00,0.545
TRACE 300468,-20.97,-20.00,0.539
TRACE 302295,-20.86,-20.00,0.542
TRACE 304118,-20.75,-20.00,0.545
TRACE 305914,-20.65,-19.50,0.502
TRACE 307716,-20.54,-19.00,-0.462
TRACE 309544,-20.43,-19.00,0.462
TRACE 311350,-20.32,-19.00,0.465
TRACE 313183,-20.21,-19.00,0.469
TRACE 314994,-20.10,-19.00,0.472
TRACE 316798,-19.99,-19.00,0.475
TRACE 318606,-19.88,-19.00,0.510
TRACE 320400,-19.78,-18.00,-0.468
TRACE 322220,-19.67,-18.00,-0.465
TRACE 324026,-19.56,-18.00,-0.462
TRACE 325843,-19.45,-18.00,0.461
TRACE 327636,-19.34,-18.00,0.464
TRACE 329462,-19.23,-18.00,0.468
TRACE 331252,-19.12,-18.00,0.471
TRACE 333072,-19.02,-18.00,0.538
TRACE 334886,-18.91,-18.00,0.541
TRACE 336688,-18.80,-18.00,0.544
TRACE 338508,-18.69,-17.00,-0.466
TRACE 340336,-18.58,-17.00,-0.462
TRACE 342233,-18.47,-17.00,0.461
TRACE 344031,-18.36,-17.00,0.465
TRACE 345852,-18.25,-17.00,0.468
TRACE 347646,-18.14,-17.00,0.471
TRACE 349450,-18.03,-16.50,-0.492
TRACE 351284,-17.92,-16.00,-0.472
TRACE 353101,-17.81,-16.00,-0.469
TRACE 354928,-17.70,-16.00,-0.466
TRACE 356765,-17.59,-16.00,-0.463
TRACE 367897,-16.93,-18.00,0.637
TRACE 369709,-16.82,-18.00,0.640
TRACE 371520,-16.71,-18.00,0.661
TRACE 373350,-16.60,-19.00,0.749
TRACE 375175,-16.49,-19.00,0.752
TRACE 376997,-16.38,-19.00,0.755
TRACE 378823,-16.27,-18.50,0.726
TRACE 380642,-16.16,-18.00,0.623
TRACE 382446,-16.05,-18.00,0.626
TRACE 384250,-15.94,-18.00,0.630
TRACE 386078,-15.84,-17.00,0.477
TRACE 387891,-15.73,-17.00,0.480
TRACE 389691,-15.62,-16.50,-0.483
TRACE 391513,-15.51,-16.00,-0.495
TRACE 393326,-15.40,-16.00,-0.460
TRACE 395129,-15.29,-15.00,-0.550
TRACE 396954,-15.18,-15.00,-0.546
TRACE 398787,-15.07,-15.00,-0.480
TRACE 400621,-14.96,-15.00,-0.477
TRACE 402442,-14.85,-15.00,0.478
TRACE 404399,-14.74,-15.00,0.514
TRACE 406203,-14.63,-15.00,0.517
TRACE 408017,-14.52,-15.00,0.582
TRACE 409818,-14.41,-15.00,0.586
TRACE 411632,-14.30,-15.00,0.589
TRACE 413435,-14.19,-15.00,0.592
TRACE 415267,-14.08,-14.50,0.549
TRACE 417087,-13.97,-14.00,0.506
TRACE 418881,-13.87,-14.00,0.509
TRACE 420690,-13.76,-14.00,0.512
TRACE 422498,-13.65,-13.00,-0.498
TRACE 424314,-13.54,-13.00,-0.494
TRACE 426132,-13.43,-13.00,-0.491
TRACE 427993,-13.32,-13.00,0.464
TRACE 429807,-13.21,-13.00,0.499
TRACE 431613,-13.10,-13.00,0.502
TRACE 433429,-12.99,-13.00,0.505
TRACE 435234,-12.89,-12.50,0.525
TRACE 437028,-12.78,-12.00,0.482
TRACE 438850,-12.67,-12.00,0.485
TRACE 440659,-12.56,-12.00,0.488
TRACE 442455,-12.45,-11.00,-0.522
TRACE 444276,-12.34,-11.00,-0.519
TRACE 446094,-12.23,-11.00,-0.515
TRACE 447909,-12.13,-11.00,-0.480
TRACE 449735,-12.02,-11.00,0.475
TRACE 451555,-11.91,-11.00,0.478
TRACE 453372,-11.80,-11.00,0.481
TRACE 455187,-11.69,-11.00,0.547
TRACE 456984,-11.58,-11.00,0.551
TRACE 458786,-11.47,-10.50,0.507
TRACE 460590,-11.36,-10.00,0.464
TRACE 462404,-11.26,-10.00,0.467
TRACE 464220,-11.15,-9.50,-0.496
TRACE 466034,-11.04,-9.00,-0.540
TRACE 467854,-10.93,-9.00,-0.536
TRACE 469684,-10.82,-9.00,-0.533
TRACE 471505,-10.71,-9.00,-0.498
TRACE 473327,-10.60,-9.00,-0.463
TRACE 475155,-10.49,-9.00,0.461
TRACE 476979,-10.38,-9.00,0.495
TRACE 478785,-10.27,-9.00,0.530
TRACE 480590,-10.16,-9.00,0.533
TRACE 482385,-10.06,-8.50,0.490
TRACE 484201,-9.95,-8.00,-0.473
TRACE 486029,-9.84,-8.00,-0.470
TRACE 487852,-9.73,-8.00,-0.467
TRACE 489670,-9.62,-8.00,-0.464
TRACE 491482,-9.51,-8.00,-0.460
TRACE 493342,-9.40,-8.00,0.463
TRACE 495150,-9.29,-8.00,0.498
TRACE 496961,-9.18,-8.50,0.579
TRACE 498762,-9.07,-9.00,0.629
TRACE 500573,-8.97,-9.00,0.622
TRACE 502433,-8.85,-9.00,0.624
TRACE 504298,-8.74,-8.00,0.534
TRACE 506174,-8.63,-8.00,0.537
TRACE 508050,-8.52,-8.00,0.539
TRACE 509935,-8.41,-8.00,0.511
TRACE 511829,-8.30,-7.00,-0.528
TRACE 513723,-8.20,-7.00,-0.524
TRACE 515596,-8.09,-7.00,-0.522
TRACE 517510,-7.98,-6.50,-0.504
TRACE 519417,-7.87,-6.50,-0.501
TRACE 521392,-7.76,-6.50,-0.498
TRACE 523293,-7.66,-7.00,0.470
TRACE 525162,-7.55,-7.00,0.532
TRACE 527026,-7.45,-7.00,0.535
TRACE 528886,-7.35,-7.00,0.537
TRACE 530760,-7.25,-7.00,0.570
TRACE 532634,-7.15,-7.00,0.572
TRACE 534506,-7.05,-7.00,0.575
TRACE 545667,-6.47,-5.00,-0.494
TRACE 547559,-6.37,-5.00,-0.492
TRACE 549456,-6.28,-4.00,-0.555
TRACE 551338,-6.18,-4.00,-0.553
TRACE 553254,-6.09,-4.00,-0.551
TRACE 555149,-6.00,-4.00,-0.548
TRACE 557061,-5.90,-4.00,-0.546
TRACE 558951,-5.81,-4.50,0.467
TRACE 560818,-5.72,-5.00,0.514
TRACE 562710,-5.63,-5.00,0.577
TRACE 564595,-5.54,-5.00,0.579
TRACE 566498,-5.45,-5.00,0.581
TRACE 568401,-5.36,-5.00,0.583
TRACE 570253,-5.28,-5.00,0.585
TRACE 572122,-5.19,-5.00,0.557
TRACE 574002,-5.11,-5.00,0.528
TRACE 575884,-5.02,-4.50,0.485
TRACE 577782,-4.94,-4.00,-0.479
TRACE 579724,-4.85,-4.00,-0.477
TRACE 581662,-4.77,-4.00,-0.475
TRACE 583532,-4.69,-3.50,-0.518
TRACE 585416,-4.60,-3.00,-0.561
TRACE 587290,-4.52,-3.00,-0.560
TRACE 589174,-4.44,-3.00,-0.528
TRACE 591067,-4.37,-3.50,0.469
TRACE 592940,-4.29,-4.00,0.516
TRACE 594818,-4.21,-4.00,0.518
TRACE 596689,-4.13,-4.00,0.550
TRACE 598566,-4.06,-3.00,0.491
TRACE 600415,-3.98,-3.00,0.492
TRACE 602311,-3.91,-3.00,0.494
TRACE 604187,-3.83,-3.00,0.465
TRACE 606043,-3.76,-3.00,-0.484
TRACE 607933,-3.69,-3.00,-0.483
TRACE 609844,-3.62,-2.00,-0.572
TRACE 611768,-3.54,-2.00,-0.509
TRACE 613681,-3.47,-2.00,-0.507
TRACE 615609,-3.40,-2.50,-0.461
TRACE 617498,-3.33,-3.00,0.506
TRACE 619370,-3.26,-3.00,0.507
TRACE 621234,-3.20,-3.00,0.508
TRACE 623107,-3.13,-3.00,0.570
TRACE 624979,-3.06,-3.00,0.572
TRACE 626858,-3.00,-3.00,0.573
TRACE 628712,-2.93,-3.00,0.544
TRACE 630583,-2.87,-3.00,0.515
TRACE 632447,-2.81,-3.00,0.516
TRACE 634294,-2.75,-3.00,0.517
TRACE 636172,-2.68,-3.00,0.518
TRACE 638048,-2.62,-3.00,0.520
TRACE 639924,-2.56,-3.00,0.521
TRACE 641783,-2.50,-2.50,0.476
TRACE 643664,-2.44,-2.00,-0.488
TRACE 645572,-2.38,-2.00,-0.487
TRACE 647495,-2.33,-1.50,-0.531
TRACE 649414,-2.27,-1.00,-0.115
TRACE 651270,-2.21,-1.00,-0.114
TRACE 653122,-2.16,-1.00,-0.113
TRACE 654984,-2.10,-1.00,-0.082
TRACE 656841,-2.05,-1.50,-0.465
TRACE 658804,-1.99,-2.00,0.501
TRACE 660746,-1.94,-2.00,0.532
TRACE 662661,-1.89,-2.00,0.563
TRACE 664581,-1.83,-2.00,0.564
TRACE 666479,-1.78,-2.00,0.564
TRACE 668365,-1.73,-1.50,0.520
TRACE 670287,-1.68,-1.00,-0.014
TRACE 672140,-1.63,-1.00,-0.043
TRACE 673985,-1.59,-1.00,-0.043
TRACE 675841,-1.54,-1.00,-0.042
TRACE 677686,-1.50,-1.00,-0.042
TRACE 679528,-1.45,-1.00,-0.041
TRACE 681386,-1.41,-1.00,-0.010
TRACE 683267,-1.36,-1.00,0.021
TRACE 685127,-1.32,-1.00,0.022
TRACE 686965,-1.28,-0.50,-0.023
TRACE 688823,-1.24,0.00,-0.069
TRACE 690639,-1.20,0.00,-0.068
TRACE 692589,-1.15,0.00,-0.067
TRACE 694398,-1.12,0.00,-0.067
TRACE 696232,-1.08,0.00,-0.067
TRACE 698044,-1.04,0.00,-0.066
TRACE 699877,-1.00,0.00,-0.035
TRACE 701732,-0.97,0.00,-0.004
TRACE 703568,-0.93,0.00,-0.003
TRACE 705418,-0.89,0.00,-0.003
TRACE 716551,-0.70,0.00,-0.001
TRACE 718384,-0.67,0.00,-0.001
TRACE 720230,-0.64,0.00,-0.000
TRACE 722076,-0.61,0.00,-0.000
TRACE 723940,-0.58,0.00,0.000
TRACE 725813,-0.55,0.00,0.000
TRACE 727658,-0.52,0.00,0.000
TRACE 729544,-0.50,0.00,0.000
TRACE 731393,-0.47,0.00,0.001
TRACE 733265,-0.45,0.00,0.001
TRACE 735107,-0.42,0.00,0.001
TRACE 736954,-0.40,0.00,0.001
TRACE 738834,-0.37,0.00,0.001
TRACE 740695,-0.35,0.00,0.001
TRACE 742531,-0.33,0.00,0.001
TRACE 744375,-0.31,0.00,0.001
TRACE 746217,-0.29,0.00,0.001
TRACE 748073,-0.27,0.00,0.001
TRACE 749909,-0.25,0.00,0.001
TRACE 751796,-0.23,0.00,0.000
TRACE 753674,-0.21,0.00,0.000
TRACE 755537,-0.20,0.00,0.000
TRACE 757357,-0.18,0.00,-0.000
TRACE 759211,-0.17,0.00,-0.000
TRACE 761064,-0.15,0.00,-0.001
TRACE 762921,-0.14,0.00,-0.001
TRACE 764765,-0.12,0.00,-0.001
TRACE 766611,-0.11,0.00,-0.001
TRACE 768459,-0.10,0.00,-0.002
TRACE 770300,-0.09,0.00,-0.002
TRACE 772157,-0.08,0.00,-0.002
TRACE 774085,-0.07,0.00,-0.003
TRACE 775932,-0.06,0.00,-0.003
TRACE 777777,-0.05,0.00,-0.003
TRACE 779631,-0.04,0.00,-0.004
TRACE 781486,-0.03,0.00,-0.004
TRACE 783333,-0.03,0.00,-0.005
TRACE 785178,-0.02,0.00,-0.005
TRACE 787038,-0.02,0.00,-0.006
TRACE 788874,-0.01,0.00,-0.006
TRACE 790733,-0.01,0.00,-0.007
TRACE 792593,-0.01,0.00,-0.007
TRACE 794440,-0.00,0.00,-0.008
TRACE 796284,-0.00,0.00,-0.009
TRACE 798119,-0.00,0.00,-0.009
TRACE 799977,-0.00,0.00,-0.010
TRACE 801837,0.00,0.00,0.000
TRACE 803474,0.00,0.00,0.000
TRACE 805066,0.00,0.00,0.000
TRACE 806658,0.00,0.00,0.000
TRACE 808258,0.00,0.00,0.000
TRACE 809847,0.00,0.00,0.000
TRACE 811421,0.00,0.00,0.000
TRACE 813004,0.00,0.00,0.000
TRACE 814588,0.00,0.00,0.000
TRACE 816172,0.00,0.00,0.000
TRACE 817738,0.00,0.00,0.000
TRACE 819324,0.00,0.00,0.000
TRACE 820920,0.00,0.00,0.000
TRACE 822519,0.00,0.00,0.000
TRACE 824107,0.00,0.00,0.000
TRACE 825697,0.00,0.00,0.000
TRACE 827286,0.00,0.00,0.000
TRACE 828867,0.00,0.00,0.000
TRACE 830442,0.00,0.00,0.000
TRACE 832023,0.00,0.00,0.000
TRACE 833622,0.00,0.00,0.000
TRACE 835214,0.00,0.00,0.000
TRACE 836811,0.00,0.00,0.000
TRACE 838394,0.00,0.00,0.000
TRACE 839975,0.00,0.00,0.000
TRACE 841563,0.00,0.00,0.000
TRACE 843144,0.00,0.00,0.000
TRACE 844753,0.00,0.00,0.000
TRACE 846344,0.00,0.00,0.000
TRACE 848021,0.00,0.00,0.000
TRACE 849642,0.00,0.00,0.000
TRACE 851232,0.00,0.00,0.000
TRACE 852829,0.00,0.00,0.000
>>> 