arm_test.cmd_trace(arm, [])
TRACE t_us,ref_deg,pos_deg,duty
TRACE 904,0.00,0.00,0.430
TRACE 2803,0.00,0.00,0.431
TRACE 4612,0.00,0.00,0.432
TRACE 6382,0.00,0.00,0.432
TRACE 8145,0.01,0.00,0.433
TRACE 9922,0.01,0.00,0.434
TRACE 11689,0.01,0.00,0.435
TRACE 13454,0.02,0.00,0.435
TRACE 15226,0.02,0.00,0.436
TRACE 16994,0.03,0.50,-0.450
TRACE 18772,0.04,1.00,-0.497
TRACE 20594,0.04,1.00,-0.496
TRACE 22383,0.05,1.00,-0.495
TRACE 24187,0.06,0.00,0.440
TRACE 25934,0.07,0.00,0.441
TRACE 27665,0.08,0.00,0.442
TRACE 29392,0.09,0.00,0.475
TRACE 31121,0.10,0.00,0.509
TRACE 32879,0.11,0.00,0.510
TRACE 34606,0.12,0.00,0.512
TRACE 36329,0.13,0.00,0.447
TRACE 38056,0.14,0.00,0.448
TRACE 39917,0.16,0.00,0.449
TRACE 41661,0.17,1.00,-0.485
TRACE 43414,0.19,1.00,-0.484
TRACE 45205,0.20,1.00,-0.482
TRACE 46978,0.22,1.00,-0.481
TRACE 48753,0.24,1.00,-0.480
TRACE 50535,0.26,1.00,-0.478
TRACE 52327,0.27,0.50,-0.430
TRACE 54088,0.29,0.00,0.523
TRACE 55841,0.31,0.00,0.524
TRACE 57584,0.33,-1.00,0.620
TRACE 59345,0.35,-0.50,0.574
TRACE 61097,0.37,-0.50,0.575
TRACE 62968,0.40,0.00,0.529
TRACE 64701,0.42,0.00,0.498
TRACE 66430,0.44,0.00,0.467
TRACE 68175,0.46,0.00,0.468
TRACE 69909,0.49,1.00,-0.530
TRACE 71685,0.51,1.00,-0.496
TRACE 73491,0.54,1.00,-0.494
TRACE 75273,0.57,1.00,-0.461
TRACE 77049,0.59,1.00,-0.459
TRACE 78815,0.62,1.00,-0.458
TRACE 80588,0.65,1.00,-0.456
TRACE 82386,0.68,1.00,0.450
TRACE 84155,0.71,1.00,0.452
TRACE 85923,0.74,1.00,0.453
TRACE 87699,0.77,1.00,0.455
TRACE 89476,0.80,1.00,0.456
TRACE 91252,0.83,1.00,0.458
TRACE 93010,0.87,2.00,-0.475
TRACE 94788,0.90,2.00,-0.473
TRACE 96572,0.93,2.00,-0.472
TRACE 98357,0.97,2.00,-0.470
TRACE 100139,1.00,2.00,-0.468
TRACE 101923,1.04,2.00,-0.466
TRACE 103710,1.08,2.00,-0.465
TRACE 105488,1.11,1.00,0.535
TRACE 107258,1.15,1.00,0.537
TRACE 109017,1.19,1.00,0.539
TRACE 110768,1.23,1.00,0.541
TRACE 112538,1.27,1.00,0.543
TRACE 114301,1.31,1.00,0.545
TRACE 116082,1.35,1.00,0.547
TRACE 117839,1.39,1.50,0.437
TRACE 119625,1.43,2.00,-0.449
TRACE 121415,1.47,2.00,-0.447
TRACE 123199,1.52,2.00,-0.444
TRACE 124995,1.56,3.00,-0.537
TRACE 126798,1.61,3.00,-0.534
TRACE 128594,1.65,3.00,-0.532
TRACE 130520,1.70,2.00,0.437
TRACE 132309,1.75,2.00,0.470
TRACE 134070,1.80,2.00,0.472
TRACE 135841,1.85,2.00,0.474
TRACE 137621,1.89,2.00,0.540
TRACE 139402,1.94,2.00,0.542
TRACE 141190,1.99,2.00,0.544
TRACE 142959,2.04,2.00,0.483
TRACE 144714,2.09,2.00,0.485
TRACE 146478,2.15,2.00,0.487
TRACE 148216,2.20,2.00,0.489
TRACE 149988,2.25,2.00,0.491
TRACE 151759,2.30,2.00,0.494
TRACE 153518,2.36,2.00,0.496
TRACE 155272,2.41,2.50,0.451
TRACE 157050,2.47,3.00,-0.434
TRACE 158834,2.52,3.00,-0.432
TRACE 160643,2.58,3.00,-0.429
TRACE 162455,2.64,3.00,-0.427
TRACE 164242,2.70,3.00,-0.424
TRACE 166041,2.76,3.00,-0.421
TRACE 167819,2.82,3.00,0.453
TRACE 169593,2.88,3.00,0.487
TRACE 171348,2.94,3.00,0.490
TRACE 173108,3.00,3.00,0.492
TRACE 174904,3.06,3.00,0.495
TRACE 176662,3.12,3.00,0.497
TRACE 187752,3.53,4.00,0.446
TRACE 189532,3.59,4.00,0.449
TRACE 191289,3.66,5.00,-0.455
TRACE 193091,3.73,5.00,-0.452
TRACE 194886,3.80,5.00,-0.449
TRACE 196698,3.87,5.00,-0.447
TRACE 198479,3.94,5.00,-0.444
TRACE 200274,4.01,5.00,-0.431
TRACE 202061,4.08,5.00,-0.429
TRACE 203840,4.16,5.00,0.478
TRACE 205609,4.23,5.00,0.481
TRACE 207394,4.30,5.00,0.484
TRACE 209194,4.38,5.00,0.487
TRACE 210989,4.45,5.00,0.490
TRACE 212787,4.53,5.00,0.492
TRACE 214569,4.60,5.00,0.495
TRACE 216349,4.68,5.00,0.498
TRACE 218131,4.76,5.00,0.501
TRACE 219924,4.84,6.00,-0.430
TRACE 221715,4.92,6.00,-0.427
TRACE 223579,5.00,6.00,-0.423
TRACE 225371,5.08,6.00,-0.420
TRACE 227146,5.16,6.00,0.423
TRACE 228922,5.24,6.50,-0.461
TRACE 230700,5.32,7.00,-0.505
TRACE 232484,5.40,7.00,-0.438
TRACE 234286,5.49,7.00,-0.435
TRACE 236076,5.57,7.00,-0.432
TRACE 237869,5.66,7.00,-0.429
TRACE 239676,5.74,6.50,0.462
TRACE 241430,5.83,6.00,0.544
TRACE 243192,5.91,6.00,0.579
TRACE 244960,6.00,6.00,0.582
TRACE 246841,6.09,7.00,0.492
TRACE 248632,6.18,7.00,0.495
TRACE 250403,6.27,7.00,0.498
TRACE 252187,6.36,7.00,0.470
TRACE 253968,6.45,7.00,0.441
TRACE 255750,6.54,7.00,0.445
TRACE 257527,6.63,8.00,-0.486
TRACE 259302,6.72,8.00,0.421
TRACE 261085,6.82,8.00,0.424
TRACE 262851,6.91,9.00,-0.507
TRACE 264637,7.00,9.00,-0.503
TRACE 266414,7.10,9.00,-0.500
TRACE 268184,7.19,9.00,-0.496
TRACE 269976,7.29,9.00,-0.428
TRACE 271798,7.39,9.00,-0.425
TRACE 273593,7.49,8.50,0.466
TRACE 275361,7.58,8.00,0.581
TRACE 277135,7.68,8.00,0.584
TRACE 278911,7.78,8.00,0.588
TRACE 280643,7.88,8.00,0.592
TRACE 282398,7.97,8.00,0.595
TRACE 284168,8.08,8.00,0.599
TRACE 285948,8.18,9.00,0.476
TRACE 287708,8.28,9.00,0.447
TRACE 289480,8.38,9.00,0.451
TRACE 291248,8.48,9.00,0.454
TRACE 293047,8.59,10.00,-0.476
TRACE 294816,8.69,10.00,-0.472
TRACE 296596,8.80,10.00,-0.468
TRACE 298380,8.90,11.00,-0.494
TRACE 300170,9.01,11.00,-0.500
TRACE 301976,9.12,11.00,-0.496
TRACE 303798,9.23,10.50,-0.446
TRACE 305609,9.34,10.00,0.508
TRACE 307413,9.44,10.00,0.511
TRACE 309226,9.55,10.00,0.515
TRACE 311066,9.66,10.00,0.581
TRACE 312872,9.77,10.00,0.584
TRACE 314693,9.88,10.00,0.587
TRACE 316506,9.99,10.00,0.559
TRACE 318300,10.10,10.00,0.531
TRACE 320114,10.21,10.00,0.534
TRACE 321909,10.31,11.00,0.444
TRACE 323708,10.42,11.00,0.447
TRACE 325503,10.53,11.00,0.451
TRACE 327302,10.64,11.00,0.454
TRACE 329120,10.75,12.00,-0.476
TRACE 330951,10.86,12.00,-0.473
TRACE 332770,10.97,12.50,-0.516
TRACE 334623,11.08,13.00,-0.496
TRACE 336454,11.19,13.00,-0.492
TRACE 338278,11.30,13.00,-0.488
TRACE 340090,11.41,13.00,-0.485
TRACE 341912,11.51,12.50,0.467
TRACE 343800,11.63,12.00,0.517
TRACE 345612,11.74,12.00,0.551
TRACE 347433,11.85,12.00,0.586
TRACE 349239,11.95,12.00,0.589
TRACE 351044,12.06,12.00,0.593
TRACE 352870,12.17,12.00,0.596
TRACE 354662,12.28,12.00,0.568
TRACE 356470,12.39,12.00,0.540
TRACE 358300,12.50,12.00,0.543
TRACE 369371,13.16,14.00,0.430
TRACE 371186,13.27,15.00,-0.473
TRACE 373002,13.38,15.00,-0.470
TRACE 374818,13.49,15.00,-0.467
TRACE 376655,13.60,15.50,-0.496
TRACE 378501,13.71,16.00,-0.526
TRACE 380339,13.82,16.00,-0.523
TRACE 382178,13.93,16.00,-0.499
TRACE 383978,14.04,15.50,0.453
TRACE 385815,14.15,15.00,0.502
TRACE 387644,14.26,15.00,0.506
TRACE 389470,14.37,15.00,0.540
TRACE 391313,14.48,15.00,0.575
TRACE 393124,14.59,15.00,0.578
TRACE 394934,14.70,15.00,0.582
TRACE 396748,14.80,15.00,0.553
TRACE 398553,14.91,15.00,0.525
TRACE 400372,15.02,15.00,0.529
TRACE 402174,15.13,16.00,0.439
TRACE 403993,15.24,16.00,0.442
TRACE 405839,15.35,16.00,0.446
TRACE 407661,15.46,17.00,-0.484
TRACE 409471,15.57,17.00,-0.481
TRACE 411312,15.68,17.00,-0.477
TRACE 413153,15.79,17.00,-0.474
TRACE 414984,15.90,17.00,0.433
TRACE 416801,16.01,17.00,0.436
TRACE 418597,16.12,17.00,0.439
TRACE 420403,16.22,17.00,0.505
TRACE 422206,16.33,17.50,0.462
TRACE 424003,16.44,18.00,-0.422
TRACE 425836,16.55,18.00,0.421
TRACE 427749,16.66,18.00,0.425
TRACE 429565,16.77,18.00,0.429
TRACE 431367,16.88,18.50,-0.455
TRACE 433194,16.99,19.00,-0.497
TRACE 435037,17.10,19.00,-0.462
TRACE 436844,17.21,19.00,-0.428
TRACE 438658,17.32,19.00,-0.425
TRACE 440474,17.43,19.00,-0.422
TRACE 442300,17.54,18.50,0.468
TRACE 444098,17.65,18.00,0.549
TRACE 445907,17.75,18.00,0.584
TRACE 447711,17.86,18.00,0.587
TRACE 449530,17.97,18.00,0.590
TRACE 451326,18.08,18.00,0.594
TRACE 453133,18.19,18.00,0.597
TRACE 454932,18.30,19.00,0.475
TRACE 456731,18.40,19.00,0.447
TRACE 458536,18.51,19.00,0.450
TRACE 460344,18.62,19.00,0.453
TRACE 462158,18.73,20.00,-0.477
TRACE 463978,18.84,20.00,-0.473
TRACE 465807,18.95,21.00,-0.563
TRACE 467618,19.06,21.00,-0.496
TRACE 469459,19.17,21.00,-0.493
TRACE 471286,19.28,21.00,-0.489
TRACE 473121,19.39,21.00,-0.486
TRACE 474914,19.49,20.50,0.466
TRACE 476717,19.60,20.00,0.516
TRACE 478533,19.71,20.00,0.582
TRACE 480328,19.82,20.00,0.586
TRACE 482141,19.93,20.00,0.589
TRACE 483979,20.04,20.00,0.592
TRACE 485792,20.15,20.00,0.596
TRACE 487585,20.26,20.00,0.567
TRACE 489409,20.36,20.00,0.539
TRACE 491242,20.47,21.00,0.449
TRACE 493126,20.59,21.00,0.453
TRACE 494941,20.70,21.00,0.456
TRACE 496738,20.80,21.00,0.459
TRACE 498536,20.91,22.00,-0.470
TRACE 500355,21.02,22.00,-0.467
TRACE 502180,21.13,22.00,-0.463
TRACE 504025,21.24,22.50,-0.444
TRACE 505853,21.35,22.50,-0.441
TRACE 507681,21.46,22.50,-0.437
TRACE 509499,21.57,22.00,0.452
TRACE 511309,21.68,22.00,0.518
TRACE 513098,21.79,22.00,0.522
TRACE 514941,21.90,22.00,0.525
TRACE 516751,22.01,22.00,0.560
TRACE 518547,22.11,22.00,0.563
TRACE 520352,22.22,22.00,0.566
TRACE 522157,22.33,22.00,0.538
TRACE 523992,22.44,22.00,0.541
TRACE 525787,22.55,22.00,0.544
TRACE 527583,22.65,22.00,0.548
TRACE 529382,22.76,22.00,0.551
TRACE 531193,22.87,22.00,0.554
TRACE 533005,22.98,23.00,0.464
TRACE 534814,23.09,23.00,0.467
TRACE 536622,23.20,23.00,0.471
TRACE 538447,23.31,23.00,0.474
TRACE 549566,23.97,26.00,-0.518
TRACE 551394,24.08,26.00,-0.515
TRACE 553230,24.19,27.00,-0.578
TRACE 555051,24.30,27.00,-0.538
TRACE 556913,24.41,27.00,-0.534
TRACE 558752,24.53,27.00,-0.531
TRACE 560595,24.64,27.00,-0.527
TRACE 562421,24.75,27.00,-0.442
TRACE 564254,24.86,27.00,-0.439
TRACE 566092,24.97,26.00,0.559
TRACE 567897,25.07,26.00,0.562
TRACE 569709,25.18,26.00,0.566
TRACE 571533,25.29,26.00,0.569
TRACE 573360,25.40,26.00,0.573
TRACE 575165,25.51,26.00,0.576
TRACE 576986,25.62,26.00,0.579
TRACE 578813,25.73,27.00,0.427
TRACE 580620,25.84,27.00,0.430
TRACE 582448,25.95,27.00,0.434
TRACE 584318,26.06,27.50,-0.449
TRACE 586168,26.17,28.00,-0.492
TRACE 587994,26.28,28.00,-0.488
TRACE 589830,26.39,29.00,-0.577
TRACE 591651,26.50,29.00,-0.512
TRACE 593469,26.61,29.00,-0.508
TRACE 595308,26.72,29.00,-0.505
TRACE 597122,26.83,28.50,-0.425
TRACE 598945,26.94,28.00,0.496
TRACE 600767,27.05,28.00,0.499
TRACE 602557,27.15,28.00,0.565
TRACE 604357,27.26,28.00,0.569
TRACE 606145,27.37,28.00,0.572
TRACE 607999,27.48,28.00,0.575
TRACE 609798,27.59,28.00,0.547
TRACE 611594,27.70,29.00,0.426
TRACE 613408,27.80,29.00,0.429
TRACE 615203,27.91,29.00,0.432
TRACE 617020,28.02,29.00,0.435
TRACE 618827,28.13,30.00,-0.494
TRACE 620657,28.24,30.00,-0.491
TRACE 622469,28.35,31.00,-0.581
TRACE 624286,28.46,31.00,-0.514
TRACE 626107,28.57,31.00,-0.511
TRACE 627936,28.68,31.00,-0.507
TRACE 629761,28.79,31.00,-0.504
TRACE 631597,28.90,30.00,0.495
TRACE 633426,29.01,30.00,0.498
TRACE 635231,29.11,30.00,0.564
TRACE 637023,29.22,30.00,0.567
TRACE 638843,29.33,30.00,0.571
TRACE 640634,29.44,30.00,0.574
TRACE 642439,29.55,30.00,0.577
TRACE 644260,29.66,30.00,0.518
TRACE 646062,29.76,30.00,0.521
TRACE 647871,29.87,31.00,0.431
TRACE 649698,29.98,31.00,0.434
TRACE 651500,30.09,31.00,0.437
TRACE 653307,30.20,31.00,0.441
TRACE 655107,30.31,32.00,-0.489
TRACE 656928,30.42,32.00,-0.486
TRACE 658761,30.53,32.00,-0.482
TRACE 660574,30.63,33.00,-0.509
TRACE 662406,30.74,33.00,-0.506
TRACE 664226,30.85,33.00,-0.502
TRACE 666042,30.96,32.50,-0.452
TRACE 667868,31.07,32.00,0.500
TRACE 669657,31.18,32.00,0.503
TRACE 671458,31.29,32.00,0.507
TRACE 673284,31.40,32.00,0.573
TRACE 675109,31.51,32.00,0.576
TRACE 676919,31.62,32.00,0.579
TRACE 678736,31.72,32.00,0.551
TRACE 680553,31.83,32.00,0.523
TRACE 682355,31.94,32.00,0.526
TRACE 684160,32.05,32.00,0.529
TRACE 685974,32.16,32.00,0.533
TRACE 687789,32.27,32.00,0.536
TRACE 689584,32.38,33.00,0.446
TRACE 691387,32.48,33.00,0.449
TRACE 693191,32.59,33.00,0.452
TRACE 694987,32.70,33.00,0.456
TRACE 696787,32.81,34.00,-0.474
TRACE 698609,32.92,34.00,-0.471
TRACE 700425,33.03,35.00,-0.561
TRACE 702320,33.14,35.00,-0.493
TRACE 704139,33.25,35.00,-0.490
TRACE 705958,33.36,35.00,-0.487
TRACE 707796,33.47,35.00,-0.483
TRACE 709605,33.58,35.00,0.423
TRACE 711400,33.68,35.00,0.426
TRACE 713197,33.79,35.00,0.492
TRACE 715010,33.90,35.00,0.495
TRACE 716819,34.01,35.00,0.498
TRACE 727911,34.67,36.00,0.452
TRACE 729748,34.78,36.00,0.455
TRACE 731544,34.89,37.00,-0.448
TRACE 733362,35.00,37.00,-0.445
TRACE 735208,35.11,37.00,-0.441
TRACE 737075,35.22,37.00,-0.438
TRACE 738902,35.33,37.50,-0.468
TRACE 740730,35.44,37.50,-0.467
TRACE 742560,35.55,37.00,0.422
TRACE 744379,35.66,37.00,0.488
TRACE 746183,35.77,37.00,0.491
TRACE 748011,35.88,37.00,0.494
TRACE 749868,35.99,37.00,0.498
TRACE 751678,36.10,37.00,0.532
TRACE 753499,36.21,37.00,0.536
TRACE 755295,36.32,37.00,0.508
TRACE 757104,36.43,37.00,0.511
TRACE 758931,36.54,37.00,0.514
TRACE 760721,36.64,37.50,0.471
TRACE 762532,36.75,38.00,0.427
TRACE 764378,36.86,38.00,0.431
TRACE 766185,36.97,38.00,0.434
TRACE 768003,37.08,39.00,-0.495
TRACE 769824,37.19,39.00,-0.492
TRACE 771648,37.30,39.00,-0.489
TRACE 773457,37.41,39.00,-0.454
TRACE 775271,37.52,39.00,0.421
TRACE 777069,37.62,39.50,-0.463
TRACE 778887,37.73,40.00,-0.506
TRACE 780728,37.84,40.00,-0.440
TRACE 782543,37.95,40.00,-0.436
TRACE 784363,38.06,40.00,-0.433
TRACE 786277,38.18,40.00,-0.429
TRACE 788084,38.29,40.00,-0.426
TRACE 789908,38.39,40.00,0.449
TRACE 791708,38.50,40.00,0.483
TRACE 793529,38.61,40.00,0.486
TRACE 795324,38.72,40.00,0.490
TRACE 797122,38.83,40.00,0.493
TRACE 798948,38.94,40.00,0.496
TRACE 800749,39.04,40.00,0.499
TRACE 802565,39.15,41.00,-0.431
TRACE 804394,39.26,41.00,-0.427
TRACE 806225,39.37,41.00,-0.424
TRACE 808045,39.48,41.00,-0.420
TRACE 809871,39.59,41.00,0.423
TRACE 811686,39.70,41.00,0.426
TRACE 813477,39.81,41.00,0.429
TRACE 815284,39.92,41.00,0.496
TRACE 817114,40.03,41.00,0.499
TRACE 818925,40.14,41.00,0.502
TRACE 820742,40.24,41.00,0.505
TRACE 822558,40.35,42.00,-0.424
TRACE 824388,40.46,42.00,-0.421
TRACE 826202,40.57,42.00,0.422
TRACE 828002,40.68,42.50,-0.461
TRACE 829840,40.79,43.00,-0.504
TRACE 831662,40.90,43.00,-0.501
TRACE 833480,41.01,43.00,-0.497
TRACE 835314,41.12,43.00,-0.431
TRACE 837109,41.23,42.50,0.458
TRACE 838928,41.34,42.00,0.508
TRACE 840726,41.44,42.00,0.543
TRACE 842535,41.55,42.00,0.578
TRACE 844328,41.66,42.00,0.581
TRACE 846145,41.77,42.00,0.584
TRACE 847950,41.88,42.00,0.588
TRACE 849744,41.98,42.00,0.559
TRACE 851652,42.10,42.00,0.531
TRACE 853449,42.21,42.50,0.488
TRACE 855260,42.32,43.00,0.445
TRACE 857053,42.42,43.00,0.448
TRACE 858858,42.53,43.00,0.451
TRACE 860663,42.64,43.50,-0.432
TRACE 862472,42.75,44.00,-0.475
TRACE 864312,42.86,44.00,-0.473
TRACE 866121,42.97,44.00,-0.438
TRACE 867943,43.08,44.50,-0.449
TRACE 869777,43.19,44.50,-0.446
TRACE 871624,43.30,44.50,-0.442
TRACE 873429,43.41,44.00,0.479
TRACE 875240,43.51,44.00,0.513
TRACE 877045,43.62,44.00,0.517
TRACE 878832,43.73,44.00,0.520
TRACE 880676,43.84,44.00,0.555
TRACE 882514,43.95,45.00,0.465
TRACE 884324,44.06,45.00,0.468
TRACE 886122,44.17,45.00,0.440
TRACE 887927,44.28,45.00,0.443
TRACE 889757,44.39,46.00,-0.486
TRACE 891570,44.49,46.00,-0.483
TRACE 893387,44.60,46.00,-0.480
TRACE 895200,44.71,47.00,-0.507
TRACE 906285,45.38,46.50,0.440
TRACE 908105,45.49,46.00,0.476
TRACE 909934,45.60,46.00,0.480
TRACE 911759,45.71,46.00,0.519
TRACE 913561,45.81,46.00,0.522
TRACE 915390,45.92,47.00,0.459
TRACE 917202,46.03,47.00,0.499
TRACE 919008,46.14,47.00,0.471
TRACE 920840,46.25,47.00,0.443
TRACE 922648,46.36,47.00,0.446
TRACE 924475,46.47,48.00,-0.484
TRACE 926317,46.58,48.00,-0.480
TRACE 928165,46.69,48.50,-0.460
TRACE 930008,46.80,49.00,-0.503
TRACE 931821,46.91,49.00,-0.500
TRACE 933651,47.02,49.00,-0.496
TRACE 935483,47.13,49.00,-0.493
TRACE 937301,47.24,48.50,0.459
TRACE 939105,47.35,48.00,0.508
TRACE 940934,47.46,48.00,0.543
TRACE 942858,47.57,48.00,0.577
TRACE 944655,47.68,48.00,0.581
TRACE 946459,47.79,48.00,0.584
TRACE 948273,47.90,48.50,0.541
TRACE 950085,48.01,49.00,0.467
TRACE 951880,48.11,49.00,0.439
TRACE 953695,48.22,49.00,0.442
TRACE 955516,48.33,49.00,0.445
TRACE 957317,48.44,50.00,-0.485
TRACE 959152,48.55,50.00,-0.482
TRACE 960980,48.66,51.00,-0.540
TRACE 962807,48.77,51.00,-0.505
TRACE 964701,48.88,51.00,-0.500
TRACE 966533,48.99,51.00,-0.497
TRACE 968340,49.10,51.00,-0.494
TRACE 970139,49.21,51.00,-0.428
TRACE 971965,49.32,50.00,0.508
TRACE 973775,49.43,50.00,0.573
TRACE 975588,49.54,50.00,0.577
TRACE 977417,49.65,49.50,0.627
TRACE 979224,49.75,49.50,0.630
TRACE 981023,49.86,50.00,0.587
TRACE 982849,49.97,50.00,0.590
TRACE 984663,50.08,50.00,0.530
TRACE 986460,50.19,50.00,0.534
TRACE 988259,50.30,51.00,0.444
TRACE 990075,50.40,51.00,-0.425
TRACE 991883,50.51,51.00,-0.421
TRACE 993702,50.62,52.00,-0.480
TRACE 995525,50.73,52.00,-0.476
TRACE 997348,50.84,52.00,-0.473
TRACE 999177,50.95,52.00,-0.469
TRACE 1000982,51.06,52.00,0.437
TRACE 1002778,51.17,52.00,0.440
TRACE 1004604,51.28,52.00,0.443
TRACE 1006393,51.38,51.50,0.556
TRACE 1008213,51.49,51.50,0.559
TRACE 1010004,51.60,51.50,0.563
TRACE 1011807,51.71,52.00,0.519
TRACE 1013606,51.82,52.00,0.522
TRACE 1015442,51.93,52.00,0.526
TRACE 1017244,52.03,52.00,0.529
TRACE 1019051,52.14,52.00,0.501
TRACE 1020862,52.25,53.00,-0.429
TRACE 1022682,52.36,53.00,-0.426
TRACE 1024491,52.47,53.00,0.449
TRACE 1026321,52.58,53.00,0.452
TRACE 1028109,52.69,54.00,-0.478
TRACE 1029936,52.80,54.00,-0.474
TRACE 1031790,52.91,54.00,-0.470
TRACE 1033629,53.02,54.00,0.436
TRACE 1035436,53.13,54.00,0.439
TRACE 1037261,53.24,54.00,0.442
TRACE 1039098,53.35,54.00,0.446
TRACE 1040914,53.45,54.00,0.512
TRACE 1042710,53.56,54.00,0.515
TRACE 1044517,53.67,54.00,0.518
TRACE 1046327,53.78,54.00,0.521
TRACE 1048159,53.89,54.00,0.525
TRACE 1049968,54.00,54.00,0.528
TRACE 1051765,54.11,54.00,0.531
TRACE 1053563,54.21,54.00,0.534
TRACE 1055364,54.32,54.50,0.491
TRACE 1057170,54.43,55.00,0.448
TRACE 1058972,54.54,55.00,0.451
TRACE 1060859,54.65,55.00,0.455
TRACE 1062690,54.76,56.00,-0.475
TRACE 1064509,54.87,56.00,-0.471
TRACE 1066319,54.98,56.00,-0.468
TRACE 1068144,55.09,57.00,-0.526
TRACE 1069976,55.20,57.00,-0.491
TRACE 1071798,55.31,57.00,-0.488
TRACE 1073620,55.42,57.00,-0.485
TRACE 1075438,55.53,56.50,0.467
TRACE 1086544,56.19,56.00,0.534
TRACE 1088365,56.30,55.00,0.603
TRACE 1090198,56.41,55.00,0.643
TRACE 1092020,56.52,55.00,0.646
TRACE 1093816,56.63,55.00,0.650
TRACE 1095643,56.74,55.00,0.653
TRACE 1097475,56.85,55.50,0.605
TRACE 1099287,56.96,56.00,0.557
TRACE 1101100,57.07,56.00,0.497
TRACE 1102922,57.18,56.00,0.500
TRACE 1104732,57.28,57.00,-0.429
TRACE 1106560,57.39,57.00,-0.426
TRACE 1108399,57.50,57.00,-0.422
TRACE 1110193,57.61,57.50,-0.434
TRACE 1111999,57.72,58.00,-0.446
TRACE 1113810,57.83,58.00,-0.443
TRACE 1115644,57.94,58.00,-0.440
TRACE 1117486,58.05,57.50,0.513
TRACE 1119297,58.16,57.00,0.563
TRACE 1121110,58.27,57.00,0.566
TRACE 1122953,58.38,57.00,0.601
TRACE 1124737,58.48,57.00,0.635
TRACE 1126562,58.59,57.00,0.639
TRACE 1128344,58.70,57.50,0.596
TRACE 1130134,58.81,58.00,0.521
TRACE 1131939,58.92,58.00,0.492
TRACE 1133762,59.03,58.50,0.449
TRACE 1135566,59.13,59.00,-0.435
TRACE 1137377,59.24,59.00,-0.431
TRACE 1139214,59.35,59.00,-0.428
TRACE 1141041,59.46,60.00,-0.486
TRACE 1142867,59.57,60.00,-0.450
TRACE 1144796,59.69,60.00,-0.446
TRACE 1146605,59.80,60.00,0.428
TRACE 1148420,59.91,60.00,0.463
TRACE 1150225,60.01,60.00,0.466
TRACE 1152016,60.12,60.00,0.469
TRACE 1153824,60.23,60.00,0.535
TRACE 1155614,60.34,60.00,0.538
TRACE 1157420,60.45,60.00,0.541
TRACE 1159225,60.55,60.00,0.545
TRACE 1161033,60.66,60.50,0.501
TRACE 1162843,60.77,61.00,0.458
TRACE 1164676,60.88,61.00,0.461
TRACE 1166495,60.99,61.00,0.465
TRACE 1168302,61.10,61.00,0.468
TRACE 1170100,61.21,61.50,0.425
TRACE 1171902,61.31,62.00,-0.459
TRACE 1173722,61.42,62.00,-0.424
TRACE 1175558,61.53,62.50,-0.435
TRACE 1177381,61.64,63.00,-0.479
TRACE 1179203,61.75,63.00,-0.475
TRACE 1181020,61.86,63.00,-0.472
TRACE 1182835,61.97,63.00,-0.437
TRACE 1184644,62.08,63.00,0.438
TRACE 1186451,62.19,62.50,0.487
TRACE 1188265,62.30,62.00,0.568
TRACE 1190068,62.40,62.00,0.603
TRACE 1191865,62.51,62.50,0.560
TRACE 1193698,62.62,63.00,0.517
TRACE 1195492,62.73,63.00,0.520
TRACE 1197325,62.84,63.00,0.523
TRACE 1199144,62.95,63.00,0.495
TRACE 1200965,63.06,64.00,-0.466
TRACE 1202770,63.17,64.00,-0.463
TRACE 1204602,63.28,64.00,-0.428
TRACE 1206426,63.39,65.00,-0.486
TRACE 1208249,63.49,65.00,-0.483
TRACE 1210127,63.61,65.00,-0.479
TRACE 1211971,63.72,65.00,-0.475
TRACE 1213797,63.83,65.00,0.430
TRACE 1215597,63.94,65.00,0.434
TRACE 1217420,64.05,65.00,0.437
TRACE 1219242,64.15,65.00,0.503
TRACE 1221042,64.26,65.00,0.506
TRACE 1222851,64.37,65.00,0.509
TRACE 1224653,64.48,65.00,0.512
TRACE 1226443,64.59,65.00,0.516
TRACE 1228248,64.69,66.00,0.426
TRACE 1230057,64.80,66.00,0.429
TRACE 1231872,64.91,66.00,0.432
TRACE 1233665,65.02,66.00,0.435
TRACE 1235483,65.13,67.00,-0.495
TRACE 1237299,65.24,67.00,-0.491
TRACE 1239111,65.35,67.00,-0.488
TRACE 1241030,65.46,67.00,-0.421
TRACE 1242864,65.57,67.00,0.423
TRACE 1244671,65.68,67.00,0.426
TRACE 1246505,65.79,67.00,0.429
TRACE 1248325,65.90,67.00,0.495
TRACE 1250134,66.01,67.00,0.498
TRACE 1251946,66.12,67.50,0.455
TRACE 1253778,66.23,68.00,-0.428
TRACE 1264826,66.89,68.50,0.425
TRACE 1266683,67.00,68.00,0.462
TRACE 1268507,67.11,68.00,0.465
TRACE 1270329,67.22,68.00,0.468
TRACE 1272167,67.33,68.00,0.472
TRACE 1273982,67.44,68.50,0.460
TRACE 1275822,67.55,69.00,0.448
TRACE 1277647,67.66,69.00,0.457
TRACE 1279471,67.77,69.00,0.428
TRACE 1281275,67.88,69.00,0.432
TRACE 1283090,67.99,69.00,0.435
TRACE 1284895,68.09,69.00,0.438
TRACE 1286725,68.20,70.00,-0.460
TRACE 1288557,68.31,70.00,-0.425
TRACE 1290390,68.42,70.00,-0.422
TRACE 1292207,68.53,70.50,-0.465
TRACE 1294032,68.64,70.50,-0.462
TRACE 1295877,68.75,70.50,-0.458
TRACE 1297690,68.86,70.00,0.431
TRACE 1299499,68.97,70.00,0.497
TRACE 1301440,69.09,70.00,0.501
TRACE 1303228,69.19,70.00,0.504
TRACE 1305040,69.30,70.00,0.538
TRACE 1306844,69.41,70.00,0.542
TRACE 1308654,69.52,70.00,0.545
TRACE 1310453,69.63,70.00,0.517
TRACE 1312282,69.74,70.00,0.520
TRACE 1314068,69.84,71.00,0.430
TRACE 1315859,69.95,71.00,0.433
TRACE 1317658,70.06,71.00,0.436
TRACE 1319479,70.17,71.00,0.440
TRACE 1321290,70.28,71.50,-0.444
TRACE 1323112,70.39,72.00,-0.487
TRACE 1324951,70.50,72.00,-0.483
TRACE 1326759,70.61,72.00,0.423
TRACE 1328581,70.71,72.00,0.427
TRACE 1330415,70.82,72.00,0.430
TRACE 1332223,70.93,72.00,0.433
TRACE 1334034,71.04,72.50,0.421
TRACE 1335837,71.15,73.00,-0.430
TRACE 1337651,71.26,73.00,-0.427
TRACE 1339484,71.37,73.00,-0.424
TRACE 1341292,71.48,73.00,-0.421
TRACE 1343118,71.59,73.00,0.423
TRACE 1344913,71.69,73.00,0.426
TRACE 1346701,71.80,73.00,0.460
TRACE 1348519,71.91,73.00,0.495
TRACE 1350333,72.02,73.00,0.499
TRACE 1352154,72.13,73.50,0.455
TRACE 1353964,72.24,74.00,-0.428
TRACE 1355791,72.35,74.00,-0.425
TRACE 1357604,72.46,74.00,-0.421
TRACE 1359438,72.57,74.00,0.422
TRACE 1361244,72.67,74.00,0.425
TRACE 1363050,72.78,73.50,0.475
TRACE 1364854,72.89,73.00,0.556
TRACE 1366668,73.00,73.00,0.591
TRACE 1368464,73.11,73.00,0.594
TRACE 1370271,73.22,73.50,0.551
TRACE 1372080,73.32,73.50,0.554
TRACE 1373888,73.43,74.00,0.511
TRACE 1375659,73.54,74.00,0.482
TRACE 1377467,73.65,74.00,0.454
TRACE 1379281,73.76,74.00,0.457
TRACE 1381077,73.86,74.00,0.461
TRACE 1382866,73.97,75.00,-0.438
TRACE 1384693,74.08,75.00,-0.435
TRACE 1386516,74.19,75.00,0.440
TRACE 1388326,74.30,75.00,0.444
TRACE 1390251,74.42,75.50,-0.438
TRACE 1392064,74.52,76.00,-0.481
TRACE 1393871,74.63,76.00,-0.478
TRACE 1395683,74.74,76.00,0.428
TRACE 1397495,74.85,76.00,0.431
TRACE 1399299,74.96,76.00,0.434
TRACE 1401101,75.07,76.00,0.437
TRACE 1402902,75.17,76.00,0.472
TRACE 1404693,75.28,76.00,0.506
TRACE 1406519,75.39,76.00,0.510
TRACE 1408322,75.50,76.00,0.513
TRACE 1410124,75.61,77.00,0.423
TRACE 1411941,75.72,77.00,0.426
TRACE 1413759,75.83,77.00,0.430
TRACE 1415587,75.94,77.00,0.433
TRACE 1417392,76.04,78.00,-0.497
TRACE 1419213,76.15,78.00,-0.493
TRACE 1421059,76.26,79.00,-0.583
TRACE 1422876,76.37,79.00,-0.516
TRACE 1424705,76.48,79.00,-0.513
TRACE 1426526,76.59,79.00,-0.510
TRACE 1428370,76.70,79.00,-0.506
TRACE 1430163,76.81,78.50,0.446
TRACE 1431992,76.92,78.00,0.496
TRACE 1433810,77.03,78.00,0.562
TRACE 1444901,77.69,79.00,0.489
TRACE 1446718,77.80,79.00,0.492
TRACE 1448553,77.91,79.00,0.495
TRACE 1450368,78.02,80.00,0.432
TRACE 1452175,78.13,80.00,-0.423
TRACE 1454006,78.24,81.00,-0.504
TRACE 1455844,78.35,81.00,-0.500
TRACE 1457674,78.46,81.00,-0.513
TRACE 1459501,78.57,81.00,-0.510
TRACE 1461327,78.68,81.00,-0.507
TRACE 1463166,78.79,81.00,-0.441
TRACE 1464989,78.90,81.00,-0.437
TRACE 1466859,79.01,81.00,0.468
TRACE 1468662,79.12,81.00,0.472
TRACE 1470479,79.23,81.00,0.475
TRACE 1472302,79.34,81.00,0.478
TRACE 1474102,79.45,81.00,0.481
TRACE 1475917,79.56,81.00,0.485
TRACE 1477739,79.66,81.00,0.488
TRACE 1479560,79.77,81.00,0.491
TRACE 1481415,79.88,81.00,0.495
TRACE 1483238,79.99,81.50,0.451
TRACE 1485047,80.10,82.00,-0.432
TRACE 1486848,80.21,82.00,-0.428
TRACE 1488659,80.32,82.50,-0.472
TRACE 1490462,80.43,83.00,-0.515
TRACE 1492289,80.54,83.00,-0.512
TRACE 1494124,80.65,83.00,-0.508
TRACE 1495950,80.76,83.00,-0.474
TRACE 1497766,80.87,82.50,0.448
TRACE 1499565,80.97,82.00,0.497
TRACE 1501366,81.08,82.00,0.521
TRACE 1503379,81.20,82.00,0.555
TRACE 1505264,81.31,82.00,0.557
TRACE 1507141,81.42,82.00,0.560
TRACE 1509019,81.53,82.00,0.562
TRACE 1510872,81.64,82.00,0.534
TRACE 1512738,81.75,82.00,0.506
TRACE 1514629,81.86,82.00,0.508
TRACE 1516518,81.96,82.50,0.466
TRACE 1518403,82.07,83.00,0.423
TRACE 1520269,82.18,83.00,0.425
TRACE 1522146,82.28,83.00,0.427
TRACE 1524027,82.38,83.00,0.430
TRACE 1525921,82.49,84.00,-0.498
TRACE 1527832,82.59,84.00,-0.495
TRACE 1529728,82.70,85.00,-0.553
TRACE 1531609,82.80,85.00,-0.521
TRACE 1533507,82.90,85.00,-0.518
TRACE 1535390,83.00,85.00,-0.516
TRACE 1537253,83.10,85.00,-0.513
TRACE 1539137,83.20,85.00,-0.451
TRACE 1541041,83.29,85.00,-0.449
TRACE 1542914,83.39,85.00,0.454
TRACE 1544787,83.49,85.00,0.456
TRACE 1546665,83.58,85.00,0.459
TRACE 1548542,83.68,85.00,0.461
TRACE 1550415,83.77,85.00,0.463
TRACE 1552270,83.86,85.00,0.465
TRACE 1554157,83.96,85.00,0.467
TRACE 1556047,84.05,85.00,0.469
TRACE 1557906,84.14,86.00,-0.460
TRACE 1559805,84.23,86.00,-0.457
TRACE 1561682,84.32,86.00,-0.455
TRACE 1563577,84.41,86.00,-0.453
TRACE 1565550,84.50,87.00,-0.541
TRACE 1567448,84.59,87.00,-0.539
TRACE 1569334,84.68,87.00,-0.537
TRACE 1571223,84.77,87.00,-0.475
TRACE 1573109,84.85,86.50,-0.428
TRACE 1575006,84.94,86.00,0.459
TRACE 1576880,85.02,86.00,0.461
TRACE 1578758,85.11,86.00,0.523
TRACE 1580651,85.19,86.00,0.525
TRACE 1582535,85.27,87.00,0.436
TRACE 1584422,85.35,87.00,0.438
TRACE 1586319,85.43,87.00,-0.430
TRACE 1588212,85.51,87.00,-0.459
TRACE 1590092,85.59,87.00,-0.457
TRACE 1591983,85.67,87.00,-0.455
TRACE 1593944,85.75,87.00,-0.453
TRACE 1595822,85.83,87.00,0.448
TRACE 1597706,85.91,87.00,0.450
TRACE 1599564,85.98,87.00,0.452
TRACE 1601451,86.06,87.00,0.453
TRACE 1603323,86.13,87.00,0.455
TRACE 1605204,86.21,87.00,0.456
TRACE 1607076,86.28,87.00,0.458
TRACE 1618226,86.70,87.00,0.466
TRACE 1620128,86.76,88.00,-0.438
TRACE 1622070,86.83,88.00,-0.436
TRACE 1624015,86.90,88.00,-0.435
TRACE 1625969,86.97,88.00,-0.434
TRACE 1627894,87.04,88.50,-0.465
TRACE 1629826,87.10,88.50,-0.463
TRACE 1631751,87.17,88.00,-0.454
TRACE 1633668,87.23,88.00,0.447
TRACE 1635604,87.30,88.00,0.448
TRACE 1637550,87.36,88.00,0.449
TRACE 1639484,87.42,88.00,0.450
TRACE 1641421,87.49,88.00,0.481
TRACE 1643333,87.55,88.00,0.482
TRACE 1645246,87.61,89.00,-0.055
TRACE 1647126,87.66,89.00,-0.055
TRACE 1648996,87.72,89.00,-0.054
TRACE 1650862,87.78,89.00,-0.053
TRACE 1652895,87.84,89.00,-0.052
TRACE 1654742,87.89,89.00,-0.051
TRACE 1656585,87.94,89.00,-0.050
TRACE 1658439,88.00,89.00,0.011
TRACE 1660290,88.05,89.00,0.012
TRACE 1662147,88.10,89.00,0.013
TRACE 1664023,88.15,89.00,0.013
TRACE 1665878,88.20,89.00,0.014
TRACE 1667756,88.25,89.00,0.015
TRACE 1669626,88.30,89.00,0.016
TRACE 1671492,88.35,89.00,0.017
TRACE 1673406,88.40,89.00,0.017
TRACE 1675270,88.44,89.00,0.018
TRACE 1677120,88.49,89.00,0.019
TRACE 1678995,88.54,89.00,0.020
TRACE 1680880,88.58,89.00,0.020
TRACE 1682761,88.63,89.00,0.021
TRACE 1684644,88.67,89.00,0.022
TRACE 1686524,88.71,89.00,0.022
TRACE 1688402,88.75,89.00,0.023
TRACE 1690294,88.80,89.00,0.023
TRACE 1692165,88.84,89.00,0.024
TRACE 1694029,88.88,89.00,0.024
TRACE 1695909,88.92,89.00,0.025
TRACE 1697774,88.95,89.00,0.025
TRACE 1699645,88.99,89.00,0.026
TRACE 1701511,89.03,89.00,0.026
TRACE 1703369,89.07,89.00,0.027
TRACE 1705239,89.10,89.00,0.027
TRACE 1707134,89.14,89.00,0.028
TRACE 1709008,89.17,89.00,0.028
TRACE 1710889,89.21,89.00,0.028
TRACE 1712760,89.24,89.00,0.029
TRACE 1714641,89.27,89.00,0.029
TRACE 1716506,89.30,89.00,0.029
TRACE 1718389,89.33,89.00,0.029
TRACE 1720259,89.36,89.00,0.030
TRACE 1722123,89.39,89.00,0.030
TRACE 1724005,89.42,89.00,0.030
TRACE 1725884,89.45,89.00,0.030
TRACE 1727772,89.48,89.00,0.030
TRACE 1729654,89.51,89.00,0.030
TRACE 1731519,89.53,89.00,0.031
TRACE 1733403,89.56,89.00,0.031
TRACE 1735243,89.58,89.00,0.031
TRACE 1737108,89.60,89.00,0.031
TRACE 1739003,89.63,89.00,0.031
TRACE 1740884,89.65,89.00,0.031
TRACE 1742756,89.67,89.00,0.031
TRACE 1744631,89.69,89.00,0.031
TRACE 1746495,89.71,89.00,0.031
TRACE 1748368,89.73,89.00,0.031
TRACE 1750239,89.75,89.00,0.030
TRACE 1752113,89.77,89.00,0.030
TRACE 1753977,89.79,89.00,0.030
TRACE 1755843,89.81,89.00,0.030
TRACE 1757717,89.82,89.00,0.030
TRACE 1759563,89.84,89.00,0.030
TRACE 1761432,89.85,89.00,0.029
TRACE 1763275,89.87,89.00,0.029
TRACE 1765157,89.88,89.00,0.029
TRACE 1767105,89.89,89.00,0.029
TRACE 1768977,89.90,89.00,0.028
TRACE 1770841,89.91,89.00,0.028
TRACE 1772692,89.93,89.00,0.028
TRACE 1774562,89.94,89.00,0.027
TRACE 1776435,89.94,89.00,0.027
TRACE 1778308,89.95,89.00,0.026
TRACE 1780177,89.96,89.00,0.026
TRACE 1791264,89.99,89.00,0.023
TRACE 1793170,90.00,89.00,0.022
TRACE 1795065,90.00,89.00,0.022
TRACE 1796951,90.00,89.00,0.021
TRACE 1798823,90.00,89.00,0.020
TRACE 1800708,90.00,89.00,0.030
TRACE 1802371,90.00,89.00,0.030
TRACE 1803987,90.00,89.00,0.030
TRACE 1805632,90.00,89.00,0.030
TRACE 1807263,90.00,89.00,0.030
TRACE 1808893,90.00,89.00,0.030
TRACE 1810537,90.00,89.00,0.030
TRACE 1812170,90.00,89.00,0.030
TRACE 1813802,90.00,89.00,0.030
TRACE 1815425,90.00,89.00,0.030
TRACE 1817051,90.00,89.00,0.030
TRACE 1818678,90.00,89.00,0.030
TRACE 1820298,90.00,89.00,0.030
TRACE 1821905,90.00,89.00,0.030
TRACE 1823529,90.00,89.00,0.030
TRACE 1825147,90.00,89.00,0.030
TRACE 1826780,90.00,89.00,0.030
TRACE 1828396,90.00,89.00,0.030
TRACE 1830027,90.00,89.00,0.030
TRACE 1831632,90.00,89.00,0.030
TRACE 1833300,90.00,89.00,0.030
TRACE 1834963,90.00,89.00,0.030
TRACE 1836581,90.00,89.00,0.030
TRACE 1838208,90.00,89.00,0.030
TRACE 1839820,90.00,89.00,0.030
TRACE 1841438,90.00,89.00,0.030
TRACE 1843050,90.00,89.00,0.030
TRACE 1844675,90.00,89.00,0.030
TRACE 1846300,90.00,89.00,0.030
TRACE 1847935,90.00,89.00,0.030
TRACE 1849548,90.00,89.00,0.030
TRACE 1851169,90.00,89.00,0.030
>>> 