arm_test.cmd_trace(arm, [])
TRACE t_us,ref_deg,pos_deg,duty
TRACE 919,-90.00,-90.00,0.470
TRACE 2856,-90.00,-90.00,0.471
TRACE 4690,-90.00,-90.00,0.472
TRACE 6486,-90.00,-90.00,0.472
TRACE 8279,-89.99,-90.00,0.473
TRACE 10081,-89.99,-90.00,0.474
TRACE 11874,-89.99,-90.00,0.475
TRACE 13672,-89.98,-90.00,0.475
TRACE 15476,-89.98,-89.50,-0.490
TRACE 17295,-89.97,-89.00,-0.536
TRACE 19093,-89.96,-89.00,-0.535
TRACE 20858,-89.96,-89.50,-0.488
TRACE 22627,-89.95,-90.00,0.480
TRACE 24425,-89.94,-90.00,0.481
TRACE 26223,-89.93,-90.00,0.482
TRACE 27985,-89.92,-90.00,0.514
TRACE 29756,-89.91,-90.00,0.548
TRACE 31530,-89.90,-90.00,0.549
TRACE 33305,-89.89,-90.00,0.517
TRACE 35065,-89.88,-90.00,0.486
TRACE 36833,-89.86,-90.00,0.487
TRACE 38648,-89.85,-89.00,-0.526
TRACE 40480,-89.84,-89.00,-0.525
TRACE 42272,-89.82,-89.00,-0.523
TRACE 44069,-89.81,-89.00,-0.522
TRACE 45845,-89.79,-89.00,-0.521
TRACE 47633,-89.77,-89.00,-0.520
TRACE 49413,-89.76,-90.00,0.495
TRACE 51182,-89.74,-90.00,0.560
TRACE 52950,-89.72,-90.00,0.562
TRACE 54722,-89.70,-90.00,0.563
TRACE 56483,-89.68,-90.50,0.612
TRACE 58228,-89.66,-90.00,0.566
TRACE 59984,-89.64,-90.00,0.567
TRACE 61876,-89.62,-90.00,0.504
TRACE 63631,-89.60,-90.00,0.505
TRACE 65393,-89.57,-89.00,-0.508
TRACE 67176,-89.55,-89.00,-0.507
TRACE 68971,-89.52,-89.00,-0.537
TRACE 70751,-89.50,-89.00,-0.503
TRACE 72526,-89.47,-89.00,-0.502
TRACE 74301,-89.45,-89.00,-0.501
TRACE 76077,-89.42,-89.00,-0.500
TRACE 77875,-89.39,-89.00,0.486
TRACE 79645,-89.37,-90.00,0.582
TRACE 81408,-89.34,-90.00,0.584
TRACE 83159,-89.31,-90.00,0.585
TRACE 84939,-89.28,-90.00,0.587
TRACE 86706,-89.25,-90.00,0.588
TRACE 88470,-89.22,-90.00,0.590
TRACE 90238,-89.19,-90.00,0.592
TRACE 92003,-89.15,-90.00,0.529
TRACE 93759,-89.12,-90.00,0.530
TRACE 95529,-89.09,-89.00,-0.483
TRACE 97311,-89.05,-89.00,-0.481
TRACE 99082,-89.02,-89.00,-0.480
TRACE 100858,-88.98,-89.00,-0.478
TRACE 102660,-88.95,-89.00,-0.476
TRACE 104456,-88.91,-89.00,-0.474
TRACE 106250,-88.87,-89.00,-0.472
TRACE 108047,-88.83,-89.00,0.514
TRACE 109820,-88.79,-90.00,0.610
TRACE 111595,-88.75,-90.00,0.611
TRACE 113359,-88.71,-90.00,0.613
TRACE 115130,-88.67,-90.00,0.615
TRACE 116900,-88.63,-90.00,0.617
TRACE 118656,-88.59,-90.00,0.619
TRACE 120449,-88.55,-90.00,0.621
TRACE 122229,-88.51,-90.00,0.559
TRACE 124018,-88.46,-89.50,0.514
TRACE 125797,-88.42,-89.00,0.468
TRACE 127575,-88.37,-89.00,0.470
TRACE 129426,-88.32,-89.00,0.473
TRACE 131170,-88.28,-89.00,0.475
TRACE 132954,-88.23,-88.50,-0.490
TRACE 134729,-88.18,-88.00,-0.535
TRACE 136520,-88.14,-88.00,-0.501
TRACE 138313,-88.09,-88.00,-0.467
TRACE 140097,-88.04,-88.00,-0.465
TRACE 141884,-87.99,-88.00,-0.463
TRACE 143678,-87.94,-88.00,-0.460
TRACE 145450,-87.88,-88.50,0.541
TRACE 147214,-87.83,-89.00,0.622
TRACE 148982,-87.78,-89.00,0.624
TRACE 150751,-87.73,-89.00,0.627
TRACE 152512,-87.67,-89.00,0.629
TRACE 154281,-87.62,-89.00,0.631
TRACE 156053,-87.56,-89.00,0.634
TRACE 157824,-87.51,-88.00,0.509
TRACE 159609,-87.45,-88.00,0.479
TRACE 161409,-87.39,-88.00,0.482
TRACE 163166,-87.34,-87.00,-0.530
TRACE 164972,-87.28,-87.00,-0.527
TRACE 166753,-87.22,-87.00,-0.525
TRACE 168525,-87.16,-86.50,-0.569
TRACE 170311,-87.10,-86.00,-0.550
TRACE 172100,-87.04,-86.00,-0.547
TRACE 173876,-86.98,-86.50,-0.498
TRACE 175671,-86.91,-87.00,0.536
TRACE 186780,-86.51,-88.00,0.619
TRACE 188558,-86.44,-89.00,0.688
TRACE 190346,-86.38,-89.00,0.709
TRACE 192103,-86.31,-89.00,0.730
TRACE 193889,-86.24,-89.00,0.733
TRACE 195679,-86.17,-89.00,0.717
TRACE 197451,-86.10,-88.00,0.635
TRACE 199211,-86.03,-88.00,0.601
TRACE 200988,-85.96,-88.00,0.539
TRACE 202780,-85.89,-87.00,-0.472
TRACE 204578,-85.81,-87.00,-0.469
TRACE 206354,-85.74,-87.00,-0.466
TRACE 208120,-85.67,-86.00,-0.558
TRACE 209922,-85.59,-86.00,-0.491
TRACE 211703,-85.52,-86.00,-0.487
TRACE 213488,-85.44,-86.00,-0.484
TRACE 215266,-85.37,-86.50,0.549
TRACE 217031,-85.29,-87.00,0.599
TRACE 218824,-85.21,-87.00,0.602
TRACE 220592,-85.13,-87.00,0.670
TRACE 222375,-85.05,-87.00,0.673
TRACE 224268,-84.97,-87.00,0.675
TRACE 226030,-84.89,-87.00,0.678
TRACE 227793,-84.81,-87.00,0.650
TRACE 229564,-84.73,-86.00,0.527
TRACE 231345,-84.65,-86.00,0.530
TRACE 233125,-84.57,-86.00,0.533
TRACE 234907,-84.48,-86.00,0.536
TRACE 236687,-84.40,-85.00,-0.476
TRACE 238470,-84.31,-85.00,-0.472
TRACE 240253,-84.23,-85.00,-0.469
TRACE 242059,-84.14,-85.00,0.519
TRACE 243821,-84.06,-84.50,0.475
TRACE 245575,-83.97,-84.50,0.478
TRACE 247408,-83.88,-84.50,0.482
TRACE 249173,-83.79,-85.00,0.596
TRACE 250971,-83.70,-84.00,0.505
TRACE 252721,-83.61,-84.00,0.508
TRACE 254500,-83.52,-84.00,0.512
TRACE 256293,-83.43,-84.00,0.547
TRACE 258050,-83.34,-83.00,-0.464
TRACE 259836,-83.25,-83.00,-0.460
TRACE 261632,-83.15,-83.00,-0.489
TRACE 263417,-83.06,-83.00,0.499
TRACE 265200,-82.97,-83.00,0.502
TRACE 266997,-82.87,-83.00,0.506
TRACE 268767,-82.78,-83.00,0.509
TRACE 270531,-82.68,-83.00,0.577
TRACE 272305,-82.59,-83.00,0.580
TRACE 274076,-82.49,-82.00,0.490
TRACE 275837,-82.39,-82.00,0.493
TRACE 277623,-82.29,-82.00,0.497
TRACE 279392,-82.19,-81.00,-0.514
TRACE 281177,-82.09,-81.00,-0.511
TRACE 282975,-81.99,-81.00,-0.506
TRACE 284740,-81.89,-81.00,-0.503
TRACE 286522,-81.79,-81.00,0.485
TRACE 288290,-81.69,-81.00,0.489
TRACE 290065,-81.59,-81.00,0.493
TRACE 291843,-81.48,-81.00,0.561
TRACE 293620,-81.38,-81.00,0.564
TRACE 295384,-81.27,-81.00,0.568
TRACE 297160,-81.17,-81.00,0.572
TRACE 298934,-81.06,-80.00,0.481
TRACE 300708,-80.96,-80.00,0.475
TRACE 302521,-80.85,-80.00,0.478
TRACE 304321,-80.74,-79.00,-0.532
TRACE 306138,-80.63,-79.00,-0.529
TRACE 307964,-80.52,-79.00,-0.525
TRACE 309785,-80.41,-79.00,-0.521
TRACE 311619,-80.30,-79.00,0.466
TRACE 313414,-80.20,-79.00,0.469
TRACE 315247,-80.09,-78.50,-0.494
TRACE 317070,-79.98,-78.00,-0.474
TRACE 318903,-79.87,-78.00,-0.471
TRACE 320702,-79.76,-78.00,-0.468
TRACE 322520,-79.65,-78.50,0.502
TRACE 324336,-79.54,-78.50,0.505
TRACE 326135,-79.43,-79.00,0.555
TRACE 327957,-79.32,-79.00,0.590
TRACE 329774,-79.21,-78.50,0.578
TRACE 331602,-79.10,-78.00,0.535
TRACE 333412,-79.00,-78.00,0.538
TRACE 335219,-78.89,-78.00,0.510
TRACE 337047,-78.78,-78.00,0.513
TRACE 338854,-78.67,-77.00,-0.528
TRACE 340682,-78.56,-77.00,-0.525
TRACE 342499,-78.45,-77.00,-0.490
TRACE 344395,-78.34,-77.00,0.465
TRACE 346220,-78.23,-77.00,0.469
TRACE 348018,-78.12,-77.00,0.472
TRACE 349819,-78.01,-77.00,0.475
TRACE 351620,-77.90,-76.50,0.495
TRACE 353433,-77.79,-76.00,-0.469
TRACE 355256,-77.68,-76.00,-0.465
TRACE 357062,-77.58,-76.00,-0.462
TRACE 358890,-77.47,-76.00,0.461
TRACE 370024,-76.80,-78.00,0.640
TRACE 371837,-76.69,-78.00,0.644
TRACE 373653,-76.58,-78.00,0.665
TRACE 375473,-76.47,-78.00,0.686
TRACE 377267,-76.36,-78.00,0.690
TRACE 379085,-76.25,-78.00,0.693
TRACE 380890,-76.15,-78.00,0.696
TRACE 382712,-76.04,-78.00,0.627
TRACE 384536,-75.93,-78.00,0.630
TRACE 386340,-75.82,-78.00,0.633
TRACE 388149,-75.71,-77.00,0.544
TRACE 389964,-75.60,-77.00,0.547
TRACE 391776,-75.49,-77.00,0.550
TRACE 393603,-75.38,-76.50,0.507
TRACE 395387,-75.28,-76.00,0.463
TRACE 397186,-75.17,-76.00,0.466
TRACE 398987,-75.06,-75.00,-0.544
TRACE 400817,-74.95,-75.00,-0.477
TRACE 402640,-74.84,-75.00,-0.473
TRACE 404446,-74.73,-74.00,-0.563
TRACE 406395,-74.62,-74.00,-0.527
TRACE 408201,-74.51,-74.50,0.474
TRACE 410029,-74.40,-75.00,0.524
TRACE 411847,-74.29,-75.00,0.589
TRACE 413650,-74.18,-75.00,0.593
TRACE 415448,-74.07,-75.00,0.596
TRACE 417259,-73.96,-75.00,0.662
TRACE 419064,-73.86,-75.00,0.665
TRACE 420869,-73.75,-75.00,0.637
TRACE 422696,-73.64,-75.00,0.609
TRACE 424495,-73.53,-75.00,0.612
TRACE 426289,-73.42,-75.00,0.615
TRACE 428116,-73.31,-74.00,0.525
TRACE 429952,-73.20,-74.00,0.529
TRACE 431756,-73.09,-74.00,0.532
TRACE 433536,-72.99,-73.00,-0.478
TRACE 435378,-72.88,-73.00,-0.474
TRACE 437200,-72.77,-73.00,-0.471
TRACE 439008,-72.66,-73.00,-0.468
TRACE 440829,-72.55,-72.50,0.472
TRACE 442650,-72.44,-73.00,0.522
TRACE 444446,-72.33,-73.00,0.525
TRACE 446259,-72.22,-73.00,0.591
TRACE 448056,-72.12,-72.50,0.548
TRACE 449862,-72.01,-72.00,0.505
TRACE 451662,-71.90,-72.00,0.508
TRACE 453468,-71.79,-72.00,0.543
TRACE 455283,-71.68,-71.00,-0.499
TRACE 457115,-71.57,-71.00,-0.495
TRACE 458928,-71.46,-71.00,-0.492
TRACE 460748,-71.36,-71.00,0.463
TRACE 462552,-71.25,-71.00,0.498
TRACE 464368,-71.14,-71.00,0.501
TRACE 466169,-71.03,-71.00,0.504
TRACE 467986,-70.92,-71.00,0.570
TRACE 469777,-70.81,-71.00,0.574
TRACE 471600,-70.70,-70.50,0.530
TRACE 473400,-70.60,-70.00,0.487
TRACE 475195,-70.49,-70.00,0.490
TRACE 476992,-70.38,-69.00,-0.520
TRACE 478828,-70.27,-69.00,-0.517
TRACE 480637,-70.16,-69.00,-0.513
TRACE 482446,-70.05,-69.00,-0.510
TRACE 484262,-69.94,-69.00,-0.475
TRACE 486074,-69.84,-69.00,0.480
TRACE 487889,-69.73,-69.00,0.483
TRACE 489724,-69.62,-69.00,0.550
TRACE 491540,-69.51,-68.50,0.506
TRACE 493355,-69.40,-68.00,0.463
TRACE 495203,-69.29,-68.00,0.467
TRACE 497042,-69.18,-68.00,0.470
TRACE 498844,-69.07,-68.00,0.473
TRACE 500648,-68.96,-68.00,0.476
TRACE 502471,-68.85,-67.50,-0.487
TRACE 504308,-68.74,-67.00,-0.498
TRACE 506121,-68.63,-67.00,-0.464
TRACE 507938,-68.52,-67.00,-0.461
TRACE 509768,-68.41,-67.00,0.463
TRACE 511563,-68.31,-67.00,0.466
TRACE 513376,-68.20,-67.00,0.469
TRACE 515185,-68.09,-67.00,0.504
TRACE 517005,-67.98,-67.00,0.539
TRACE 518794,-67.87,-67.00,0.542
TRACE 520602,-67.76,-66.50,0.498
TRACE 522416,-67.66,-66.00,-0.465
TRACE 524295,-67.54,-66.00,-0.461
TRACE 526133,-67.43,-66.00,0.462
TRACE 527943,-67.32,-66.00,0.466
TRACE 529751,-67.21,-66.00,0.469
TRACE 531573,-67.11,-66.00,0.472
TRACE 533379,-67.00,-66.00,0.507
TRACE 535194,-66.89,-66.00,0.541
TRACE 537004,-66.78,-66.00,0.545
TRACE 538834,-66.67,-66.00,0.548
TRACE 549905,-66.01,-65.00,0.501
TRACE 551708,-65.90,-65.00,0.505
TRACE 553509,-65.79,-64.50,0.475
TRACE 555319,-65.68,-64.00,-0.475
TRACE 557138,-65.57,-64.00,-0.472
TRACE 558974,-65.46,-63.00,-0.535
TRACE 560798,-65.35,-63.00,-0.532
TRACE 562637,-65.24,-63.00,-0.545
TRACE 564460,-65.13,-63.00,-0.541
TRACE 566308,-65.02,-63.00,-0.506
TRACE 568144,-64.91,-63.00,-0.472
TRACE 569965,-64.80,-63.50,0.498
TRACE 571799,-64.69,-64.00,0.610
TRACE 573607,-64.58,-64.00,0.613
TRACE 575418,-64.47,-64.00,0.616
TRACE 577217,-64.37,-64.00,0.620
TRACE 579020,-64.26,-63.50,0.577
TRACE 580827,-64.15,-63.00,0.533
TRACE 582653,-64.04,-63.00,0.505
TRACE 584465,-63.93,-63.00,0.477
TRACE 586401,-63.82,-62.50,-0.485
TRACE 588224,-63.71,-62.00,-0.528
TRACE 590047,-63.60,-62.00,-0.525
TRACE 591853,-63.49,-61.00,-0.583
TRACE 593677,-63.38,-61.00,-0.548
TRACE 595507,-63.27,-61.00,-0.545
TRACE 597326,-63.16,-61.50,-0.495
TRACE 599146,-63.05,-62.00,0.505
TRACE 600933,-62.94,-62.00,0.540
TRACE 602752,-62.83,-62.00,0.543
TRACE 604551,-62.73,-62.00,0.609
TRACE 606351,-62.62,-62.00,0.613
TRACE 608216,-62.51,-62.00,0.616
TRACE 610048,-62.40,-61.50,0.541
TRACE 611840,-62.29,-61.00,0.466
TRACE 613651,-62.18,-61.00,0.470
TRACE 615462,-62.07,-61.00,0.473
TRACE 617283,-61.96,-61.00,0.476
TRACE 619082,-61.86,-60.00,-0.533
TRACE 620898,-61.75,-60.00,-0.531
TRACE 622731,-61.64,-59.50,-0.542
TRACE 624554,-61.53,-59.00,-0.554
TRACE 626368,-61.42,-59.00,-0.550
TRACE 628176,-61.31,-59.50,-0.501
TRACE 629981,-61.20,-60.00,0.469
TRACE 631811,-61.09,-60.00,0.535
TRACE 633611,-60.98,-60.00,0.538
TRACE 635410,-60.88,-60.00,0.573
TRACE 637222,-60.77,-60.00,0.608
TRACE 639041,-60.66,-60.00,0.611
TRACE 640846,-60.55,-60.00,0.583
TRACE 642660,-60.44,-60.00,0.555
TRACE 644466,-60.33,-60.00,0.558
TRACE 646265,-60.22,-59.00,0.468
TRACE 648064,-60.12,-59.00,0.471
TRACE 649884,-60.01,-59.00,0.475
TRACE 651695,-59.90,-59.00,0.478
TRACE 653484,-59.79,-58.00,-0.532
TRACE 655308,-59.68,-58.00,-0.529
TRACE 657160,-59.57,-58.00,-0.525
TRACE 658970,-59.46,-57.00,-0.552
TRACE 660780,-59.35,-57.00,-0.548
TRACE 662599,-59.24,-57.00,-0.545
TRACE 664423,-59.13,-58.00,0.471
TRACE 666223,-59.03,-58.00,0.537
TRACE 668027,-58.92,-58.00,0.540
TRACE 669841,-58.81,-58.00,0.544
TRACE 671635,-58.70,-58.00,0.610
TRACE 673552,-58.59,-58.00,0.613
TRACE 675371,-58.48,-58.00,0.616
TRACE 677164,-58.37,-58.00,0.557
TRACE 678962,-58.26,-58.00,0.560
TRACE 680787,-58.15,-58.00,0.563
TRACE 682607,-58.04,-58.00,0.567
TRACE 684417,-57.93,-58.00,0.570
TRACE 686204,-57.83,-58.00,0.573
TRACE 688017,-57.72,-57.00,0.483
TRACE 689816,-57.61,-57.00,0.486
TRACE 691619,-57.50,-57.00,0.490
TRACE 693418,-57.39,-57.00,0.493
TRACE 695230,-57.29,-56.00,-0.517
TRACE 697056,-57.18,-56.00,-0.514
TRACE 698887,-57.07,-56.00,-0.510
TRACE 700711,-56.96,-55.00,-0.537
TRACE 702538,-56.85,-55.00,-0.533
TRACE 704380,-56.74,-55.00,-0.529
TRACE 706203,-56.63,-55.00,-0.526
TRACE 708015,-56.52,-55.00,-0.460
TRACE 709840,-56.41,-55.50,0.509
TRACE 711655,-56.30,-56.00,0.559
TRACE 713453,-56.19,-56.00,0.625
TRACE 715255,-56.08,-56.00,0.628
TRACE 717096,-55.97,-55.50,0.585
TRACE 728157,-55.31,-54.00,0.492
TRACE 729977,-55.20,-53.00,-0.491
TRACE 731821,-55.09,-53.00,-0.506
TRACE 733670,-54.98,-52.50,-0.554
TRACE 735493,-54.87,-52.00,-0.583
TRACE 737325,-54.76,-52.00,-0.580
TRACE 739155,-54.65,-52.00,-0.558
TRACE 740989,-54.54,-52.00,-0.553
TRACE 742820,-54.43,-52.00,-0.487
TRACE 744671,-54.32,-52.00,-0.484
TRACE 746526,-54.21,-52.00,0.471
TRACE 748340,-54.10,-52.00,0.505
TRACE 750157,-53.99,-52.50,0.554
TRACE 751988,-53.88,-52.50,0.558
TRACE 753803,-53.77,-52.00,0.515
TRACE 755627,-53.66,-52.00,0.518
TRACE 757442,-53.55,-52.00,0.521
TRACE 759242,-53.45,-52.00,0.525
TRACE 761044,-53.34,-51.00,-0.485
TRACE 762868,-53.23,-51.00,-0.513
TRACE 764819,-53.11,-51.00,-0.509
TRACE 766626,-53.00,-51.00,-0.474
TRACE 768450,-52.89,-51.00,-0.471
TRACE 770282,-52.78,-51.00,-0.468
TRACE 772088,-52.67,-51.00,-0.465
TRACE 773909,-52.57,-51.00,0.521
TRACE 775725,-52.46,-51.00,0.524
TRACE 777531,-52.35,-51.00,0.528
TRACE 779328,-52.24,-51.50,0.577
TRACE 781153,-52.13,-52.00,0.627
TRACE 782955,-52.02,-52.00,0.630
TRACE 784767,-51.91,-51.50,0.587
TRACE 786667,-51.80,-51.00,0.544
TRACE 788471,-51.69,-51.00,0.547
TRACE 790275,-51.58,-51.00,0.550
TRACE 792079,-51.48,-51.00,0.522
TRACE 793887,-51.37,-51.00,0.494
TRACE 795683,-51.26,-51.00,0.497
TRACE 797495,-51.15,-51.00,0.532
TRACE 799299,-51.04,-50.00,0.473
TRACE 801102,-50.93,-50.00,0.477
TRACE 802906,-50.83,-50.00,0.480
TRACE 804723,-50.72,-49.00,-0.530
TRACE 806558,-50.61,-49.00,-0.526
TRACE 808405,-50.50,-49.00,-0.523
TRACE 810235,-50.39,-49.00,-0.519
TRACE 812062,-50.28,-48.50,-0.499
TRACE 813890,-50.17,-48.50,-0.496
TRACE 815719,-50.06,-48.50,-0.492
TRACE 817536,-49.95,-49.00,0.540
TRACE 819347,-49.84,-49.00,0.543
TRACE 821154,-49.73,-49.00,0.546
TRACE 822977,-49.62,-49.00,0.549
TRACE 824819,-49.51,-48.50,0.538
TRACE 826631,-49.40,-48.00,0.495
TRACE 828438,-49.29,-48.00,0.498
TRACE 830251,-49.18,-48.00,0.470
TRACE 832066,-49.08,-48.00,0.473
TRACE 833868,-48.97,-47.00,-0.537
TRACE 835697,-48.86,-47.00,-0.534
TRACE 837533,-48.75,-47.00,-0.499
TRACE 839346,-48.64,-47.00,-0.464
TRACE 841175,-48.53,-47.00,-0.461
TRACE 843002,-48.42,-47.00,0.463
TRACE 844821,-48.31,-47.00,0.466
TRACE 846633,-48.20,-47.00,0.532
TRACE 848461,-48.09,-47.00,0.535
TRACE 850262,-47.98,-47.00,0.538
TRACE 852112,-47.87,-47.00,0.542
TRACE 853943,-47.76,-46.50,0.499
TRACE 855751,-47.65,-46.00,-0.464
TRACE 857561,-47.55,-46.00,-0.461
TRACE 859381,-47.44,-46.00,0.462
TRACE 861201,-47.33,-46.00,0.465
TRACE 863008,-47.22,-46.00,0.469
TRACE 864827,-47.11,-46.00,0.472
TRACE 866632,-47.00,-46.00,0.506
TRACE 868454,-46.89,-46.00,0.541
TRACE 870235,-46.79,-46.00,0.544
TRACE 872055,-46.68,-46.00,0.548
TRACE 873868,-46.57,-46.00,0.551
TRACE 875670,-46.46,-46.00,0.554
TRACE 877461,-46.35,-46.00,0.557
TRACE 879254,-46.24,-46.00,0.561
TRACE 881056,-46.14,-45.00,0.470
TRACE 882978,-46.02,-45.00,0.475
TRACE 884791,-45.91,-45.00,0.478
TRACE 886597,-45.80,-44.50,-0.485
TRACE 888408,-45.70,-44.00,-0.528
TRACE 890232,-45.59,-44.00,-0.525
TRACE 892034,-45.48,-44.00,-0.522
TRACE 893852,-45.37,-44.00,0.464
TRACE 895668,-45.26,-44.00,0.467
TRACE 897477,-45.15,-43.00,-0.543
TRACE 908605,-44.48,-43.00,0.469
TRACE 910430,-44.37,-43.00,0.490
TRACE 912253,-44.26,-43.00,0.494
TRACE 914064,-44.16,-43.00,0.497
TRACE 915895,-44.05,-43.00,0.500
TRACE 917707,-43.94,-42.50,0.470
TRACE 919548,-43.83,-42.00,0.477
TRACE 921361,-43.72,-42.00,-0.466
TRACE 923205,-43.61,-42.00,-0.463
TRACE 925036,-43.50,-41.00,-0.552
TRACE 926855,-43.39,-41.00,-0.549
TRACE 928679,-43.28,-41.00,-0.546
TRACE 930535,-43.17,-41.00,-0.511
TRACE 932377,-43.06,-41.50,0.490
TRACE 934185,-42.95,-42.00,0.540
TRACE 935995,-42.84,-42.00,0.543
TRACE 937816,-42.73,-42.00,0.609
TRACE 939638,-42.62,-42.00,0.612
TRACE 941455,-42.51,-42.00,0.615
TRACE 943260,-42.40,-42.00,0.619
TRACE 945111,-42.29,-41.00,0.498
TRACE 946914,-42.19,-41.00,0.470
TRACE 948748,-42.08,-41.00,0.473
TRACE 950554,-41.97,-41.00,0.476
TRACE 952362,-41.86,-40.00,-0.533
TRACE 954200,-41.75,-40.00,-0.530
TRACE 956021,-41.64,-39.50,-0.573
TRACE 957827,-41.53,-39.00,-0.554
TRACE 959644,-41.42,-39.00,-0.550
TRACE 961461,-41.31,-39.00,-0.547
TRACE 963292,-41.20,-40.00,0.469
TRACE 965102,-41.09,-40.00,0.535
TRACE 966933,-40.98,-40.00,0.538
TRACE 968751,-40.87,-40.00,0.573
TRACE 970562,-40.77,-40.00,0.608
TRACE 972374,-40.66,-40.00,0.611
TRACE 974182,-40.55,-40.00,0.614
TRACE 975996,-40.44,-40.00,0.555
TRACE 977806,-40.33,-40.00,0.558
TRACE 979619,-40.22,-39.00,0.468
TRACE 981417,-40.11,-39.00,0.471
TRACE 983220,-40.01,-39.00,0.475
TRACE 985042,-39.90,-39.00,0.478
TRACE 986843,-39.79,-38.00,-0.532
TRACE 988668,-39.68,-38.00,-0.529
TRACE 990504,-39.57,-38.00,-0.525
TRACE 992331,-39.46,-37.00,-0.552
TRACE 994124,-39.35,-37.00,-0.548
TRACE 995939,-39.24,-37.50,-0.499
TRACE 997771,-39.13,-38.00,0.471
TRACE 999591,-39.02,-38.00,0.537
TRACE 1001389,-38.92,-38.00,0.541
TRACE 1003180,-38.81,-38.00,0.544
TRACE 1004996,-38.70,-38.00,0.610
TRACE 1006789,-38.59,-38.00,0.613
TRACE 1008606,-38.48,-38.00,0.585
TRACE 1010406,-38.38,-38.00,0.557
TRACE 1012211,-38.27,-38.00,0.560
TRACE 1014018,-38.16,-38.00,0.563
TRACE 1015826,-38.05,-38.00,0.566
TRACE 1017616,-37.94,-38.00,0.570
TRACE 1019407,-37.84,-37.00,0.480
TRACE 1021228,-37.73,-37.00,0.483
TRACE 1023016,-37.62,-37.00,0.486
TRACE 1024810,-37.51,-36.50,-0.478
TRACE 1026637,-37.40,-36.00,-0.521
TRACE 1028452,-37.29,-36.00,-0.518
TRACE 1030246,-37.19,-36.00,-0.514
TRACE 1032209,-37.07,-36.00,0.473
TRACE 1034011,-36.96,-36.00,0.477
TRACE 1035822,-36.85,-36.00,0.480
TRACE 1037633,-36.74,-36.00,0.515
TRACE 1039463,-36.63,-35.00,-0.463
TRACE 1041285,-36.52,-35.00,-0.460
TRACE 1043108,-36.41,-35.00,0.463
TRACE 1044904,-36.31,-35.00,0.466
TRACE 1046714,-36.20,-35.00,0.469
TRACE 1048546,-36.09,-35.00,0.473
TRACE 1050356,-35.98,-35.00,0.476
TRACE 1052157,-35.87,-35.00,0.542
TRACE 1053975,-35.76,-34.50,0.499
TRACE 1055772,-35.65,-34.50,0.502
TRACE 1057591,-35.54,-34.00,-0.461
TRACE 1059400,-35.44,-34.00,0.462
TRACE 1061204,-35.33,-34.00,0.465
TRACE 1063033,-35.22,-34.00,0.468
TRACE 1064848,-35.11,-33.00,-0.541
TRACE 1066648,-35.00,-33.00,-0.507
TRACE 1068463,-34.89,-33.00,-0.503
TRACE 1070290,-34.78,-33.00,-0.468
TRACE 1072115,-34.67,-33.00,-0.465
TRACE 1073928,-34.56,-33.00,-0.462
TRACE 1075764,-34.45,-33.00,0.462
TRACE 1086860,-33.79,-35.00,0.677
TRACE 1088684,-33.68,-35.00,0.680
TRACE 1090472,-33.57,-35.00,0.684
TRACE 1092276,-33.46,-35.00,0.687
TRACE 1094113,-33.35,-35.00,0.690
TRACE 1095941,-33.24,-35.00,0.693
TRACE 1097757,-33.13,-35.00,0.697
TRACE 1099577,-33.03,-35.00,0.627
TRACE 1101378,-32.92,-34.00,0.537
TRACE 1103187,-32.81,-34.00,0.541
TRACE 1104982,-32.70,-33.00,-0.469
TRACE 1106812,-32.59,-33.00,-0.466
TRACE 1108626,-32.48,-33.00,-0.463
TRACE 1110447,-32.37,-32.50,-0.506
TRACE 1112263,-32.26,-32.00,-0.549
TRACE 1114077,-32.16,-32.00,-0.483
TRACE 1115893,-32.05,-32.00,-0.479
TRACE 1117710,-31.94,-32.50,0.553
TRACE 1119509,-31.83,-33.00,0.603
TRACE 1121322,-31.72,-33.00,0.606
TRACE 1123265,-31.60,-33.00,0.641
TRACE 1125081,-31.50,-33.00,0.676
TRACE 1126895,-31.39,-33.00,0.679
TRACE 1128694,-31.28,-32.00,0.590
TRACE 1130503,-31.17,-32.00,0.562
TRACE 1132321,-31.06,-32.00,0.534
TRACE 1134134,-30.95,-31.00,-0.475
TRACE 1135956,-30.84,-31.00,-0.473
TRACE 1137773,-30.73,-31.00,-0.470
TRACE 1139601,-30.62,-31.00,-0.467
TRACE 1141410,-30.52,-31.00,0.520
TRACE 1143218,-30.41,-30.50,0.476
TRACE 1145108,-30.29,-30.50,0.480
TRACE 1146919,-30.18,-30.00,0.500
TRACE 1148731,-30.08,-30.00,0.503
TRACE 1150542,-29.97,-30.00,0.506
TRACE 1152354,-29.86,-29.50,0.463
TRACE 1154162,-29.75,-29.00,-0.500
TRACE 1155974,-29.64,-29.00,-0.465
TRACE 1157793,-29.53,-29.00,-0.463
TRACE 1159628,-29.42,-29.00,0.492
TRACE 1161424,-29.31,-29.00,0.496
TRACE 1163245,-29.21,-29.00,0.499
TRACE 1165046,-29.10,-29.00,0.534
TRACE 1166855,-28.99,-29.00,0.568
TRACE 1168658,-28.88,-28.00,0.479
TRACE 1170477,-28.77,-28.00,0.482
TRACE 1172273,-28.66,-28.00,0.485
TRACE 1174075,-28.56,-27.00,-0.525
TRACE 1175898,-28.45,-27.00,-0.522
TRACE 1177717,-28.34,-27.00,-0.518
TRACE 1179538,-28.23,-27.00,-0.515
TRACE 1181335,-28.12,-27.00,0.471
TRACE 1183132,-28.01,-27.00,0.474
TRACE 1184929,-27.90,-27.00,0.478
TRACE 1186742,-27.80,-27.00,0.544
TRACE 1188559,-27.69,-26.50,0.501
TRACE 1190374,-27.58,-26.50,0.504
TRACE 1192170,-27.47,-26.00,0.461
TRACE 1193988,-27.36,-26.00,0.464
TRACE 1195806,-27.25,-26.00,0.467
TRACE 1197616,-27.14,-26.00,0.471
TRACE 1199417,-27.03,-26.00,0.474
TRACE 1201228,-26.93,-26.00,0.509
TRACE 1203040,-26.82,-25.00,-0.501
TRACE 1204862,-26.71,-25.00,-0.466
TRACE 1206689,-26.60,-25.00,-0.463
TRACE 1208523,-26.49,-25.00,0.460
TRACE 1210323,-26.38,-25.00,0.464
TRACE 1212166,-26.27,-25.00,0.467
TRACE 1213960,-26.16,-25.00,0.470
TRACE 1215767,-26.05,-25.00,0.536
TRACE 1217583,-25.95,-25.00,0.540
TRACE 1219379,-25.84,-25.00,0.543
TRACE 1221178,-25.73,-25.00,0.546
TRACE 1222991,-25.62,-24.50,0.503
TRACE 1224803,-25.51,-24.00,-0.461
TRACE 1226614,-25.40,-24.00,0.463
TRACE 1228439,-25.29,-24.00,0.466
TRACE 1230239,-25.19,-24.00,0.469
TRACE 1232061,-25.08,-24.00,0.473
TRACE 1233864,-24.97,-24.00,0.476
TRACE 1235675,-24.86,-23.00,-0.502
TRACE 1237476,-24.75,-23.00,-0.468
TRACE 1239299,-24.64,-23.00,-0.464
TRACE 1241224,-24.53,-23.00,-0.460
TRACE 1243055,-24.42,-23.00,0.463
TRACE 1244850,-24.31,-23.00,0.466
TRACE 1246651,-24.20,-23.00,0.469
TRACE 1248479,-24.09,-23.00,0.535
TRACE 1250285,-23.98,-23.00,0.539
TRACE 1252087,-23.87,-23.00,0.542
TRACE 1253906,-23.77,-23.00,0.545
TRACE 1255721,-23.66,-23.00,0.548
TRACE 1266798,-22.99,-22.00,0.502
TRACE 1268615,-22.88,-22.00,0.505
TRACE 1270442,-22.77,-22.00,0.508
TRACE 1272245,-22.67,-21.00,-0.475
TRACE 1274069,-22.56,-21.00,-0.471
TRACE 1275924,-22.44,-21.00,-0.468
TRACE 1277738,-22.34,-21.00,-0.465
TRACE 1279561,-22.23,-21.00,0.469
TRACE 1281388,-22.12,-21.00,0.472
TRACE 1283205,-22.01,-21.00,0.475
TRACE 1285024,-21.90,-21.00,0.541
TRACE 1286838,-21.79,-20.00,-0.468
TRACE 1288684,-21.68,-20.00,-0.465
TRACE 1290531,-21.57,-20.00,-0.462
TRACE 1292355,-21.46,-20.00,0.462
TRACE 1294171,-21.35,-20.00,0.465
TRACE 1295975,-21.24,-20.00,0.468
TRACE 1297781,-21.13,-20.00,0.471
TRACE 1299607,-21.02,-20.00,0.537
TRACE 1301424,-20.91,-20.00,0.541
TRACE 1303408,-20.80,-20.00,0.544
TRACE 1305207,-20.69,-19.50,0.501
TRACE 1307034,-20.58,-19.00,-0.462
TRACE 1308845,-20.47,-19.00,0.462
TRACE 1310649,-20.36,-19.00,0.465
TRACE 1312467,-20.25,-19.00,0.468
TRACE 1314273,-20.14,-19.00,0.471
TRACE 1316072,-20.04,-19.00,0.474
TRACE 1317866,-19.93,-19.00,0.509
TRACE 1319663,-19.82,-19.00,0.543
TRACE 1321481,-19.71,-19.00,0.547
TRACE 1323292,-19.60,-18.00,-0.463
TRACE 1325245,-19.49,-18.00,0.461
TRACE 1327056,-19.38,-18.00,0.464
TRACE 1328862,-19.27,-17.50,-0.499
TRACE 1330690,-19.16,-17.00,-0.542
TRACE 1332512,-19.05,-17.00,-0.538
TRACE 1334344,-18.94,-17.00,-0.535
TRACE 1336180,-18.83,-17.00,-0.469
TRACE 1338002,-18.72,-17.00,-0.466
TRACE 1339806,-18.61,-17.00,-0.463
TRACE 1341618,-18.50,-17.00,0.492
TRACE 1343425,-18.39,-17.00,0.526
TRACE 1345215,-18.29,-17.00,0.529
TRACE 1347037,-18.18,-17.00,0.533
TRACE 1348853,-18.07,-17.00,0.536
TRACE 1350658,-17.96,-17.00,0.539
TRACE 1352451,-17.85,-16.50,0.496
TRACE 1354270,-17.74,-16.00,-0.468
TRACE 1356079,-17.64,-16.00,-0.464
TRACE 1357886,-17.53,-16.00,-0.461
TRACE 1359724,-17.42,-16.00,0.462
TRACE 1361528,-17.31,-16.00,0.466
TRACE 1363332,-17.20,-16.00,0.469
TRACE 1365149,-17.09,-15.50,-0.463
TRACE 1366966,-16.98,-15.00,-0.474
TRACE 1368756,-16.87,-15.00,-0.471
TRACE 1370602,-16.76,-15.00,-0.468
TRACE 1372427,-16.65,-15.00,-0.465
TRACE 1374255,-16.54,-15.00,-0.461
TRACE 1376081,-16.44,-15.00,0.462
TRACE 1377886,-16.33,-15.00,0.497
TRACE 1379710,-16.22,-15.00,0.531
TRACE 1381512,-16.11,-15.00,0.535
TRACE 1383325,-16.00,-15.00,0.538
TRACE 1385138,-15.89,-15.00,0.541
TRACE 1386932,-15.78,-15.00,0.544
TRACE 1388732,-15.68,-15.00,0.548
TRACE 1390618,-15.56,-14.00,-0.462
TRACE 1392441,-15.45,-14.00,0.462
TRACE 1394246,-15.35,-14.00,0.465
TRACE 1396068,-15.24,-14.00,0.468
TRACE 1397880,-15.13,-13.00,-0.541
TRACE 1399701,-15.02,-13.00,-0.538
TRACE 1401520,-14.91,-13.00,-0.534
TRACE 1403344,-14.80,-13.00,-0.469
TRACE 1405167,-14.69,-13.00,-0.466
TRACE 1406977,-14.58,-13.00,-0.462
TRACE 1408816,-14.47,-13.00,0.461
TRACE 1410613,-14.36,-13.50,0.574
TRACE 1412419,-14.25,-14.00,0.623
TRACE 1414213,-14.15,-14.00,0.627
TRACE 1416030,-14.04,-14.00,0.630
TRACE 1417840,-13.93,-14.00,0.633
TRACE 1419669,-13.82,-13.00,0.543
TRACE 1421490,-13.71,-13.00,0.547
TRACE 1423296,-13.60,-13.00,0.518
TRACE 1425091,-13.49,-13.00,0.490
TRACE 1426913,-13.39,-12.00,-0.520
TRACE 1428735,-13.28,-12.00,-0.516
TRACE 1430565,-13.17,-12.00,-0.513
TRACE 1432386,-13.06,-11.00,-0.540
TRACE 1434212,-12.95,-11.00,-0.536
TRACE 1445290,-12.28,-12.50,0.556
TRACE 1447110,-12.17,-13.00,0.593
TRACE 1448936,-12.06,-13.00,0.632
TRACE 1450762,-11.95,-13.00,0.636
TRACE 1452569,-11.85,-13.00,0.639
TRACE 1454387,-11.74,-13.00,0.679
TRACE 1456184,-11.63,-13.00,0.682
TRACE 1457993,-11.52,-13.00,0.644
TRACE 1459827,-11.41,-13.00,0.616
TRACE 1461652,-11.30,-13.00,0.619
TRACE 1463479,-11.19,-13.00,0.622
TRACE 1465287,-11.08,-13.00,0.626
TRACE 1467091,-10.97,-12.00,0.536
TRACE 1468914,-10.87,-12.00,0.539
TRACE 1470710,-10.76,-12.00,0.542
TRACE 1472532,-10.65,-11.00,-0.467
TRACE 1474329,-10.54,-11.00,-0.464
TRACE 1476157,-10.43,-11.00,-0.461
TRACE 1478011,-10.32,-10.50,-0.504
TRACE 1479819,-10.21,-10.00,-0.484
TRACE 1481656,-10.10,-10.00,-0.481
TRACE 1483525,-9.99,-10.00,-0.477
TRACE 1485345,-9.88,-10.00,0.509
TRACE 1487144,-9.77,-10.00,0.512
TRACE 1488938,-9.66,-10.00,0.515
TRACE 1490777,-9.55,-10.00,0.550
TRACE 1492579,-9.45,-10.00,0.585
TRACE 1494383,-9.34,-10.00,0.588
TRACE 1496197,-9.23,-10.00,0.591
TRACE 1498001,-9.12,-10.00,0.594
TRACE 1499805,-9.01,-9.00,0.504
TRACE 1501605,-8.90,-9.00,0.497
TRACE 1503484,-8.79,-9.00,0.500
TRACE 1505378,-8.68,-9.00,0.503
TRACE 1507239,-8.57,-8.50,-0.460
TRACE 1509112,-8.46,-8.00,-0.503
TRACE 1510978,-8.35,-8.00,-0.500
TRACE 1512859,-8.24,-8.00,0.485
TRACE 1514742,-8.14,-8.00,0.488
TRACE 1516617,-8.03,-8.00,0.490
TRACE 1518483,-7.93,-8.00,0.493
TRACE 1520367,-7.82,-8.00,0.526
TRACE 1522235,-7.72,-7.00,0.468
TRACE 1524102,-7.61,-7.00,0.470
TRACE 1525961,-7.51,-7.00,0.472
TRACE 1527842,-7.41,-7.00,0.475
TRACE 1529716,-7.31,-6.00,-0.534
TRACE 1531592,-7.20,-6.00,-0.532
TRACE 1533486,-7.10,-6.00,-0.529
TRACE 1535370,-7.00,-6.00,-0.466
TRACE 1537239,-6.90,-6.00,-0.463
TRACE 1539123,-6.81,-6.00,-0.461
TRACE 1541004,-6.71,-6.00,0.461
TRACE 1542879,-6.61,-6.00,0.524
TRACE 1544762,-6.51,-6.00,0.526
TRACE 1546645,-6.42,-6.50,0.574
TRACE 1548527,-6.32,-7.00,0.622
TRACE 1550397,-6.23,-7.00,0.624
TRACE 1552286,-6.14,-7.00,0.626
TRACE 1554170,-6.04,-6.50,0.583
TRACE 1556048,-5.95,-6.00,0.539
TRACE 1557924,-5.86,-6.00,0.541
TRACE 1559793,-5.77,-6.00,0.513
TRACE 1561664,-5.68,-6.00,0.484
TRACE 1563540,-5.59,-6.00,0.487
TRACE 1565418,-5.50,-5.00,-0.522
TRACE 1567437,-5.41,-5.00,-0.489
TRACE 1569333,-5.32,-5.00,0.463
TRACE 1571213,-5.23,-5.00,0.465
TRACE 1573076,-5.15,-5.00,0.467
TRACE 1574966,-5.06,-4.50,-0.496
TRACE 1576872,-4.98,-4.00,-0.539
TRACE 1578752,-4.90,-4.00,-0.477
TRACE 1580639,-4.81,-4.00,-0.476
TRACE 1582523,-4.73,-4.00,-0.474
TRACE 1584407,-4.65,-4.50,0.493
TRACE 1586273,-4.57,-5.00,0.540
TRACE 1588144,-4.49,-5.00,0.572
TRACE 1590042,-4.41,-5.00,0.604
TRACE 1591916,-4.33,-5.00,0.606
TRACE 1593780,-4.25,-5.00,0.608
TRACE 1595749,-4.17,-5.00,0.609
TRACE 1597634,-4.10,-5.00,0.580
TRACE 1599514,-4.02,-5.00,0.552
TRACE 1601364,-3.95,-5.00,0.553
TRACE 1603232,-3.87,-4.00,0.464
TRACE 1605126,-3.80,-4.00,0.466
TRACE 1606997,-3.73,-4.00,0.467
TRACE 1608889,-3.65,-4.00,0.468
TRACE 1620031,-3.24,-2.00,-0.550
TRACE 1621999,-3.17,-1.00,-0.153
TRACE 1623844,-3.10,-1.00,-0.152
TRACE 1625692,-3.04,-1.00,-0.115
TRACE 1627552,-2.97,-1.00,-0.114
TRACE 1629408,-2.91,-1.00,-0.113
TRACE 1631265,-2.85,-1.00,-0.112
TRACE 1633145,-2.78,-1.00,-0.064
TRACE 1635016,-2.72,-1.00,-0.002
TRACE 1636911,-2.66,-1.00,-0.001
TRACE 1638765,-2.60,-1.00,0.000
TRACE 1640619,-2.54,-1.00,0.001
TRACE 1642493,-2.48,-1.00,0.002
TRACE 1644346,-2.42,-1.00,0.003
TRACE 1646221,-2.36,-1.00,0.004
TRACE 1648070,-2.31,-1.00,0.005
TRACE 1649945,-2.25,-1.00,0.006
TRACE 1651813,-2.20,-0.50,-0.038
TRACE 1653674,-2.14,-0.50,-0.037
TRACE 1655748,-2.08,0.00,-0.081
TRACE 1657575,-2.03,0.00,-0.080
TRACE 1659373,-1.98,0.00,-0.080
TRACE 1661186,-1.93,0.00,-0.079
TRACE 1663006,-1.88,0.00,-0.078
TRACE 1664850,-1.83,0.00,-0.047
TRACE 1666700,-1.78,0.00,-0.046
TRACE 1668522,-1.73,0.00,-0.015
TRACE 1670357,-1.68,0.00,-0.014
TRACE 1672204,-1.63,0.00,-0.013
TRACE 1674021,-1.59,0.00,-0.012
TRACE 1675924,-1.54,0.00,-0.012
TRACE 1677759,-1.49,0.00,-0.011
TRACE 1679580,-1.45,0.00,-0.010
TRACE 1681432,-1.41,0.00,-0.009
TRACE 1683255,-1.36,0.00,-0.009
TRACE 1685097,-1.32,0.00,-0.008
TRACE 1686956,-1.28,0.00,-0.008
TRACE 1688807,-1.24,0.00,-0.007
TRACE 1690651,-1.20,0.00,-0.007
TRACE 1692490,-1.16,0.00,-0.006
TRACE 1694332,-1.12,0.00,-0.005
TRACE 1696180,-1.08,0.00,-0.005
TRACE 1698021,-1.04,0.00,-0.004
TRACE 1699876,-1.00,0.00,-0.004
TRACE 1701735,-0.97,0.00,-0.004
TRACE 1703582,-0.93,0.00,-0.003
TRACE 1705444,-0.89,0.00,-0.003
TRACE 1707281,-0.86,0.00,-0.002
TRACE 1709129,-0.83,0.00,-0.002
TRACE 1710988,-0.79,0.00,-0.002
TRACE 1712812,-0.76,0.00,-0.001
TRACE 1714664,-0.73,0.00,-0.001
TRACE 1716500,-0.70,0.00,-0.001
TRACE 1718349,-0.67,0.00,-0.001
TRACE 1720207,-0.64,0.00,-0.000
TRACE 1722039,-0.61,0.00,-0.000
TRACE 1723882,-0.58,0.00,0.000
TRACE 1725730,-0.55,0.00,0.000
TRACE 1727563,-0.52,0.00,0.000
TRACE 1729402,-0.50,0.00,0.000
TRACE 1731252,-0.47,0.00,0.001
TRACE 1733073,-0.45,0.00,0.001
TRACE 1734935,-0.42,0.00,0.001
TRACE 1736772,-0.40,0.00,0.001
TRACE 1738614,-0.38,0.00,0.001
TRACE 1740588,-0.35,0.00,0.001
TRACE 1742419,-0.33,0.00,0.001
TRACE 1744255,-0.31,0.00,0.001
TRACE 1746112,-0.29,0.00,0.001
TRACE 1747978,-0.27,0.00,0.001
TRACE 1749835,-0.25,0.00,0.001
TRACE 1751675,-0.23,0.00,0.000
TRACE 1753524,-0.22,0.00,0.000
TRACE 1755377,-0.20,0.00,0.000
TRACE 1757235,-0.18,0.00,-0.000
TRACE 1759074,-0.17,0.00,-0.000
TRACE 1760935,-0.15,0.00,-0.001
TRACE 1762782,-0.14,0.00,-0.001
TRACE 1764613,-0.13,0.00,-0.001
TRACE 1766465,-0.11,0.00,-0.001
TRACE 1768304,-0.10,0.00,-0.002
TRACE 1770192,-0.09,0.00,-0.002
TRACE 1772041,-0.08,0.00,-0.002
TRACE 1773880,-0.07,0.00,-0.003
TRACE 1775746,-0.06,0.00,-0.003
TRACE 1777579,-0.05,0.00,-0.003
TRACE 1779421,-0.04,0.00,-0.004
TRACE 1781265,-0.04,0.00,-0.004
TRACE 1783121,-0.03,0.00,-0.005
TRACE 1794270,-0.00,0.00,-0.008
TRACE 1796142,-0.00,0.00,-0.009
TRACE 1798020,-0.00,0.00,-0.009
TRACE 1799882,-0.00,0.00,-0.010
TRACE 1801743,0.00,0.00,0.000
TRACE 1803383,0.00,0.00,0.000
TRACE 1804984,0.00,0.00,0.000
TRACE 1806595,0.00,0.00,0.000
TRACE 1808202,0.00,0.00,0.000
TRACE 1809799,0.00,0.00,0.000
TRACE 1811416,0.00,0.00,0.000
TRACE 1813015,0.00,0.00,0.000
TRACE 1814588,0.00,0.00,0.000
TRACE 1816187,0.00,0.00,0.000
TRACE 1817751,0.00,0.00,0.000
TRACE 1819342,0.00,0.00,0.000
TRACE 1820935,0.00,0.00,0.000
TRACE 1822524,0.00,0.00,0.000
TRACE 1824108,0.00,0.00,0.000
TRACE 1825707,0.00,0.00,0.000
TRACE 1827290,0.00,0.00,0.000
TRACE 1828883,0.00,0.00,0.000
TRACE 1830497,0.00,0.00,0.000
TRACE 1832100,0.00,0.00,0.000
TRACE 1833690,0.00,0.00,0.000
TRACE 1835274,0.00,0.00,0.000
TRACE 1836868,0.00,0.00,0.000
TRACE 1838495,0.00,0.00,0.000
TRACE 1840086,0.00,0.00,0.000
TRACE 1841673,0.00,0.00,0.000
TRACE 1843275,0.00,0.00,0.000
TRACE 1844842,0.00,0.00,0.000
TRACE 1846432,0.00,0.00,0.000
TRACE 1848027,0.00,0.00,0.000
TRACE 1849615,0.00,0.00,0.000
TRACE 1851208,0.00,0.00,0.000
TRACE 1852815,0.00,0.00,0.000
>>> 