arm_test.cmd_trace(arm, [])
TRACE t_us,ref_deg,pos_deg,duty
TRACE 915,1.00,1.00,-0.410
TRACE 2876,1.00,1.00,-0.411
TRACE 4713,1.00,1.00,-0.412
TRACE 6522,1.00,1.00,-0.412
TRACE 8336,0.99,1.00,-0.413
TRACE 10177,0.99,1.00,-0.414
TRACE 11988,0.99,0.00,0.488
TRACE 13760,0.98,0.00,0.477
TRACE 15515,0.98,0.00,0.477
TRACE 17262,0.97,0.00,0.477
TRACE 19007,0.96,0.00,0.476
TRACE 20747,0.96,0.00,0.476
TRACE 22478,0.95,0.00,0.475
TRACE 24234,0.94,0.00,0.410
TRACE 25985,0.93,0.00,0.409
TRACE 27721,0.92,0.50,-0.440
TRACE 29477,0.91,1.00,-0.489
TRACE 31253,0.90,1.00,-0.490
TRACE 33070,0.89,1.00,-0.490
TRACE 34862,0.88,1.00,-0.491
TRACE 36641,0.87,0.50,-0.444
TRACE 38456,0.85,0.00,0.402
TRACE 40190,0.84,0.00,0.433
TRACE 41932,0.82,0.00,0.464
TRACE 43680,0.81,-0.50,0.510
TRACE 45446,0.79,-0.50,0.509
TRACE 47255,0.78,0.00,0.461
TRACE 48990,0.76,0.00,0.428
TRACE 50756,0.74,0.00,-0.406
TRACE 52507,0.72,0.00,-0.407
TRACE 54284,0.71,0.50,-0.456
TRACE 56067,0.69,0.50,-0.489
TRACE 57828,0.67,0.50,-0.490
TRACE 59580,0.65,0.00,-0.412
TRACE 61335,0.62,0.00,-0.413
TRACE 63082,0.60,0.00,-0.415
TRACE 64837,0.58,0.00,-0.416
TRACE 66623,0.56,-1.00,0.510
TRACE 68402,0.53,-1.00,0.509
TRACE 70182,0.51,-1.00,0.507
TRACE 71971,0.48,-1.00,0.473
TRACE 73715,0.46,-1.00,0.472
TRACE 75472,0.43,-1.00,0.470
TRACE 77237,0.40,-1.00,0.469
TRACE 79008,0.38,0.00,-0.492
TRACE 80758,0.35,0.00,-0.493
TRACE 82516,0.32,0.00,-0.495
TRACE 84284,0.29,0.50,-0.544
TRACE 86047,0.26,0.50,-0.545
TRACE 87814,0.23,0.50,-0.547
TRACE 89579,0.20,0.00,-0.501
TRACE 91343,0.17,0.00,-0.438
TRACE 93096,0.13,0.00,-0.440
TRACE 94846,0.10,-0.50,0.406
TRACE 96599,0.07,-1.00,0.485
TRACE 98367,0.03,-1.00,0.483
TRACE 100117,-0.00,-1.00,0.481
TRACE 101899,-0.04,-1.00,0.447
TRACE 103679,-0.07,-1.00,0.445
TRACE 105450,-0.11,-1.00,0.443
TRACE 107253,-0.15,-0.50,-0.438
TRACE 109015,-0.19,0.00,-0.519
TRACE 110781,-0.23,0.00,-0.521
TRACE 112540,-0.27,0.00,-0.523
TRACE 114284,-0.31,0.00,-0.525
TRACE 116047,-0.35,0.00,-0.527
TRACE 117805,-0.39,0.00,-0.529
TRACE 119562,-0.43,0.00,-0.498
TRACE 121318,-0.47,0.00,-0.468
TRACE 123068,-0.51,-0.50,-0.422
TRACE 124836,-0.56,-1.00,0.423
TRACE 126605,-0.60,-1.00,0.421
TRACE 128394,-0.65,-1.00,0.419
TRACE 130156,-0.69,-1.00,0.417
TRACE 131926,-0.74,-1.00,0.415
TRACE 133702,-0.79,-1.00,0.413
TRACE 135475,-0.84,-1.00,-0.422
TRACE 137265,-0.88,-1.00,-0.456
TRACE 139058,-0.93,-1.00,-0.458
TRACE 140822,-0.98,-1.00,-0.460
TRACE 142612,-1.03,-1.00,-0.462
TRACE 144388,-1.08,-1.00,-0.465
TRACE 146171,-1.14,-1.00,-0.467
TRACE 147955,-1.19,-1.00,-0.469
TRACE 149739,-1.24,-1.00,-0.471
TRACE 151513,-1.30,-1.00,-0.473
TRACE 153308,-1.35,-1.00,-0.476
TRACE 155099,-1.41,-1.50,-0.431
TRACE 156882,-1.46,-2.00,0.414
TRACE 158650,-1.52,-2.00,0.411
TRACE 160425,-1.57,-2.00,0.409
TRACE 162207,-1.63,-2.50,0.454
TRACE 164002,-1.69,-2.50,0.451
TRACE 165768,-1.75,-2.00,0.402
TRACE 167542,-1.81,-2.00,-0.432
TRACE 169315,-1.87,-2.00,-0.467
TRACE 171111,-1.93,-2.00,-0.469
TRACE 172899,-1.99,-2.00,-0.472
TRACE 174709,-2.05,-1.50,-0.553
TRACE 176498,-2.12,-1.50,-0.556
TRACE 178305,-2.18,-2.00,-0.480
TRACE 180098,-2.24,-2.00,-0.482
TRACE 181893,-2.31,-2.00,-0.485
TRACE 183657,-2.37,-2.00,-0.487
TRACE 185456,-2.44,-2.00,-0.490
TRACE 187229,-2.51,-2.50,-0.414
TRACE 189025,-2.57,-3.00,0.431
TRACE 190805,-2.64,-3.00,-0.404
TRACE 192591,-2.71,-3.00,-0.407
TRACE 194382,-2.78,-3.00,-0.409
TRACE 196162,-2.85,-4.00,0.482
TRACE 206584,-3.27,-5.00,0.481
TRACE 208376,-3.34,-5.00,0.459
TRACE 210154,-3.42,-5.00,0.438
TRACE 211937,-3.49,-5.00,0.435
TRACE 213724,-3.57,-5.00,0.432
TRACE 215521,-3.64,-5.00,0.429
TRACE 217297,-3.72,-5.00,-0.412
TRACE 219123,-3.80,-5.00,-0.453
TRACE 220927,-3.88,-5.00,-0.456
TRACE 222719,-3.96,-5.00,-0.459
TRACE 224486,-4.04,-5.00,-0.462
TRACE 226295,-4.12,-5.00,-0.465
TRACE 228064,-4.20,-5.00,-0.468
TRACE 229878,-4.28,-5.00,-0.471
TRACE 231669,-4.37,-5.00,-0.474
TRACE 233446,-4.45,-6.00,0.416
TRACE 235214,-4.53,-6.00,0.413
TRACE 236991,-4.62,-6.00,0.410
TRACE 238772,-4.70,-6.00,0.407
TRACE 240548,-4.79,-6.00,0.404
TRACE 242306,-4.87,-6.00,0.401
TRACE 244125,-4.96,-6.00,-0.402
TRACE 245902,-5.05,-6.00,-0.470
TRACE 247732,-5.14,-6.00,-0.473
TRACE 249517,-5.23,-6.00,-0.477
TRACE 251321,-5.32,-6.50,-0.433
TRACE 253109,-5.41,-7.00,0.410
TRACE 254892,-5.50,-7.00,0.407
TRACE 256679,-5.59,-7.00,0.404
TRACE 258453,-5.68,-7.00,0.400
TRACE 260260,-5.77,-7.00,-0.403
TRACE 262021,-5.87,-7.00,-0.406
TRACE 263800,-5.96,-7.00,-0.442
TRACE 265588,-6.05,-7.00,-0.477
TRACE 267382,-6.15,-7.00,-0.481
TRACE 269166,-6.25,-7.00,-0.484
TRACE 270964,-6.34,-7.00,-0.488
TRACE 272746,-6.44,-7.00,-0.491
TRACE 274535,-6.54,-7.00,-0.495
TRACE 276309,-6.63,-7.00,-0.499
TRACE 278101,-6.73,-7.00,-0.502
TRACE 279894,-6.83,-7.00,-0.506
TRACE 281685,-6.93,-7.00,-0.509
TRACE 283485,-7.04,-7.50,-0.466
TRACE 285264,-7.14,-8.00,-0.423
TRACE 287080,-7.24,-8.00,-0.427
TRACE 288855,-7.34,-8.00,-0.431
TRACE 290631,-7.45,-8.50,0.413
TRACE 292417,-7.55,-9.00,0.456
TRACE 294208,-7.66,-9.00,0.452
TRACE 295983,-7.76,-9.00,0.417
TRACE 297755,-7.87,-9.00,-0.419
TRACE 299540,-7.97,-9.00,-0.423
TRACE 301330,-8.08,-9.00,-0.416
TRACE 303157,-8.19,-9.00,-0.452
TRACE 304996,-8.30,-9.00,-0.487
TRACE 306828,-8.41,-9.00,-0.490
TRACE 308636,-8.52,-9.00,-0.494
TRACE 310474,-8.63,-9.00,-0.497
TRACE 312295,-8.74,-9.00,-0.500
TRACE 314117,-8.85,-10.00,-0.411
TRACE 315928,-8.96,-10.00,-0.414
TRACE 317761,-9.07,-10.00,-0.417
TRACE 319579,-9.17,-11.00,0.472
TRACE 321392,-9.28,-11.00,0.469
TRACE 323199,-9.39,-11.00,0.466
TRACE 325014,-9.50,-11.00,0.463
TRACE 326809,-9.61,-11.00,-0.403
TRACE 328629,-9.72,-11.00,-0.407
TRACE 330477,-9.83,-11.00,-0.410
TRACE 332294,-9.94,-11.00,-0.476
TRACE 334108,-10.05,-11.50,-0.433
TRACE 335925,-10.16,-12.00,0.410
TRACE 337746,-10.26,-12.00,0.407
TRACE 339556,-10.37,-12.00,0.404
TRACE 341384,-10.48,-12.00,0.400
TRACE 343197,-10.59,-12.00,-0.403
TRACE 345005,-10.70,-12.00,-0.406
TRACE 346819,-10.81,-12.00,-0.441
TRACE 348643,-10.92,-12.00,-0.476
TRACE 350466,-11.03,-12.00,-0.479
TRACE 352285,-11.14,-12.00,-0.482
TRACE 354123,-11.25,-12.00,-0.485
TRACE 355952,-11.36,-12.00,-0.489
TRACE 357780,-11.47,-12.00,-0.492
TRACE 359601,-11.58,-12.00,-0.495
TRACE 361449,-11.69,-12.00,-0.499
TRACE 363278,-11.80,-12.00,-0.502
TRACE 365097,-11.91,-13.00,-0.413
TRACE 366931,-12.02,-13.00,-0.416
TRACE 368744,-12.12,-13.00,-0.419
TRACE 370568,-12.23,-13.00,-0.422
TRACE 372408,-12.34,-14.00,0.467
TRACE 374221,-12.45,-14.00,0.464
TRACE 376023,-12.56,-14.00,0.461
TRACE 377831,-12.67,-14.00,-0.405
TRACE 379661,-12.78,-14.00,-0.409
TRACE 381493,-12.89,-14.50,0.434
TRACE 383291,-13.00,-14.50,0.431
TRACE 385106,-13.11,-15.00,0.412
TRACE 386917,-13.22,-15.00,0.409
TRACE 388720,-13.32,-15.00,0.405
TRACE 390525,-13.43,-15.00,0.402
TRACE 392333,-13.54,-15.00,-0.401
TRACE 394174,-13.65,-15.00,-0.436
TRACE 396010,-13.76,-15.00,-0.439
TRACE 397823,-13.87,-15.00,-0.474
TRACE 408303,-14.50,-16.00,-0.426
TRACE 410143,-14.61,-16.00,-0.429
TRACE 411975,-14.72,-16.00,-0.432
TRACE 413800,-14.83,-17.00,0.432
TRACE 415654,-14.94,-17.00,0.428
TRACE 417473,-15.05,-17.00,0.425
TRACE 419295,-15.16,-17.00,0.422
TRACE 421138,-15.27,-17.00,0.406
TRACE 422956,-15.38,-17.00,0.403
TRACE 424785,-15.49,-17.00,-0.400
TRACE 426607,-15.60,-17.00,-0.466
TRACE 428434,-15.71,-17.00,-0.469
TRACE 430266,-15.82,-17.00,-0.472
TRACE 432088,-15.93,-16.50,-0.522
TRACE 433920,-16.04,-17.00,-0.479
TRACE 435747,-16.14,-17.00,-0.482
TRACE 437567,-16.25,-17.00,-0.486
TRACE 439386,-16.36,-17.00,-0.489
TRACE 441215,-16.47,-17.00,-0.492
TRACE 443026,-16.58,-17.00,-0.495
TRACE 444884,-16.69,-17.00,-0.468
TRACE 446706,-16.80,-18.00,-0.410
TRACE 448575,-16.91,-18.00,-0.413
TRACE 450384,-17.02,-18.00,-0.416
TRACE 452249,-17.13,-19.00,0.472
TRACE 454081,-17.24,-19.00,0.469
TRACE 455915,-17.35,-19.00,0.465
TRACE 457740,-17.46,-19.00,0.463
TRACE 459561,-17.57,-19.50,0.443
TRACE 461397,-17.68,-19.50,0.440
TRACE 463212,-17.79,-19.50,0.437
TRACE 465045,-17.90,-19.50,-0.429
TRACE 466863,-18.01,-19.00,-0.478
TRACE 468675,-18.12,-19.00,-0.482
TRACE 470501,-18.23,-19.50,-0.439
TRACE 472336,-18.34,-20.00,-0.427
TRACE 474157,-18.45,-20.00,-0.430
TRACE 475983,-18.56,-20.00,-0.433
TRACE 477801,-18.67,-20.50,0.410
TRACE 479622,-18.78,-21.00,0.484
TRACE 481433,-18.89,-21.00,0.481
TRACE 483248,-18.99,-21.00,0.446
TRACE 485062,-19.10,-21.00,0.412
TRACE 486864,-19.21,-21.00,0.409
TRACE 488678,-19.32,-21.00,0.405
TRACE 490499,-19.43,-20.50,-0.476
TRACE 492321,-19.54,-20.00,-0.557
TRACE 494137,-19.65,-20.00,-0.560
TRACE 495956,-19.76,-20.00,-0.564
TRACE 497765,-19.87,-20.00,-0.567
TRACE 499586,-19.98,-20.00,-0.570
TRACE 501425,-20.09,-20.00,-0.573
TRACE 503264,-20.20,-20.00,-0.545
TRACE 505074,-20.30,-20.00,-0.517
TRACE 506888,-20.41,-21.00,-0.428
TRACE 508739,-20.52,-21.00,-0.431
TRACE 510565,-20.63,-21.00,-0.435
TRACE 512397,-20.74,-21.00,-0.438
TRACE 514257,-20.86,-22.00,0.451
TRACE 516060,-20.96,-22.00,0.448
TRACE 517878,-21.07,-22.50,0.501
TRACE 519727,-21.18,-23.00,0.482
TRACE 521610,-21.29,-23.00,0.479
TRACE 523485,-21.40,-23.00,0.476
TRACE 525353,-21.51,-23.00,0.473
TRACE 527265,-21.62,-22.00,-0.483
TRACE 529158,-21.73,-22.00,-0.486
TRACE 531042,-21.84,-22.00,-0.518
TRACE 532941,-21.95,-22.00,-0.551
TRACE 534832,-22.06,-22.00,-0.554
TRACE 536747,-22.16,-22.00,-0.556
TRACE 538633,-22.27,-22.00,-0.558
TRACE 540538,-22.38,-22.00,-0.501
TRACE 542431,-22.48,-22.00,-0.503
TRACE 544332,-22.58,-22.00,-0.506
TRACE 546236,-22.69,-22.00,-0.508
TRACE 548146,-22.79,-23.00,-0.420
TRACE 550042,-22.89,-23.00,-0.423
TRACE 551947,-22.99,-23.00,-0.425
TRACE 553869,-23.09,-23.50,0.418
TRACE 555725,-23.19,-24.00,0.461
TRACE 557590,-23.29,-24.00,0.459
TRACE 559466,-23.38,-24.00,0.457
TRACE 561340,-23.48,-24.00,-0.406
TRACE 563230,-23.58,-24.00,-0.408
TRACE 565132,-23.67,-24.00,-0.410
TRACE 567011,-23.77,-24.50,0.403
TRACE 568895,-23.86,-25.00,0.416
TRACE 570785,-23.95,-25.00,0.413
TRACE 572690,-24.05,-25.00,0.411
TRACE 574572,-24.14,-25.00,0.409
TRACE 576442,-24.23,-25.00,0.407
TRACE 578337,-24.32,-25.00,0.405
TRACE 580218,-24.41,-25.00,-0.427
TRACE 582123,-24.50,-25.00,-0.459
TRACE 584027,-24.59,-25.00,-0.461
TRACE 585916,-24.68,-25.00,-0.463
TRACE 587810,-24.76,-25.00,-0.465
TRACE 589714,-24.85,-25.00,-0.467
TRACE 591596,-24.93,-25.00,-0.469
TRACE 593484,-25.02,-25.50,-0.426
TRACE 604023,-25.48,-27.00,0.452
TRACE 605929,-25.56,-27.00,0.450
TRACE 607821,-25.64,-27.50,0.482
TRACE 609688,-25.72,-28.00,0.514
TRACE 611623,-25.80,-28.00,0.512
TRACE 613519,-25.87,-28.00,0.510
TRACE 615456,-25.95,-28.00,0.490
TRACE 617353,-26.03,-27.50,0.412
TRACE 619232,-26.10,-27.00,-0.434
TRACE 621121,-26.18,-27.00,-0.466
TRACE 623005,-26.25,-27.00,-0.497
TRACE 624886,-26.32,-27.00,-0.499
TRACE 626799,-26.40,-27.00,-0.500
TRACE 628707,-26.47,-27.00,-0.502
TRACE 630621,-26.54,-27.00,-0.473
TRACE 632511,-26.61,-27.00,-0.445
TRACE 634401,-26.68,-27.00,-0.446
TRACE 636289,-26.75,-27.00,-0.447
TRACE 638234,-26.82,-27.00,-0.449
TRACE 640136,-26.88,-27.00,-0.450
TRACE 642049,-26.95,-28.00,0.439
TRACE 643978,-27.02,-28.00,0.437
TRACE 645901,-27.08,-28.00,0.436
TRACE 647829,-27.15,-28.00,0.434
TRACE 649747,-27.21,-28.50,0.478
TRACE 651667,-27.28,-29.00,0.121
TRACE 653532,-27.34,-28.50,0.476
TRACE 655462,-27.40,-28.00,-0.430
TRACE 657381,-27.46,-28.00,-0.431
TRACE 659326,-27.52,-28.00,-0.432
TRACE 661252,-27.58,-28.00,-0.433
TRACE 663195,-27.64,-28.00,-0.464
TRACE 665140,-27.70,-28.50,-0.450
TRACE 667076,-27.76,-29.00,0.023
TRACE 668944,-27.82,-29.00,0.052
TRACE 670811,-27.87,-29.00,0.051
TRACE 672662,-27.93,-29.00,0.050
TRACE 674515,-27.98,-29.00,0.050
TRACE 676375,-28.03,-29.00,0.049
TRACE 678206,-28.08,-29.00,0.018
TRACE 680085,-28.13,-29.00,-0.013
TRACE 681964,-28.19,-29.00,-0.014
TRACE 683818,-28.24,-29.00,-0.015
TRACE 685687,-28.28,-29.00,-0.016
TRACE 687556,-28.33,-28.50,-0.462
TRACE 689483,-28.38,-28.00,-0.508
TRACE 691387,-28.43,-28.00,-0.509
TRACE 693299,-28.48,-28.00,-0.509
TRACE 695221,-28.53,-28.50,-0.465
TRACE 697161,-28.57,-29.00,-0.020
TRACE 699020,-28.62,-29.00,-0.021
TRACE 700899,-28.66,-29.00,0.009
TRACE 702783,-28.70,-29.00,0.038
TRACE 704638,-28.74,-29.00,0.038
TRACE 706499,-28.79,-29.00,0.037
TRACE 708353,-28.83,-29.00,0.007
TRACE 710215,-28.87,-29.00,-0.024
TRACE 712089,-28.91,-29.00,-0.025
TRACE 713954,-28.95,-29.00,-0.025
TRACE 715837,-28.98,-28.50,-0.471
TRACE 717753,-29.02,-28.00,-0.517
TRACE 719682,-29.06,-28.00,-0.517
TRACE 721590,-29.10,-28.00,-0.518
TRACE 723520,-29.13,-28.50,-0.473
TRACE 725474,-29.17,-29.00,-0.028
TRACE 727341,-29.20,-29.00,-0.028
TRACE 729213,-29.24,-29.00,0.001
TRACE 731103,-29.27,-29.00,0.031
TRACE 732973,-29.30,-29.00,0.031
TRACE 734817,-29.33,-29.00,0.031
TRACE 736664,-29.36,-29.00,0.001
TRACE 738552,-29.39,-29.00,-0.030
TRACE 740419,-29.42,-29.00,-0.030
TRACE 742306,-29.45,-28.50,-0.476
TRACE 744233,-29.48,-28.50,-0.476
TRACE 746170,-29.50,-28.00,-0.521
TRACE 748109,-29.53,-28.00,-0.521
TRACE 750036,-29.56,-28.50,-0.476
TRACE 752000,-29.58,-29.00,-0.031
TRACE 753885,-29.61,-29.00,-0.031
TRACE 755745,-29.63,-29.00,-0.001
TRACE 757619,-29.65,-29.00,-0.001
TRACE 759509,-29.67,-29.00,0.029
TRACE 761357,-29.69,-29.00,0.030
TRACE 763216,-29.71,-29.00,-0.000
TRACE 765119,-29.73,-29.00,-0.031
TRACE 766997,-29.75,-29.00,-0.030
TRACE 768861,-29.77,-29.00,-0.030
TRACE 770741,-29.79,-28.50,-0.476
TRACE 772671,-29.81,-28.00,-0.521
TRACE 774578,-29.82,-28.00,-0.520
TRACE 776485,-29.84,-28.00,-0.520
TRACE 778437,-29.85,-28.50,-0.474
TRACE 780390,-29.87,-29.00,-0.029
TRACE 782260,-29.88,-29.00,-0.029
TRACE 784156,-29.89,-29.00,0.001
TRACE 794660,-29.95,-29.00,0.010
TRACE 796542,-29.96,-29.00,0.010
TRACE 798436,-29.97,-29.00,0.011
TRACE 800311,-29.97,-29.00,-0.007
TRACE 802215,-29.98,-29.00,-0.025
TRACE 804126,-29.98,-28.50,-0.457
TRACE 806086,-29.99,-28.00,-0.490
TRACE 808031,-29.99,-28.00,-0.513
TRACE 809950,-30.00,-28.00,-0.512
TRACE 811869,-30.00,-28.50,-0.466
TRACE 813835,-30.00,-29.00,-0.021
TRACE 815707,-30.00,-29.00,-0.020
TRACE 817611,-30.00,-29.00,-0.000
TRACE 819289,-30.00,-29.00,0.031
TRACE 820930,-30.00,-29.00,0.032
TRACE 822575,-30.00,-29.00,0.033
TRACE 824210,-30.00,-29.00,0.002
TRACE 825897,-30.00,-29.00,-0.030
TRACE 827556,-30.00,-29.00,-0.030
TRACE 829223,-30.00,-29.00,-0.030
TRACE 830888,-30.00,-29.00,-0.030
TRACE 832557,-30.00,-29.00,-0.030
TRACE 834212,-30.00,-28.50,-0.479
TRACE 835939,-30.00,-28.00,-0.528
TRACE 837678,-30.00,-28.00,-0.528
TRACE 839388,-30.00,-28.00,-0.528
TRACE 841131,-30.00,-28.50,-0.479
TRACE 842872,-30.00,-29.00,-0.030
TRACE 844537,-30.00,-29.00,-0.030
TRACE 846258,-30.00,-29.00,0.003
TRACE 847929,-30.00,-29.00,0.037
TRACE 849568,-30.00,-29.00,0.037
TRACE 851244,-30.00,-29.00,0.037
TRACE 852904,-30.00,-29.00,0.004
TRACE 854553,-30.00,-29.00,-0.030
TRACE 856194,-30.00,-29.00,-0.030
TRACE 857850,-30.00,-29.00,-0.030
TRACE 859513,-30.00,-28.50,-0.480
TRACE 861214,-30.00,-28.00,-0.529
TRACE 862938,-30.00,-28.00,-0.528
TRACE 864653,-30.00,-28.00,-0.528
TRACE 866336,-30.00,-28.50,-0.479
TRACE 868072,-30.00,-29.00,-0.030
TRACE 869733,-30.00,-29.00,-0.030
TRACE 871402,-30.00,-29.00,0.004
TRACE 873052,-30.00,-29.00,0.038
TRACE 874699,-30.00,-29.00,0.038
TRACE 876334,-30.00,-29.00,0.038
TRACE 877985,-30.00,-29.00,0.004
TRACE 879652,-30.00,-29.00,-0.030
TRACE 881304,-30.00,-29.00,-0.030
TRACE 882960,-30.00,-29.00,-0.030
TRACE 884618,-30.00,-28.50,-0.480
TRACE 886342,-30.00,-28.00,-0.529
TRACE 888028,-30.00,-28.00,-0.528
TRACE 889743,-30.00,-28.00,-0.528
TRACE 891446,-30.00,-28.50,-0.479
TRACE 893170,-30.00,-29.00,-0.030
TRACE 894827,-30.00,-29.00,-0.030
TRACE 896492,-30.00,-29.00,0.004
TRACE 898148,-30.00,-29.00,0.038
TRACE 899798,-30.00,-29.00,0.038
TRACE 901451,-30.00,-29.00,0.038
TRACE 903079,-30.00,-29.00,0.004
TRACE 904739,-30.00,-29.00,-0.030
TRACE 906388,-30.00,-29.00,-0.030
TRACE 908055,-30.00,-29.00,-0.030
TRACE 909713,-30.00,-28.50,-0.480
TRACE 911426,-30.00,-28.00,-0.529
TRACE 913120,-30.00,-28.00,-0.529
TRACE 914823,-30.00,-28.00,-0.528
TRACE 916520,-30.00,-28.50,-0.479
TRACE 918254,-30.00,-29.00,-0.030
TRACE 919919,-30.00,-29.00,-0.030
TRACE 921585,-30.00,-29.00,0.004
TRACE 923239,-30.00,-29.00,0.038
TRACE 924863,-30.00,-29.00,0.038
TRACE 926503,-30.00,-29.00,0.038
TRACE 928139,-30.00,-29.00,0.004
TRACE 929803,-30.00,-29.00,-0.030
TRACE 931476,-30.00,-29.00,-0.030
TRACE 933135,-30.00,-29.00,-0.030
TRACE 934788,-30.00,-28.50,-0.480
TRACE 936521,-30.00,-28.00,-0.529
TRACE 938213,-30.00,-28.00,-0.528
TRACE 939938,-30.00,-28.00,-0.528
TRACE 941663,-30.00,-28.50,-0.479
TRACE 943389,-30.00,-29.00,-0.030
TRACE 945047,-30.00,-29.00,-0.030
TRACE 946696,-30.00,-29.00,0.004
TRACE 948360,-30.00,-29.00,0.038
TRACE 950012,-30.00,-29.00,0.038
TRACE 951663,-30.00,-29.00,0.038
TRACE 953312,-30.00,-29.00,0.004
TRACE 954970,-30.00,-29.00,-0.030
TRACE 956605,-30.00,-29.00,-0.030
TRACE 958260,-30.00,-29.00,-0.030
TRACE 959931,-30.00,-28.50,-0.480
TRACE 961658,-30.00,-28.00,-0.529
TRACE 963375,-30.00,-28.00,-0.528
TRACE 965074,-30.00,-28.00,-0.528
TRACE 966777,-30.00,-28.50,-0.479
TRACE 968509,-30.00,-29.00,-0.030
TRACE 970166,-30.00,-29.00,-0.030
TRACE 971833,-30.00,-29.00,0.004
TRACE 973492,-30.00,-29.00,0.038
TRACE 975137,-30.00,-29.00,0.038
TRACE 976773,-30.00,-29.00,0.038
TRACE 978408,-30.00,-29.00,0.004
TRACE 980045,-30.00,-29.00,-0.030
TRACE 981680,-30.00,-29.00,-0.030
TRACE 983342,-30.00,-29.00,-0.030
TRACE 985003,-30.00,-28.50,-0.480
TRACE 986698,-30.00,-28.50,-0.480
TRACE 988403,-30.00,-28.00,-0.529
TRACE 990101,-30.00,-28.00,-0.528
TRACE 991806,-30.00,-28.50,-0.479
TRACE 993529,-30.00,-29.00,-0.030
TRACE 995161,-30.00,-29.00,-0.030
TRACE 996839,-30.00,-29.00,0.004
TRACE 998492,-30.00,-29.00,0.004
TRACE 1000143,-30.00,-29.00,0.038
TRACE 1001790,-30.00,-29.00,0.038
TRACE 1003420,-30.00,-29.00,0.004
TRACE 1005076,-30.00,-29.00,-0.030
TRACE 1006742,-30.00,-29.00,-0.030
TRACE 1008395,-30.00,-29.00,-0.030
TRACE 1010059,-30.00,-28.50,-0.480
TRACE 1011785,-30.00,-28.00,-0.529
TRACE 1022139,-30.00,-29.00,-0.030
TRACE 1023822,-30.00,-29.00,-0.030
TRACE 1025489,-30.00,-29.00,-0.030
TRACE 1027147,-30.00,-29.00,-0.030
TRACE 1028801,-30.00,-29.00,-0.030
TRACE 1030468,-30.00,-29.00,-0.010
TRACE 1032120,-30.00,-29.00,0.009
TRACE 1033795,-30.00,-29.00,-0.030
TRACE 1035454,-30.00,-29.00,-0.030
TRACE 1037127,-30.00,-29.00,-0.030
TRACE 1038803,-30.00,-29.00,-0.030
TRACE 1040475,-30.00,-29.00,-0.030
TRACE 1042135,-30.00,-29.00,-0.030
TRACE 1043798,-30.00,-29.00,-0.030
TRACE 1045480,-30.00,-29.50,0.019
TRACE 1047105,-30.00,-30.00,0.069
TRACE 1048742,-30.00,-30.00,0.069
TRACE 1050363,-30.00,-30.00,0.069
TRACE 1051971,-30.00,-30.00,0.070
TRACE 1053595,-30.00,-30.00,0.070
TRACE 1055190,-30.00,-30.00,0.070
TRACE 1056815,-30.00,-30.00,0.035
TRACE 1058446,-30.00,-30.00,0.000
TRACE 1060091,-30.00,-30.00,0.000
TRACE 1061718,-30.00,-30.00,0.000
TRACE 1063338,-30.00,-30.00,0.000
TRACE 1064954,-30.00,-30.00,0.000
TRACE 1066589,-30.00,-30.00,0.000
TRACE 1068218,-30.00,-30.00,0.000
TRACE 1069827,-30.00,-30.00,0.000
TRACE 1071468,-30.00,-30.00,0.000
TRACE 1073086,-30.00,-30.00,0.000
TRACE 1074707,-30.00,-30.00,0.000
TRACE 1076336,-30.00,-30.00,0.000
TRACE 1077962,-30.00,-30.00,0.000
TRACE 1079594,-30.00,-30.00,0.000
TRACE 1081277,-30.00,-30.00,0.000
TRACE 1082906,-30.00,-30.00,0.000
TRACE 1084519,-30.00,-30.00,0.000
TRACE 1086195,-30.00,-30.00,0.000
TRACE 1087816,-30.00,-30.00,0.000
TRACE 1089434,-30.00,-30.00,0.000
TRACE 1091067,-30.00,-30.00,0.000
TRACE 1092686,-30.00,-30.00,0.000
TRACE 1094299,-30.00,-30.00,0.000
>>> 