arm_test.cmd_trace(arm, [])
TRACE t_us,ref_deg,pos_deg,duty
TRACE 912,-29.00,-29.00,0.430
TRACE 2883,-29.00,-29.00,0.431
TRACE 4730,-29.00,-29.00,0.432
TRACE 6525,-29.00,-29.00,0.432
TRACE 8306,-28.99,-29.00,0.433
TRACE 10086,-28.99,-29.00,0.434
TRACE 11882,-28.99,-29.00,0.435
TRACE 13696,-28.98,-28.00,-0.497
TRACE 15489,-28.98,-28.00,-0.497
TRACE 17271,-28.97,-28.00,-0.497
TRACE 19092,-28.96,-28.00,-0.496
TRACE 20874,-28.96,-28.00,-0.495
TRACE 22666,-28.95,-28.00,-0.494
TRACE 24477,-28.94,-28.00,-0.493
TRACE 26257,-28.93,-28.50,0.458
TRACE 28035,-28.92,-29.00,0.506
TRACE 29817,-28.91,-29.00,0.507
TRACE 31560,-28.90,-29.00,0.509
TRACE 33352,-28.89,-29.00,0.509
TRACE 35119,-28.88,-29.00,0.511
TRACE 36890,-28.86,-29.00,0.512
TRACE 38662,-28.85,-29.00,0.481
TRACE 40445,-28.84,-28.00,-0.485
TRACE 42230,-28.82,-28.00,-0.484
TRACE 44010,-28.81,-28.00,-0.483
TRACE 45784,-28.79,-28.00,-0.482
TRACE 47601,-28.77,-28.00,-0.480
TRACE 49384,-28.76,-28.00,-0.479
TRACE 51191,-28.74,-28.00,-0.478
TRACE 52986,-28.72,-28.00,0.427
TRACE 54758,-28.70,-28.50,0.476
TRACE 56537,-28.68,-29.00,0.524
TRACE 58306,-28.66,-29.00,0.525
TRACE 60075,-28.64,-29.00,0.527
TRACE 61857,-28.62,-29.00,0.528
TRACE 63618,-28.60,-29.00,0.529
TRACE 65360,-28.57,-28.00,0.436
TRACE 67115,-28.55,-28.00,-0.435
TRACE 68913,-28.53,-28.00,-0.466
TRACE 70707,-28.50,-28.00,-0.464
TRACE 72500,-28.47,-27.50,-0.510
TRACE 74297,-28.45,-27.50,-0.508
TRACE 76072,-28.42,-28.00,-0.459
TRACE 77865,-28.39,-28.00,0.446
TRACE 79631,-28.37,-28.00,0.448
TRACE 81393,-28.34,-28.00,0.449
TRACE 83152,-28.31,-28.50,0.498
TRACE 84911,-28.28,-29.00,0.579
TRACE 86684,-28.25,-29.00,0.581
TRACE 88466,-28.22,-28.50,0.503
TRACE 90238,-28.19,-28.00,0.457
TRACE 92003,-28.15,-28.00,0.459
TRACE 93792,-28.12,-28.00,0.460
TRACE 95571,-28.09,-28.00,0.430
TRACE 97342,-28.05,-28.00,-0.441
TRACE 99116,-28.02,-27.00,-0.534
TRACE 100921,-27.98,-27.00,-0.499
TRACE 102697,-27.95,-27.00,-0.466
TRACE 104469,-27.91,-27.00,-0.464
TRACE 106234,-27.87,-27.00,-0.462
TRACE 108017,-27.83,-27.00,-0.460
TRACE 109795,-27.79,-27.00,-0.459
TRACE 111569,-27.76,-27.00,0.448
TRACE 113351,-27.72,-27.00,0.449
TRACE 115134,-27.67,-27.00,0.451
TRACE 116893,-27.63,-27.00,0.453
TRACE 118683,-27.59,-27.00,0.455
TRACE 120449,-27.55,-27.00,0.457
TRACE 122190,-27.51,-27.00,0.459
TRACE 123969,-27.46,-26.00,-0.474
TRACE 125759,-27.42,-26.00,-0.472
TRACE 127537,-27.37,-26.00,-0.470
TRACE 129337,-27.33,-26.00,-0.468
TRACE 131116,-27.28,-26.00,-0.466
TRACE 132885,-27.23,-26.00,-0.464
TRACE 134661,-27.19,-26.00,-0.461
TRACE 136444,-27.14,-27.00,0.539
TRACE 138207,-27.09,-27.00,0.541
TRACE 139977,-27.04,-27.00,0.543
TRACE 141749,-26.99,-27.00,0.546
TRACE 143544,-26.94,-27.00,0.548
TRACE 145315,-26.89,-27.00,0.550
TRACE 147084,-26.84,-27.00,0.552
TRACE 148835,-26.78,-27.00,0.490
TRACE 150597,-26.73,-26.00,-0.442
TRACE 152376,-26.68,-26.00,-0.440
TRACE 154153,-26.62,-26.00,-0.438
TRACE 155942,-26.57,-26.00,-0.435
TRACE 157727,-26.51,-26.00,-0.433
TRACE 159514,-26.46,-26.00,-0.431
TRACE 161298,-26.40,-26.00,-0.428
TRACE 163090,-26.34,-26.00,0.479
TRACE 164877,-26.28,-26.00,0.481
TRACE 166645,-26.22,-26.00,0.483
TRACE 168417,-26.16,-26.50,0.533
TRACE 170181,-26.10,-27.00,0.582
TRACE 171940,-26.04,-27.00,0.585
TRACE 173707,-25.98,-27.00,0.588
TRACE 175460,-25.92,-27.00,0.590
TRACE 177207,-25.86,-26.50,0.545
TRACE 178959,-25.80,-26.00,0.501
TRACE 180739,-25.73,-26.00,0.471
TRACE 182506,-25.67,-26.00,0.441
TRACE 184276,-25.60,-26.00,0.443
TRACE 186037,-25.54,-26.00,0.446
TRACE 187807,-25.47,-25.50,-0.439
TRACE 189589,-25.41,-25.00,-0.451
TRACE 191368,-25.34,-25.00,0.424
TRACE 193132,-25.27,-25.00,0.427
TRACE 194884,-25.20,-25.00,0.429
TRACE 196647,-25.13,-25.00,0.432
TRACE 198399,-25.06,-25.00,0.435
TRACE 200176,-24.99,-24.50,0.423
TRACE 210659,-24.56,-23.00,-0.457
TRACE 212466,-24.49,-23.00,-0.454
TRACE 214262,-24.41,-23.00,-0.451
TRACE 216041,-24.33,-23.00,-0.448
TRACE 217834,-24.25,-23.00,-0.445
TRACE 219628,-24.18,-23.00,-0.442
TRACE 221425,-24.10,-23.00,0.420
TRACE 223213,-24.02,-23.00,0.480
TRACE 224995,-23.94,-23.00,0.483
TRACE 226776,-23.86,-23.50,0.533
TRACE 228532,-23.78,-24.00,0.583
TRACE 230306,-23.70,-24.00,0.586
TRACE 232065,-23.61,-23.00,0.495
TRACE 233843,-23.53,-23.00,0.498
TRACE 235617,-23.45,-23.00,0.501
TRACE 237357,-23.37,-23.00,0.504
TRACE 239130,-23.28,-23.00,0.475
TRACE 240897,-23.20,-23.00,0.446
TRACE 242699,-23.11,-22.00,-0.485
TRACE 244492,-23.02,-22.00,0.423
TRACE 246262,-22.94,-22.00,0.426
TRACE 248085,-22.85,-21.00,-0.504
TRACE 249892,-22.76,-21.00,-0.500
TRACE 251738,-22.66,-21.00,-0.496
TRACE 253514,-22.57,-21.00,-0.493
TRACE 255295,-22.48,-21.00,-0.426
TRACE 257124,-22.39,-21.00,-0.422
TRACE 258914,-22.30,-21.00,0.421
TRACE 260704,-22.20,-21.00,0.488
TRACE 262471,-22.11,-22.00,0.585
TRACE 264275,-22.02,-22.00,0.588
TRACE 266040,-21.92,-22.00,0.592
TRACE 267819,-21.83,-22.00,0.595
TRACE 269576,-21.73,-22.00,0.599
TRACE 271336,-21.64,-21.50,0.556
TRACE 273110,-21.54,-21.00,0.512
TRACE 274874,-21.44,-21.00,0.451
TRACE 276653,-21.35,-21.00,0.455
TRACE 278438,-21.25,-21.00,0.458
TRACE 280195,-21.15,-20.00,-0.473
TRACE 281986,-21.05,-20.00,-0.469
TRACE 283767,-20.95,-20.00,-0.433
TRACE 285552,-20.85,-19.50,-0.444
TRACE 287344,-20.74,-19.00,-0.487
TRACE 289124,-20.64,-19.50,-0.436
TRACE 290916,-20.54,-20.00,0.455
TRACE 292713,-20.43,-20.00,0.522
TRACE 294479,-20.33,-20.00,0.526
TRACE 296254,-20.22,-20.00,0.530
TRACE 298033,-20.12,-20.00,0.566
TRACE 299790,-20.01,-20.00,0.602
TRACE 301558,-19.91,-20.00,0.563
TRACE 303385,-19.80,-20.00,0.534
TRACE 305196,-19.69,-20.00,0.537
TRACE 307000,-19.58,-19.00,0.447
TRACE 308805,-19.47,-19.00,0.450
TRACE 310609,-19.36,-19.00,0.453
TRACE 312414,-19.26,-19.00,0.457
TRACE 314221,-19.15,-19.00,0.460
TRACE 316022,-19.04,-18.00,-0.470
TRACE 317851,-18.93,-18.00,-0.466
TRACE 319671,-18.82,-17.50,-0.446
TRACE 321490,-18.71,-17.00,-0.489
TRACE 323304,-18.60,-17.00,-0.486
TRACE 325121,-18.49,-17.00,-0.483
TRACE 326937,-18.38,-17.50,-0.433
TRACE 328737,-18.28,-18.00,0.520
TRACE 330529,-18.17,-18.00,0.523
TRACE 332354,-18.06,-18.00,0.558
TRACE 334160,-17.95,-18.00,0.593
TRACE 335965,-17.84,-18.00,0.596
TRACE 337773,-17.73,-18.00,0.599
TRACE 339594,-17.62,-18.00,0.571
TRACE 341398,-17.52,-18.00,0.543
TRACE 343213,-17.41,-18.00,0.546
TRACE 345006,-17.30,-18.00,0.549
TRACE 346819,-17.19,-18.00,0.552
TRACE 348637,-17.08,-18.00,0.556
TRACE 350442,-16.97,-17.50,0.512
TRACE 352228,-16.87,-17.00,0.469
TRACE 354044,-16.76,-17.00,0.472
TRACE 355861,-16.65,-17.00,0.475
TRACE 357663,-16.54,-16.00,-0.455
TRACE 359484,-16.43,-16.00,-0.451
TRACE 361315,-16.32,-16.00,-0.448
TRACE 363137,-16.21,-15.00,-0.506
TRACE 364954,-16.10,-15.00,-0.471
TRACE 366773,-15.99,-15.00,-0.468
TRACE 368595,-15.88,-15.00,-0.464
TRACE 370411,-15.78,-15.00,0.442
TRACE 372207,-15.67,-15.00,0.445
TRACE 374008,-15.56,-15.00,0.448
TRACE 375807,-15.45,-15.00,0.514
TRACE 377622,-15.34,-15.00,0.518
TRACE 379435,-15.23,-15.00,0.521
TRACE 381251,-15.12,-15.00,0.524
TRACE 383070,-15.02,-15.00,0.528
TRACE 384873,-14.91,-14.00,0.438
TRACE 386717,-14.80,-14.00,0.441
TRACE 388524,-14.69,-14.00,0.444
TRACE 390332,-14.58,-13.00,-0.485
TRACE 392161,-14.47,-13.00,-0.482
TRACE 393976,-14.36,-13.00,-0.479
TRACE 395788,-14.25,-13.00,-0.475
TRACE 397616,-14.14,-13.00,0.431
TRACE 399421,-14.03,-13.00,0.434
TRACE 401220,-13.93,-13.00,0.437
TRACE 403038,-13.82,-13.00,0.503
TRACE 404841,-13.71,-13.00,0.507
TRACE 415295,-13.08,-13.00,0.526
TRACE 417129,-12.97,-13.00,0.529
TRACE 418963,-12.86,-13.00,0.532
TRACE 420791,-12.75,-13.00,0.535
TRACE 422598,-12.64,-12.50,0.505
TRACE 424426,-12.53,-12.00,0.475
TRACE 426237,-12.43,-12.00,0.478
TRACE 428067,-12.32,-11.50,-0.430
TRACE 429903,-12.21,-11.00,-0.473
TRACE 431729,-12.10,-11.00,-0.470
TRACE 433574,-11.99,-11.00,-0.467
TRACE 435409,-11.88,-11.00,-0.432
TRACE 437249,-11.77,-11.00,0.443
TRACE 439082,-11.66,-11.00,0.446
TRACE 440885,-11.55,-11.00,0.480
TRACE 442690,-11.44,-11.00,0.515
TRACE 444477,-11.33,-11.00,0.518
TRACE 446288,-11.22,-11.00,0.521
TRACE 448111,-11.11,-11.00,0.525
TRACE 449923,-11.00,-10.50,0.481
TRACE 451734,-10.90,-10.00,0.438
TRACE 453553,-10.79,-10.00,0.441
TRACE 455374,-10.68,-9.00,-0.488
TRACE 457239,-10.57,-9.00,-0.484
TRACE 459068,-10.46,-9.00,-0.481
TRACE 460945,-10.34,-9.00,-0.477
TRACE 462773,-10.23,-9.00,-0.442
TRACE 464640,-10.12,-9.00,0.432
TRACE 466452,-10.01,-9.00,0.436
TRACE 468250,-9.90,-9.00,0.501
TRACE 470075,-9.80,-9.00,0.504
TRACE 471883,-9.69,-8.50,0.461
TRACE 473695,-9.58,-8.00,-0.422
TRACE 475491,-9.47,-8.00,0.421
TRACE 477309,-9.36,-8.00,0.424
TRACE 479121,-9.25,-8.00,0.427
TRACE 480916,-9.15,-8.00,0.430
TRACE 482710,-9.04,-7.50,-0.453
TRACE 484522,-8.93,-7.00,-0.475
TRACE 486416,-8.82,-7.00,-0.440
TRACE 488322,-8.70,-7.00,-0.437
TRACE 490214,-8.59,-7.00,-0.434
TRACE 492098,-8.48,-7.00,-0.431
TRACE 493984,-8.37,-7.00,-0.428
TRACE 495870,-8.26,-7.00,0.445
TRACE 497760,-8.16,-7.00,0.478
TRACE 499628,-8.05,-7.00,0.481
TRACE 501494,-7.94,-7.00,0.483
TRACE 503371,-7.84,-7.00,0.486
TRACE 505265,-7.73,-7.00,0.488
TRACE 507131,-7.63,-7.00,0.491
TRACE 508996,-7.53,-7.00,0.493
TRACE 510861,-7.42,-6.00,-0.436
TRACE 512743,-7.32,-6.00,-0.433
TRACE 514638,-7.22,-6.00,-0.431
TRACE 516543,-7.12,-5.00,-0.519
TRACE 518431,-7.02,-5.00,-0.517
TRACE 520311,-6.92,-5.00,-0.514
TRACE 522198,-6.82,-5.00,-0.512
TRACE 524081,-6.72,-5.00,-0.449
TRACE 525968,-6.62,-5.00,-0.447
TRACE 527862,-6.53,-5.00,-0.444
TRACE 529752,-6.43,-5.50,0.504
TRACE 531618,-6.34,-6.00,0.551
TRACE 533501,-6.24,-6.00,0.553
TRACE 535377,-6.15,-6.00,0.556
TRACE 537246,-6.06,-5.50,0.512
TRACE 539125,-5.96,-5.00,0.469
TRACE 540983,-5.87,-5.00,0.471
TRACE 542888,-5.78,-5.00,0.443
TRACE 544790,-5.69,-4.50,-0.471
TRACE 546673,-5.60,-4.00,-0.514
TRACE 548561,-5.51,-4.00,-0.512
TRACE 550459,-5.42,-4.00,-0.480
TRACE 552351,-5.34,-4.00,-0.447
TRACE 554244,-5.25,-4.00,-0.445
TRACE 556129,-5.16,-4.00,-0.443
TRACE 558017,-5.08,-4.00,0.429
TRACE 559894,-4.99,-4.00,0.461
TRACE 561786,-4.91,-4.00,0.463
TRACE 563667,-4.83,-3.50,-0.421
TRACE 565569,-4.74,-3.00,-0.464
TRACE 567436,-4.66,-3.00,-0.463
TRACE 569322,-4.58,-3.00,-0.461
TRACE 571211,-4.50,-3.00,-0.459
TRACE 573107,-4.42,-3.00,-0.457
TRACE 574998,-4.34,-3.50,0.430
TRACE 576892,-4.26,-4.00,0.507
TRACE 578771,-4.18,-4.00,0.539
TRACE 580636,-4.11,-4.00,0.540
TRACE 582494,-4.03,-3.50,0.497
TRACE 584347,-3.96,-3.00,0.453
TRACE 586244,-3.88,-3.00,0.454
TRACE 588126,-3.81,-3.00,0.425
TRACE 590002,-3.74,-3.00,-0.444
TRACE 591902,-3.66,-3.00,-0.442
TRACE 593777,-3.59,-2.50,-0.486
TRACE 595656,-3.52,-2.00,-0.499
TRACE 597597,-3.45,-2.00,-0.467
TRACE 599502,-3.38,-2.50,-0.420
TRACE 601383,-3.31,-3.00,0.466
TRACE 611901,-2.94,-4.00,0.540
TRACE 613771,-2.88,-4.50,0.575
TRACE 615665,-2.81,-4.50,0.594
TRACE 617557,-2.75,-5.00,0.647
TRACE 619459,-2.69,-5.00,0.648
TRACE 621355,-2.62,-4.50,0.598
TRACE 623251,-2.56,-4.00,0.547
TRACE 625123,-2.50,-4.00,0.512
TRACE 626998,-2.44,-4.00,0.483
TRACE 628895,-2.39,-3.00,-0.447
TRACE 630780,-2.33,-3.00,-0.476
TRACE 632661,-2.27,-3.00,-0.475
TRACE 634592,-2.21,-3.00,-0.443
TRACE 636490,-2.16,-3.00,0.428
TRACE 638357,-2.10,-3.00,0.429
TRACE 640225,-2.05,-3.00,0.430
TRACE 642117,-1.99,-3.00,0.491
TRACE 644007,-1.94,-3.00,0.492
TRACE 645872,-1.89,-3.00,0.493
TRACE 647803,-1.84,-3.00,0.494
TRACE 649691,-1.79,-2.50,0.449
TRACE 651592,-1.74,-2.00,-0.435
TRACE 653505,-1.69,-2.00,-0.434
TRACE 655438,-1.64,-2.00,-0.433
TRACE 657342,-1.59,-1.00,-0.102
TRACE 659216,-1.54,-1.00,-0.101
TRACE 661049,-1.50,-1.00,-0.102
TRACE 662951,-1.45,-1.50,-0.445
TRACE 664849,-1.40,-1.50,0.425
TRACE 666781,-1.36,-2.00,0.471
TRACE 668685,-1.31,-2.00,0.472
TRACE 670588,-1.27,-2.00,0.533
TRACE 672490,-1.23,-2.00,0.533
TRACE 674383,-1.19,-1.50,0.489
TRACE 676304,-1.15,-1.00,-0.006
TRACE 678157,-1.11,-1.00,-0.005
TRACE 680036,-1.07,-1.00,-0.035
TRACE 681891,-1.03,-1.00,-0.035
TRACE 683735,-0.99,-1.00,-0.035
TRACE 685595,-0.96,-1.00,-0.035
TRACE 687435,-0.92,-1.00,-0.004
TRACE 689304,-0.88,-1.00,0.027
TRACE 691165,-0.85,-1.00,0.028
TRACE 693014,-0.82,-1.00,0.028
TRACE 694890,-0.78,-1.00,0.028
TRACE 696741,-0.75,-1.00,0.029
TRACE 698616,-0.72,-1.50,0.495
TRACE 700545,-0.69,-2.00,0.540
TRACE 702432,-0.65,-2.00,0.540
TRACE 704332,-0.62,-2.00,0.540
TRACE 706229,-0.59,-1.50,0.495
TRACE 708144,-0.57,-1.00,0.030
TRACE 710006,-0.54,-1.00,0.030
TRACE 711865,-0.51,-1.00,0.000
TRACE 713735,-0.48,-1.00,-0.030
TRACE 715585,-0.46,-1.00,-0.030
TRACE 717435,-0.43,-1.00,-0.030
TRACE 719285,-0.41,-1.00,0.000
TRACE 721136,-0.39,-1.00,0.031
TRACE 722996,-0.36,-1.50,0.497
TRACE 724898,-0.34,-2.00,0.542
TRACE 726794,-0.32,-2.00,0.542
TRACE 728698,-0.30,-2.00,0.542
TRACE 730591,-0.28,-1.50,0.496
TRACE 732505,-0.26,-1.00,0.031
TRACE 734352,-0.24,-1.00,0.030
TRACE 736228,-0.22,-1.00,0.000
TRACE 738075,-0.20,-1.00,-0.031
TRACE 739925,-0.19,-1.00,-0.031
TRACE 741767,-0.17,-1.00,-0.031
TRACE 743625,-0.16,-1.00,-0.001
TRACE 745474,-0.14,-1.00,0.029
TRACE 747323,-0.13,-1.50,0.495
TRACE 749246,-0.12,-2.00,0.540
TRACE 751159,-0.10,-2.00,0.540
TRACE 753043,-0.09,-2.00,0.539
TRACE 754948,-0.08,-1.50,0.493
TRACE 756880,-0.07,-1.00,0.027
TRACE 758757,-0.06,-1.00,0.027
TRACE 760618,-0.05,-1.00,-0.003
TRACE 762468,-0.04,-1.00,-0.034
TRACE 764303,-0.04,-1.00,-0.035
TRACE 766164,-0.03,-1.00,-0.036
TRACE 768038,-0.02,-1.00,-0.006
TRACE 769894,-0.02,-1.00,0.024
TRACE 771754,-0.01,-1.50,0.490
TRACE 773673,-0.01,-2.00,0.534
TRACE 775585,-0.01,-2.00,0.534
TRACE 777473,-0.00,-2.00,0.533
TRACE 779374,-0.00,-1.50,0.487
TRACE 781314,-0.00,-1.00,0.021
TRACE 783186,-0.00,-1.00,0.020
TRACE 785035,0.00,-1.00,-0.000
TRACE 786698,0.00,-1.00,-0.031
TRACE 788323,0.00,-1.00,-0.033
TRACE 789943,0.00,-1.00,-0.034
TRACE 791567,0.00,-1.00,-0.003
TRACE 793220,0.00,-1.00,0.030
TRACE 794886,0.00,-1.00,0.030
TRACE 796538,0.00,-1.50,0.500
TRACE 798238,0.00,-2.00,0.549
TRACE 799921,0.00,-2.00,0.549
TRACE 801608,0.00,-2.00,0.549
TRACE 811998,0.00,-1.00,0.030
TRACE 813673,0.00,-1.00,0.030
TRACE 815324,0.00,-1.00,0.030
TRACE 816967,0.00,0.00,-0.059
TRACE 818550,0.00,0.00,-0.079
TRACE 820163,0.00,0.00,-0.079
TRACE 821787,0.00,0.00,-0.079
TRACE 823399,0.00,0.00,-0.070
TRACE 824998,0.00,0.00,-0.071
TRACE 826618,0.00,0.00,-0.071
TRACE 828244,0.00,0.00,0.000
TRACE 829861,0.00,0.00,0.000
TRACE 831466,0.00,0.00,0.000
TRACE 833084,0.00,0.00,0.000
TRACE 834692,0.00,0.00,0.000
TRACE 836299,0.00,0.00,0.000
TRACE 837900,0.00,0.00,0.000
TRACE 839538,0.00,0.00,0.000
TRACE 841169,0.00,0.00,0.000
TRACE 842777,0.00,0.00,0.000
TRACE 844382,0.00,0.00,0.000
TRACE 846000,0.00,0.00,0.000
TRACE 847631,0.00,0.00,0.000
TRACE 849240,0.00,0.00,0.000
TRACE 850887,0.00,0.00,0.000
TRACE 852494,0.00,0.00,0.000
TRACE 854098,0.00,0.00,0.000
TRACE 855673,0.00,0.00,0.000
TRACE 857309,0.00,0.00,0.000
TRACE 858915,0.00,0.00,0.000
TRACE 860515,0.00,0.00,0.000
TRACE 862103,0.00,0.00,0.000
TRACE 863698,0.00,0.00,0.000
TRACE 865294,0.00,0.00,0.000
TRACE 866900,0.00,0.00,0.000
TRACE 868514,0.00,0.00,0.000
TRACE 870118,0.00,0.00,0.000
TRACE 871717,0.00,0.00,0.000
TRACE 873348,0.00,0.00,0.000
TRACE 874942,0.00,0.00,0.000
TRACE 876521,0.00,0.00,0.000
TRACE 878110,0.00,0.00,0.000
TRACE 879721,0.00,0.00,0.000
TRACE 881302,0.00,0.00,0.000
TRACE 882912,0.00,0.00,0.000
TRACE 884506,0.00,0.00,0.000
TRACE 886106,0.00,0.00,0.000
TRACE 887687,0.00,0.00,0.000
TRACE 889282,0.00,0.00,0.000
TRACE 890879,0.00,0.00,0.000
TRACE 892455,0.00,0.00,0.000
TRACE 894053,0.00,0.00,0.000
TRACE 895640,0.00,0.00,0.000
TRACE 897249,0.00,0.00,0.000
TRACE 898832,0.00,0.00,0.000
TRACE 900432,0.00,0.00,0.000
>>> 