arm_test.cmd_trace(arm, [])
TRACE t_us,ref_deg,pos_deg,duty
TRACE 980,-0.00,0.00,-0.410
TRACE 2922,-0.00,0.00,-0.411
TRACE 4736,-0.00,0.00,-0.412
TRACE 6529,-0.00,0.00,-0.412
TRACE 8297,-0.01,0.00,-0.413
TRACE 10083,-0.01,0.00,-0.414
TRACE 11853,-0.01,0.00,-0.415
TRACE 13622,-0.02,0.00,-0.415
TRACE 15420,-0.02,-0.50,0.431
TRACE 17231,-0.03,-0.50,0.430
TRACE 19002,-0.04,-0.50,0.429
TRACE 20764,-0.04,0.00,-0.419
TRACE 22525,-0.05,0.00,-0.420
TRACE 24293,-0.06,0.00,-0.421
TRACE 26061,-0.07,0.00,-0.421
TRACE 27825,-0.08,0.00,-0.455
TRACE 29597,-0.09,0.00,-0.456
TRACE 31362,-0.10,0.00,-0.457
TRACE 33117,-0.11,0.00,-0.425
TRACE 34869,-0.12,0.00,-0.426
TRACE 36638,-0.13,-0.50,0.420
TRACE 38412,-0.15,-1.00,0.467
TRACE 40179,-0.16,-1.00,0.465
TRACE 41980,-0.18,-1.00,0.464
TRACE 43744,-0.19,-0.50,0.416
TRACE 45510,-0.21,0.00,-0.433
TRACE 47295,-0.22,0.00,-0.434
TRACE 49082,-0.24,0.00,-0.467
TRACE 50882,-0.26,0.00,-0.500
TRACE 52638,-0.28,0.00,-0.501
TRACE 54440,-0.30,0.00,-0.503
TRACE 56209,-0.32,0.00,-0.472
TRACE 57963,-0.34,0.00,-0.441
TRACE 59716,-0.36,0.00,-0.442
TRACE 61477,-0.38,-1.00,0.451
TRACE 63248,-0.40,-1.00,0.450
TRACE 65012,-0.42,-1.00,0.449
TRACE 66783,-0.45,-1.00,0.447
TRACE 68546,-0.47,-1.00,0.446
TRACE 70315,-0.49,-1.00,0.445
TRACE 72088,-0.52,-1.00,0.443
TRACE 73867,-0.55,-0.50,-0.470
TRACE 75631,-0.57,0.00,-0.519
TRACE 77390,-0.60,0.00,-0.520
TRACE 79130,-0.63,0.00,-0.522
TRACE 80884,-0.65,0.00,-0.524
TRACE 82635,-0.68,0.00,-0.525
TRACE 84394,-0.71,0.00,-0.527
TRACE 86153,-0.74,0.00,-0.496
TRACE 87919,-0.77,0.00,-0.465
TRACE 89702,-0.80,-0.50,-0.419
TRACE 91476,-0.84,-1.00,0.427
TRACE 93255,-0.87,-1.00,0.425
TRACE 95033,-0.90,-1.00,0.423
TRACE 96813,-0.94,-1.00,0.421
TRACE 98592,-0.97,-1.00,0.420
TRACE 100356,-1.01,-1.00,0.418
TRACE 102133,-1.04,-1.00,-0.416
TRACE 103944,-1.08,-1.00,-0.450
TRACE 105730,-1.12,-1.00,-0.452
TRACE 107526,-1.16,-1.00,-0.453
TRACE 109322,-1.20,-1.00,-0.455
TRACE 111105,-1.23,-1.50,-0.410
TRACE 112887,-1.27,-2.00,0.435
TRACE 114673,-1.31,-2.00,0.433
TRACE 116444,-1.36,-2.00,0.431
TRACE 118210,-1.40,-2.00,0.430
TRACE 119992,-1.44,-2.00,0.428
TRACE 121775,-1.48,-2.00,0.426
TRACE 123551,-1.53,-2.00,-0.408
TRACE 125352,-1.57,-1.50,-0.489
TRACE 127146,-1.62,-1.00,-0.538
TRACE 128921,-1.66,-1.00,-0.540
TRACE 130714,-1.71,-1.00,-0.542
TRACE 132514,-1.76,-1.00,-0.544
TRACE 134305,-1.80,-1.50,-0.499
TRACE 136081,-1.85,-2.00,-0.455
TRACE 137868,-1.90,-2.00,-0.425
TRACE 139674,-1.95,-2.00,0.405
TRACE 141460,-2.00,-3.00,0.497
TRACE 143232,-2.05,-3.00,0.495
TRACE 145008,-2.10,-3.00,0.493
TRACE 146783,-2.15,-3.00,0.459
TRACE 148565,-2.21,-3.00,0.424
TRACE 150359,-2.26,-3.00,0.422
TRACE 152131,-2.31,-3.00,0.420
TRACE 153899,-2.37,-3.00,-0.446
TRACE 155674,-2.42,-3.00,-0.449
TRACE 157469,-2.48,-2.50,-0.498
TRACE 159269,-2.54,-2.50,-0.500
TRACE 161081,-2.59,-2.50,-0.503
TRACE 162864,-2.65,-3.00,-0.458
TRACE 164641,-2.71,-3.00,-0.461
TRACE 166418,-2.77,-3.00,-0.463
TRACE 168182,-2.83,-3.00,-0.465
TRACE 169964,-2.89,-3.50,0.411
TRACE 171729,-2.95,-4.00,0.456
TRACE 173501,-3.01,-4.00,0.454
TRACE 175280,-3.07,-4.00,0.419
TRACE 177040,-3.13,-4.00,0.417
TRACE 178808,-3.20,-4.00,0.414
TRACE 180578,-3.26,-4.00,0.412
TRACE 182357,-3.33,-4.00,-0.423
TRACE 184133,-3.39,-4.00,-0.458
TRACE 185919,-3.46,-3.00,-0.555
TRACE 187691,-3.52,-3.00,-0.558
TRACE 189480,-3.59,-3.00,-0.560
TRACE 191258,-3.66,-3.00,-0.563
TRACE 193049,-3.73,-3.00,-0.565
TRACE 194845,-3.80,-3.00,-0.568
TRACE 196630,-3.87,-4.00,-0.477
TRACE 207092,-4.29,-5.00,0.412
TRACE 208878,-4.36,-5.00,0.409
TRACE 210646,-4.44,-6.00,0.474
TRACE 212451,-4.51,-6.00,0.471
TRACE 214247,-4.59,-6.00,0.468
TRACE 216020,-4.67,-6.00,0.466
TRACE 217793,-4.74,-6.00,0.425
TRACE 219596,-4.82,-5.50,-0.437
TRACE 221399,-4.90,-5.00,-0.487
TRACE 223198,-4.98,-5.00,-0.554
TRACE 224977,-5.06,-5.00,-0.557
TRACE 226776,-5.14,-5.00,-0.560
TRACE 228575,-5.22,-5.00,-0.563
TRACE 230371,-5.31,-5.00,-0.566
TRACE 232163,-5.39,-5.00,-0.537
TRACE 233950,-5.47,-5.00,-0.508
TRACE 235734,-5.56,-5.00,-0.512
TRACE 237524,-5.64,-6.00,-0.421
TRACE 239342,-5.73,-6.00,-0.424
TRACE 241113,-5.81,-6.00,-0.427
TRACE 242958,-5.90,-6.50,0.416
TRACE 244730,-5.99,-7.00,0.460
TRACE 246530,-6.08,-7.00,0.456
TRACE 248281,-6.16,-7.00,0.453
TRACE 250047,-6.25,-7.00,-0.414
TRACE 251857,-6.34,-7.00,-0.417
TRACE 253647,-6.43,-7.00,-0.420
TRACE 255497,-6.53,-7.00,-0.456
TRACE 257294,-6.62,-7.00,-0.491
TRACE 259108,-6.71,-7.00,-0.495
TRACE 260907,-6.81,-7.00,-0.498
TRACE 262720,-6.90,-7.00,-0.502
TRACE 264521,-7.00,-7.00,-0.505
TRACE 266315,-7.09,-7.00,-0.509
TRACE 268108,-7.19,-7.00,-0.512
TRACE 269879,-7.28,-7.00,-0.516
TRACE 271675,-7.38,-7.00,-0.519
TRACE 273470,-7.48,-7.50,-0.476
TRACE 275272,-7.58,-8.00,-0.433
TRACE 277060,-7.68,-8.00,-0.436
TRACE 278854,-7.78,-8.00,-0.440
TRACE 280625,-7.88,-8.50,0.404
TRACE 282393,-7.97,-9.00,0.447
TRACE 284165,-8.07,-9.00,0.444
TRACE 285929,-8.18,-9.00,0.408
TRACE 287684,-8.28,-9.00,-0.427
TRACE 289492,-8.38,-9.00,-0.431
TRACE 291265,-8.48,-9.00,-0.435
TRACE 293045,-8.59,-9.00,-0.471
TRACE 294837,-8.69,-9.00,-0.507
TRACE 296610,-8.80,-9.00,-0.511
TRACE 298416,-8.91,-9.00,-0.515
TRACE 300220,-9.01,-9.00,-0.508
TRACE 302032,-9.12,-9.00,-0.512
TRACE 303869,-9.23,-10.00,-0.421
TRACE 305695,-9.34,-10.00,-0.425
TRACE 307540,-9.45,-10.00,-0.429
TRACE 309366,-9.56,-11.00,0.461
TRACE 311194,-9.67,-11.00,0.457
TRACE 312996,-9.78,-11.00,0.454
TRACE 314804,-9.89,-11.00,0.451
TRACE 316634,-10.00,-11.00,-0.415
TRACE 318463,-10.11,-11.00,-0.419
TRACE 320286,-10.22,-11.00,-0.422
TRACE 322118,-10.33,-11.00,-0.488
TRACE 323961,-10.44,-11.50,-0.445
TRACE 325783,-10.55,-12.00,-0.402
TRACE 327640,-10.66,-12.00,-0.405
TRACE 329482,-10.77,-12.00,-0.409
TRACE 331303,-10.88,-12.50,0.434
TRACE 333113,-10.99,-13.00,0.477
TRACE 334940,-11.10,-13.00,0.474
TRACE 336761,-11.21,-13.00,0.440
TRACE 338562,-11.31,-13.00,0.405
TRACE 340375,-11.42,-13.00,0.402
TRACE 342197,-11.53,-13.00,-0.401
TRACE 344014,-11.64,-13.00,-0.436
TRACE 345831,-11.75,-13.00,-0.470
TRACE 347663,-11.86,-13.00,-0.474
TRACE 349491,-11.97,-13.00,-0.477
TRACE 351297,-12.08,-13.50,-0.434
TRACE 353117,-12.19,-14.00,0.409
TRACE 354926,-12.30,-14.00,0.406
TRACE 356721,-12.40,-14.00,0.403
TRACE 358531,-12.51,-14.00,-0.400
TRACE 360353,-12.62,-14.00,-0.404
TRACE 362172,-12.73,-13.50,-0.453
TRACE 363978,-12.84,-13.00,-0.535
TRACE 365816,-12.95,-13.00,-0.569
TRACE 367644,-13.06,-13.00,-0.573
TRACE 369459,-13.17,-13.50,-0.529
TRACE 371300,-13.28,-14.00,-0.486
TRACE 373101,-13.39,-14.00,-0.490
TRACE 374927,-13.50,-14.00,-0.462
TRACE 376771,-13.61,-14.00,-0.434
TRACE 378598,-13.72,-14.00,-0.437
TRACE 380413,-13.82,-14.00,-0.440
TRACE 382226,-13.93,-14.50,-0.428
TRACE 384058,-14.04,-15.00,-0.417
TRACE 385880,-14.15,-15.00,-0.420
TRACE 387710,-14.26,-15.00,-0.423
TRACE 389531,-14.37,-16.00,0.466
TRACE 391338,-14.48,-16.00,0.463
TRACE 393156,-14.59,-16.00,0.460
TRACE 394959,-14.70,-16.00,0.425
TRACE 396759,-14.81,-16.00,-0.409
TRACE 398589,-14.92,-16.50,0.434
TRACE 409076,-15.54,-17.00,0.411
TRACE 410900,-15.65,-17.00,-0.430
TRACE 412731,-15.76,-17.00,-0.434
TRACE 414549,-15.87,-17.00,-0.437
TRACE 416389,-15.98,-17.00,-0.440
TRACE 418220,-16.09,-17.00,-0.444
TRACE 420076,-16.20,-17.00,-0.466
TRACE 421914,-16.31,-17.00,-0.487
TRACE 423763,-16.43,-17.00,-0.491
TRACE 425597,-16.54,-17.00,-0.494
TRACE 427420,-16.65,-17.00,-0.497
TRACE 429264,-16.76,-17.00,-0.501
TRACE 431103,-16.87,-17.50,-0.458
TRACE 432943,-16.98,-18.00,-0.415
TRACE 434772,-17.09,-18.00,-0.418
TRACE 436596,-17.20,-18.00,-0.422
TRACE 438439,-17.31,-19.00,0.467
TRACE 440253,-17.42,-19.00,0.464
TRACE 442056,-17.52,-19.00,0.461
TRACE 443935,-17.64,-19.00,0.426
TRACE 445745,-17.74,-19.00,-0.408
TRACE 447624,-17.86,-19.00,-0.411
TRACE 449435,-17.97,-19.00,-0.415
TRACE 451269,-18.08,-19.00,-0.480
TRACE 453092,-18.19,-19.00,-0.484
TRACE 454932,-18.30,-19.50,-0.441
TRACE 456781,-18.41,-20.00,0.402
TRACE 458570,-18.51,-20.00,-0.401
TRACE 460399,-18.62,-20.00,-0.404
TRACE 462201,-18.73,-21.00,0.485
TRACE 464009,-18.84,-21.00,0.482
TRACE 465818,-18.95,-21.00,0.479
TRACE 467652,-19.06,-21.00,0.445
TRACE 469467,-19.17,-21.00,0.410
TRACE 471285,-19.28,-21.00,0.407
TRACE 473094,-19.39,-20.50,-0.443
TRACE 474918,-19.50,-20.00,-0.556
TRACE 476738,-19.60,-20.00,-0.559
TRACE 478558,-19.71,-20.00,-0.562
TRACE 480368,-19.82,-20.00,-0.566
TRACE 482192,-19.93,-20.00,-0.569
TRACE 484021,-20.04,-20.00,-0.572
TRACE 485843,-20.15,-20.00,-0.544
TRACE 487669,-20.26,-20.00,-0.516
TRACE 489482,-20.37,-21.00,-0.426
TRACE 491296,-20.48,-21.00,-0.430
TRACE 493105,-20.59,-21.00,-0.433
TRACE 494929,-20.70,-21.00,-0.436
TRACE 496741,-20.80,-22.00,0.454
TRACE 498551,-20.91,-22.00,0.451
TRACE 500352,-21.02,-22.00,0.448
TRACE 502162,-21.13,-23.00,0.474
TRACE 503978,-21.24,-23.00,0.471
TRACE 505772,-21.35,-23.00,0.468
TRACE 507585,-21.46,-22.50,0.418
TRACE 509429,-21.57,-22.00,-0.495
TRACE 511259,-21.68,-22.00,-0.498
TRACE 513094,-21.79,-22.00,-0.502
TRACE 514912,-21.89,-22.00,-0.568
TRACE 516715,-22.00,-22.00,-0.571
TRACE 518519,-22.11,-22.00,-0.574
TRACE 520373,-22.22,-22.00,-0.546
TRACE 522206,-22.33,-22.00,-0.518
TRACE 524040,-22.44,-22.00,-0.521
TRACE 525868,-22.55,-22.00,-0.525
TRACE 527708,-22.66,-22.00,-0.528
TRACE 529528,-22.77,-22.50,-0.485
TRACE 531366,-22.88,-23.00,-0.442
TRACE 533177,-22.99,-23.00,-0.445
TRACE 534990,-23.10,-23.00,-0.448
TRACE 536816,-23.21,-24.00,0.441
TRACE 538627,-23.32,-24.00,0.438
TRACE 540432,-23.43,-24.50,0.481
TRACE 542246,-23.53,-25.00,0.493
TRACE 544068,-23.64,-25.00,0.459
TRACE 545865,-23.75,-25.00,0.456
TRACE 547672,-23.86,-25.00,0.452
TRACE 549482,-23.97,-25.00,-0.414
TRACE 551326,-24.08,-25.00,-0.417
TRACE 553144,-24.19,-25.00,-0.452
TRACE 554966,-24.30,-25.00,-0.487
TRACE 556808,-24.41,-25.00,-0.490
TRACE 558628,-24.52,-25.00,-0.494
TRACE 560434,-24.63,-25.00,-0.497
TRACE 562268,-24.74,-25.00,-0.500
TRACE 564077,-24.84,-26.00,-0.411
TRACE 565916,-24.95,-26.00,-0.414
TRACE 567734,-25.06,-26.00,-0.417
TRACE 569578,-25.17,-26.50,0.426
TRACE 571374,-25.28,-27.00,0.469
TRACE 573204,-25.39,-27.00,0.466
TRACE 575008,-25.50,-27.00,0.463
TRACE 576858,-25.61,-27.00,-0.404
TRACE 578681,-25.72,-27.00,-0.407
TRACE 580495,-25.83,-27.00,-0.410
TRACE 582320,-25.94,-27.00,-0.445
TRACE 584131,-26.05,-27.00,-0.479
TRACE 585964,-26.16,-27.00,-0.483
TRACE 587804,-26.27,-27.00,-0.486
TRACE 589605,-26.38,-27.00,-0.489
TRACE 591416,-26.48,-27.00,-0.493
TRACE 593249,-26.59,-27.00,-0.496
TRACE 595076,-26.70,-27.00,-0.499
TRACE 596910,-26.81,-27.00,-0.502
TRACE 607383,-27.44,-28.00,-0.454
TRACE 609210,-27.55,-29.00,0.410
TRACE 611031,-27.66,-29.00,0.407
TRACE 612847,-27.77,-29.00,0.404
TRACE 614678,-27.88,-29.00,0.400
TRACE 616499,-27.99,-30.00,0.464
TRACE 618304,-28.10,-30.00,0.461
TRACE 620149,-28.21,-30.00,0.471
TRACE 621980,-28.32,-30.00,0.405
TRACE 623803,-28.43,-30.00,0.402
TRACE 625614,-28.54,-30.00,-0.401
TRACE 627442,-28.65,-30.00,-0.405
TRACE 629294,-28.76,-30.00,-0.471
TRACE 631125,-28.87,-30.00,-0.474
TRACE 632967,-28.98,-30.00,-0.477
TRACE 634801,-29.09,-30.00,-0.481
TRACE 636637,-29.20,-30.00,-0.484
TRACE 638476,-29.31,-31.00,0.405
TRACE 640302,-29.42,-31.00,0.402
TRACE 642141,-29.53,-31.00,-0.402
TRACE 643994,-29.64,-31.00,-0.405
TRACE 645816,-29.75,-31.00,-0.408
TRACE 647657,-29.86,-31.00,-0.412
TRACE 649495,-29.97,-31.00,-0.415
TRACE 651338,-30.08,-31.00,-0.480
TRACE 653163,-30.19,-31.50,-0.438
TRACE 655044,-30.30,-32.00,0.405
TRACE 656861,-30.41,-32.00,0.402
TRACE 658702,-30.52,-32.50,0.444
TRACE 660516,-30.63,-33.00,0.487
TRACE 662338,-30.74,-33.00,0.484
TRACE 664146,-30.85,-33.00,0.481
TRACE 665951,-30.96,-32.50,0.401
TRACE 667761,-31.07,-32.00,-0.480
TRACE 669602,-31.18,-32.00,-0.483
TRACE 671426,-31.29,-32.00,-0.518
TRACE 673245,-31.39,-31.50,-0.599
TRACE 675056,-31.50,-31.50,-0.602
TRACE 676862,-31.61,-31.50,-0.606
TRACE 678697,-31.72,-32.00,-0.531
TRACE 680540,-31.83,-32.00,-0.503
TRACE 682363,-31.94,-32.00,-0.506
TRACE 684201,-32.05,-32.00,-0.510
TRACE 686028,-32.16,-32.50,-0.435
TRACE 687859,-32.27,-33.00,0.408
TRACE 689660,-32.38,-33.00,0.404
TRACE 691456,-32.49,-33.00,-0.430
TRACE 693275,-32.60,-33.00,-0.433
TRACE 695106,-32.71,-34.00,0.456
TRACE 696914,-32.81,-34.00,0.453
TRACE 698741,-32.92,-34.00,0.419
TRACE 700566,-33.03,-34.00,-0.416
TRACE 702395,-33.14,-34.00,-0.419
TRACE 704228,-33.25,-34.00,-0.423
TRACE 706047,-33.36,-34.00,-0.426
TRACE 707866,-33.47,-34.00,-0.492
TRACE 709682,-33.58,-34.00,-0.495
TRACE 711516,-33.69,-34.00,-0.499
TRACE 713356,-33.80,-34.00,-0.502
TRACE 715182,-33.91,-34.00,-0.505
TRACE 717009,-34.02,-34.00,-0.509
TRACE 718860,-34.13,-34.00,-0.512
TRACE 720693,-34.24,-34.00,-0.515
TRACE 722525,-34.35,-34.00,-0.519
TRACE 724360,-34.46,-34.50,-0.476
TRACE 726196,-34.57,-35.00,-0.433
TRACE 728013,-34.68,-35.00,-0.436
TRACE 729834,-34.79,-35.00,-0.439
TRACE 731665,-34.90,-36.00,0.450
TRACE 733488,-35.01,-36.00,0.447
TRACE 735297,-35.12,-36.50,0.490
TRACE 737097,-35.23,-37.00,0.502
TRACE 738913,-35.33,-37.00,0.468
TRACE 740723,-35.44,-37.00,0.465
TRACE 742546,-35.55,-37.00,0.461
TRACE 744363,-35.66,-37.00,-0.405
TRACE 746199,-35.77,-37.00,-0.408
TRACE 748027,-35.88,-37.00,-0.443
TRACE 749855,-35.99,-37.00,-0.478
TRACE 751657,-36.10,-37.00,-0.481
TRACE 753484,-36.21,-37.00,-0.484
TRACE 755294,-36.32,-37.00,-0.488
TRACE 757121,-36.43,-37.00,-0.491
TRACE 758959,-36.54,-37.00,-0.494
TRACE 760792,-36.65,-37.00,-0.497
TRACE 762600,-36.76,-37.00,-0.501
TRACE 764420,-36.87,-38.00,-0.411
TRACE 766273,-36.98,-38.00,-0.415
TRACE 768110,-37.09,-38.00,-0.418
TRACE 769929,-37.20,-39.00,0.471
TRACE 771764,-37.31,-39.00,0.468
TRACE 773564,-37.41,-39.00,0.465
TRACE 775381,-37.52,-39.00,0.461
TRACE 777204,-37.63,-39.00,-0.404
TRACE 779024,-37.74,-39.00,-0.408
TRACE 780835,-37.85,-39.00,-0.411
TRACE 782663,-37.96,-39.00,-0.477
TRACE 784511,-38.07,-40.00,0.413
TRACE 786307,-38.18,-40.00,0.409
TRACE 788109,-38.29,-40.00,0.406
TRACE 789931,-38.40,-40.00,0.403
TRACE 791727,-38.50,-40.00,-0.400
TRACE 793550,-38.61,-40.00,-0.403
TRACE 795373,-38.72,-40.00,-0.407
TRACE 797195,-38.83,-40.00,-0.473
TRACE 807722,-39.46,-40.50,-0.458
TRACE 809568,-39.57,-40.50,-0.462
TRACE 811414,-39.68,-40.50,-0.465
TRACE 813251,-39.80,-41.00,-0.435
TRACE 815093,-39.91,-41.00,-0.438
TRACE 816941,-40.02,-41.00,-0.441
TRACE 818776,-40.13,-41.00,-0.445
TRACE 820614,-40.24,-41.00,-0.454
TRACE 822444,-40.35,-41.00,-0.457
TRACE 824295,-40.46,-41.00,-0.461
TRACE 826119,-40.57,-41.00,-0.495
TRACE 827943,-40.68,-41.00,-0.498
TRACE 829792,-40.79,-41.50,-0.455
TRACE 831616,-40.90,-42.00,-0.413
TRACE 833444,-41.01,-42.00,-0.416
TRACE 835280,-41.12,-42.50,0.427
TRACE 837109,-41.23,-43.00,0.470
TRACE 838922,-41.34,-43.00,0.467
TRACE 840732,-41.44,-43.00,0.464
TRACE 842623,-41.56,-43.00,0.429
TRACE 844416,-41.66,-43.00,-0.405
TRACE 846284,-41.78,-43.00,-0.409
TRACE 848126,-41.89,-43.00,-0.443
TRACE 849949,-42.00,-43.00,-0.478
TRACE 851790,-42.11,-43.50,-0.435
TRACE 853611,-42.22,-43.50,-0.438
TRACE 855462,-42.33,-44.00,0.404
TRACE 857261,-42.44,-44.00,0.401
TRACE 859081,-42.54,-44.00,-0.402
TRACE 860899,-42.65,-44.00,-0.405
TRACE 862718,-42.76,-43.50,-0.455
TRACE 864528,-42.87,-43.50,-0.489
TRACE 866350,-42.98,-43.50,-0.492
TRACE 868168,-43.09,-43.50,-0.527
TRACE 869973,-43.20,-44.00,-0.484
TRACE 871797,-43.31,-44.00,-0.487
TRACE 873642,-43.42,-44.00,-0.491
TRACE 875458,-43.53,-44.00,-0.462
TRACE 877292,-43.64,-44.00,-0.466
TRACE 879119,-43.75,-44.00,-0.469
TRACE 880934,-43.86,-44.00,-0.472
TRACE 882762,-43.97,-44.00,-0.507
TRACE 884600,-44.08,-44.00,-0.510
TRACE 886420,-44.19,-45.00,-0.421
TRACE 888254,-44.30,-45.00,-0.424
TRACE 890087,-44.41,-45.00,-0.428
TRACE 891906,-44.51,-45.00,-0.431
TRACE 893738,-44.62,-46.00,0.458
TRACE 895574,-44.73,-46.00,0.455
TRACE 897399,-44.84,-46.50,0.498
TRACE 899195,-44.95,-47.00,0.479
TRACE 901006,-45.06,-47.00,0.476
TRACE 902818,-45.17,-47.00,0.473
TRACE 904617,-45.28,-47.00,0.470
TRACE 906422,-45.39,-47.00,0.404
TRACE 908226,-45.49,-47.00,0.400
TRACE 910038,-45.60,-47.00,-0.434
TRACE 911857,-45.71,-46.00,-0.563
TRACE 913686,-45.82,-46.00,-0.566
TRACE 915511,-45.93,-46.00,-0.569
TRACE 917320,-46.04,-46.50,-0.526
TRACE 919136,-46.15,-47.00,-0.482
TRACE 920974,-46.26,-47.00,-0.486
TRACE 922786,-46.37,-47.00,-0.489
TRACE 924613,-46.48,-47.00,-0.430
TRACE 926448,-46.59,-47.50,0.413
TRACE 928263,-46.70,-48.00,0.457
TRACE 930078,-46.80,-48.00,0.422
TRACE 931899,-46.91,-48.00,-0.413
TRACE 933716,-47.02,-49.00,0.477
TRACE 935530,-47.13,-49.00,0.474
TRACE 937352,-47.24,-49.00,0.470
TRACE 939158,-47.35,-49.00,0.436
TRACE 940958,-47.46,-48.50,-0.445
TRACE 942788,-47.57,-48.00,-0.495
TRACE 944632,-47.68,-48.00,-0.498
TRACE 946458,-47.79,-48.00,-0.564
TRACE 948278,-47.90,-48.00,-0.568
TRACE 950112,-48.01,-48.00,-0.571
TRACE 951956,-48.12,-48.50,-0.528
TRACE 953797,-48.23,-49.00,-0.454
TRACE 955623,-48.34,-49.00,-0.426
TRACE 957437,-48.45,-49.00,-0.429
TRACE 959259,-48.56,-49.00,-0.432
TRACE 961074,-48.66,-50.00,0.457
TRACE 962887,-48.77,-50.00,0.454
TRACE 964685,-48.88,-50.00,0.420
TRACE 966499,-48.99,-50.50,0.432
TRACE 968308,-49.10,-51.00,0.475
TRACE 970113,-49.21,-50.50,0.425
TRACE 971910,-49.31,-50.00,-0.424
TRACE 973744,-49.42,-50.00,-0.491
TRACE 975569,-49.53,-50.00,-0.494
TRACE 977385,-49.64,-50.00,-0.497
TRACE 979201,-49.75,-50.00,-0.532
TRACE 981055,-49.86,-50.00,-0.567
TRACE 982862,-49.97,-50.00,-0.539
TRACE 984705,-50.08,-50.00,-0.510
TRACE 986536,-50.19,-50.50,-0.467
TRACE 988364,-50.30,-51.00,-0.425
TRACE 990185,-50.41,-51.00,-0.428
TRACE 992002,-50.52,-51.00,-0.431
TRACE 993834,-50.63,-51.00,-0.434
TRACE 995647,-50.74,-51.00,-0.438
TRACE 1006110,-51.37,-53.00,0.453
TRACE 1007930,-51.48,-54.00,0.499
TRACE 1009775,-51.59,-54.00,0.476
TRACE 1011592,-51.70,-54.00,0.473
TRACE 1013417,-51.81,-54.00,0.470
TRACE 1015250,-51.92,-54.00,0.467
TRACE 1017068,-52.02,-54.00,0.463
TRACE 1018882,-52.13,-54.00,0.411
TRACE 1020713,-52.24,-54.00,-0.455
TRACE 1022536,-52.35,-53.00,-0.551
TRACE 1024366,-52.46,-53.00,-0.554
TRACE 1026193,-52.57,-53.00,-0.558
TRACE 1028031,-52.68,-53.00,-0.561
TRACE 1029843,-52.79,-53.00,-0.564
TRACE 1031678,-52.90,-53.00,-0.568
TRACE 1033510,-53.01,-53.50,-0.525
TRACE 1035322,-53.12,-54.00,-0.419
TRACE 1037186,-53.23,-54.00,-0.423
TRACE 1039022,-53.34,-54.00,-0.426
TRACE 1040853,-53.45,-55.00,0.463
TRACE 1042685,-53.56,-55.00,0.460
TRACE 1044473,-53.67,-55.00,0.457
TRACE 1046322,-53.78,-55.00,0.422
TRACE 1048127,-53.89,-55.00,-0.412
TRACE 1049975,-54.00,-55.00,-0.415
TRACE 1051794,-54.11,-55.00,-0.419
TRACE 1053651,-54.22,-55.00,-0.485
TRACE 1055470,-54.33,-55.00,-0.488
TRACE 1057316,-54.44,-55.00,-0.491
TRACE 1059157,-54.55,-55.00,-0.494
TRACE 1060968,-54.66,-55.00,-0.498
TRACE 1062808,-54.77,-55.00,-0.501
TRACE 1064625,-54.88,-55.50,-0.458
TRACE 1066462,-54.99,-56.00,-0.415
TRACE 1068295,-55.10,-56.00,-0.419
TRACE 1070097,-55.21,-56.00,-0.422
TRACE 1071910,-55.31,-56.00,-0.425
TRACE 1073740,-55.42,-56.00,-0.428
TRACE 1075559,-55.53,-56.00,-0.431
TRACE 1077399,-55.64,-57.00,0.427
TRACE 1079193,-55.75,-57.00,-0.408
TRACE 1081026,-55.86,-57.00,-0.411
TRACE 1082859,-55.97,-57.50,0.432
TRACE 1084663,-56.08,-58.00,0.475
TRACE 1086471,-56.19,-58.00,0.472
TRACE 1088276,-56.30,-58.00,0.469
TRACE 1090086,-56.41,-58.00,0.403
TRACE 1091876,-56.51,-58.00,-0.400
TRACE 1093711,-56.62,-58.00,-0.404
TRACE 1095543,-56.73,-58.00,-0.438
TRACE 1097367,-56.84,-58.00,-0.473
TRACE 1099206,-56.95,-58.50,-0.430
TRACE 1101037,-57.06,-59.00,0.413
TRACE 1102852,-57.17,-59.00,0.410
TRACE 1104661,-57.28,-59.00,0.406
TRACE 1106454,-57.39,-59.00,0.403
TRACE 1108262,-57.50,-59.00,0.400
TRACE 1110066,-57.60,-58.50,-0.450
TRACE 1111907,-57.71,-58.00,-0.531
TRACE 1113735,-57.82,-58.00,-0.566
TRACE 1115554,-57.93,-58.00,-0.569
TRACE 1117371,-58.04,-58.00,-0.572
TRACE 1119197,-58.15,-58.00,-0.575
TRACE 1121037,-58.26,-58.50,-0.532
TRACE 1122852,-58.37,-59.00,-0.458
TRACE 1124676,-58.48,-59.00,-0.430
TRACE 1126508,-58.59,-59.00,-0.433
TRACE 1128317,-58.70,-59.00,-0.436
TRACE 1130152,-58.81,-60.00,0.453
TRACE 1131986,-58.92,-60.00,0.450
TRACE 1133794,-59.03,-60.50,0.462
TRACE 1135620,-59.14,-61.00,0.473
TRACE 1137421,-59.25,-61.00,0.470
TRACE 1139232,-59.35,-61.00,0.467
TRACE 1141054,-59.46,-61.00,0.464
TRACE 1142864,-59.57,-60.00,-0.495
TRACE 1144692,-59.68,-60.00,-0.498
TRACE 1146532,-59.79,-60.00,-0.533
TRACE 1148357,-59.90,-60.00,-0.568
TRACE 1150185,-60.01,-60.00,-0.571
TRACE 1152020,-60.12,-60.00,-0.574
TRACE 1153859,-60.23,-60.00,-0.577
TRACE 1155672,-60.34,-60.00,-0.518
TRACE 1157501,-60.45,-60.50,-0.475
TRACE 1159315,-60.56,-61.00,-0.432
TRACE 1161152,-60.67,-61.00,-0.436
TRACE 1162978,-60.78,-61.00,-0.439
TRACE 1164811,-60.89,-61.00,-0.442
TRACE 1166627,-61.00,-62.00,0.447
TRACE 1168410,-61.10,-62.00,0.444
TRACE 1170221,-61.21,-62.50,0.456
TRACE 1172045,-61.32,-63.00,0.468
TRACE 1173866,-61.43,-63.00,0.465
TRACE 1175677,-61.54,-63.00,0.462
TRACE 1177464,-61.65,-63.00,0.459
TRACE 1179271,-61.76,-63.00,-0.407
TRACE 1181077,-61.86,-63.00,-0.411
TRACE 1182886,-61.97,-62.50,-0.492
TRACE 1184704,-62.08,-62.50,-0.527
TRACE 1186542,-62.19,-63.00,-0.484
TRACE 1188362,-62.30,-63.00,-0.487
TRACE 1190169,-62.41,-63.00,-0.490
TRACE 1191987,-62.52,-63.00,-0.494
TRACE 1193802,-62.63,-63.00,-0.497
TRACE 1195631,-62.74,-64.00,0.424
TRACE 1206098,-63.37,-66.00,0.502
TRACE 1207918,-63.48,-66.00,0.480
TRACE 1209741,-63.58,-66.50,0.510
TRACE 1211554,-63.69,-67.00,0.541
TRACE 1213383,-63.80,-67.00,0.537
TRACE 1215221,-63.91,-67.00,0.534
TRACE 1217065,-64.02,-67.00,0.493
TRACE 1218916,-64.13,-67.00,0.440
TRACE 1220735,-64.24,-67.00,0.437
TRACE 1222569,-64.35,-66.50,-0.444
TRACE 1224394,-64.46,-66.00,-0.524
TRACE 1226227,-64.57,-66.00,-0.527
TRACE 1228077,-64.68,-66.00,-0.531
TRACE 1229901,-64.79,-66.50,-0.488
TRACE 1231733,-64.90,-67.00,-0.445
TRACE 1233551,-65.01,-67.00,-0.448
TRACE 1235380,-65.12,-67.00,-0.420
TRACE 1237220,-65.23,-67.00,0.407
TRACE 1239017,-65.34,-67.50,0.451
TRACE 1240847,-65.45,-68.00,0.494
TRACE 1242678,-65.56,-68.00,0.459
TRACE 1244489,-65.67,-68.00,0.425
TRACE 1246301,-65.78,-68.00,0.421
TRACE 1248130,-65.89,-68.00,0.418
TRACE 1250008,-66.00,-68.00,0.415
TRACE 1251827,-66.11,-68.00,-0.420
TRACE 1253693,-66.22,-68.00,-0.455
TRACE 1255534,-66.33,-68.00,-0.458
TRACE 1257382,-66.44,-68.00,-0.461
TRACE 1259221,-66.55,-68.50,-0.419
TRACE 1261048,-66.66,-69.00,0.424
TRACE 1262859,-66.77,-69.00,0.421
TRACE 1264660,-66.88,-69.00,0.418
TRACE 1266474,-66.99,-69.00,0.415
TRACE 1268294,-67.10,-69.00,0.412
TRACE 1270095,-67.21,-69.00,0.409
TRACE 1271895,-67.31,-68.00,-0.519
TRACE 1273715,-67.42,-68.00,-0.554
TRACE 1275540,-67.53,-68.00,-0.557
TRACE 1277363,-67.64,-68.00,-0.560
TRACE 1279173,-67.75,-68.00,-0.564
TRACE 1280993,-67.86,-68.00,-0.567
TRACE 1282833,-67.97,-68.50,-0.524
TRACE 1284652,-68.08,-69.00,-0.418
TRACE 1286480,-68.19,-69.00,-0.421
TRACE 1288303,-68.30,-69.00,-0.424
TRACE 1290151,-68.41,-69.50,0.419
TRACE 1291947,-68.52,-70.00,0.462
TRACE 1293764,-68.63,-70.00,0.459
TRACE 1295579,-68.73,-70.50,0.470
TRACE 1297405,-68.84,-71.00,0.482
TRACE 1299211,-68.95,-71.00,0.479
TRACE 1301016,-69.06,-70.50,0.430
TRACE 1302830,-69.17,-70.00,-0.452
TRACE 1304646,-69.28,-70.00,-0.486
TRACE 1306452,-69.39,-70.00,-0.490
TRACE 1308268,-69.50,-70.00,-0.524
TRACE 1310087,-69.61,-70.00,-0.559
TRACE 1311888,-69.71,-70.00,-0.563
TRACE 1313709,-69.82,-70.00,-0.534
TRACE 1315529,-69.93,-70.00,-0.506
TRACE 1317356,-70.04,-70.50,-0.463
TRACE 1319190,-70.15,-71.00,-0.420
TRACE 1321002,-70.26,-71.00,-0.423
TRACE 1322818,-70.37,-71.00,-0.426
TRACE 1324643,-70.48,-71.00,-0.430
TRACE 1326459,-70.59,-72.00,0.460
TRACE 1328286,-70.70,-72.00,0.457
TRACE 1330092,-70.81,-72.50,0.468
TRACE 1331907,-70.91,-73.00,0.480
TRACE 1333711,-71.02,-73.00,0.477
TRACE 1335543,-71.13,-73.00,0.474
TRACE 1337365,-71.24,-73.00,0.471
TRACE 1339169,-71.35,-73.00,0.404
TRACE 1340984,-71.46,-72.50,-0.445
TRACE 1342805,-71.57,-72.00,-0.527
TRACE 1344650,-71.68,-72.00,-0.561
TRACE 1346462,-71.79,-72.00,-0.564
TRACE 1348264,-71.90,-72.00,-0.568
TRACE 1350094,-72.01,-72.00,-0.571
TRACE 1351942,-72.12,-72.00,-0.574
TRACE 1353778,-72.23,-72.00,-0.546
TRACE 1355597,-72.34,-72.00,-0.518
TRACE 1357436,-72.45,-72.00,-0.521
TRACE 1359267,-72.56,-72.00,-0.525
TRACE 1361081,-72.66,-73.00,-0.436
TRACE 1362898,-72.77,-73.00,-0.439
TRACE 1364734,-72.88,-73.00,-0.442
TRACE 1366543,-72.99,-73.00,-0.445
TRACE 1368381,-73.10,-74.00,0.444
TRACE 1370186,-73.21,-74.00,0.441
TRACE 1371991,-73.32,-74.50,0.485
TRACE 1373791,-73.43,-75.00,0.465
TRACE 1375603,-73.54,-75.00,0.462
TRACE 1377417,-73.65,-75.00,0.459
TRACE 1379237,-73.75,-75.00,0.455
TRACE 1381069,-73.86,-75.00,-0.411
TRACE 1382870,-73.97,-75.00,-0.414
TRACE 1384703,-74.08,-75.00,-0.449
TRACE 1386532,-74.19,-75.00,-0.484
TRACE 1388358,-74.30,-75.00,-0.487
TRACE 1390175,-74.41,-75.00,-0.490
TRACE 1391994,-74.52,-75.00,-0.494
TRACE 1393836,-74.63,-75.00,-0.497
TRACE 1395657,-74.74,-76.00,-0.408
TRACE 1406111,-75.37,-77.00,0.416
TRACE 1407936,-75.48,-78.00,0.480
TRACE 1409760,-75.59,-78.00,0.477
TRACE 1411549,-75.69,-78.00,0.473
TRACE 1413393,-75.80,-78.50,0.504
TRACE 1415213,-75.91,-78.50,0.501
TRACE 1417025,-76.02,-79.00,0.494
TRACE 1418850,-76.13,-78.50,0.457
TRACE 1420669,-76.24,-78.00,-0.455
TRACE 1422506,-76.35,-78.00,-0.459
TRACE 1424340,-76.46,-78.00,-0.462
TRACE 1426181,-76.57,-78.00,-0.496
TRACE 1428044,-76.68,-78.00,-0.500
TRACE 1429878,-76.79,-78.00,-0.534
TRACE 1431698,-76.90,-79.00,-0.414
TRACE 1433509,-77.01,-79.00,0.414
TRACE 1435342,-77.12,-79.00,0.411
TRACE 1437165,-77.23,-79.00,0.407
TRACE 1438989,-77.34,-79.00,0.404
TRACE 1440834,-77.45,-79.00,0.401
TRACE 1442657,-77.56,-79.00,-0.402
TRACE 1444499,-77.67,-79.00,-0.468
TRACE 1446354,-77.78,-79.00,-0.471
TRACE 1448154,-77.89,-79.00,-0.475
TRACE 1450042,-78.00,-79.00,-0.478
TRACE 1451872,-78.11,-79.00,-0.481
TRACE 1453725,-78.22,-79.00,-0.485
TRACE 1455543,-78.33,-79.00,-0.488
TRACE 1457414,-78.44,-79.00,-0.491
TRACE 1459223,-78.55,-79.50,-0.449
TRACE 1461040,-78.66,-80.00,-0.406
TRACE 1462874,-78.77,-80.00,-0.409
TRACE 1464704,-78.88,-81.00,0.480
TRACE 1466515,-78.99,-81.00,0.477
TRACE 1468321,-79.10,-81.00,0.474
TRACE 1470136,-79.21,-81.00,0.472
TRACE 1471960,-79.32,-81.00,0.437
TRACE 1473770,-79.43,-81.00,0.402
TRACE 1475567,-79.53,-81.00,-0.401
TRACE 1477410,-79.64,-81.00,-0.467
TRACE 1479235,-79.75,-81.00,-0.471
TRACE 1481081,-79.86,-81.00,-0.474
TRACE 1482911,-79.97,-82.00,0.415
TRACE 1484724,-80.08,-82.00,0.412
TRACE 1486518,-80.19,-82.00,0.409
TRACE 1488334,-80.30,-82.00,0.406
TRACE 1490144,-80.41,-82.00,0.403
TRACE 1491943,-80.52,-82.00,-0.401
TRACE 1493770,-80.63,-82.00,-0.404
TRACE 1495579,-80.73,-81.00,-0.563
TRACE 1497382,-80.84,-81.00,-0.566
TRACE 1499206,-80.95,-81.00,-0.570
TRACE 1501030,-81.06,-81.50,-0.516
TRACE 1502919,-81.17,-82.00,-0.472
TRACE 1504813,-81.29,-82.00,-0.475
TRACE 1506705,-81.40,-82.00,-0.478
TRACE 1508585,-81.51,-82.50,0.427
TRACE 1510472,-81.62,-83.00,0.469
TRACE 1512353,-81.73,-83.00,0.466
>>> 