arm_test.cmd_trace(arm, [])
TRACE t_us,ref_deg,pos_deg,duty
TRACE 942,1.00,1.00,-0.470
TRACE 2931,1.00,1.00,-0.471
TRACE 4799,1.00,1.00,-0.472
TRACE 6602,1.00,1.00,-0.473
TRACE 8402,0.99,1.00,-0.473
TRACE 10203,0.99,1.00,-0.474
TRACE 11987,0.99,0.00,0.548
TRACE 13772,0.98,0.00,0.537
TRACE 15528,0.98,0.00,0.537
TRACE 17272,0.97,0.00,0.537
TRACE 19038,0.96,0.00,0.536
TRACE 20806,0.96,0.00,0.536
TRACE 22542,0.95,0.00,0.535
TRACE 24318,0.94,0.00,0.469
TRACE 26077,0.93,0.00,0.469
TRACE 27819,0.92,1.00,-0.547
TRACE 29597,0.91,1.00,-0.548
TRACE 31391,0.90,1.00,-0.549
TRACE 33194,0.89,1.00,-0.550
TRACE 34982,0.88,1.00,-0.551
TRACE 36774,0.86,1.00,-0.552
TRACE 38701,0.85,0.50,-0.505
TRACE 40452,0.84,0.00,0.524
TRACE 42192,0.82,0.00,0.523
TRACE 43933,0.81,0.00,0.522
TRACE 45655,0.79,-0.50,0.569
TRACE 47402,0.78,-1.00,0.615
TRACE 49179,0.76,-0.50,0.567
TRACE 50941,0.74,0.00,0.487
TRACE 52700,0.72,0.00,-0.467
TRACE 54439,0.70,0.00,-0.468
TRACE 56194,0.68,0.50,-0.517
TRACE 57970,0.66,1.00,-0.598
TRACE 59768,0.64,1.00,-0.632
TRACE 61640,0.62,0.50,-0.553
TRACE 63416,0.60,0.00,-0.475
TRACE 65175,0.58,0.00,-0.476
TRACE 66933,0.55,0.00,-0.478
TRACE 68702,0.53,-1.00,0.567
TRACE 70473,0.50,-1.00,0.598
TRACE 72234,0.48,-1.00,0.597
TRACE 74015,0.45,-1.00,0.564
TRACE 75788,0.43,-1.00,0.530
TRACE 77570,0.40,-1.00,0.529
TRACE 79351,0.37,-1.00,0.527
TRACE 81118,0.34,-1.00,0.461
TRACE 82882,0.31,-1.00,-0.460
TRACE 84673,0.28,-0.50,-0.509
TRACE 86445,0.25,0.00,-0.558
TRACE 88211,0.22,0.00,-0.559
TRACE 89968,0.19,0.00,-0.561
TRACE 91724,0.16,0.00,-0.563
TRACE 93492,0.13,0.00,-0.565
TRACE 95248,0.09,0.00,-0.566
TRACE 97004,0.06,0.00,-0.536
TRACE 98756,0.02,0.00,-0.505
TRACE 100508,-0.01,-1.00,0.509
TRACE 102274,-0.05,-1.00,0.507
TRACE 104056,-0.08,-1.00,0.505
TRACE 105831,-0.12,-1.00,0.503
TRACE 107596,-0.16,-1.00,0.501
TRACE 109367,-0.20,-1.00,0.499
TRACE 111139,-0.24,-0.50,-0.470
TRACE 112918,-0.28,0.00,-0.583
TRACE 114679,-0.32,0.00,-0.585
TRACE 116450,-0.36,0.00,-0.587
TRACE 118204,-0.40,0.00,-0.589
TRACE 119964,-0.44,0.00,-0.591
TRACE 121730,-0.48,0.00,-0.593
TRACE 123487,-0.52,0.00,-0.563
TRACE 125258,-0.57,0.00,-0.532
TRACE 127125,-0.62,-1.00,0.480
TRACE 128893,-0.66,-1.00,0.478
TRACE 130672,-0.71,-1.00,0.476
TRACE 132446,-0.75,-1.00,0.474
TRACE 134228,-0.80,-1.00,0.472
TRACE 135993,-0.85,-1.00,0.470
TRACE 137776,-0.90,-1.00,0.467
TRACE 139560,-0.95,-1.00,-0.519
TRACE 141346,-1.00,-1.00,-0.521
TRACE 143136,-1.05,0.00,-0.617
TRACE 144912,-1.10,0.00,-0.619
TRACE 146678,-1.15,0.00,-0.622
TRACE 148428,-1.20,0.00,-0.624
TRACE 150187,-1.26,0.00,-0.626
TRACE 151949,-1.31,0.00,-0.629
TRACE 153714,-1.36,0.00,-0.631
TRACE 155468,-1.42,-0.50,-0.521
TRACE 157285,-1.47,-1.00,-0.476
TRACE 159112,-1.53,-1.00,-0.479
TRACE 160908,-1.59,-1.00,-0.481
TRACE 162708,-1.65,-1.00,-0.484
TRACE 164487,-1.71,-1.00,-0.487
TRACE 166264,-1.76,-1.50,0.478
TRACE 168026,-1.82,-2.00,0.490
TRACE 169796,-1.88,-2.00,-0.464
TRACE 171566,-1.94,-2.00,-0.466
TRACE 182635,-2.34,-3.00,0.478
TRACE 184439,-2.40,-4.00,0.542
TRACE 186227,-2.47,-4.00,0.539
TRACE 188004,-2.53,-4.00,0.518
TRACE 189775,-2.60,-4.00,0.497
TRACE 191551,-2.67,-4.00,0.495
TRACE 193366,-2.74,-4.00,0.492
TRACE 195155,-2.81,-3.00,-0.535
TRACE 196964,-2.88,-3.00,-0.601
TRACE 198764,-2.95,-3.00,-0.604
TRACE 200571,-3.02,-3.00,-0.607
TRACE 202369,-3.10,-3.00,-0.609
TRACE 204175,-3.17,-3.00,-0.612
TRACE 205991,-3.24,-3.00,-0.615
TRACE 207805,-3.32,-3.50,-0.508
TRACE 209578,-3.39,-4.00,-0.464
TRACE 211371,-3.47,-4.00,-0.467
TRACE 213153,-3.54,-4.50,0.497
TRACE 214944,-3.62,-5.00,0.541
TRACE 216709,-3.70,-5.00,0.539
TRACE 218471,-3.77,-5.00,0.536
TRACE 220387,-3.86,-5.50,0.547
TRACE 222145,-3.93,-5.00,0.466
TRACE 223932,-4.01,-5.00,0.463
TRACE 225704,-4.09,-5.00,-0.492
TRACE 227483,-4.17,-5.00,-0.527
TRACE 229293,-4.26,-5.00,-0.530
TRACE 231096,-4.34,-5.00,-0.533
TRACE 232881,-4.42,-5.00,-0.569
TRACE 234650,-4.51,-5.00,-0.540
TRACE 236436,-4.59,-5.00,-0.543
TRACE 238224,-4.68,-5.00,-0.546
TRACE 240011,-4.76,-5.00,-0.549
TRACE 241818,-4.85,-6.00,0.461
TRACE 243639,-4.94,-6.00,-0.462
TRACE 245410,-5.02,-6.00,-0.465
TRACE 247183,-5.11,-6.50,0.498
TRACE 248954,-5.20,-7.00,0.542
TRACE 250739,-5.29,-7.00,0.539
TRACE 252509,-5.38,-7.00,0.536
TRACE 254273,-5.47,-7.00,0.469
TRACE 256047,-5.56,-7.00,0.466
TRACE 257833,-5.65,-7.00,0.462
TRACE 259595,-5.74,-7.00,-0.493
TRACE 261388,-5.83,-6.50,-0.576
TRACE 263170,-5.93,-6.00,-0.627
TRACE 264966,-6.02,-6.00,-0.630
TRACE 266759,-6.12,-6.00,-0.634
TRACE 268545,-6.21,-6.50,-0.590
TRACE 270353,-6.31,-7.00,-0.547
TRACE 272144,-6.41,-7.00,-0.550
TRACE 273934,-6.50,-7.00,-0.522
TRACE 275717,-6.60,-7.50,0.473
TRACE 277484,-6.70,-8.00,0.517
TRACE 279250,-6.80,-8.00,0.514
TRACE 281015,-6.90,-8.50,0.525
TRACE 282786,-7.00,-8.50,0.490
TRACE 284556,-7.10,-9.00,0.534
TRACE 286336,-7.20,-8.50,0.483
TRACE 288100,-7.30,-8.00,-0.520
TRACE 289898,-7.40,-8.00,-0.556
TRACE 291667,-7.51,-8.00,-0.560
TRACE 293455,-7.61,-8.00,-0.596
TRACE 295233,-7.72,-8.00,-0.600
TRACE 297016,-7.82,-8.00,-0.636
TRACE 298796,-7.93,-9.00,-0.513
TRACE 300592,-8.04,-9.00,-0.475
TRACE 302403,-8.14,-9.00,-0.478
TRACE 304229,-8.25,-9.00,-0.482
TRACE 306062,-8.36,-9.50,0.481
TRACE 307944,-8.48,-10.00,0.524
TRACE 309767,-8.59,-10.00,0.520
TRACE 311570,-8.69,-10.50,0.500
TRACE 313378,-8.80,-10.50,0.497
TRACE 315168,-8.91,-10.50,0.494
TRACE 316979,-9.02,-10.00,-0.476
TRACE 318804,-9.13,-10.00,-0.510
TRACE 320630,-9.24,-10.00,-0.545
TRACE 322468,-9.35,-10.00,-0.548
TRACE 324279,-9.46,-10.00,-0.583
TRACE 326095,-9.57,-10.00,-0.586
TRACE 327919,-9.68,-10.00,-0.590
TRACE 329756,-9.79,-10.00,-0.562
TRACE 331580,-9.89,-10.50,-0.519
TRACE 333396,-10.00,-11.00,-0.475
TRACE 335221,-10.11,-11.00,-0.479
TRACE 337080,-10.22,-11.00,-0.482
TRACE 338895,-10.33,-11.00,-0.486
TRACE 340705,-10.44,-12.00,0.524
TRACE 342535,-10.55,-12.00,0.521
TRACE 344341,-10.66,-12.50,0.533
TRACE 346137,-10.77,-13.00,0.545
TRACE 347951,-10.88,-13.00,0.541
TRACE 349753,-10.99,-12.50,0.492
TRACE 351570,-11.09,-12.00,-0.478
TRACE 362668,-11.76,-11.00,-0.627
TRACE 364506,-11.87,-10.00,-0.697
TRACE 366338,-11.98,-10.00,-0.718
TRACE 368166,-12.09,-10.00,-0.740
TRACE 370017,-12.20,-10.00,-0.743
TRACE 371878,-12.31,-10.00,-0.728
TRACE 373712,-12.42,-10.00,-0.713
TRACE 375567,-12.53,-10.00,-0.706
TRACE 377402,-12.64,-11.00,-0.555
TRACE 379219,-12.75,-11.00,-0.558
TRACE 381051,-12.86,-11.00,-0.562
TRACE 382872,-12.97,-11.00,-0.565
TRACE 384742,-13.08,-12.00,-0.476
TRACE 386584,-13.20,-12.00,-0.480
TRACE 388411,-13.30,-13.00,0.530
TRACE 390229,-13.41,-13.00,0.464
TRACE 392060,-13.52,-13.50,0.507
TRACE 393895,-13.63,-14.00,0.550
TRACE 395700,-13.74,-14.00,0.547
TRACE 397485,-13.85,-14.00,0.482
TRACE 399355,-13.96,-14.00,0.478
TRACE 401159,-14.07,-14.00,-0.507
TRACE 402983,-14.18,-13.50,-0.557
TRACE 404813,-14.29,-13.00,-0.638
TRACE 406639,-14.40,-13.00,-0.673
TRACE 408461,-14.51,-13.00,-0.676
TRACE 410269,-14.62,-13.00,-0.679
TRACE 412117,-14.73,-13.00,-0.682
TRACE 413937,-14.84,-13.50,-0.639
TRACE 415766,-14.95,-14.00,-0.565
TRACE 417614,-15.06,-14.00,-0.537
TRACE 419557,-15.17,-14.00,-0.541
TRACE 421378,-15.28,-15.00,0.467
TRACE 423223,-15.39,-15.00,0.464
TRACE 425055,-15.50,-15.00,0.461
TRACE 426848,-15.61,-15.50,0.473
TRACE 428652,-15.72,-16.00,0.485
TRACE 430482,-15.83,-16.00,0.481
TRACE 432297,-15.94,-15.50,-0.487
TRACE 434124,-16.05,-15.00,-0.599
TRACE 435949,-16.16,-15.00,-0.603
TRACE 437764,-16.27,-15.00,-0.606
TRACE 439568,-16.37,-15.00,-0.641
TRACE 441398,-16.48,-15.00,-0.675
TRACE 443238,-16.59,-15.00,-0.679
TRACE 445067,-16.70,-15.00,-0.650
TRACE 446889,-16.81,-15.00,-0.622
TRACE 448723,-16.92,-15.50,-0.579
TRACE 450548,-17.03,-16.00,-0.536
TRACE 452369,-17.14,-16.00,-0.540
TRACE 454205,-17.25,-16.50,-0.497
TRACE 456044,-17.36,-17.00,0.466
TRACE 457851,-17.47,-17.00,0.463
TRACE 459670,-17.58,-17.50,0.506
TRACE 461493,-17.69,-18.00,0.518
TRACE 463304,-17.80,-18.00,0.483
TRACE 465127,-17.91,-18.00,0.480
TRACE 466956,-18.02,-18.00,-0.474
TRACE 468767,-18.13,-18.00,-0.509
TRACE 470597,-18.24,-18.00,-0.512
TRACE 472433,-18.35,-18.00,-0.547
TRACE 474276,-18.46,-18.00,-0.582
TRACE 476092,-18.57,-18.00,-0.585
TRACE 477929,-18.68,-18.00,-0.588
TRACE 479758,-18.79,-19.00,-0.499
TRACE 481582,-18.89,-19.00,-0.502
TRACE 483515,-19.01,-19.00,-0.506
TRACE 485355,-19.12,-20.00,0.502
TRACE 487158,-19.23,-20.00,0.499
TRACE 488968,-19.34,-20.50,0.542
TRACE 490798,-19.45,-21.00,0.585
TRACE 492608,-19.56,-21.00,0.520
TRACE 494431,-19.67,-21.00,0.517
TRACE 496231,-19.77,-21.00,0.515
TRACE 498044,-19.88,-20.00,-0.564
TRACE 499871,-19.99,-20.00,-0.568
TRACE 501711,-20.10,-20.00,-0.602
TRACE 503540,-20.21,-20.00,-0.637
TRACE 505362,-20.32,-20.00,-0.640
TRACE 507198,-20.43,-20.00,-0.644
TRACE 509035,-20.54,-20.00,-0.647
TRACE 510862,-20.65,-20.00,-0.588
TRACE 512758,-20.77,-21.00,-0.499
TRACE 514575,-20.87,-21.00,-0.502
TRACE 516404,-20.98,-21.00,-0.505
TRACE 518238,-21.09,-21.00,-0.509
TRACE 520074,-21.20,-22.00,0.500
TRACE 521897,-21.31,-22.00,0.497
TRACE 523697,-21.42,-23.00,0.586
TRACE 525513,-21.53,-23.00,0.522
TRACE 527334,-21.64,-23.00,0.518
TRACE 538440,-22.31,-23.00,-0.475
TRACE 540268,-22.42,-23.00,-0.478
TRACE 542099,-22.53,-23.00,-0.517
TRACE 543931,-22.64,-23.00,-0.521
TRACE 545752,-22.75,-23.00,-0.560
TRACE 547580,-22.85,-23.00,-0.564
TRACE 549412,-22.96,-24.00,-0.501
TRACE 551247,-23.07,-24.00,-0.478
TRACE 553075,-23.18,-24.00,-0.481
TRACE 554930,-23.30,-24.50,0.482
TRACE 556747,-23.40,-25.00,0.525
TRACE 558578,-23.51,-25.00,0.521
TRACE 560431,-23.63,-25.00,0.518
TRACE 562248,-23.73,-25.00,-0.468
TRACE 564060,-23.84,-25.00,-0.471
TRACE 565895,-23.95,-25.00,-0.474
TRACE 567754,-24.07,-25.00,-0.509
TRACE 569598,-24.18,-25.00,-0.543
TRACE 571430,-24.29,-25.00,-0.547
TRACE 573308,-24.40,-25.00,-0.550
TRACE 575169,-24.51,-25.00,-0.553
TRACE 577011,-24.62,-25.50,-0.511
TRACE 578850,-24.73,-25.50,-0.514
TRACE 580679,-24.84,-26.00,-0.471
TRACE 582496,-24.95,-26.00,-0.474
TRACE 584309,-25.06,-26.00,-0.478
TRACE 586139,-25.17,-26.50,0.485
TRACE 587951,-25.28,-27.00,0.529
TRACE 589772,-25.39,-27.00,0.494
TRACE 591594,-25.50,-27.00,0.491
TRACE 593420,-25.61,-27.00,-0.463
TRACE 595323,-25.72,-27.00,-0.467
TRACE 597135,-25.83,-27.00,-0.470
TRACE 598957,-25.94,-27.00,-0.505
TRACE 600773,-26.05,-27.00,-0.539
TRACE 602583,-26.15,-27.00,-0.543
TRACE 604408,-26.26,-27.00,-0.546
TRACE 606217,-26.37,-27.00,-0.549
TRACE 608051,-26.48,-27.00,-0.552
TRACE 609875,-26.59,-27.00,-0.556
TRACE 611705,-26.70,-27.00,-0.559
TRACE 613523,-26.81,-27.00,-0.562
TRACE 615351,-26.92,-27.50,-0.519
TRACE 617181,-27.03,-28.00,-0.476
TRACE 618992,-27.14,-28.00,-0.480
TRACE 620818,-27.25,-28.00,-0.483
TRACE 622632,-27.36,-29.00,0.527
TRACE 624421,-27.47,-29.00,0.524
TRACE 626228,-27.57,-29.00,0.521
TRACE 628058,-27.68,-29.00,0.486
TRACE 629887,-27.79,-29.50,0.498
TRACE 631684,-27.90,-30.00,0.541
TRACE 633495,-28.01,-30.00,0.538
TRACE 635308,-28.12,-30.00,0.472
TRACE 637102,-28.23,-29.50,-0.498
TRACE 638935,-28.34,-29.00,-0.548
TRACE 640754,-28.45,-29.00,-0.551
TRACE 642585,-28.56,-29.50,-0.540
TRACE 644412,-28.66,-30.00,-0.528
TRACE 646227,-28.77,-30.00,-0.531
TRACE 648080,-28.88,-30.00,-0.535
TRACE 649890,-28.99,-31.00,0.506
TRACE 651703,-29.10,-31.00,0.534
TRACE 653514,-29.21,-31.00,0.531
TRACE 655306,-29.32,-31.00,0.497
TRACE 657105,-29.43,-31.00,0.462
TRACE 658965,-29.54,-31.00,-0.461
TRACE 660788,-29.65,-31.00,-0.464
TRACE 662621,-29.76,-31.00,-0.531
TRACE 664437,-29.87,-31.00,-0.534
TRACE 666262,-29.98,-31.00,-0.537
TRACE 668083,-30.08,-31.50,-0.494
TRACE 669902,-30.19,-32.00,0.469
TRACE 671709,-30.30,-32.00,0.466
TRACE 673506,-30.41,-32.50,0.509
TRACE 675311,-30.52,-33.00,0.553
TRACE 677124,-30.63,-33.00,0.549
TRACE 678940,-30.74,-33.00,0.546
TRACE 680757,-30.85,-32.00,-0.502
TRACE 682573,-30.95,-32.00,-0.537
TRACE 684399,-31.06,-32.00,-0.540
TRACE 686202,-31.17,-32.00,-0.575
TRACE 688032,-31.28,-32.00,-0.609
TRACE 689879,-31.39,-32.00,-0.613
TRACE 691687,-31.50,-32.00,-0.616
TRACE 693515,-31.61,-32.00,-0.556
TRACE 695346,-31.72,-32.00,-0.560
TRACE 697196,-31.83,-32.00,-0.563
TRACE 699036,-31.94,-32.50,-0.520
TRACE 700892,-32.05,-33.00,-0.477
TRACE 702736,-32.16,-33.00,-0.481
TRACE 713817,-32.83,-35.00,0.526
TRACE 715625,-32.94,-36.00,0.589
TRACE 717443,-33.05,-36.00,0.585
TRACE 719243,-33.15,-36.00,0.583
TRACE 721063,-33.26,-36.50,0.594
TRACE 722893,-33.37,-37.00,0.606
TRACE 724716,-33.48,-37.00,0.603
TRACE 726543,-33.59,-37.00,0.580
TRACE 728359,-33.70,-36.50,0.467
TRACE 730180,-33.81,-36.50,0.464
TRACE 732013,-33.92,-36.00,-0.506
TRACE 733844,-34.03,-36.00,-0.540
TRACE 735661,-34.14,-36.00,-0.575
TRACE 737491,-34.25,-36.00,-0.578
TRACE 739326,-34.36,-36.00,-0.581
TRACE 741152,-34.47,-37.00,-0.461
TRACE 742983,-34.58,-37.00,-0.464
TRACE 744859,-34.69,-37.00,0.484
TRACE 746672,-34.80,-37.00,0.480
TRACE 748475,-34.91,-38.00,0.570
TRACE 750497,-35.03,-38.00,0.564
TRACE 752305,-35.14,-38.00,0.561
TRACE 754102,-35.25,-38.00,0.496
TRACE 755910,-35.35,-38.00,0.493
TRACE 757715,-35.46,-37.00,-0.522
TRACE 759559,-35.57,-37.00,-0.525
TRACE 761397,-35.68,-37.00,-0.590
TRACE 763206,-35.79,-37.00,-0.595
TRACE 765029,-35.90,-37.00,-0.598
TRACE 766845,-36.01,-37.00,-0.601
TRACE 768649,-36.12,-37.00,-0.604
TRACE 770471,-36.23,-37.00,-0.545
TRACE 772325,-36.34,-37.00,-0.548
TRACE 774146,-36.45,-37.00,-0.551
TRACE 775985,-36.56,-37.00,-0.555
TRACE 777806,-36.67,-38.00,-0.465
TRACE 779632,-36.78,-38.00,-0.469
TRACE 781441,-36.89,-38.00,-0.472
TRACE 783256,-37.00,-39.00,0.537
TRACE 785077,-37.10,-39.00,0.534
TRACE 786896,-37.21,-39.00,0.531
TRACE 788703,-37.32,-39.00,0.528
TRACE 790520,-37.43,-39.00,0.462
TRACE 792329,-37.54,-39.00,-0.461
TRACE 794187,-37.65,-39.00,-0.465
TRACE 796035,-37.76,-39.00,-0.531
TRACE 797853,-37.87,-39.00,-0.534
TRACE 799678,-37.98,-40.00,0.475
TRACE 801490,-38.09,-40.00,0.472
TRACE 803297,-38.20,-40.00,0.469
TRACE 805094,-38.31,-40.00,0.466
TRACE 806898,-38.41,-40.00,0.463
TRACE 808708,-38.52,-40.00,-0.461
TRACE 810533,-38.63,-40.00,-0.464
TRACE 812364,-38.74,-40.00,-0.530
TRACE 814200,-38.85,-40.00,-0.534
TRACE 816029,-38.96,-40.00,-0.537
TRACE 817842,-39.07,-40.00,-0.540
TRACE 819677,-39.18,-40.00,-0.543
TRACE 821505,-39.29,-40.00,-0.547
TRACE 823320,-39.40,-41.00,0.463
TRACE 825142,-39.51,-41.00,-0.461
TRACE 826962,-39.62,-41.00,-0.464
TRACE 828780,-39.73,-41.00,-0.467
TRACE 830587,-39.84,-41.00,-0.470
TRACE 832416,-39.94,-41.00,-0.474
TRACE 834232,-40.05,-41.00,-0.477
TRACE 836222,-40.17,-41.00,-0.543
TRACE 838052,-40.28,-42.00,0.465
TRACE 839875,-40.39,-42.00,0.462
TRACE 841674,-40.50,-42.00,-0.461
TRACE 843498,-40.61,-42.50,0.502
TRACE 845302,-40.72,-42.50,0.499
TRACE 847107,-40.83,-43.00,0.541
TRACE 848903,-40.93,-43.00,0.540
TRACE 850696,-41.04,-42.50,-0.493
TRACE 852508,-41.15,-42.00,-0.543
TRACE 854335,-41.26,-42.00,-0.546
TRACE 856153,-41.37,-42.00,-0.581
TRACE 857972,-41.48,-42.00,-0.584
TRACE 859780,-41.59,-42.00,-0.619
TRACE 861611,-41.70,-42.00,-0.622
TRACE 863428,-41.81,-42.00,-0.594
TRACE 865370,-41.92,-42.00,-0.566
TRACE 867190,-42.03,-42.50,-0.523
TRACE 869017,-42.14,-43.00,-0.480
TRACE 870835,-42.25,-43.00,-0.483
TRACE 872637,-42.36,-43.00,-0.487
TRACE 874479,-42.47,-43.50,0.476
TRACE 876286,-42.58,-44.00,0.519
TRACE 878070,-42.68,-44.00,0.517
TRACE 889095,-43.35,-44.00,-0.494
TRACE 890966,-43.46,-44.00,-0.515
TRACE 892794,-43.57,-43.00,-0.585
TRACE 894646,-43.68,-43.00,-0.588
TRACE 896477,-43.79,-43.00,-0.610
TRACE 898317,-43.90,-43.00,-0.631
TRACE 900156,-44.01,-43.00,-0.635
TRACE 902002,-44.12,-43.50,-0.618
TRACE 903852,-44.23,-44.00,-0.575
TRACE 905677,-44.34,-44.00,-0.516
TRACE 907495,-44.45,-44.00,-0.519
TRACE 909332,-44.56,-44.50,-0.476
TRACE 911156,-44.67,-45.00,0.487
TRACE 912979,-44.78,-45.00,0.483
TRACE 914798,-44.89,-45.00,-0.471
TRACE 916631,-45.00,-46.00,0.507
TRACE 918449,-45.11,-46.00,0.504
TRACE 920297,-45.22,-46.00,0.500
TRACE 922112,-45.33,-46.00,0.466
TRACE 923924,-45.44,-46.00,-0.488
TRACE 925879,-45.55,-46.00,-0.493
TRACE 927695,-45.66,-46.00,-0.496
TRACE 929515,-45.77,-45.50,-0.607
TRACE 931348,-45.88,-45.50,-0.610
TRACE 933162,-45.99,-46.00,-0.568
TRACE 934974,-46.10,-46.00,-0.571
TRACE 936806,-46.21,-46.00,-0.574
TRACE 938642,-46.32,-46.00,-0.578
TRACE 940465,-46.43,-46.50,-0.535
TRACE 942285,-46.54,-47.00,-0.460
TRACE 944113,-46.65,-47.00,-0.463
TRACE 945940,-46.76,-47.00,-0.498
TRACE 947874,-46.87,-48.00,0.510
TRACE 949673,-46.98,-48.00,0.507
TRACE 951505,-47.09,-49.00,0.596
TRACE 953312,-47.20,-49.00,0.562
TRACE 955133,-47.31,-49.00,0.527
TRACE 956971,-47.42,-49.00,0.524
TRACE 958798,-47.53,-49.00,0.521
TRACE 960623,-47.64,-49.00,-0.464
TRACE 962448,-47.75,-48.00,-0.560
TRACE 964261,-47.86,-48.00,-0.626
TRACE 966073,-47.96,-48.00,-0.630
TRACE 967885,-48.07,-48.00,-0.633
TRACE 969715,-48.18,-48.00,-0.636
TRACE 971548,-48.29,-48.00,-0.640
TRACE 973358,-48.40,-49.00,-0.550
TRACE 975201,-48.51,-49.00,-0.491
TRACE 977024,-48.62,-49.00,-0.494
TRACE 978853,-48.73,-49.50,0.469
TRACE 980687,-48.84,-50.00,0.512
TRACE 982484,-48.95,-50.00,0.509
TRACE 984304,-49.06,-50.50,0.552
TRACE 986113,-49.17,-51.00,0.532
TRACE 987935,-49.28,-51.00,0.529
TRACE 989764,-49.39,-50.50,0.480
TRACE 991585,-49.50,-50.00,-0.521
TRACE 993423,-49.61,-50.00,-0.556
TRACE 995252,-49.72,-50.00,-0.559
TRACE 997079,-49.82,-50.00,-0.594
TRACE 998918,-49.94,-50.00,-0.629
TRACE 1000723,-50.04,-50.00,-0.632
TRACE 1002535,-50.15,-50.00,-0.604
TRACE 1004364,-50.26,-50.00,-0.576
TRACE 1006200,-50.37,-51.00,-0.487
TRACE 1008017,-50.48,-51.00,-0.490
TRACE 1009852,-50.59,-51.00,-0.493
TRACE 1011798,-50.71,-51.00,-0.497
TRACE 1013642,-50.82,-52.00,0.511
TRACE 1015466,-50.93,-52.00,0.508
TRACE 1017270,-51.04,-53.00,0.597
TRACE 1019081,-51.14,-53.00,0.532
TRACE 1020887,-51.25,-53.00,0.529
TRACE 1022707,-51.36,-53.00,0.526
TRACE 1024514,-51.47,-53.00,0.524
TRACE 1026331,-51.58,-53.00,-0.462
TRACE 1028149,-51.69,-52.50,-0.512
TRACE 1029966,-51.80,-52.00,-0.625
TRACE 1031796,-51.91,-52.00,-0.628
TRACE 1033623,-52.02,-52.00,-0.631
TRACE 1035460,-52.13,-52.50,-0.588
TRACE 1037278,-52.24,-53.00,-0.545
TRACE 1039105,-52.35,-53.00,-0.548
TRACE 1041013,-52.46,-53.00,-0.521
TRACE 1042856,-52.57,-53.00,-0.493
TRACE 1044687,-52.68,-54.00,0.516
TRACE 1046499,-52.79,-54.00,0.513
TRACE 1048325,-52.90,-54.50,0.524
TRACE 1050125,-53.01,-55.00,0.536
TRACE 1051920,-53.12,-55.00,0.533
TRACE 1053737,-53.22,-55.00,0.531
TRACE 1055567,-53.33,-55.00,0.528
TRACE 1066692,-54.00,-54.50,-0.535
TRACE 1068522,-54.11,-54.00,-0.571
TRACE 1070355,-54.22,-54.00,-0.593
TRACE 1072182,-54.33,-54.00,-0.614
TRACE 1074030,-54.44,-54.00,-0.617
TRACE 1075876,-54.55,-54.00,-0.621
TRACE 1077709,-54.66,-55.00,-0.558
TRACE 1079545,-54.77,-55.00,-0.530
TRACE 1081377,-54.88,-55.00,-0.502
TRACE 1083230,-54.99,-55.50,0.460
TRACE 1085042,-55.10,-56.00,0.503
TRACE 1086852,-55.21,-56.00,0.500
TRACE 1088690,-55.32,-56.50,0.543
TRACE 1090492,-55.43,-57.00,0.524
TRACE 1092287,-55.54,-57.00,0.521
TRACE 1094093,-55.65,-57.00,0.518
TRACE 1095905,-55.75,-57.00,0.484
TRACE 1097726,-55.86,-57.00,-0.471
TRACE 1099562,-55.97,-57.00,-0.474
TRACE 1101397,-56.08,-56.50,-0.556
TRACE 1103256,-56.20,-57.00,-0.544
TRACE 1105071,-56.30,-57.00,-0.547
TRACE 1106894,-56.41,-57.00,-0.550
TRACE 1108718,-56.52,-57.00,-0.554
TRACE 1110530,-56.63,-57.00,-0.557
TRACE 1112368,-56.74,-57.00,-0.560
TRACE 1114187,-56.85,-57.50,-0.486
TRACE 1116002,-56.96,-58.00,-0.474
TRACE 1117842,-57.07,-58.00,-0.477
TRACE 1119673,-57.18,-58.50,0.485
TRACE 1121473,-57.29,-59.00,0.529
TRACE 1123347,-57.40,-59.00,0.525
TRACE 1125169,-57.51,-59.00,0.522
TRACE 1126995,-57.62,-59.00,0.487
TRACE 1128805,-57.73,-59.00,-0.467
TRACE 1130629,-57.84,-59.00,-0.471
TRACE 1132444,-57.95,-59.00,-0.505
TRACE 1134241,-58.05,-59.00,-0.540
TRACE 1136080,-58.16,-59.00,-0.543
TRACE 1137898,-58.27,-60.00,0.467
TRACE 1139710,-58.38,-60.00,0.463
TRACE 1141520,-58.49,-60.00,0.460
TRACE 1143338,-58.60,-60.00,-0.463
TRACE 1145171,-58.71,-60.50,0.500
TRACE 1146984,-58.82,-60.50,0.497
TRACE 1148806,-58.93,-60.00,-0.473
TRACE 1150633,-59.04,-60.00,-0.539
TRACE 1152464,-59.15,-60.00,-0.542
TRACE 1154277,-59.26,-60.00,-0.546
TRACE 1156099,-59.37,-60.00,-0.549
TRACE 1157923,-59.48,-60.00,-0.584
TRACE 1159756,-59.59,-60.00,-0.587
TRACE 1161584,-59.70,-60.00,-0.559
TRACE 1163405,-59.80,-60.50,-0.516
TRACE 1165216,-59.91,-61.00,-0.473
TRACE 1167052,-60.02,-61.00,-0.476
TRACE 1168874,-60.13,-61.00,-0.479
TRACE 1170689,-60.24,-61.00,-0.483
TRACE 1172493,-60.35,-61.00,-0.486
TRACE 1174319,-60.46,-62.00,0.524
TRACE 1176123,-60.57,-62.00,0.489
TRACE 1177936,-60.68,-62.00,-0.465
TRACE 1179790,-60.79,-62.50,0.498
TRACE 1181623,-60.90,-63.00,0.541
TRACE 1183439,-61.01,-63.00,0.537
TRACE 1185275,-61.12,-63.00,0.534
TRACE 1187091,-61.23,-63.00,0.468
TRACE 1188916,-61.33,-62.50,-0.502
TRACE 1190745,-61.44,-62.00,-0.551
TRACE 1192592,-61.56,-62.00,-0.586
TRACE 1194423,-61.67,-62.00,-0.620
TRACE 1196252,-61.78,-62.00,-0.624
TRACE 1198098,-61.89,-62.00,-0.627
TRACE 1199909,-61.99,-62.00,-0.630
TRACE 1201718,-62.10,-62.00,-0.602
TRACE 1203555,-62.21,-62.00,-0.574
TRACE 1205381,-62.32,-62.50,-0.531
TRACE 1207209,-62.43,-63.00,-0.488
TRACE 1209035,-62.54,-63.00,-0.492
TRACE 1210871,-62.65,-63.00,-0.495
TRACE 1212685,-62.76,-63.50,0.468
TRACE 1214504,-62.87,-64.00,0.511
TRACE 1216324,-62.98,-64.00,0.508
TRACE 1218157,-63.09,-64.50,0.520
TRACE 1219960,-63.20,-65.00,0.532
TRACE 1221779,-63.31,-65.00,0.528
TRACE 1223585,-63.42,-65.00,0.525
TRACE 1225390,-63.52,-64.50,-0.476
TRACE 1227219,-63.63,-64.00,-0.557
TRACE 1229057,-63.74,-64.00,-0.560
TRACE 1230880,-63.85,-64.00,-0.595
TRACE 1241945,-64.52,-66.00,-0.487
TRACE 1243797,-64.63,-66.00,-0.491
TRACE 1245640,-64.74,-67.00,0.492
TRACE 1247459,-64.85,-67.00,0.507
TRACE 1249277,-64.96,-67.00,0.522
TRACE 1251118,-65.07,-68.00,0.585
TRACE 1252923,-65.18,-68.00,0.582
TRACE 1254765,-65.29,-68.00,0.558
TRACE 1256584,-65.40,-68.00,0.555
TRACE 1258400,-65.50,-68.00,0.490
TRACE 1260236,-65.61,-67.50,-0.480
TRACE 1262058,-65.72,-67.00,-0.530
TRACE 1263877,-65.83,-67.00,-0.596
TRACE 1265711,-65.94,-67.00,-0.599
TRACE 1267544,-66.05,-67.00,-0.602
TRACE 1269371,-66.16,-67.00,-0.605
TRACE 1271185,-66.27,-67.00,-0.609
TRACE 1273039,-66.38,-67.00,-0.581
TRACE 1274856,-66.49,-67.00,-0.553
TRACE 1276671,-66.60,-67.50,-0.510
TRACE 1278630,-66.72,-68.00,-0.468
TRACE 1280450,-66.83,-68.00,-0.471
TRACE 1282281,-66.94,-68.50,0.492
TRACE 1284086,-67.05,-69.00,0.535
TRACE 1285915,-67.15,-69.00,0.532
TRACE 1287719,-67.26,-69.00,0.528
TRACE 1289526,-67.37,-69.00,0.494
TRACE 1291341,-67.48,-69.00,0.461
TRACE 1293151,-67.59,-69.00,-0.463
TRACE 1295005,-67.70,-69.00,-0.498
TRACE 1296834,-67.81,-69.00,-0.532
TRACE 1298665,-67.92,-69.00,-0.536
TRACE 1300630,-68.04,-69.00,-0.539
TRACE 1302444,-68.15,-69.00,-0.542
TRACE 1304311,-68.26,-69.00,-0.546
TRACE 1306136,-68.37,-69.00,-0.549
TRACE 1307943,-68.48,-69.50,-0.506
TRACE 1309780,-68.59,-70.00,-0.464
TRACE 1311609,-68.70,-70.00,-0.467
TRACE 1313430,-68.81,-71.00,0.543
TRACE 1315216,-68.91,-71.00,0.540
TRACE 1317041,-69.02,-71.00,0.537
TRACE 1318840,-69.13,-71.00,0.534
TRACE 1320645,-69.24,-71.00,0.499
TRACE 1322484,-69.35,-71.50,0.511
TRACE 1324301,-69.46,-71.50,0.508
TRACE 1326124,-69.57,-71.50,-0.479
TRACE 1327949,-69.68,-71.00,-0.528
TRACE 1329778,-69.79,-71.00,-0.532
TRACE 1331604,-69.90,-71.50,-0.489
TRACE 1333417,-70.01,-72.00,0.474
TRACE 1335241,-70.11,-72.00,-0.480
TRACE 1337070,-70.22,-72.00,-0.483
TRACE 1338886,-70.33,-72.00,-0.487
TRACE 1340729,-70.44,-72.00,0.461
TRACE 1342535,-70.55,-72.00,-0.462
TRACE 1344362,-70.66,-72.00,-0.496
TRACE 1346178,-70.77,-72.00,-0.531
TRACE 1347995,-70.88,-72.00,-0.534
TRACE 1349824,-70.99,-72.00,-0.538
TRACE 1351665,-71.10,-72.50,-0.495
TRACE 1353482,-71.21,-73.00,0.468
TRACE 1355302,-71.32,-73.00,0.465
TRACE 1357107,-71.43,-73.00,0.462
TRACE 1358918,-71.54,-73.00,-0.461
TRACE 1360735,-71.64,-73.00,-0.465
TRACE 1362574,-71.75,-73.50,0.498
TRACE 1364477,-71.87,-74.00,0.510
TRACE 1366305,-71.98,-74.00,0.475
TRACE 1368116,-72.09,-74.00,0.472
TRACE 1369925,-72.20,-73.50,-0.498
TRACE 1371746,-72.30,-73.00,-0.547
TRACE 1373575,-72.41,-73.00,-0.550
TRACE 1375397,-72.52,-73.00,-0.585
TRACE 1377217,-72.63,-73.00,-0.620
TRACE 1379039,-72.74,-73.00,-0.623
TRACE 1380850,-72.85,-73.50,-0.580
TRACE 1382702,-72.96,-74.00,-0.506
TRACE 1384533,-73.07,-74.00,-0.478
TRACE 1386347,-73.18,-74.00,-0.481
TRACE 1388167,-73.29,-74.50,0.482
TRACE 1389986,-73.40,-75.00,0.525
TRACE 1391793,-73.51,-75.00,0.522
TRACE 1393680,-73.62,-75.00,0.487
TRACE 1395490,-73.73,-75.00,-0.467
TRACE 1397330,-73.84,-75.00,-0.471
TRACE 1399140,-73.95,-75.00,-0.474
TRACE 1400960,-74.06,-75.00,-0.508
TRACE 1402774,-74.17,-75.00,-0.543
TRACE 1404585,-74.28,-75.00,-0.546
TRACE 1406418,-74.39,-75.00,-0.550
TRACE 1408245,-74.49,-75.00,-0.553
TRACE 1419403,-75.16,-76.50,-0.474
TRACE 1421220,-75.27,-77.00,0.476
TRACE 1423060,-75.38,-77.00,0.473
TRACE 1424877,-75.49,-77.00,0.470
TRACE 1426701,-75.60,-77.50,0.499
TRACE 1428520,-75.71,-78.00,0.529
TRACE 1430345,-75.82,-77.50,0.493
TRACE 1432164,-75.93,-77.00,-0.505
TRACE 1434011,-76.04,-77.00,-0.539
TRACE 1435847,-76.15,-77.00,-0.543
TRACE 1437679,-76.26,-77.00,-0.546
TRACE 1439508,-76.37,-77.00,-0.580
TRACE 1441358,-76.48,-77.00,-0.615
TRACE 1443187,-76.59,-77.00,-0.587
TRACE 1444998,-76.70,-77.00,-0.559
TRACE 1446832,-76.81,-77.00,-0.562
TRACE 1448655,-76.92,-77.00,-0.566
TRACE 1450467,-77.03,-77.00,-0.569
TRACE 1452289,-77.14,-78.00,-0.480
TRACE 1454112,-77.25,-78.00,-0.483
TRACE 1455984,-77.36,-78.00,-0.486
TRACE 1457804,-77.47,-79.00,0.523
TRACE 1459612,-77.58,-79.00,0.520
TRACE 1461417,-77.69,-79.00,0.517
TRACE 1463225,-77.79,-79.00,0.514
TRACE 1465042,-77.90,-80.00,0.540
TRACE 1466856,-78.01,-80.00,0.537
TRACE 1468662,-78.12,-80.00,0.535
TRACE 1470479,-78.23,-80.00,0.468
TRACE 1472298,-78.34,-80.00,0.465
TRACE 1474112,-78.45,-79.50,-0.505
TRACE 1475977,-78.56,-79.00,-0.555
TRACE 1477851,-78.67,-79.00,-0.621
TRACE 1479668,-78.78,-79.00,-0.624
TRACE 1481485,-78.89,-80.00,-0.535
TRACE 1483312,-79.00,-80.00,-0.538
TRACE 1485145,-79.11,-80.00,-0.541
TRACE 1486955,-79.22,-81.00,0.499
TRACE 1488758,-79.33,-81.00,0.527
TRACE 1490580,-79.43,-81.00,0.525
TRACE 1492385,-79.54,-81.00,0.522
TRACE 1494179,-79.65,-81.00,-0.465
TRACE 1495999,-79.76,-81.00,-0.468
TRACE 1497823,-79.87,-81.00,-0.471
TRACE 1499653,-79.98,-81.00,-0.537
TRACE 1501470,-80.09,-82.00,0.472
TRACE 1503284,-80.20,-82.00,0.469
TRACE 1505105,-80.31,-82.00,0.466
TRACE 1506909,-80.41,-82.00,0.462
TRACE 1508722,-80.52,-82.00,-0.461
TRACE 1510545,-80.63,-82.00,-0.464
TRACE 1512388,-80.74,-82.00,-0.467
TRACE 1514203,-80.85,-82.00,-0.534
TRACE 1516008,-80.96,-82.00,-0.537
TRACE 1517824,-81.07,-82.00,-0.530
TRACE 1519698,-81.18,-82.00,-0.532
TRACE 1521585,-81.29,-82.00,-0.535
TRACE 1523472,-81.40,-82.00,-0.538
TRACE 1525369,-81.51,-82.00,-0.540
TRACE 1527270,-81.62,-82.50,-0.497
TRACE 1529139,-81.73,-83.00,0.465
TRACE 1531016,-81.84,-83.00,0.463
TRACE 1532903,-81.95,-83.00,-0.460
TRACE 1534811,-82.06,-83.00,-0.463
TRACE 1536697,-82.16,-84.00,0.545
TRACE 1538572,-82.27,-84.00,0.543
TRACE 1540474,-82.37,-84.00,0.510
TRACE 1542344,-82.47,-84.00,0.478
TRACE 1544232,-82.58,-84.00,0.475
TRACE 1546118,-82.68,-84.00,0.473
TRACE 1547997,-82.78,-83.00,-0.540
TRACE 1549891,-82.88,-83.00,-0.603
TRACE 1551796,-82.98,-83.00,-0.605
TRACE 1553687,-83.08,-83.00,-0.608
TRACE 1555583,-83.18,-83.00,-0.610
TRACE 1557479,-83.28,-83.00,-0.612
TRACE 1559390,-83.38,-83.00,-0.614
TRACE 1561280,-83.48,-84.00,-0.466
TRACE 1563180,-83.57,-84.00,-0.468
TRACE 1565069,-83.67,-84.50,0.495
TRACE 1566952,-83.76,-85.00,0.538
TRACE 1568861,-83.86,-85.00,0.536
TRACE 1570759,-83.95,-85.00,0.533
TRACE 1572615,-84.04,-85.00,0.532
TRACE 1574501,-84.14,-85.00,0.469
TRACE 1576390,-84.23,-85.00,0.467
TRACE 1578276,-84.32,-85.00,-0.485
TRACE 1580153,-84.41,-85.00,-0.517
TRACE 1591279,-84.92,-85.00,-0.529
TRACE 1593206,-85.01,-85.00,-0.531
TRACE 1595097,-85.09,-86.00,-0.467
TRACE 1596990,-85.17,-86.00,-0.469
TRACE 1598892,-85.26,-86.50,0.482
TRACE 1600795,-85.34,-87.00,0.513
TRACE 1602707,-85.42,-87.00,0.511
TRACE 1604600,-85.50,-87.00,0.559
TRACE 1606487,-85.58,-87.00,0.557
TRACE 1608389,-85.66,-87.00,0.495
TRACE 1610275,-85.74,-87.00,0.494
TRACE 1612134,-85.82,-87.00,0.462
TRACE 1614042,-85.89,-87.00,-0.490
TRACE 1615941,-85.97,-86.00,-0.582
TRACE 1617853,-86.05,-86.00,-0.583
TRACE 1619766,-86.12,-86.00,-0.585
TRACE 1621655,-86.20,-86.00,-0.586
TRACE 1623553,-86.27,-86.00,-0.588
TRACE 1625450,-86.34,-86.50,-0.544
TRACE 1627412,-86.42,-87.00,-0.501
TRACE 1629288,-86.49,-87.00,0.478
TRACE 1631173,-86.56,-88.00,0.567
TRACE 1633096,-86.63,-88.00,0.565
TRACE 1635011,-86.70,-88.00,0.563
TRACE 1636903,-86.77,-88.00,0.562
TRACE 1638836,-86.84,-88.00,0.530
TRACE 1640725,-86.90,-88.00,0.500
TRACE 1642621,-86.97,-88.00,0.498
TRACE 1644554,-87.04,-88.00,-0.483
TRACE 1646530,-87.11,-88.00,-0.484
TRACE 1648480,-87.17,-88.00,-0.486
TRACE 1650421,-87.24,-88.00,-0.487
TRACE 1652345,-87.30,-88.00,-0.488
TRACE 1654270,-87.36,-88.50,0.475
TRACE 1656198,-87.42,-89.00,0.058
TRACE 1658043,-87.48,-89.00,0.058
TRACE 1659873,-87.54,-89.00,0.057
TRACE 1661726,-87.60,-89.00,0.057
TRACE 1663572,-87.66,-89.00,0.056
TRACE 1665418,-87.71,-89.00,0.055
TRACE 1667267,-87.77,-89.00,0.024
TRACE 1669150,-87.82,-89.00,-0.008
TRACE 1671022,-87.88,-89.00,-0.009
TRACE 1672891,-87.93,-89.00,-0.010
TRACE 1674754,-87.99,-88.50,-0.516
TRACE 1676662,-88.04,-88.00,-0.563
TRACE 1678583,-88.09,-88.00,-0.563
TRACE 1680501,-88.15,-88.00,-0.564
TRACE 1682404,-88.20,-88.50,-0.519
TRACE 1684348,-88.25,-89.00,-0.015
TRACE 1686210,-88.30,-89.00,-0.016
TRACE 1688072,-88.35,-89.00,0.013
TRACE 1689935,-88.39,-89.00,0.043
TRACE 1691799,-88.44,-89.00,0.042
TRACE 1693659,-88.49,-89.00,0.042
TRACE 1695504,-88.53,-89.00,0.011
TRACE 1697375,-88.58,-89.00,-0.020
TRACE 1699242,-88.62,-89.00,-0.021
TRACE 1701093,-88.66,-89.00,-0.022
TRACE 1702953,-88.71,-89.00,-0.022
TRACE 1704835,-88.75,-89.00,-0.023
TRACE 1706697,-88.79,-88.50,-0.529
TRACE 1708707,-88.83,-88.50,-0.529
TRACE 1710629,-88.88,-88.00,-0.575
TRACE 1712560,-88.92,-88.50,-0.530
TRACE 1714507,-88.96,-89.00,-0.025
TRACE 1716380,-88.99,-89.00,-0.026
TRACE 1718251,-89.03,-89.00,-0.026
TRACE 1720125,-89.07,-89.00,0.003
TRACE 1722009,-89.10,-89.00,0.003
TRACE 1723877,-89.14,-89.00,0.033
TRACE 1725735,-89.17,-89.00,0.002
TRACE 1727607,-89.21,-89.00,-0.028
TRACE 1729471,-89.24,-89.00,-0.029
TRACE 1731330,-89.27,-88.50,-0.534
TRACE 1733293,-89.30,-88.00,-0.580
TRACE 1735208,-89.34,-88.00,-0.580
TRACE 1737217,-89.37,-88.50,-0.535
TRACE 1739169,-89.40,-89.00,-0.030
TRACE 1741046,-89.43,-89.00,-0.030
TRACE 1742901,-89.46,-89.00,-0.030
TRACE 1744771,-89.48,-89.00,-0.001
TRACE 1746649,-89.51,-89.00,0.029
TRACE 1748513,-89.54,-89.00,0.030
TRACE 1750371,-89.56,-89.00,-0.000
TRACE 1761574,-89.70,-88.00,-0.556
TRACE 1763513,-89.72,-88.00,-0.556
TRACE 1765448,-89.74,-88.00,-0.556
TRACE 1767382,-89.76,-88.00,-0.556
TRACE 1769323,-89.78,-89.00,-0.030
TRACE 1771210,-89.79,-89.00,-0.030
TRACE 1773104,-89.81,-89.00,-0.030
TRACE 1774987,-89.83,-89.00,0.030
TRACE 1776839,-89.84,-89.00,0.030
TRACE 1778704,-89.86,-89.00,0.031
TRACE 1780548,-89.87,-89.00,0.032
TRACE 1782447,-89.88,-89.00,-0.029
TRACE 1784341,-89.90,-89.00,-0.029
TRACE 1786210,-89.91,-89.00,-0.028
TRACE 1788065,-89.92,-89.00,-0.028
TRACE 1789954,-89.93,-89.00,-0.027
TRACE 1791830,-89.94,-89.00,-0.027
TRACE 1793707,-89.95,-89.00,-0.027
TRACE 1795799,-89.96,-89.00,-0.026
TRACE 1797665,-89.96,-88.50,-0.531
TRACE 1799580,-89.97,-88.00,-0.575
TRACE 1801506,-89.98,-88.00,-0.574
TRACE 1803438,-89.98,-88.50,-0.529
TRACE 1805384,-89.99,-89.00,-0.024
TRACE 1807269,-89.99,-89.00,-0.023
TRACE 1809150,-89.99,-89.00,-0.023
TRACE 1811022,-90.00,-89.00,0.008
TRACE 1812899,-90.00,-89.00,0.039
TRACE 1814751,-90.00,-89.00,0.040
TRACE 1816640,-90.00,-89.00,0.010
TRACE 1818517,-90.00,-89.00,-0.030
TRACE 1820162,-90.00,-89.00,-0.030
TRACE 1821813,-90.00,-89.00,-0.030
TRACE 1823469,-90.00,-89.00,-0.030
TRACE 1825126,-90.00,-88.50,-0.538
TRACE 1826841,-90.00,-88.00,-0.586
TRACE 1828565,-90.00,-88.00,-0.587
TRACE 1830286,-90.00,-88.50,-0.539
TRACE 1832021,-90.00,-88.50,-0.539
TRACE 1833764,-90.00,-89.00,-0.030
TRACE 1835423,-90.00,-89.00,-0.030
TRACE 1837081,-90.00,-89.00,0.003
TRACE 1838745,-90.00,-89.00,0.037
TRACE 1840387,-90.00,-89.00,0.038
TRACE 1842038,-90.00,-89.00,0.004
TRACE 1843704,-90.00,-89.00,0.004
TRACE 1845359,-90.00,-89.00,-0.030
TRACE 1847007,-90.00,-89.00,-0.030
TRACE 1848656,-90.00,-89.00,-0.030
TRACE 1850304,-90.00,-89.00,-0.030
TRACE 1851955,-90.00,-89.00,-0.030
TRACE 1853577,-90.00,-89.00,-0.030
TRACE 1855248,-90.00,-89.00,-0.030
TRACE 1856914,-90.00,-88.50,-0.540
TRACE 1858630,-90.00,-88.50,-0.539
TRACE 1860358,-90.00,-88.00,-0.588
TRACE 1862051,-90.00,-88.50,-0.539
TRACE 1863788,-90.00,-88.50,-0.539
TRACE 1865519,-90.00,-89.00,-0.030
TRACE 1867183,-90.00,-89.00,-0.030
TRACE 1868856,-90.00,-89.00,0.003
TRACE 1870525,-90.00,-89.00,0.004
TRACE 1872165,-90.00,-89.00,0.038
TRACE 1873796,-90.00,-89.00,0.004
TRACE 1875440,-90.00,-89.00,0.004
TRACE 1877093,-90.00,-89.00,-0.030
TRACE 1878741,-90.00,-89.00,-0.030
TRACE 1880399,-90.00,-89.00,-0.030
TRACE 1882057,-90.00,-89.00,-0.030
TRACE 1883732,-90.00,-89.00,-0.030
TRACE 1885402,-90.00,-88.50,-0.539
TRACE 1887121,-90.00,-88.50,-0.539
TRACE 1888837,-90.00,-88.00,-0.588
TRACE 1890567,-90.00,-88.50,-0.539
TRACE 1892287,-90.00,-88.50,-0.539
TRACE 1894004,-90.00,-89.00,-0.030
TRACE 1895641,-90.00,-89.00,-0.030
TRACE 1897302,-90.00,-89.00,0.004
TRACE 1898973,-90.00,-89.00,0.004
TRACE 1900611,-90.00,-89.00,0.038
TRACE 1902243,-90.00,-89.00,0.004
TRACE 1903887,-90.00,-89.00,0.004
TRACE 1905541,-90.00,-89.00,-0.030
TRACE 1907194,-90.00,-89.00,-0.030
TRACE 1908861,-90.00,-89.00,-0.030
TRACE 1910520,-90.00,-88.50,-0.540
TRACE 1912219,-90.00,-88.50,-0.539
TRACE 1913942,-90.00,-88.50,-0.539
TRACE 1915656,-90.00,-88.50,-0.539
TRACE 1917383,-90.00,-88.50,-0.539
TRACE 1919114,-90.00,-89.00,-0.030
TRACE 1920791,-90.00,-89.00,-0.030
TRACE 1922455,-90.00,-89.00,0.004
TRACE 1924229,-90.00,-89.00,0.003
TRACE 1925908,-90.00,-89.00,0.003
TRACE 1927532,-90.00,-89.00,0.004
TRACE 1929156,-90.00,-89.00,0.004
TRACE 1930782,-90.00,-89.00,-0.030
TRACE 1932414,-90.00,-89.00,-0.030
TRACE 1934062,-90.00,-89.00,-0.030
TRACE 1935719,-90.00,-89.00,-0.030
TRACE 1937352,-90.00,-88.50,-0.540
TRACE 1939061,-90.00,-88.00,-0.589
TRACE 1940756,-90.00,-88.00,-0.589
TRACE 1951720,-90.00,-89.00,-0.030
TRACE 1953384,-90.00,-89.00,-0.030
TRACE 1955048,-90.00,-90.00,0.038
TRACE 1956681,-90.00,-90.00,0.038
TRACE 1958334,-90.00,-90.00,0.057
TRACE 1959956,-90.00,-90.00,0.077
TRACE 1961588,-90.00,-90.50,0.111
TRACE 1963225,-90.00,-91.00,0.169
TRACE 1964873,-90.00,-91.00,0.169
TRACE 1966503,-90.00,-90.50,0.050
TRACE 1968137,-90.00,-90.50,0.050
TRACE 1969758,-90.00,-90.00,0.000
TRACE 1971390,-90.00,-90.00,0.000
TRACE 1973015,-90.00,-90.00,-0.035
>>> 