arm_test.cmd_trace(arm, [])
TRACE t_us,ref_deg,pos_deg,duty
TRACE 958,-88.00,-88.00,0.430
TRACE 2901,-88.00,-88.00,0.431
TRACE 4727,-88.00,-88.00,0.432
TRACE 6524,-88.00,-88.00,0.432
TRACE 8315,-87.99,-88.00,0.433
TRACE 10125,-87.99,-88.00,0.434
TRACE 11905,-87.99,-88.00,0.435
TRACE 13697,-87.98,-88.00,0.435
TRACE 15478,-87.98,-88.00,0.436
TRACE 17269,-87.97,-88.00,0.437
TRACE 19050,-87.96,-88.00,0.438
TRACE 20819,-87.96,-88.00,0.439
TRACE 22594,-87.95,-88.00,0.440
TRACE 24364,-87.94,-88.00,0.441
TRACE 26169,-87.93,-88.00,0.441
TRACE 27946,-87.92,-88.00,0.442
TRACE 29724,-87.91,-88.00,0.443
TRACE 31495,-87.90,-88.00,0.444
TRACE 33269,-87.89,-88.00,0.445
TRACE 35056,-87.88,-88.00,0.446
TRACE 36813,-87.86,-88.00,0.447
TRACE 38594,-87.85,-88.00,0.448
TRACE 40500,-87.84,-88.00,0.450
TRACE 42285,-87.82,-88.00,0.451
TRACE 44042,-87.81,-88.00,0.452
TRACE 45814,-87.79,-88.00,0.453
TRACE 47596,-87.77,-88.00,0.454
TRACE 49377,-87.76,-88.00,0.455
TRACE 51166,-87.74,-88.00,0.456
TRACE 52934,-87.72,-88.00,0.457
TRACE 54717,-87.70,-88.00,0.459
TRACE 56498,-87.68,-88.00,0.460
TRACE 58242,-87.66,-88.00,0.461
TRACE 60017,-87.64,-88.00,0.462
TRACE 61787,-87.62,-88.00,0.464
TRACE 63669,-87.59,-88.00,0.465
TRACE 65451,-87.57,-88.00,0.466
TRACE 67224,-87.55,-88.00,0.468
TRACE 68998,-87.52,-88.00,0.469
TRACE 70794,-87.50,-88.00,0.471
TRACE 72555,-87.47,-88.00,0.472
TRACE 74309,-87.45,-88.00,0.473
TRACE 76091,-87.42,-88.00,0.475
TRACE 77868,-87.39,-88.00,0.476
TRACE 79660,-87.37,-88.00,0.478
TRACE 81439,-87.34,-88.00,0.479
TRACE 83207,-87.31,-88.00,0.481
TRACE 85008,-87.28,-88.00,0.482
TRACE 86763,-87.25,-88.00,0.484
TRACE 88528,-87.22,-88.00,0.485
TRACE 90328,-87.18,-88.00,0.487
TRACE 92098,-87.15,-88.00,0.489
TRACE 93869,-87.12,-88.00,0.490
TRACE 95624,-87.09,-88.00,0.492
TRACE 97397,-87.05,-88.00,0.494
TRACE 99170,-87.02,-88.00,0.495
TRACE 100947,-86.98,-88.00,0.497
TRACE 102713,-86.95,-88.00,0.499
TRACE 104500,-86.91,-88.00,0.500
TRACE 106263,-86.87,-88.00,0.502
TRACE 108031,-86.83,-88.00,0.504
TRACE 109817,-86.79,-88.00,0.506
TRACE 111589,-86.75,-88.00,0.508
TRACE 113373,-86.71,-88.00,0.509
TRACE 115146,-86.67,-88.00,0.511
TRACE 116920,-86.63,-88.00,0.513
TRACE 118697,-86.59,-88.00,0.515
TRACE 120452,-86.55,-88.00,0.517
TRACE 122233,-86.51,-88.00,0.519
TRACE 124015,-86.46,-88.00,0.521
TRACE 125782,-86.42,-88.00,0.523
TRACE 127572,-86.37,-88.00,0.525
TRACE 129353,-86.33,-88.00,0.527
TRACE 131130,-86.28,-88.00,0.529
TRACE 132921,-86.23,-88.00,0.531
TRACE 134721,-86.19,-88.00,0.533
TRACE 136489,-86.14,-88.00,0.535
TRACE 138267,-86.09,-88.00,0.537
TRACE 140053,-86.04,-88.00,0.539
TRACE 141844,-85.99,-88.00,0.541
TRACE 143605,-85.94,-88.00,0.544
TRACE 145368,-85.89,-88.00,0.546
TRACE 147139,-85.84,-88.00,0.548
TRACE 148914,-85.78,-88.00,0.550
TRACE 150706,-85.73,-88.00,0.552
TRACE 152476,-85.68,-88.00,0.555
TRACE 154247,-85.62,-88.00,0.557
TRACE 156022,-85.57,-88.00,0.559
TRACE 157807,-85.51,-88.00,0.562
TRACE 159566,-85.45,-87.50,0.517
TRACE 161328,-85.40,-87.00,0.472
TRACE 163231,-85.34,-87.00,0.475
TRACE 164996,-85.28,-87.00,0.477
TRACE 166776,-85.22,-87.00,0.480
TRACE 168532,-85.16,-86.00,-0.452
TRACE 170310,-85.10,-86.00,-0.450
TRACE 172098,-85.04,-86.00,0.425
TRACE 173863,-84.98,-86.00,0.459
TRACE 175627,-84.92,-86.00,0.461
TRACE 177391,-84.85,-85.00,-0.471
TRACE 188421,-84.45,-85.00,0.440
TRACE 190213,-84.38,-85.00,0.480
TRACE 191993,-84.31,-85.00,0.483
TRACE 193786,-84.24,-85.00,0.486
TRACE 195564,-84.18,-85.00,0.488
TRACE 197355,-84.11,-85.00,0.491
TRACE 199170,-84.03,-85.00,0.531
TRACE 200922,-83.96,-85.00,0.533
TRACE 202720,-83.89,-84.50,0.489
TRACE 204492,-83.82,-84.00,0.445
TRACE 206258,-83.75,-84.00,0.448
TRACE 208046,-83.67,-84.00,0.451
TRACE 209804,-83.60,-83.00,-0.481
TRACE 211578,-83.52,-83.00,-0.478
TRACE 213398,-83.45,-83.00,-0.475
TRACE 215193,-83.37,-83.00,-0.440
TRACE 216978,-83.29,-83.00,0.435
TRACE 218739,-83.22,-83.00,0.438
TRACE 220485,-83.14,-83.00,0.441
TRACE 222260,-83.06,-83.00,0.508
TRACE 224029,-82.98,-83.00,0.511
TRACE 225793,-82.90,-83.00,0.514
TRACE 227749,-82.81,-83.00,0.518
TRACE 229496,-82.73,-83.00,0.521
TRACE 231280,-82.65,-83.00,0.524
TRACE 233033,-82.57,-83.00,0.527
TRACE 234821,-82.49,-83.00,0.530
TRACE 236583,-82.40,-83.00,0.533
TRACE 238339,-82.32,-83.00,0.536
TRACE 240115,-82.23,-83.00,0.539
TRACE 241879,-82.15,-83.00,0.543
TRACE 243638,-82.06,-82.00,0.451
TRACE 245414,-81.98,-82.00,0.454
TRACE 247185,-81.89,-82.00,0.458
TRACE 248963,-81.80,-81.50,-0.426
TRACE 250867,-81.71,-81.00,-0.469
TRACE 252646,-81.62,-81.00,-0.465
TRACE 254414,-81.53,-81.00,-0.462
TRACE 256194,-81.44,-81.00,0.445
TRACE 257950,-81.35,-81.00,0.449
TRACE 259710,-81.26,-81.00,0.452
TRACE 261481,-81.16,-81.00,0.487
TRACE 263233,-81.07,-81.00,0.523
TRACE 264996,-80.98,-81.00,0.526
TRACE 266764,-80.88,-81.00,0.530
TRACE 268541,-80.79,-81.00,0.533
TRACE 270332,-80.69,-81.00,0.537
TRACE 272086,-80.60,-81.00,0.540
TRACE 273853,-80.50,-80.00,0.449
TRACE 275621,-80.40,-80.00,0.453
TRACE 277386,-80.31,-80.00,0.456
TRACE 279150,-80.21,-79.00,-0.475
TRACE 280932,-80.11,-79.00,-0.471
TRACE 282709,-80.01,-79.00,-0.468
TRACE 284509,-79.91,-79.00,-0.464
TRACE 286292,-79.80,-78.50,-0.443
TRACE 288066,-79.70,-78.50,-0.439
TRACE 289845,-79.60,-78.50,-0.435
TRACE 291622,-79.50,-78.50,0.473
TRACE 293389,-79.39,-79.00,0.524
TRACE 295160,-79.29,-79.00,0.528
TRACE 296935,-79.18,-79.00,0.531
TRACE 298707,-79.08,-78.50,0.520
TRACE 300462,-78.97,-78.00,0.467
TRACE 302277,-78.86,-78.00,0.470
TRACE 304095,-78.75,-78.00,0.473
TRACE 305893,-78.65,-78.00,0.445
TRACE 307687,-78.54,-78.00,0.448
TRACE 309483,-78.43,-77.00,-0.482
TRACE 311308,-78.32,-77.00,-0.447
TRACE 313132,-78.21,-77.00,0.428
TRACE 314943,-78.10,-77.00,0.432
TRACE 316760,-77.99,-77.00,0.435
TRACE 318591,-77.88,-76.50,-0.448
TRACE 320427,-77.77,-76.00,-0.491
TRACE 322243,-77.67,-76.00,-0.425
TRACE 324083,-77.56,-76.00,-0.421
TRACE 325898,-77.45,-76.00,0.422
TRACE 327715,-77.34,-76.50,0.472
TRACE 329521,-77.23,-77.00,0.521
TRACE 331320,-77.12,-77.00,0.556
TRACE 333141,-77.01,-77.00,0.591
TRACE 334954,-76.90,-77.00,0.594
TRACE 336763,-76.79,-77.00,0.597
TRACE 338600,-76.68,-77.00,0.600
TRACE 340417,-76.57,-76.00,0.479
TRACE 342209,-76.47,-76.00,0.451
TRACE 344011,-76.36,-76.00,0.454
TRACE 345810,-76.25,-76.00,0.457
TRACE 347640,-76.14,-75.50,-0.426
TRACE 349462,-76.03,-75.00,-0.469
TRACE 351292,-75.92,-75.00,-0.466
TRACE 353099,-75.81,-75.00,0.440
TRACE 354936,-75.70,-75.00,0.444
TRACE 356752,-75.59,-75.00,0.447
TRACE 358564,-75.49,-75.00,0.451
TRACE 360384,-75.38,-75.00,0.485
TRACE 371430,-74.71,-75.00,0.537
TRACE 373275,-74.60,-75.00,0.540
TRACE 375102,-74.49,-75.00,0.543
TRACE 376926,-74.38,-75.00,0.546
TRACE 378747,-74.28,-75.00,0.550
TRACE 380553,-74.17,-75.00,0.553
TRACE 382355,-74.06,-75.00,0.556
TRACE 384171,-73.95,-75.00,0.560
TRACE 385981,-73.84,-74.50,0.516
TRACE 387803,-73.73,-74.50,0.520
TRACE 389628,-73.62,-74.00,0.476
TRACE 391433,-73.51,-74.00,0.480
TRACE 393250,-73.40,-74.00,0.483
TRACE 395068,-73.30,-73.50,0.440
TRACE 396888,-73.19,-73.00,-0.443
TRACE 398721,-73.08,-73.00,0.432
TRACE 400519,-72.97,-73.00,0.435
TRACE 402328,-72.86,-73.00,0.469
TRACE 404161,-72.75,-72.50,0.426
TRACE 405970,-72.64,-72.00,-0.457
TRACE 407805,-72.53,-72.00,-0.422
TRACE 409753,-72.41,-72.00,0.453
TRACE 411569,-72.31,-71.50,-0.430
TRACE 413394,-72.20,-71.00,-0.472
TRACE 415221,-72.09,-71.00,-0.469
TRACE 417035,-71.98,-71.00,-0.435
TRACE 418860,-71.87,-71.50,0.486
TRACE 420644,-71.76,-72.00,0.535
TRACE 422448,-71.65,-72.00,0.538
TRACE 424246,-71.55,-72.00,0.573
TRACE 426041,-71.44,-72.00,0.608
TRACE 427864,-71.33,-72.00,0.611
TRACE 429662,-71.22,-71.00,0.521
TRACE 431510,-71.11,-71.00,0.493
TRACE 433343,-71.00,-71.00,0.465
TRACE 435145,-70.89,-71.00,0.468
TRACE 436950,-70.78,-71.00,0.472
TRACE 438763,-70.67,-70.00,-0.458
TRACE 440585,-70.56,-70.00,-0.455
TRACE 442412,-70.46,-69.50,-0.435
TRACE 444232,-70.35,-69.00,-0.478
TRACE 446072,-70.24,-69.00,-0.475
TRACE 447910,-70.13,-69.00,-0.471
TRACE 449728,-70.02,-69.50,-0.421
TRACE 451541,-69.91,-70.00,0.531
TRACE 453340,-69.80,-70.00,0.534
TRACE 455166,-69.69,-70.00,0.569
TRACE 456968,-69.58,-70.00,0.603
TRACE 458782,-69.47,-70.00,0.607
TRACE 460571,-69.37,-70.00,0.610
TRACE 462370,-69.26,-70.00,0.582
TRACE 464194,-69.15,-70.00,0.554
TRACE 465999,-69.04,-70.00,0.557
TRACE 467812,-68.93,-69.00,0.467
TRACE 469635,-68.82,-69.00,0.470
TRACE 471455,-68.71,-69.00,0.473
TRACE 473263,-68.60,-68.50,0.430
TRACE 475083,-68.50,-68.00,-0.453
TRACE 476932,-68.38,-68.00,-0.449
TRACE 478725,-68.28,-67.50,-0.492
TRACE 480548,-68.17,-67.00,-0.473
TRACE 482375,-68.06,-67.00,-0.469
TRACE 484179,-67.95,-67.00,-0.466
TRACE 485989,-67.84,-67.50,0.455
TRACE 487801,-67.73,-68.00,0.536
TRACE 489601,-67.62,-68.00,0.539
TRACE 491405,-67.52,-68.00,0.574
TRACE 493220,-67.41,-68.00,0.609
TRACE 495004,-67.30,-68.00,0.612
TRACE 496818,-67.19,-68.00,0.616
TRACE 498640,-67.08,-68.00,0.587
TRACE 500442,-66.97,-68.00,0.559
TRACE 502247,-66.87,-67.00,0.469
TRACE 504060,-66.76,-67.00,0.472
TRACE 505864,-66.65,-67.00,0.475
TRACE 507677,-66.54,-67.00,0.479
TRACE 509479,-66.43,-66.00,-0.451
TRACE 511299,-66.32,-66.00,-0.448
TRACE 513132,-66.21,-66.00,-0.444
TRACE 514960,-66.10,-65.00,-0.471
TRACE 516776,-65.99,-65.00,-0.468
TRACE 518585,-65.88,-65.00,-0.464
TRACE 520398,-65.78,-65.00,-0.461
TRACE 522228,-65.67,-65.00,0.445
TRACE 524032,-65.56,-65.00,0.448
TRACE 525849,-65.45,-65.00,0.452
TRACE 527733,-65.34,-65.00,0.518
TRACE 529531,-65.23,-65.00,0.521
TRACE 531334,-65.12,-65.00,0.524
TRACE 533144,-65.01,-65.00,0.528
TRACE 534941,-64.90,-65.00,0.531
TRACE 536722,-64.80,-64.50,0.488
TRACE 538508,-64.69,-64.00,0.444
TRACE 540322,-64.58,-64.00,0.447
TRACE 542140,-64.47,-63.00,-0.483
TRACE 553260,-63.80,-62.00,-0.476
TRACE 555095,-63.69,-61.50,-0.505
TRACE 556928,-63.58,-61.00,-0.535
TRACE 558768,-63.47,-61.00,-0.513
TRACE 560592,-63.36,-61.00,-0.492
TRACE 562427,-63.25,-61.00,-0.488
TRACE 564261,-63.14,-62.00,0.458
TRACE 566090,-63.03,-62.00,0.497
TRACE 567898,-62.93,-62.00,0.531
TRACE 569716,-62.82,-62.00,0.566
TRACE 571525,-62.71,-62.00,0.569
TRACE 573322,-62.60,-62.00,0.573
TRACE 575162,-62.49,-62.00,0.576
TRACE 576975,-62.38,-61.00,0.424
TRACE 578765,-62.27,-61.00,0.427
TRACE 580574,-62.17,-61.00,0.430
TRACE 582406,-62.06,-61.00,0.433
TRACE 584221,-61.95,-60.00,-0.496
TRACE 586019,-61.84,-60.00,-0.493
TRACE 587840,-61.73,-59.50,-0.537
TRACE 589835,-61.61,-59.00,-0.515
TRACE 591671,-61.50,-59.00,-0.511
TRACE 593495,-61.39,-59.00,-0.508
TRACE 595334,-61.28,-59.50,-0.458
TRACE 597174,-61.17,-60.00,0.493
TRACE 598974,-61.06,-60.00,0.496
TRACE 600772,-60.95,-61.00,0.622
TRACE 602590,-60.84,-60.50,0.612
TRACE 604408,-60.74,-60.50,0.615
TRACE 606223,-60.63,-60.00,0.572
TRACE 608045,-60.52,-60.00,0.544
TRACE 609852,-60.41,-60.00,0.516
TRACE 611736,-60.30,-59.50,0.473
TRACE 613551,-60.19,-59.00,-0.473
TRACE 615372,-60.08,-59.00,-0.438
TRACE 617190,-59.97,-59.00,-0.435
TRACE 619010,-59.86,-59.00,0.440
TRACE 620814,-59.75,-59.00,0.443
TRACE 622599,-59.64,-58.50,-0.440
TRACE 624427,-59.53,-58.00,-0.453
TRACE 626253,-59.42,-58.00,0.422
TRACE 628084,-59.31,-58.00,0.426
TRACE 629893,-59.21,-58.00,0.429
TRACE 631697,-59.10,-58.00,0.432
TRACE 633509,-58.99,-58.00,0.435
TRACE 635320,-58.88,-58.00,0.470
TRACE 637140,-58.77,-58.00,0.505
TRACE 638933,-58.66,-58.00,0.508
TRACE 640717,-58.56,-58.00,0.511
TRACE 642536,-58.45,-58.00,0.515
TRACE 644363,-58.34,-58.00,0.518
TRACE 646167,-58.23,-58.00,0.521
TRACE 647974,-58.12,-58.00,0.524
TRACE 649780,-58.01,-58.00,0.528
TRACE 651578,-57.91,-58.00,0.531
TRACE 653391,-57.80,-58.00,0.534
TRACE 655178,-57.69,-58.00,0.537
TRACE 656975,-57.58,-57.00,0.447
TRACE 658766,-57.47,-57.00,0.450
TRACE 660577,-57.37,-57.00,0.454
TRACE 662384,-57.26,-57.00,0.457
TRACE 664179,-57.15,-56.00,-0.473
TRACE 665990,-57.04,-56.00,-0.470
TRACE 667805,-56.93,-56.00,-0.467
TRACE 669611,-56.82,-56.00,0.440
TRACE 671405,-56.72,-56.00,0.443
TRACE 673231,-56.61,-56.00,0.447
TRACE 675053,-56.50,-56.00,0.450
TRACE 676908,-56.39,-55.50,0.470
TRACE 678728,-56.28,-55.00,0.427
TRACE 680560,-56.17,-55.00,0.430
TRACE 682383,-56.06,-55.00,0.434
TRACE 684203,-55.95,-55.00,0.437
TRACE 686037,-55.84,-54.50,-0.446
TRACE 687864,-55.73,-54.00,-0.489
TRACE 689691,-55.62,-54.00,-0.454
TRACE 691512,-55.51,-54.00,0.420
TRACE 693326,-55.40,-54.00,0.423
TRACE 695144,-55.29,-54.00,0.427
TRACE 696963,-55.18,-53.50,-0.457
TRACE 698790,-55.07,-53.00,-0.468
TRACE 700596,-54.96,-53.00,-0.434
TRACE 702415,-54.86,-53.00,-0.431
TRACE 704255,-54.74,-53.00,-0.427
TRACE 706116,-54.63,-53.00,-0.424
TRACE 707963,-54.52,-53.00,-0.420
TRACE 709784,-54.41,-53.50,0.501
TRACE 711603,-54.30,-54.00,0.581
TRACE 713416,-54.20,-54.00,0.585
TRACE 715229,-54.09,-54.00,0.588
TRACE 717029,-53.98,-54.00,0.591
TRACE 718817,-53.87,-53.00,0.502
TRACE 720618,-53.76,-53.00,0.505
TRACE 731696,-53.10,-51.00,-0.466
TRACE 733514,-52.99,-51.00,-0.481
TRACE 735337,-52.88,-51.00,-0.478
TRACE 737169,-52.77,-51.00,-0.474
TRACE 739009,-52.66,-51.00,-0.471
TRACE 740829,-52.55,-51.00,-0.431
TRACE 742663,-52.44,-51.00,-0.428
TRACE 744509,-52.33,-51.00,0.488
TRACE 746323,-52.22,-51.00,0.491
TRACE 748137,-52.11,-51.00,0.495
TRACE 749945,-52.00,-51.00,0.498
TRACE 751742,-51.90,-50.00,-0.432
TRACE 753588,-51.78,-50.00,-0.428
TRACE 755426,-51.67,-50.00,-0.425
TRACE 757242,-51.57,-50.00,-0.422
TRACE 759072,-51.46,-50.00,0.422
TRACE 760904,-51.35,-50.00,0.425
TRACE 762719,-51.24,-50.00,0.428
TRACE 764532,-51.13,-50.00,0.494
TRACE 766334,-51.02,-50.00,0.497
TRACE 768264,-50.90,-50.00,0.501
TRACE 770074,-50.80,-50.00,0.504
TRACE 771906,-50.69,-50.00,0.507
TRACE 773726,-50.58,-50.00,0.511
TRACE 775531,-50.47,-50.00,0.514
TRACE 777337,-50.36,-49.50,0.471
TRACE 779159,-50.25,-49.00,0.428
TRACE 780955,-50.14,-49.00,0.431
TRACE 782745,-50.04,-49.00,0.434
TRACE 784549,-49.93,-49.00,0.437
TRACE 786337,-49.82,-49.00,0.440
TRACE 788150,-49.71,-49.00,0.443
TRACE 789960,-49.60,-48.00,-0.455
TRACE 791822,-49.49,-48.00,0.420
TRACE 793628,-49.38,-48.00,0.423
TRACE 795428,-49.27,-48.00,0.427
TRACE 797261,-49.16,-47.50,-0.456
TRACE 799075,-49.06,-47.00,-0.499
TRACE 800893,-48.95,-47.00,-0.496
TRACE 802709,-48.84,-47.00,-0.430
TRACE 804538,-48.73,-47.00,-0.427
TRACE 806359,-48.62,-47.00,-0.423
TRACE 808182,-48.51,-47.00,0.420
TRACE 809987,-48.40,-47.00,0.455
TRACE 811785,-48.29,-47.00,0.489
TRACE 813593,-48.18,-47.00,0.492
TRACE 815422,-48.07,-47.00,0.496
TRACE 817239,-47.97,-47.00,0.499
TRACE 819055,-47.86,-47.00,0.502
TRACE 820866,-47.75,-46.00,-0.428
TRACE 822697,-47.64,-46.00,-0.424
TRACE 824511,-47.53,-46.00,-0.421
TRACE 826336,-47.42,-46.00,0.423
TRACE 828137,-47.31,-46.00,0.426
TRACE 829922,-47.20,-46.00,0.429
TRACE 831707,-47.10,-46.00,0.432
TRACE 833532,-46.99,-46.00,0.498
TRACE 835346,-46.88,-45.50,0.455
TRACE 837154,-46.77,-45.00,-0.428
TRACE 838972,-46.66,-45.00,-0.425
TRACE 840805,-46.55,-45.00,-0.422
TRACE 842607,-46.44,-45.00,0.422
TRACE 844410,-46.34,-45.00,0.425
TRACE 846233,-46.23,-45.00,0.428
TRACE 848026,-46.12,-45.00,0.463
TRACE 849827,-46.01,-45.00,0.498
TRACE 851667,-45.90,-45.00,0.501
TRACE 853470,-45.79,-45.00,0.504
TRACE 855284,-45.68,-45.00,0.508
TRACE 857109,-45.57,-45.00,0.511
TRACE 858935,-45.46,-45.00,0.514
TRACE 860745,-45.36,-45.00,0.517
TRACE 862540,-45.25,-44.50,0.474
TRACE 864349,-45.14,-44.00,0.431
TRACE 866164,-45.03,-44.00,0.434
TRACE 867972,-44.92,-44.00,0.437
TRACE 869797,-44.81,-44.00,0.441
TRACE 871597,-44.70,-43.50,-0.443
TRACE 873414,-44.60,-43.00,-0.486
TRACE 875240,-44.49,-43.00,-0.451
TRACE 877078,-44.38,-43.00,0.424
TRACE 878872,-44.27,-43.00,0.427
TRACE 880682,-44.16,-43.00,0.430
TRACE 882493,-44.05,-43.00,0.433
TRACE 884294,-43.94,-43.00,0.468
TRACE 886242,-43.83,-43.00,0.503
TRACE 888058,-43.72,-43.00,0.507
TRACE 889869,-43.61,-43.00,0.510
TRACE 891667,-43.50,-43.00,0.513
TRACE 893471,-43.39,-43.00,0.516
TRACE 895290,-43.28,-43.00,0.520
TRACE 897082,-43.18,-43.00,0.523
TRACE 898892,-43.07,-43.00,0.526
TRACE 900716,-42.96,-42.00,0.436
TRACE 911829,-42.29,-41.00,-0.424
TRACE 913651,-42.18,-41.00,-0.420
TRACE 915478,-42.07,-40.00,-0.483
TRACE 917311,-41.96,-40.00,-0.480
TRACE 919152,-41.85,-40.00,-0.476
TRACE 920975,-41.74,-40.00,-0.473
TRACE 922829,-41.63,-40.00,-0.433
TRACE 924644,-41.52,-40.00,-0.420
TRACE 926478,-41.41,-40.00,0.423
TRACE 928290,-41.30,-40.00,0.489
TRACE 930100,-41.19,-40.50,0.538
TRACE 931930,-41.08,-40.50,0.542
TRACE 933755,-40.97,-40.00,0.499
TRACE 935569,-40.87,-40.00,0.502
TRACE 937375,-40.76,-40.00,0.505
TRACE 939177,-40.65,-40.00,0.509
TRACE 940982,-40.54,-39.00,-0.421
TRACE 942798,-40.43,-39.00,-0.449
TRACE 944647,-40.32,-39.00,-0.446
TRACE 946471,-40.21,-39.00,0.429
TRACE 948397,-40.10,-39.00,0.433
TRACE 950189,-39.99,-39.00,0.436
TRACE 951998,-39.88,-39.00,0.439
TRACE 953799,-39.77,-39.00,0.505
TRACE 955611,-39.66,-38.00,-0.424
TRACE 957453,-39.55,-38.00,-0.421
TRACE 959274,-39.44,-38.00,0.422
TRACE 961051,-39.34,-38.00,0.425
TRACE 962875,-39.23,-38.00,0.428
TRACE 964696,-39.12,-38.00,0.431
TRACE 966486,-39.01,-38.00,0.435
TRACE 968300,-38.90,-38.00,0.501
TRACE 970199,-38.79,-38.00,0.504
TRACE 972000,-38.68,-38.00,0.508
TRACE 973808,-38.57,-38.00,0.511
TRACE 975618,-38.46,-38.00,0.514
TRACE 977447,-38.35,-37.50,0.471
TRACE 979262,-38.24,-37.00,0.428
TRACE 981084,-38.13,-37.00,0.431
TRACE 982883,-38.03,-37.00,0.434
TRACE 984663,-37.92,-37.00,0.437
TRACE 986464,-37.81,-36.00,-0.493
TRACE 988286,-37.70,-36.00,-0.489
TRACE 990121,-37.59,-36.00,-0.454
TRACE 991948,-37.48,-36.00,0.420
TRACE 993763,-37.37,-36.00,0.424
TRACE 995573,-37.27,-36.00,0.427
TRACE 997378,-37.16,-35.50,-0.456
TRACE 999191,-37.05,-35.00,-0.436
TRACE 1001000,-36.94,-35.00,-0.433
TRACE 1002801,-36.83,-35.00,-0.430
TRACE 1004605,-36.72,-35.00,-0.427
TRACE 1006415,-36.62,-35.00,-0.424
TRACE 1008237,-36.51,-35.00,-0.420
TRACE 1010060,-36.40,-35.00,0.455
TRACE 1011874,-36.29,-35.00,0.489
TRACE 1013673,-36.18,-35.00,0.493
TRACE 1015484,-36.07,-35.00,0.496
TRACE 1017290,-35.96,-35.00,0.499
TRACE 1019115,-35.85,-35.00,0.502
TRACE 1020906,-35.75,-35.00,0.506
TRACE 1022712,-35.64,-35.00,0.509
TRACE 1024530,-35.53,-34.00,-0.421
TRACE 1026369,-35.42,-34.00,0.422
TRACE 1028165,-35.31,-34.00,0.426
TRACE 1029982,-35.20,-34.00,0.429
TRACE 1031788,-35.09,-33.00,-0.501
TRACE 1033600,-34.98,-33.00,-0.498
TRACE 1035514,-34.87,-33.00,-0.493
TRACE 1037350,-34.76,-33.00,-0.427
TRACE 1039176,-34.65,-33.00,-0.424
TRACE 1041005,-34.54,-33.00,-0.420
TRACE 1042834,-34.43,-33.00,0.423
TRACE 1044638,-34.32,-33.50,0.534
TRACE 1046432,-34.21,-34.00,0.584
TRACE 1048242,-34.11,-34.00,0.588
TRACE 1050061,-34.00,-34.00,0.591
TRACE 1051862,-33.89,-34.00,0.594
TRACE 1053662,-33.78,-33.00,0.505
TRACE 1055476,-33.67,-33.00,0.508
TRACE 1057287,-33.56,-33.00,0.479
TRACE 1059091,-33.45,-33.00,0.451
TRACE 1060901,-33.35,-32.50,-0.432
TRACE 1062714,-33.24,-32.00,-0.476
TRACE 1064562,-33.13,-32.00,-0.472
TRACE 1066409,-33.02,-32.00,0.435
TRACE 1068219,-32.91,-31.00,-0.495
TRACE 1070042,-32.80,-31.00,-0.491
TRACE 1071888,-32.69,-31.00,-0.488
TRACE 1073719,-32.58,-31.00,-0.453
TRACE 1075531,-32.47,-32.00,0.514
TRACE 1077352,-32.36,-32.00,0.517
TRACE 1079153,-32.25,-32.00,0.520
TRACE 1090228,-31.59,-31.00,0.510
TRACE 1092036,-31.48,-31.00,0.514
TRACE 1093856,-31.37,-31.00,0.517
TRACE 1095682,-31.26,-30.00,0.454
TRACE 1097493,-31.15,-30.00,0.421
TRACE 1099338,-31.04,-30.00,0.424
TRACE 1101145,-30.93,-29.00,-0.479
TRACE 1102981,-30.82,-29.00,-0.492
TRACE 1104808,-30.71,-29.00,-0.489
TRACE 1106635,-30.60,-28.50,-0.532
TRACE 1108452,-30.49,-28.00,-0.512
TRACE 1110273,-30.38,-28.00,-0.509
TRACE 1112120,-30.27,-28.00,-0.505
TRACE 1113960,-30.16,-28.00,-0.439
TRACE 1115767,-30.05,-28.50,0.450
TRACE 1117589,-29.94,-29.00,0.500
TRACE 1119403,-29.84,-29.00,0.534
TRACE 1121234,-29.73,-29.00,0.569
TRACE 1123035,-29.62,-29.00,0.572
TRACE 1124870,-29.51,-28.50,0.529
TRACE 1126822,-29.39,-28.00,0.486
TRACE 1128649,-29.28,-28.00,0.459
TRACE 1130469,-29.17,-28.00,0.431
TRACE 1132272,-29.06,-27.00,-0.498
TRACE 1134085,-28.95,-27.00,-0.495
TRACE 1135900,-28.85,-27.00,-0.492
TRACE 1137724,-28.74,-27.00,-0.457
TRACE 1139552,-28.63,-27.00,-0.424
TRACE 1141365,-28.52,-27.00,-0.420
TRACE 1143191,-28.41,-27.00,0.423
TRACE 1144979,-28.30,-27.00,0.489
TRACE 1146768,-28.19,-27.00,0.492
TRACE 1148673,-28.08,-27.00,0.496
TRACE 1150467,-27.97,-27.00,0.499
TRACE 1152270,-27.86,-27.00,0.502
TRACE 1154066,-27.76,-27.00,0.505
TRACE 1155887,-27.65,-26.50,0.462
TRACE 1157696,-27.54,-26.00,-0.421
TRACE 1159514,-27.43,-26.00,0.422
TRACE 1161327,-27.32,-26.00,0.425
TRACE 1163131,-27.21,-26.00,0.428
TRACE 1164948,-27.10,-26.00,0.432
TRACE 1166759,-26.99,-26.00,0.435
TRACE 1168560,-26.89,-26.00,0.470
TRACE 1170363,-26.78,-26.00,0.505
TRACE 1172178,-26.67,-25.00,-0.425
TRACE 1174005,-26.56,-25.00,-0.422
TRACE 1175808,-26.45,-25.00,0.421
TRACE 1177611,-26.34,-25.00,0.425
TRACE 1179439,-26.23,-25.00,0.428
TRACE 1181255,-26.12,-25.00,0.431
TRACE 1183080,-26.02,-25.00,0.435
TRACE 1184906,-25.91,-24.50,0.454
TRACE 1186711,-25.80,-24.00,-0.429
TRACE 1188566,-25.69,-24.00,-0.425
TRACE 1190359,-25.58,-24.00,-0.422
TRACE 1192188,-25.47,-24.00,0.421
TRACE 1194000,-25.36,-24.00,0.424
TRACE 1195815,-25.25,-24.00,0.428
TRACE 1197619,-25.14,-24.00,0.462
TRACE 1199437,-25.03,-24.00,0.497
TRACE 1201230,-24.93,-23.50,0.454
TRACE 1203024,-24.82,-23.00,-0.430
TRACE 1204847,-24.71,-23.00,-0.426
TRACE 1206673,-24.60,-23.00,-0.423
TRACE 1208492,-24.49,-23.00,0.420
TRACE 1210295,-24.38,-23.00,0.423
TRACE 1212090,-24.27,-23.00,0.427
TRACE 1213940,-24.16,-23.00,0.462
TRACE 1215793,-24.05,-23.00,0.496
TRACE 1217591,-23.94,-23.00,0.500
TRACE 1219408,-23.84,-23.00,0.503
TRACE 1221222,-23.73,-23.00,0.506
TRACE 1223035,-23.62,-23.00,0.509
TRACE 1224823,-23.51,-23.00,0.513
TRACE 1226613,-23.40,-23.00,0.516
TRACE 1228411,-23.30,-23.00,0.519
TRACE 1230226,-23.19,-22.00,0.429
TRACE 1232043,-23.08,-22.00,0.432
TRACE 1233854,-22.97,-22.00,0.436
TRACE 1235670,-22.86,-21.50,-0.448
TRACE 1237497,-22.75,-21.00,-0.491
TRACE 1239337,-22.64,-21.00,-0.487
TRACE 1241163,-22.53,-21.00,-0.483
TRACE 1242986,-22.42,-21.00,0.423
TRACE 1244820,-22.31,-21.00,0.426
TRACE 1246643,-22.20,-21.00,0.429
TRACE 1248449,-22.09,-21.00,0.464
TRACE 1250236,-21.99,-21.00,0.498
TRACE 1252041,-21.88,-21.00,0.502
TRACE 1253835,-21.77,-21.00,0.505
TRACE 1255631,-21.66,-21.00,0.508
TRACE 1257442,-21.55,-21.00,0.511
TRACE 1268475,-20.89,-19.00,-0.442
TRACE 1270347,-20.78,-19.00,-0.438
TRACE 1272183,-20.67,-19.00,-0.435
TRACE 1274021,-20.56,-19.00,-0.432
TRACE 1275875,-20.45,-18.50,-0.461
TRACE 1277717,-20.34,-18.50,-0.458
TRACE 1279559,-20.23,-18.50,-0.454
TRACE 1281405,-20.12,-18.50,0.449
TRACE 1283214,-20.01,-19.00,0.498
TRACE 1285024,-19.90,-19.00,0.501
TRACE 1286845,-19.79,-19.00,0.504
TRACE 1288647,-19.68,-18.50,0.493
TRACE 1290442,-19.57,-18.00,0.449
TRACE 1292309,-19.46,-18.00,0.453
TRACE 1294124,-19.35,-18.00,0.456
TRACE 1295923,-19.24,-18.00,0.428
TRACE 1297736,-19.14,-18.00,0.431
TRACE 1299532,-19.03,-17.00,-0.499
TRACE 1301373,-18.92,-17.00,-0.464
TRACE 1303182,-18.81,-17.00,-0.429
TRACE 1304995,-18.70,-17.00,-0.426
TRACE 1306875,-18.59,-17.00,-0.422
TRACE 1308714,-18.48,-17.00,0.421
TRACE 1310523,-18.37,-17.00,0.424
TRACE 1312315,-18.26,-17.00,0.490
TRACE 1314109,-18.15,-17.00,0.493
TRACE 1315920,-18.04,-17.00,0.497
TRACE 1317736,-17.94,-17.00,0.500
TRACE 1319523,-17.83,-16.50,0.457
TRACE 1321333,-17.72,-16.00,-0.427
TRACE 1323142,-17.61,-16.00,-0.424
TRACE 1324973,-17.50,-16.00,-0.420
TRACE 1326808,-17.39,-16.00,0.423
TRACE 1328765,-17.27,-16.50,0.474
TRACE 1330581,-17.17,-17.00,0.523
TRACE 1332385,-17.06,-17.00,0.557
TRACE 1334202,-16.95,-17.00,0.592
TRACE 1335993,-16.84,-17.00,0.595
TRACE 1337790,-16.73,-17.00,0.598
TRACE 1339602,-16.62,-17.00,0.602
TRACE 1341407,-16.52,-16.00,0.481
TRACE 1343205,-16.41,-16.00,0.452
TRACE 1344998,-16.30,-16.00,0.456
TRACE 1346815,-16.19,-16.00,0.459
TRACE 1348618,-16.08,-16.00,0.462
TRACE 1350433,-15.97,-15.00,-0.468
TRACE 1352244,-15.87,-15.00,-0.465
TRACE 1354060,-15.76,-15.00,0.442
TRACE 1355869,-15.65,-15.00,0.445
TRACE 1357663,-15.54,-15.00,0.449
TRACE 1359463,-15.43,-15.00,0.452
TRACE 1361270,-15.32,-14.50,-0.432
TRACE 1363099,-15.21,-14.00,0.428
TRACE 1364937,-15.10,-14.00,0.432
TRACE 1366735,-15.00,-14.00,0.435
TRACE 1368530,-14.89,-14.00,0.438
TRACE 1370335,-14.78,-14.00,0.441
TRACE 1372150,-14.67,-14.00,0.445
TRACE 1373954,-14.56,-14.00,0.480
TRACE 1375742,-14.46,-13.00,0.421
TRACE 1377561,-14.35,-13.00,0.424
TRACE 1379367,-14.24,-13.00,0.428
TRACE 1381172,-14.13,-13.00,0.431
TRACE 1382970,-14.02,-12.00,-0.499
TRACE 1384806,-13.91,-12.00,-0.496
TRACE 1386618,-13.80,-12.00,-0.492
TRACE 1388438,-13.69,-11.00,-0.519
TRACE 1390303,-13.58,-11.00,-0.515
TRACE 1392124,-13.47,-11.00,-0.512
TRACE 1394052,-13.36,-11.50,-0.461
TRACE 1395869,-13.25,-12.00,0.491
TRACE 1397684,-13.14,-12.00,0.494
TRACE 1399514,-13.03,-12.00,0.497
TRACE 1401329,-12.92,-12.00,0.562
TRACE 1403116,-12.81,-12.00,0.566
TRACE 1404932,-12.70,-12.00,0.569
TRACE 1406732,-12.60,-11.50,0.495
TRACE 1408527,-12.49,-11.00,0.420
TRACE 1410341,-12.38,-11.00,0.423
TRACE 1412141,-12.27,-11.00,0.426
TRACE 1413945,-12.16,-11.00,0.430
TRACE 1415762,-12.05,-10.00,-0.500
TRACE 1417585,-11.94,-10.00,-0.497
TRACE 1419394,-11.84,-10.00,-0.462
TRACE 1421232,-11.73,-9.00,-0.520
TRACE 1423125,-11.61,-9.00,-0.516
TRACE 1424962,-11.50,-9.00,-0.512
TRACE 1426803,-11.39,-9.50,-0.462
TRACE 1428616,-11.28,-10.00,0.490
TRACE 1430418,-11.17,-10.00,0.493
TRACE 1432228,-11.07,-10.00,0.496
TRACE 1434023,-10.96,-10.50,0.608
TRACE 1435820,-10.85,-10.50,0.612
TRACE 1437643,-10.74,-10.00,0.569
TRACE 1448725,-10.08,-9.00,0.477
TRACE 1450537,-9.97,-8.00,-0.444
TRACE 1452374,-9.86,-8.00,-0.441
TRACE 1454191,-9.75,-7.00,-0.504
TRACE 1456018,-9.64,-7.00,-0.518
TRACE 1457858,-9.53,-7.00,-0.515
TRACE 1459692,-9.42,-7.00,-0.493
TRACE 1461529,-9.31,-7.00,-0.506
TRACE 1463342,-9.20,-7.00,-0.440
TRACE 1465185,-9.09,-7.00,-0.437
TRACE 1467017,-8.98,-7.00,0.459
TRACE 1468901,-8.87,-7.00,0.461
TRACE 1470834,-8.75,-7.00,0.464
TRACE 1472719,-8.64,-7.00,0.467
TRACE 1474584,-8.53,-7.00,0.469
TRACE 1476457,-8.42,-7.00,0.472
TRACE 1478344,-8.31,-7.00,0.474
TRACE 1480230,-8.20,-6.50,0.432
TRACE 1482115,-8.10,-6.00,-0.451
TRACE 1484086,-7.99,-6.00,-0.448
TRACE 1485972,-7.88,-6.00,-0.446
TRACE 1487862,-7.77,-5.50,-0.488
TRACE 1489766,-7.67,-6.00,-0.440
TRACE 1491649,-7.56,-5.50,-0.483
TRACE 1493534,-7.46,-5.50,-0.451
TRACE 1495436,-7.36,-6.00,0.467
TRACE 1497308,-7.26,-6.00,0.469
TRACE 1499164,-7.16,-6.00,0.472
TRACE 1501060,-7.05,-6.00,0.504
TRACE 1502949,-6.95,-6.00,0.476
TRACE 1504850,-6.85,-5.00,-0.422
TRACE 1506768,-6.75,-5.00,0.421
TRACE 1508626,-6.66,-5.00,-0.448
TRACE 1510523,-6.56,-5.00,-0.445
TRACE 1512427,-6.46,-5.00,-0.443
TRACE 1514329,-6.37,-5.00,-0.440
TRACE 1516231,-6.27,-5.00,-0.438
TRACE 1518109,-6.18,-5.00,0.464
TRACE 1519978,-6.09,-5.00,0.466
TRACE 1521855,-5.99,-5.00,0.468
TRACE 1523724,-5.90,-5.00,0.470
TRACE 1525601,-5.81,-5.00,0.472
TRACE 1527485,-5.72,-5.00,0.474
TRACE 1529376,-5.63,-5.00,0.477
TRACE 1531259,-5.54,-5.00,0.478
TRACE 1533137,-5.45,-5.00,0.480
TRACE 1535015,-5.37,-4.00,-0.448
TRACE 1536905,-5.28,-4.00,-0.446
TRACE 1538785,-5.19,-4.00,-0.444
TRACE 1540679,-5.11,-4.00,-0.442
TRACE 1542567,-5.02,-4.00,-0.441
TRACE 1544472,-4.94,-4.00,-0.439
TRACE 1546363,-4.85,-4.00,-0.437
TRACE 1548241,-4.77,-4.00,0.466
TRACE 1550106,-4.69,-4.00,0.467
TRACE 1551981,-4.61,-4.50,0.514
TRACE 1553842,-4.53,-4.50,0.516
TRACE 1555718,-4.45,-4.50,0.518
TRACE 1557593,-4.37,-4.00,0.474
TRACE 1559470,-4.29,-4.00,0.476
TRACE 1561335,-4.22,-4.00,0.477
TRACE 1563210,-4.14,-4.00,0.479
TRACE 1565107,-4.06,-3.00,-0.481
TRACE 1567049,-3.98,-3.00,-0.479
TRACE 1568973,-3.91,-3.00,-0.477
TRACE 1570886,-3.83,-3.00,-0.445
TRACE 1572776,-3.76,-3.00,-0.443
TRACE 1574672,-3.69,-3.00,-0.441
TRACE 1576568,-3.61,-3.00,-0.440
TRACE 1578459,-3.54,-3.50,0.506
TRACE 1580329,-3.47,-4.00,0.553
TRACE 1582195,-3.40,-4.00,0.555
TRACE 1584057,-3.33,-4.00,0.556
TRACE 1585930,-3.27,-4.00,0.558
TRACE 1587827,-3.20,-4.00,0.559
TRACE 1589696,-3.13,-3.00,0.470
TRACE 1591587,-3.07,-3.00,0.441
TRACE 1593469,-3.00,-3.00,-0.429
TRACE 1595395,-2.93,-3.00,-0.427
TRACE 1597304,-2.87,-2.50,-0.471
TRACE 1599188,-2.80,-2.00,-0.515
TRACE 1601102,-2.74,-2.00,-0.513
TRACE 1603012,-2.68,-2.00,-0.452
TRACE 1604924,-2.62,-2.50,0.435
TRACE 1606800,-2.56,-3.00,0.481
TRACE 1608669,-2.50,-3.00,0.482
TRACE 1619805,-2.16,-2.00,0.440
TRACE 1621760,-2.10,-2.00,0.459
TRACE 1623672,-2.04,-1.00,-0.025
TRACE 1625536,-1.99,-1.00,-0.024
TRACE 1627410,-1.94,-1.00,-0.041
TRACE 1629271,-1.89,-1.00,-0.058
TRACE 1631147,-1.84,-0.50,-0.090
TRACE 1633004,-1.79,0.00,-0.137
TRACE 1634835,-1.74,0.00,-0.137
TRACE 1636677,-1.69,0.00,-0.075
TRACE 1638505,-1.64,0.00,-0.075
TRACE 1640341,-1.60,0.00,-0.074
TRACE 1642182,-1.55,0.00,-0.074
TRACE 1644035,-1.50,0.00,-0.042
TRACE 1645880,-1.46,0.00,-0.010
TRACE 1647742,-1.41,0.00,-0.010
TRACE 1649580,-1.37,0.00,-0.009
TRACE 1651430,-1.33,0.00,-0.008
TRACE 1653249,-1.29,0.00,-0.008
TRACE 1655136,-1.24,0.00,-0.007
TRACE 1657006,-1.20,0.00,-0.007
TRACE 1658856,-1.16,0.00,-0.006
TRACE 1660705,-1.12,0.00,-0.006
TRACE 1662541,-1.08,0.00,-0.005
TRACE 1664364,-1.05,0.00,-0.005
TRACE 1666205,-1.01,0.00,-0.004
TRACE 1668072,-0.97,0.00,-0.004
TRACE 1669912,-0.94,0.00,-0.003
TRACE 1671778,-0.90,0.00,-0.003
TRACE 1673617,-0.87,0.00,-0.002
TRACE 1675480,-0.83,0.00,-0.002
TRACE 1677441,-0.80,0.00,-0.002
TRACE 1679297,-0.76,0.00,-0.001
TRACE 1681142,-0.73,0.00,-0.001
TRACE 1682981,-0.70,0.00,-0.001
TRACE 1684829,-0.67,0.00,-0.001
TRACE 1686689,-0.64,0.00,-0.000
TRACE 1688554,-0.61,0.00,-0.000
TRACE 1690403,-0.58,0.00,0.000
TRACE 1692259,-0.55,0.00,0.000
TRACE 1694118,-0.53,0.00,0.000
TRACE 1695958,-0.50,0.00,0.000
TRACE 1697816,-0.47,0.00,0.001
TRACE 1699666,-0.45,0.00,0.001
TRACE 1701508,-0.42,0.00,0.001
TRACE 1703355,-0.40,0.00,0.001
TRACE 1705223,-0.38,0.00,0.001
TRACE 1707076,-0.36,0.00,0.001
TRACE 1708925,-0.33,0.00,0.001
TRACE 1710772,-0.31,0.00,0.001
TRACE 1712617,-0.29,0.00,0.001
TRACE 1714449,-0.27,0.00,0.001
TRACE 1716307,-0.25,0.00,0.001
TRACE 1718136,-0.24,0.00,0.000
TRACE 1719964,-0.22,0.00,0.000
TRACE 1721805,-0.20,0.00,0.000
TRACE 1723644,-0.19,0.00,-0.000
TRACE 1725489,-0.17,0.00,-0.000
TRACE 1727355,-0.15,0.00,-0.000
TRACE 1729212,-0.14,0.00,-0.001
TRACE 1731037,-0.13,0.00,-0.001
TRACE 1732900,-0.11,0.00,-0.001
TRACE 1734726,-0.10,0.00,-0.002
TRACE 1736598,-0.09,0.00,-0.002
TRACE 1738457,-0.08,0.00,-0.002
TRACE 1740345,-0.07,0.00,-0.003
TRACE 1742246,-0.06,0.00,-0.003
TRACE 1744078,-0.05,0.00,-0.003
TRACE 1745939,-0.04,0.00,-0.004
TRACE 1747785,-0.04,0.00,-0.004
TRACE 1749630,-0.03,0.00,-0.005
TRACE 1751485,-0.02,0.00,-0.005
TRACE 1753344,-0.02,0.00,-0.006
TRACE 1755202,-0.01,0.00,-0.006
TRACE 1757055,-0.01,0.00,-0.007
TRACE 1758895,-0.01,0.00,-0.007
TRACE 1760749,-0.00,0.00,-0.008
TRACE 1762601,-0.00,0.00,-0.009
TRACE 1764471,-0.00,0.00,-0.009
TRACE 1766313,-0.00,0.00,-0.010
TRACE 1768142,0.00,0.00,0.000
TRACE 1769838,0.00,0.00,0.000
TRACE 1771470,0.00,0.00,0.000
TRACE 1773068,0.00,0.00,0.000
TRACE 1774657,0.00,0.00,0.000
TRACE 1776239,0.00,0.00,0.000
TRACE 1777818,0.00,0.00,0.000
TRACE 1779403,0.00,0.00,0.000
TRACE 1780976,0.00,0.00,0.000
TRACE 1782555,0.00,0.00,0.000
TRACE 1784158,0.00,0.00,0.000
TRACE 1785733,0.00,0.00,0.000
TRACE 1787317,0.00,0.00,0.000
TRACE 1798144,0.00,0.00,0.000
TRACE 1799757,0.00,0.00,0.000
TRACE 1801358,0.00,0.00,0.000
TRACE 1802967,0.00,0.00,0.000
TRACE 1804558,0.00,0.00,0.000
TRACE 1806159,0.00,0.00,0.000
TRACE 1807749,0.00,0.00,0.000
TRACE 1809347,0.00,0.00,0.000
TRACE 1810951,0.00,0.00,0.000
TRACE 1812563,0.00,0.00,0.000
TRACE 1814150,0.00,0.00,0.000
TRACE 1815757,0.00,0.00,0.000
TRACE 1817351,0.00,0.00,0.000
TRACE 1818933,0.00,0.00,0.000
>>> 