arm_test.cmd_trace(arm, [])
TRACE t_us,ref_deg,pos_deg,duty
TRACE 973,30.00,30.00,-0.470
TRACE 2930,30.00,30.00,-0.471
TRACE 4769,30.00,30.00,-0.472
TRACE 6570,30.00,30.00,-0.472
TRACE 8376,29.99,30.00,-0.473
TRACE 10204,29.99,30.00,-0.474
TRACE 11986,29.99,30.00,-0.475
TRACE 13827,29.98,30.00,-0.476
TRACE 15640,29.98,30.00,-0.476
TRACE 17448,29.97,30.00,-0.477
TRACE 19246,29.96,30.00,-0.478
TRACE 21037,29.96,30.00,-0.479
TRACE 22850,29.95,30.00,-0.480
TRACE 24662,29.94,30.00,-0.481
TRACE 26460,29.93,30.00,-0.482
TRACE 28245,29.92,30.00,-0.483
TRACE 30037,29.91,30.00,-0.484
TRACE 31844,29.90,30.00,-0.485
TRACE 33640,29.89,30.00,-0.486
TRACE 35457,29.87,30.00,-0.487
TRACE 37431,29.86,30.00,-0.488
TRACE 39226,29.85,30.00,-0.489
TRACE 41002,29.83,30.00,-0.490
TRACE 42809,29.82,30.00,-0.491
TRACE 44598,29.80,30.00,-0.492
TRACE 46402,29.78,30.00,-0.493
TRACE 48191,29.77,30.00,-0.494
TRACE 50000,29.75,30.00,-0.495
TRACE 51781,29.73,30.00,-0.497
TRACE 53565,29.71,30.00,-0.498
TRACE 55379,29.69,30.00,-0.499
TRACE 57192,29.67,30.00,-0.500
TRACE 59048,29.65,30.00,-0.502
TRACE 60862,29.63,30.00,-0.503
TRACE 62659,29.61,30.00,-0.504
TRACE 64495,29.58,30.00,-0.506
TRACE 66287,29.56,30.00,-0.507
TRACE 68091,29.54,30.00,-0.508
TRACE 69889,29.51,30.00,-0.510
TRACE 71683,29.49,30.00,-0.511
TRACE 73492,29.46,30.00,-0.513
TRACE 75283,29.43,30.00,-0.514
TRACE 77085,29.41,30.00,-0.516
TRACE 78870,29.38,30.00,-0.517
TRACE 80664,29.35,30.00,-0.519
TRACE 82478,29.32,30.00,-0.520
TRACE 84270,29.29,30.00,-0.522
TRACE 86064,29.26,30.00,-0.523
TRACE 87849,29.23,30.00,-0.525
TRACE 89642,29.20,30.00,-0.526
TRACE 91437,29.16,30.00,-0.528
TRACE 93241,29.13,30.00,-0.530
TRACE 95056,29.10,30.00,-0.531
TRACE 96849,29.06,30.00,-0.533
TRACE 98634,29.03,30.00,-0.535
TRACE 100435,28.99,30.00,-0.536
TRACE 102220,28.96,30.00,-0.538
TRACE 104037,28.92,30.00,-0.540
TRACE 105830,28.88,30.00,-0.542
TRACE 107637,28.84,30.00,-0.544
TRACE 109421,28.80,30.00,-0.545
TRACE 111207,28.76,30.00,-0.547
TRACE 113019,28.72,30.00,-0.549
TRACE 114833,28.68,30.00,-0.551
TRACE 116632,28.64,30.00,-0.553
TRACE 118428,28.60,30.00,-0.555
TRACE 120226,28.55,30.00,-0.557
TRACE 122028,28.51,30.00,-0.559
TRACE 123831,28.47,30.00,-0.561
TRACE 125649,28.42,30.00,-0.563
TRACE 127453,28.38,30.00,-0.565
TRACE 129252,28.33,30.00,-0.567
TRACE 131042,28.28,30.00,-0.569
TRACE 132837,28.24,30.00,-0.571
TRACE 134648,28.19,30.00,-0.573
TRACE 136457,28.14,30.00,-0.575
TRACE 138280,28.09,30.00,-0.577
TRACE 140092,28.04,30.00,-0.579
TRACE 141907,27.99,30.00,-0.581
TRACE 143698,27.94,30.00,-0.584
TRACE 145492,27.88,30.00,-0.586
TRACE 147299,27.83,30.00,-0.588
TRACE 149101,27.78,30.00,-0.590
TRACE 150894,27.72,30.00,-0.593
TRACE 152693,27.67,30.00,-0.595
TRACE 154597,27.61,30.00,-0.597
TRACE 156401,27.55,30.00,-0.600
TRACE 158200,27.50,30.00,-0.602
TRACE 159990,27.44,30.00,-0.604
TRACE 161795,27.38,30.00,-0.607
TRACE 163600,27.32,30.00,-0.609
TRACE 165392,27.26,29.50,-0.565
TRACE 167198,27.20,29.50,-0.567
TRACE 168999,27.14,29.50,-0.570
TRACE 180112,26.76,29.00,-0.566
TRACE 181936,26.69,29.00,-0.568
TRACE 183731,26.62,29.00,-0.571
TRACE 185532,26.56,29.00,-0.574
TRACE 187342,26.49,29.00,-0.595
TRACE 189150,26.42,28.00,-0.531
TRACE 190948,26.35,28.00,-0.533
TRACE 192760,26.28,28.00,-0.528
TRACE 194559,26.21,27.00,0.483
TRACE 196320,26.15,27.00,0.481
TRACE 198113,26.08,27.00,0.478
TRACE 199900,26.00,26.50,0.522
TRACE 201707,25.93,26.00,0.503
TRACE 203505,25.86,26.00,0.500
TRACE 205293,25.79,26.00,0.497
TRACE 207064,25.71,27.00,-0.583
TRACE 208839,25.64,27.00,-0.586
TRACE 210653,25.56,27.00,-0.589
TRACE 212449,25.49,27.00,-0.624
TRACE 214262,25.41,27.00,-0.659
TRACE 216237,25.32,27.00,-0.661
TRACE 218031,25.25,26.50,-0.618
TRACE 219821,25.17,26.00,-0.511
TRACE 221619,25.09,26.00,-0.515
TRACE 223415,25.01,26.00,-0.517
TRACE 225201,24.93,25.00,0.492
TRACE 226974,24.85,25.00,0.490
TRACE 228773,24.77,25.00,0.488
TRACE 230558,24.68,25.00,-0.467
TRACE 232369,24.60,25.00,-0.502
TRACE 234169,24.52,24.00,0.509
TRACE 235935,24.43,24.50,-0.461
TRACE 237752,24.35,24.50,-0.528
TRACE 239558,24.26,25.00,-0.578
TRACE 241364,24.17,23.50,0.479
TRACE 243124,24.09,24.50,-0.538
TRACE 244912,24.00,24.50,-0.541
TRACE 246709,23.91,24.50,-0.608
TRACE 248495,23.83,24.50,-0.580
TRACE 250297,23.74,24.50,-0.583
TRACE 252073,23.65,24.00,-0.507
TRACE 253863,23.56,24.00,-0.607
TRACE 255653,23.46,24.00,-0.546
TRACE 257432,23.37,24.00,-0.550
TRACE 259218,23.28,23.50,-0.506
TRACE 261001,23.19,23.00,-0.462
TRACE 262790,23.09,23.00,-0.466
TRACE 264579,23.00,23.00,-0.501
TRACE 266379,22.90,22.00,0.509
TRACE 268139,22.81,22.00,0.506
TRACE 269903,22.72,22.00,0.503
TRACE 271709,22.62,21.50,0.514
TRACE 273477,22.52,21.00,0.525
TRACE 275253,22.42,21.00,0.522
TRACE 277035,22.33,21.00,0.518
TRACE 278811,22.23,22.00,-0.564
TRACE 280594,22.13,22.00,-0.567
TRACE 282382,22.03,22.00,-0.571
TRACE 284163,21.93,22.00,-0.607
TRACE 285945,21.82,22.00,-0.642
TRACE 287750,21.72,22.00,-0.646
TRACE 289558,21.62,21.50,-0.603
TRACE 291349,21.51,21.00,-0.496
TRACE 293149,21.41,21.00,-0.500
TRACE 294936,21.30,21.00,-0.503
TRACE 296706,21.20,20.50,-0.460
TRACE 298489,21.09,20.00,0.503
TRACE 300276,20.98,19.50,0.556
TRACE 302067,20.88,19.00,0.568
TRACE 303970,20.76,19.00,0.532
TRACE 305795,20.65,19.00,0.528
TRACE 307599,20.54,19.00,0.525
TRACE 309412,20.44,19.00,0.490
TRACE 311249,20.33,19.00,-0.466
TRACE 313079,20.22,20.00,-0.593
TRACE 314919,20.10,20.00,-0.627
TRACE 316746,20.00,20.00,-0.631
TRACE 318583,19.89,20.00,-0.634
TRACE 320414,19.78,20.00,-0.637
TRACE 322254,19.66,20.00,-0.640
TRACE 324072,19.56,20.00,-0.644
TRACE 325912,19.45,19.50,-0.538
TRACE 327733,19.34,19.00,-0.495
TRACE 329565,19.23,19.00,-0.499
TRACE 331394,19.12,19.00,-0.502
TRACE 333314,19.00,18.50,0.460
TRACE 335140,18.89,18.00,0.503
TRACE 336949,18.78,18.00,0.500
TRACE 338764,18.67,18.00,0.466
TRACE 340555,18.57,18.00,-0.489
TRACE 342379,18.46,18.00,-0.492
TRACE 344211,18.35,18.00,-0.495
TRACE 346042,18.24,18.00,-0.529
TRACE 347879,18.13,18.00,-0.564
TRACE 358998,17.46,17.00,-0.518
TRACE 360851,17.35,16.00,0.465
TRACE 362673,17.24,16.00,0.462
TRACE 364489,17.13,16.00,-0.462
TRACE 366310,17.02,15.50,0.488
TRACE 368123,16.91,15.00,0.518
TRACE 369938,16.80,15.00,0.515
TRACE 371756,16.69,15.00,0.528
TRACE 373577,16.59,15.00,0.462
TRACE 375390,16.48,15.00,-0.461
TRACE 377209,16.37,15.00,-0.464
TRACE 379064,16.26,15.00,-0.499
TRACE 380929,16.14,15.00,-0.534
TRACE 382764,16.03,15.00,-0.537
TRACE 384589,15.92,15.00,-0.540
TRACE 386432,15.81,15.00,-0.544
TRACE 388280,15.70,14.50,-0.501
TRACE 390101,15.59,14.00,0.462
TRACE 391916,15.49,14.00,-0.461
TRACE 393885,15.37,14.00,-0.465
TRACE 395696,15.26,13.50,0.498
TRACE 397477,15.15,13.00,0.541
TRACE 399302,15.04,13.00,0.538
TRACE 401118,14.93,13.00,0.503
TRACE 402921,14.82,13.00,0.469
TRACE 404736,14.72,13.00,0.466
TRACE 406547,14.61,13.00,0.463
TRACE 408359,14.50,13.00,-0.491
TRACE 410182,14.39,14.00,-0.619
TRACE 411992,14.28,14.00,-0.623
TRACE 413816,14.17,14.00,-0.626
TRACE 415720,14.06,14.00,-0.629
TRACE 417562,13.95,13.00,-0.540
TRACE 419365,13.84,13.00,-0.543
TRACE 421173,13.73,13.00,-0.546
TRACE 422991,13.62,13.00,-0.487
TRACE 424814,13.51,12.00,0.522
TRACE 426613,13.40,12.00,0.519
TRACE 428420,13.29,12.00,0.517
TRACE 430230,13.19,11.50,0.497
TRACE 432025,13.08,11.00,0.541
TRACE 433830,12.97,11.00,0.538
TRACE 435653,12.86,11.00,0.534
TRACE 437448,12.75,12.00,-0.545
TRACE 439270,12.64,12.00,-0.549
TRACE 441091,12.53,12.00,-0.552
TRACE 442912,12.43,12.00,-0.587
TRACE 444748,12.32,12.00,-0.621
TRACE 446567,12.21,12.00,-0.625
TRACE 448413,12.10,11.00,-0.535
TRACE 450227,11.99,11.00,-0.476
TRACE 452036,11.88,11.00,-0.479
TRACE 453868,11.77,11.00,-0.482
TRACE 455690,11.66,10.50,0.481
TRACE 457507,11.55,10.00,0.524
TRACE 459309,11.44,10.00,0.521
TRACE 461116,11.33,9.50,0.501
TRACE 462925,11.22,9.50,0.498
TRACE 464739,11.12,9.50,0.495
TRACE 466541,11.01,10.00,-0.475
TRACE 468356,10.90,10.00,-0.509
TRACE 470175,10.79,10.00,-0.544
TRACE 472003,10.68,10.00,-0.548
TRACE 473814,10.57,10.00,-0.582
TRACE 475628,10.46,10.00,-0.586
TRACE 477472,10.35,10.00,-0.589
TRACE 479289,10.24,10.00,-0.561
TRACE 481203,10.13,9.50,-0.518
TRACE 483041,10.02,9.00,-0.475
TRACE 484876,9.91,9.00,-0.479
TRACE 486697,9.80,9.00,-0.482
TRACE 488526,9.69,9.00,-0.485
TRACE 490361,9.58,8.00,0.523
TRACE 492171,9.47,8.00,0.520
TRACE 493980,9.36,7.50,0.533
TRACE 495810,9.25,7.00,0.545
TRACE 497621,9.14,7.00,0.542
TRACE 499435,9.03,7.00,0.539
TRACE 501244,8.93,8.00,-0.467
TRACE 503141,8.81,8.00,-0.532
TRACE 505034,8.70,8.00,-0.535
TRACE 506920,8.59,8.00,-0.569
TRACE 508858,8.48,8.00,-0.602
TRACE 510760,8.37,8.00,-0.604
TRACE 512657,8.26,8.00,-0.606
TRACE 514573,8.15,8.00,-0.548
TRACE 516435,8.04,8.00,-0.551
TRACE 518343,7.93,8.00,-0.553
TRACE 520236,7.83,7.50,-0.511
TRACE 522130,7.72,7.00,-0.468
TRACE 533290,7.11,5.00,0.544
TRACE 535186,7.01,5.00,0.542
TRACE 537069,6.91,5.00,0.539
TRACE 538937,6.82,4.00,0.603
TRACE 540856,6.72,4.00,0.600
TRACE 542757,6.62,4.00,0.580
TRACE 544663,6.52,5.00,0.495
TRACE 546575,6.42,5.00,-0.499
TRACE 548489,6.33,5.00,-0.501
TRACE 550402,6.23,5.00,-0.503
TRACE 552295,6.14,5.50,-0.610
TRACE 554178,6.04,5.50,-0.612
TRACE 556089,5.95,5.00,-0.569
TRACE 557980,5.86,5.00,-0.511
TRACE 559874,5.77,5.00,-0.513
TRACE 561785,5.67,5.00,-0.516
TRACE 563697,5.58,4.00,0.493
TRACE 565575,5.50,4.00,0.521
TRACE 567650,5.40,3.50,0.562
TRACE 569537,5.31,3.00,0.575
TRACE 571404,5.23,3.00,0.574
TRACE 573294,5.14,3.00,0.572
TRACE 575168,5.05,3.00,0.570
TRACE 577053,4.97,3.00,0.509
TRACE 578924,4.89,3.00,0.507
TRACE 580800,4.80,4.00,-0.535
TRACE 582698,4.72,4.00,-0.567
TRACE 584588,4.64,4.00,-0.569
TRACE 586490,4.56,4.00,-0.571
TRACE 588456,4.48,4.00,-0.572
TRACE 590365,4.39,3.50,-0.529
TRACE 592258,4.32,3.00,-0.485
TRACE 594171,4.24,3.00,0.493
TRACE 596045,4.16,3.00,0.491
TRACE 597940,4.08,2.50,0.535
TRACE 599827,4.01,2.00,0.578
TRACE 601731,3.93,2.00,0.577
TRACE 603659,3.85,3.00,-0.465
TRACE 605549,3.78,3.00,-0.497
TRACE 607455,3.71,3.00,-0.498
TRACE 609351,3.63,3.00,-0.500
TRACE 611245,3.56,3.00,-0.531
TRACE 613144,3.49,3.00,-0.563
TRACE 615034,3.42,3.00,-0.564
TRACE 616927,3.35,3.00,-0.505
TRACE 618812,3.28,3.00,-0.507
TRACE 620707,3.21,3.00,-0.508
TRACE 622602,3.15,3.00,-0.509
TRACE 624488,3.08,3.00,-0.511
TRACE 626387,3.01,3.00,-0.512
TRACE 628264,2.95,2.50,-0.468
TRACE 630142,2.89,2.00,0.496
TRACE 632053,2.82,2.00,0.495
TRACE 633955,2.76,2.00,0.493
TRACE 635868,2.69,1.50,0.537
TRACE 637785,2.63,1.00,0.121
TRACE 639641,2.57,1.00,0.120
TRACE 641489,2.51,1.50,0.504
TRACE 643411,2.45,2.00,-0.493
TRACE 645345,2.39,2.00,-0.494
TRACE 647259,2.33,2.00,-0.495
TRACE 649188,2.27,2.00,-0.526
TRACE 651249,2.21,2.00,-0.557
TRACE 653181,2.16,1.50,-0.513
TRACE 655120,2.10,1.00,0.020
TRACE 657014,2.04,1.00,0.049
TRACE 658846,1.99,1.00,0.048
TRACE 660706,1.94,1.00,0.048
TRACE 662557,1.89,1.00,0.047
TRACE 664409,1.84,1.00,0.047
TRACE 666248,1.79,1.00,0.016
TRACE 668114,1.74,1.00,-0.015
TRACE 669983,1.69,1.00,-0.016
TRACE 671844,1.64,1.00,-0.017
TRACE 673695,1.60,1.00,-0.018
TRACE 675578,1.55,1.00,-0.018
TRACE 677447,1.50,1.00,-0.019
TRACE 679356,1.46,1.00,-0.020
TRACE 681238,1.41,1.00,-0.020
TRACE 683119,1.37,1.00,-0.021
TRACE 685003,1.32,1.00,-0.022
TRACE 686857,1.28,1.00,-0.022
TRACE 688741,1.24,1.00,-0.023
TRACE 690604,1.20,1.00,-0.023
TRACE 701719,0.97,1.00,-0.026
TRACE 703640,0.93,1.00,-0.027
TRACE 705543,0.89,1.00,-0.027
TRACE 707441,0.86,1.00,-0.028
TRACE 709334,0.82,1.00,-0.028
TRACE 711249,0.79,1.00,-0.028
TRACE 713161,0.75,1.00,-0.029
TRACE 715068,0.72,1.00,-0.029
TRACE 716963,0.69,1.00,-0.029
TRACE 718865,0.66,1.00,-0.029
TRACE 720745,0.63,1.00,-0.030
TRACE 722623,0.60,1.00,-0.030
TRACE 724572,0.57,1.00,-0.030
TRACE 726462,0.54,1.00,-0.030
TRACE 728353,0.51,1.00,-0.030
TRACE 730244,0.49,1.00,-0.031
TRACE 732161,0.46,1.00,-0.031
TRACE 734045,0.44,1.00,-0.031
TRACE 736001,0.41,1.00,-0.031
TRACE 737948,0.39,1.00,-0.031
TRACE 739829,0.36,1.00,-0.031
TRACE 741704,0.34,1.00,-0.031
TRACE 743594,0.32,1.00,-0.031
TRACE 745479,0.30,1.00,-0.031
TRACE 747360,0.28,1.00,-0.031
TRACE 749240,0.26,1.00,-0.031
TRACE 751140,0.24,1.00,-0.030
TRACE 753011,0.22,1.00,-0.030
TRACE 754905,0.20,1.00,-0.030
TRACE 756816,0.19,1.00,-0.030
TRACE 758716,0.17,1.00,-0.030
TRACE 760598,0.16,1.00,-0.030
TRACE 762485,0.14,1.00,-0.029
TRACE 764376,0.13,1.00,-0.029
TRACE 766280,0.11,1.00,-0.029
TRACE 768150,0.10,1.00,-0.028
TRACE 770052,0.09,1.00,-0.028
TRACE 771914,0.08,1.00,-0.028
TRACE 773812,0.07,1.00,-0.027
TRACE 775684,0.06,1.00,-0.027
TRACE 777577,0.05,1.00,-0.027
TRACE 779451,0.04,1.00,-0.026
TRACE 781325,0.03,1.00,-0.026
TRACE 783210,0.03,1.00,-0.025
TRACE 785089,0.02,1.00,-0.025
TRACE 786975,0.02,1.00,-0.024
TRACE 788879,0.01,1.00,-0.024
TRACE 790748,0.01,1.00,-0.023
TRACE 792649,0.01,1.00,-0.022
TRACE 794500,0.00,1.00,-0.022
TRACE 796393,0.00,1.00,-0.021
TRACE 798267,0.00,1.00,-0.021
TRACE 800169,0.00,1.00,-0.030
TRACE 801845,0.00,1.00,-0.030
TRACE 803469,0.00,1.00,-0.030
TRACE 805112,0.00,1.00,-0.030
TRACE 806744,0.00,1.00,-0.030
TRACE 808381,0.00,1.00,-0.030
TRACE 810010,0.00,1.00,-0.030
TRACE 811654,0.00,1.00,-0.030
TRACE 813295,0.00,1.00,-0.030
TRACE 814946,0.00,1.00,-0.030
TRACE 816575,0.00,1.00,-0.030
TRACE 818213,0.00,1.00,-0.030
TRACE 819842,0.00,1.00,-0.030
TRACE 821488,0.00,1.00,-0.030
TRACE 823207,0.00,1.00,-0.030
TRACE 824883,0.00,1.00,-0.030
TRACE 826533,0.00,1.00,-0.030
TRACE 828155,0.00,1.00,-0.030
TRACE 829781,0.00,1.00,-0.030
TRACE 831421,0.00,1.00,-0.030
TRACE 833059,0.00,1.00,-0.030
TRACE 834695,0.00,1.00,-0.030
TRACE 836334,0.00,1.00,-0.030
TRACE 837953,0.00,1.00,-0.030
TRACE 839591,0.00,1.00,-0.030
TRACE 841245,0.00,1.00,-0.030
TRACE 842881,0.00,1.00,-0.030
TRACE 844531,0.00,1.00,-0.030
TRACE 846186,0.00,1.00,-0.030
TRACE 847818,0.00,1.00,-0.030
TRACE 849451,0.00,1.00,-0.030
TRACE 851078,0.00,1.00,-0.030
>>> 