arm_test.cmd_trace(arm, [])
TRACE t_us,ref_deg,pos_deg,duty
TRACE 899,0.00,0.00,0.410
TRACE 2817,0.00,0.00,0.411
TRACE 4616,0.00,0.00,0.412
TRACE 6382,0.00,0.00,0.412
TRACE 8139,0.01,0.00,0.413
TRACE 9895,0.01,0.00,0.414
TRACE 11669,0.01,0.00,0.415
TRACE 13450,0.02,0.00,0.415
TRACE 15240,0.02,0.00,0.416
TRACE 16980,0.03,0.50,-0.430
TRACE 18782,0.04,1.00,-0.477
TRACE 20593,0.04,1.00,-0.476
TRACE 22375,0.05,0.50,-0.427
TRACE 24148,0.06,0.00,0.420
TRACE 25919,0.07,0.00,0.421
TRACE 27643,0.08,0.00,0.422
TRACE 29379,0.09,0.00,0.455
TRACE 31109,0.10,0.00,0.489
TRACE 32837,0.11,0.00,0.490
TRACE 34574,0.12,0.00,0.459
TRACE 36311,0.13,0.00,0.427
TRACE 38056,0.14,0.00,0.428
TRACE 39808,0.16,0.00,0.429
TRACE 41532,0.17,1.00,-0.466
TRACE 43306,0.19,1.00,-0.464
TRACE 45102,0.20,1.00,-0.463
TRACE 46863,0.22,1.00,-0.462
TRACE 48697,0.24,1.00,-0.460
TRACE 50485,0.25,1.00,-0.459
TRACE 52312,0.27,0.50,-0.410
TRACE 54077,0.29,0.00,0.502
TRACE 55817,0.31,0.00,0.503
TRACE 57562,0.33,0.00,0.505
TRACE 59299,0.35,-0.50,0.553
TRACE 61037,0.37,-0.50,0.555
TRACE 62798,0.39,0.00,0.509
TRACE 64523,0.42,0.00,0.478
TRACE 66260,0.44,0.00,0.447
TRACE 67993,0.46,0.00,0.448
TRACE 69719,0.49,0.50,0.402
TRACE 71465,0.51,1.00,-0.478
TRACE 73251,0.54,1.00,-0.476
TRACE 75028,0.56,1.00,-0.442
TRACE 76838,0.59,1.00,-0.440
TRACE 78606,0.62,1.00,-0.438
TRACE 80393,0.65,1.00,-0.436
TRACE 82172,0.68,1.00,-0.402
TRACE 83958,0.70,1.00,0.431
TRACE 85722,0.73,1.00,0.433
TRACE 87497,0.77,1.00,0.434
TRACE 89262,0.80,1.00,0.436
TRACE 91016,0.83,1.50,-0.410
TRACE 92795,0.86,2.00,-0.455
TRACE 94602,0.89,2.00,-0.453
TRACE 96396,0.93,2.00,-0.452
TRACE 98165,0.96,2.00,-0.450
TRACE 99950,1.00,2.00,-0.448
TRACE 101721,1.03,1.50,0.401
TRACE 103483,1.07,1.00,0.481
TRACE 105262,1.11,1.00,0.515
TRACE 107031,1.15,1.00,0.517
TRACE 108820,1.18,1.00,0.519
TRACE 110593,1.22,1.50,0.474
TRACE 112372,1.26,2.00,0.428
TRACE 114139,1.30,2.00,-0.402
TRACE 115921,1.34,2.00,-0.432
TRACE 117708,1.39,2.00,-0.430
TRACE 119492,1.43,2.00,-0.428
TRACE 121271,1.47,2.00,-0.426
TRACE 123055,1.51,2.00,0.408
TRACE 124821,1.56,2.00,0.442
TRACE 126598,1.60,2.00,0.444
TRACE 128368,1.65,1.50,0.493
TRACE 130138,1.69,1.50,0.495
TRACE 131894,1.74,1.50,0.497
TRACE 133668,1.79,2.00,0.452
TRACE 135426,1.83,2.00,0.454
TRACE 137179,1.88,2.00,0.456
TRACE 138962,1.93,2.00,0.458
TRACE 140750,1.98,2.00,0.428
TRACE 142538,2.03,2.00,0.430
TRACE 144299,2.08,2.00,0.432
TRACE 146091,2.13,3.00,-0.428
TRACE 147878,2.19,3.00,-0.425
TRACE 149663,2.24,3.00,-0.423
TRACE 151435,2.29,3.00,-0.421
TRACE 153220,2.35,3.00,-0.419
TRACE 155001,2.40,3.00,-0.416
TRACE 156795,2.46,3.00,-0.414
TRACE 158568,2.51,3.00,0.453
TRACE 160352,2.57,3.00,0.455
TRACE 162134,2.63,3.00,0.457
TRACE 163903,2.69,3.00,0.460
TRACE 165689,2.75,3.00,0.462
TRACE 167475,2.80,3.00,0.464
TRACE 169234,2.86,3.50,0.420
TRACE 171014,2.92,4.00,-0.425
TRACE 172778,2.99,4.00,-0.423
TRACE 174553,3.05,4.00,-0.420
TRACE 176344,3.11,4.00,-0.418
TRACE 178126,3.17,4.00,-0.415
TRACE 179895,3.24,3.50,0.435
TRACE 181683,3.30,3.00,0.517
TRACE 183450,3.37,3.00,0.551
TRACE 185207,3.43,3.00,0.554
TRACE 186970,3.50,3.00,0.557
TRACE 188721,3.56,3.00,0.559
TRACE 190487,3.63,3.00,0.562
TRACE 192267,3.70,3.00,0.532
TRACE 194025,3.76,4.00,0.408
TRACE 195785,3.83,4.00,0.411
TRACE 197574,3.90,4.00,0.414
TRACE 199334,3.97,4.00,0.416
TRACE 201095,4.04,5.00,-0.476
TRACE 211563,4.48,6.00,-0.473
TRACE 213364,4.55,6.50,-0.504
TRACE 215155,4.63,7.00,-0.497
TRACE 216947,4.71,7.00,-0.494
TRACE 218747,4.79,7.00,-0.491
TRACE 220557,4.86,7.00,-0.488
TRACE 222370,4.94,7.00,-0.447
TRACE 224176,5.03,6.50,0.415
TRACE 225957,5.11,6.00,0.496
TRACE 227726,5.19,6.00,0.531
TRACE 229514,5.27,6.00,0.534
TRACE 231284,5.35,6.00,0.538
TRACE 233035,5.43,6.50,0.494
TRACE 234866,5.52,7.00,0.450
TRACE 236660,5.60,7.00,0.421
TRACE 238429,5.68,7.00,-0.408
TRACE 240229,5.77,7.00,-0.404
TRACE 242012,5.86,7.50,-0.448
TRACE 243815,5.94,7.50,-0.445
TRACE 245607,6.03,7.50,-0.409
TRACE 247405,6.12,7.50,0.426
TRACE 249228,6.21,7.00,0.476
TRACE 250997,6.30,7.00,0.479
TRACE 252792,6.39,7.00,0.483
TRACE 254569,6.48,7.00,0.518
TRACE 256360,6.57,7.00,0.521
TRACE 258134,6.66,7.50,0.478
TRACE 259908,6.76,8.00,0.434
TRACE 261727,6.85,8.00,0.406
TRACE 263503,6.94,8.00,0.409
TRACE 265286,7.04,9.00,-0.481
TRACE 267085,7.13,9.00,-0.478
TRACE 268864,7.23,9.00,-0.474
TRACE 270649,7.33,9.00,-0.439
TRACE 272425,7.42,9.00,-0.403
TRACE 274211,7.52,9.00,0.400
TRACE 276002,7.62,9.00,0.404
TRACE 277778,7.72,9.00,0.471
TRACE 279528,7.81,9.00,0.475
TRACE 281298,7.91,9.00,0.479
TRACE 283104,8.01,9.50,0.435
TRACE 284869,8.12,10.00,-0.408
TRACE 286655,8.22,10.00,-0.405
TRACE 288441,8.32,10.00,-0.401
TRACE 290226,8.42,10.50,-0.444
TRACE 292010,8.53,10.00,0.407
TRACE 293783,8.63,10.50,-0.436
TRACE 295570,8.74,10.00,0.446
TRACE 297332,8.84,10.00,0.482
TRACE 299104,8.95,10.00,0.486
TRACE 300860,9.05,10.00,0.480
TRACE 302667,9.16,10.00,0.515
TRACE 304459,9.27,10.00,0.486
TRACE 306257,9.38,10.00,0.521
TRACE 308075,9.48,10.00,0.493
TRACE 309870,9.59,10.00,0.496
TRACE 311692,9.70,10.00,0.499
TRACE 313493,9.81,11.00,0.409
TRACE 315293,9.92,11.00,0.412
TRACE 317095,10.03,11.00,0.415
TRACE 318913,10.13,11.00,0.419
TRACE 320720,10.24,11.00,0.422
TRACE 322535,10.35,11.00,0.425
TRACE 324323,10.46,12.00,-0.465
TRACE 326142,10.57,12.00,0.402
TRACE 327947,10.68,12.00,0.405
TRACE 329739,10.78,12.50,-0.438
TRACE 331562,10.89,13.00,-0.482
TRACE 333367,11.00,13.00,-0.478
TRACE 335175,11.11,13.00,-0.475
TRACE 336991,11.22,13.00,-0.409
TRACE 338816,11.33,13.00,-0.405
TRACE 340633,11.44,13.00,-0.402
TRACE 342443,11.55,13.00,0.433
TRACE 344255,11.66,13.00,0.468
TRACE 346058,11.76,13.00,0.471
TRACE 347867,11.87,13.00,0.474
TRACE 349689,11.98,13.00,0.477
TRACE 351487,12.09,13.00,0.481
TRACE 353302,12.20,14.00,-0.409
TRACE 355131,12.31,14.00,-0.406
TRACE 356936,12.42,14.00,-0.403
TRACE 358740,12.52,14.00,0.401
TRACE 360545,12.63,14.00,0.404
TRACE 362346,12.74,14.00,0.407
TRACE 364135,12.85,14.00,0.410
TRACE 365946,12.96,14.00,0.477
TRACE 367740,13.06,14.00,0.480
TRACE 369542,13.17,14.00,0.483
TRACE 371340,13.28,14.00,0.486
TRACE 373152,13.39,15.00,-0.404
TRACE 374958,13.50,15.00,-0.401
TRACE 376778,13.61,15.00,0.403
TRACE 378583,13.71,15.00,0.406
TRACE 380398,13.82,15.00,0.410
TRACE 382210,13.93,15.50,-0.434
TRACE 384023,14.04,16.00,-0.477
TRACE 385839,14.15,16.00,-0.411
TRACE 387648,14.26,16.00,-0.407
TRACE 389457,14.37,16.00,-0.404
TRACE 391274,14.48,15.50,0.446
TRACE 393068,14.58,15.00,0.496
TRACE 394877,14.69,15.00,0.530
TRACE 396698,14.80,15.00,0.565
TRACE 398501,14.91,15.00,0.568
TRACE 400313,15.02,15.00,0.572
TRACE 402112,15.13,15.00,0.575
TRACE 403922,15.24,15.00,0.547
TRACE 405731,15.34,15.00,0.518
TRACE 416180,15.97,16.50,0.436
TRACE 417993,16.08,17.00,0.405
TRACE 419802,16.19,17.00,0.409
TRACE 421620,16.30,17.00,0.412
TRACE 423416,16.40,18.00,-0.453
TRACE 425277,16.52,18.00,-0.449
TRACE 427086,16.63,19.00,-0.513
TRACE 428942,16.74,19.00,-0.517
TRACE 430769,16.85,19.00,-0.482
TRACE 432576,16.95,19.00,-0.479
TRACE 434404,17.06,19.00,-0.475
TRACE 436236,17.17,19.00,-0.409
TRACE 438068,17.28,18.00,0.487
TRACE 439888,17.39,18.00,0.552
TRACE 441711,17.50,18.00,0.556
TRACE 443506,17.61,18.00,0.559
TRACE 445298,17.72,18.00,0.562
TRACE 447129,17.83,18.00,0.566
TRACE 448950,17.94,18.00,0.569
TRACE 450755,18.05,18.50,0.463
TRACE 452598,18.16,19.00,0.420
TRACE 454411,18.26,19.00,0.423
TRACE 456223,18.37,19.00,0.426
TRACE 458031,18.48,20.00,-0.463
TRACE 459863,18.59,20.00,-0.460
TRACE 461720,18.70,20.50,-0.503
TRACE 463543,18.81,21.00,-0.514
TRACE 465405,18.92,21.00,-0.479
TRACE 467224,19.03,21.00,-0.476
TRACE 469073,19.14,21.00,-0.472
TRACE 470900,19.25,21.00,-0.407
TRACE 472715,19.36,20.00,0.489
TRACE 474530,19.47,20.00,0.523
TRACE 476339,19.58,20.00,0.558
TRACE 478151,19.69,19.50,0.608
TRACE 479972,19.80,19.50,0.611
TRACE 481755,19.91,20.00,0.568
TRACE 483552,20.01,20.00,0.572
TRACE 485356,20.12,20.00,0.512
TRACE 487178,20.23,20.00,0.515
TRACE 488980,20.34,21.00,0.425
TRACE 490801,20.45,21.00,-0.403
TRACE 492630,20.56,21.00,-0.400
TRACE 494458,20.67,21.50,-0.411
TRACE 496273,20.78,22.00,-0.454
TRACE 498087,20.89,22.00,-0.451
TRACE 499910,20.99,22.00,-0.448
TRACE 501731,21.10,22.00,0.418
TRACE 503534,21.21,22.00,0.422
TRACE 505345,21.32,22.00,0.425
TRACE 507137,21.43,21.50,0.506
TRACE 508972,21.54,21.50,0.541
TRACE 510777,21.65,21.50,0.544
TRACE 512578,21.75,22.00,0.501
TRACE 514385,21.86,22.00,0.504
TRACE 516177,21.97,22.00,0.507
TRACE 517969,22.08,22.00,0.510
TRACE 519772,22.19,22.00,0.482
TRACE 521574,22.29,23.00,-0.408
TRACE 523380,22.40,23.00,-0.405
TRACE 525195,22.51,23.00,0.430
TRACE 527004,22.62,23.00,0.433
TRACE 528815,22.73,23.00,0.437
TRACE 530631,22.84,23.50,-0.407
TRACE 532446,22.95,24.00,-0.450
TRACE 534272,23.06,24.00,0.417
TRACE 536073,23.16,24.00,0.420
TRACE 537880,23.27,24.00,0.423
TRACE 539687,23.38,24.00,0.426
TRACE 541503,23.49,24.00,0.430
TRACE 543320,23.60,24.00,0.464
TRACE 545128,23.71,24.00,0.499
TRACE 546939,23.82,25.00,0.409
TRACE 548741,23.92,25.00,0.413
TRACE 550557,24.03,25.00,0.416
TRACE 552368,24.14,25.00,0.419
TRACE 554163,24.25,26.00,-0.471
TRACE 556014,24.36,26.00,-0.467
TRACE 557846,24.47,26.00,-0.464
TRACE 559680,24.58,26.50,-0.444
TRACE 561503,24.69,27.00,-0.487
TRACE 563338,24.80,27.00,-0.483
TRACE 565145,24.91,27.00,-0.480
TRACE 566959,25.02,27.00,-0.414
TRACE 568780,25.13,27.00,-0.411
TRACE 570620,25.24,26.50,0.439
TRACE 572432,25.35,26.00,0.520
TRACE 574250,25.46,26.00,0.554
TRACE 576078,25.56,26.00,0.558
TRACE 577870,25.67,26.50,0.515
TRACE 579675,25.78,27.00,0.471
TRACE 581483,25.89,27.00,0.475
TRACE 583281,26.00,27.00,0.446
TRACE 585088,26.11,27.00,0.418
TRACE 586907,26.21,27.50,-0.425
TRACE 588726,26.32,28.00,-0.469
TRACE 590554,26.43,28.00,-0.434
TRACE 592392,26.54,28.00,0.401
TRACE 594196,26.65,28.50,-0.442
TRACE 596008,26.76,29.00,-0.485
TRACE 597841,26.87,29.00,-0.481
TRACE 599659,26.98,29.00,-0.447
TRACE 601483,27.09,28.50,0.434
TRACE 603286,27.20,28.00,0.484
TRACE 605112,27.31,28.00,0.487
TRACE 606926,27.42,28.00,0.522
TRACE 608741,27.52,28.00,0.557
TRACE 619215,28.15,29.00,0.483
TRACE 621047,28.26,29.00,0.486
TRACE 622859,28.37,30.00,0.403
TRACE 624690,28.48,30.00,-0.412
TRACE 626531,28.59,31.00,-0.476
TRACE 628380,28.70,31.00,-0.473
TRACE 630206,28.81,31.00,-0.469
TRACE 632072,28.92,31.00,-0.479
TRACE 633900,29.03,31.00,-0.475
TRACE 635738,29.14,31.00,-0.410
TRACE 637546,29.25,31.00,-0.407
TRACE 639397,29.36,31.00,0.459
TRACE 641215,29.47,31.00,0.462
TRACE 643022,29.58,31.00,0.465
TRACE 644842,29.69,31.00,0.469
TRACE 646640,29.80,31.00,0.472
TRACE 648447,29.91,31.00,0.475
TRACE 650266,30.02,31.00,0.478
TRACE 652082,30.12,31.00,0.482
TRACE 653904,30.23,31.00,0.485
TRACE 655756,30.35,31.00,0.488
TRACE 657597,30.46,32.00,-0.401
TRACE 659421,30.57,32.00,0.402
TRACE 661234,30.67,32.00,0.406
TRACE 663042,30.78,33.00,-0.484
TRACE 664868,30.89,33.00,-0.480
TRACE 666662,31.00,33.00,-0.477
TRACE 668546,31.11,33.00,-0.474
TRACE 670402,31.22,33.00,-0.408
TRACE 672256,31.34,33.00,-0.404
TRACE 674080,31.44,33.00,-0.401
TRACE 675903,31.55,33.00,0.465
TRACE 677706,31.66,33.00,0.468
TRACE 679512,31.77,33.00,0.471
TRACE 681326,31.88,33.00,0.474
TRACE 683128,31.99,33.00,0.478
TRACE 684926,32.10,33.00,0.481
TRACE 686719,32.20,33.50,0.437
TRACE 688528,32.31,34.00,-0.406
TRACE 690365,32.42,34.00,-0.403
TRACE 692181,32.53,34.00,0.401
TRACE 693970,32.64,34.00,0.404
TRACE 695786,32.75,34.00,0.407
TRACE 697590,32.86,34.00,0.410
TRACE 699404,32.96,34.00,0.445
TRACE 701227,33.07,34.00,0.480
TRACE 703025,33.18,34.00,0.483
TRACE 704845,33.29,34.50,0.440
TRACE 706662,33.40,35.00,-0.403
TRACE 708493,33.51,35.00,0.400
TRACE 710295,33.62,35.00,0.404
TRACE 712136,33.73,35.00,0.407
TRACE 713939,33.84,36.00,-0.483
TRACE 715752,33.95,36.00,-0.479
TRACE 717564,34.05,36.00,-0.445
TRACE 719379,34.16,36.00,-0.410
TRACE 721219,34.27,36.00,-0.407
TRACE 723054,34.38,36.50,-0.450
TRACE 724877,34.49,37.00,-0.493
TRACE 726687,34.60,36.50,0.420
TRACE 728481,34.71,36.50,0.423
TRACE 730280,34.82,36.50,0.426
TRACE 732088,34.93,37.00,-0.417
TRACE 733892,35.03,37.00,-0.414
TRACE 735729,35.14,37.00,0.421
TRACE 737527,35.25,37.00,0.456
TRACE 739354,35.36,37.00,0.427
TRACE 741158,35.47,37.00,0.431
TRACE 742973,35.58,37.00,0.434
TRACE 744776,35.69,37.00,0.469
TRACE 746581,35.79,37.00,0.472
TRACE 748407,35.90,37.00,0.475
TRACE 750207,36.01,37.00,0.478
TRACE 751989,36.12,37.00,0.482
TRACE 753802,36.23,37.00,0.485
TRACE 755601,36.34,37.00,0.488
TRACE 757407,36.44,37.00,0.491
TRACE 759215,36.55,37.50,0.448
TRACE 761006,36.66,38.00,0.404
TRACE 762809,36.77,38.00,0.408
TRACE 764628,36.88,38.00,0.411
TRACE 766462,36.99,39.00,-0.479
TRACE 768286,37.10,39.00,-0.475
TRACE 770117,37.21,39.00,-0.472
TRACE 771946,37.32,39.00,-0.437
TRACE 773767,37.43,39.00,-0.402
TRACE 775589,37.54,39.00,0.401
TRACE 777396,37.64,39.00,0.405
TRACE 779227,37.75,39.00,0.471
TRACE 781012,37.86,39.50,0.427
TRACE 782819,37.97,40.00,-0.416
TRACE 784645,38.08,40.00,-0.413
TRACE 786473,38.19,40.00,-0.409
TRACE 788278,38.30,40.00,-0.406
TRACE 790119,38.41,40.00,-0.403
TRACE 791930,38.52,40.00,0.400
TRACE 793730,38.62,40.00,0.435
TRACE 795548,38.73,40.00,0.470
TRACE 797360,38.84,40.00,0.473
TRACE 799178,38.95,40.00,0.477
TRACE 800973,39.06,40.00,0.480
TRACE 802800,39.17,40.00,0.483
TRACE 804598,39.28,40.00,0.486
TRACE 806387,39.38,40.00,0.489
TRACE 808195,39.49,40.50,0.446
TRACE 810000,39.60,41.00,0.403
TRACE 811815,39.71,41.00,0.406
TRACE 822287,40.34,42.00,-0.417
TRACE 824112,40.45,43.00,-0.481
TRACE 825936,40.56,43.00,-0.478
TRACE 827764,40.67,43.00,-0.474
TRACE 829592,40.78,43.00,-0.452
TRACE 831429,40.89,43.00,-0.430
TRACE 833277,41.00,43.00,-0.427
TRACE 835106,41.11,43.00,-0.411
TRACE 836942,41.22,43.00,0.454
TRACE 838763,41.33,43.00,0.458
TRACE 840589,41.44,43.00,0.461
TRACE 842394,41.54,43.00,0.464
TRACE 844216,41.65,43.00,0.468
TRACE 846043,41.76,43.00,0.471
TRACE 847870,41.87,43.50,0.428
TRACE 849683,41.98,44.00,-0.415
TRACE 851497,42.09,44.00,-0.412
TRACE 853342,42.20,44.00,-0.409
TRACE 855177,42.31,44.00,-0.405
TRACE 857005,42.42,44.00,-0.402
TRACE 858900,42.53,44.00,0.402
TRACE 860716,42.64,43.50,0.482
TRACE 862567,42.75,43.00,0.563
TRACE 864369,42.86,43.00,0.566
TRACE 866188,42.97,43.00,0.569
TRACE 867997,43.08,43.00,0.573
TRACE 869830,43.19,43.00,0.576
TRACE 871640,43.30,43.50,0.533
TRACE 873455,43.41,44.00,0.459
TRACE 875316,43.52,44.00,0.431
TRACE 877129,43.63,44.00,0.434
TRACE 878931,43.74,44.00,0.437
TRACE 880744,43.84,44.50,-0.406
TRACE 882568,43.95,45.00,-0.449
TRACE 884401,44.06,45.00,-0.414
TRACE 886223,44.17,45.00,0.421
TRACE 888026,44.28,45.00,0.424
TRACE 889864,44.39,45.00,0.427
TRACE 891673,44.50,45.00,0.430
TRACE 893483,44.61,45.00,0.465
TRACE 895289,44.72,45.50,0.453
TRACE 897079,44.82,46.00,0.410
TRACE 898907,44.93,46.00,0.413
TRACE 900677,45.04,46.00,0.416
TRACE 902480,45.15,46.00,0.419
TRACE 904290,45.26,46.50,-0.424
TRACE 906109,45.37,47.00,-0.468
TRACE 907942,45.48,47.00,-0.433
TRACE 909775,45.59,47.00,0.403
TRACE 911580,45.69,47.00,0.406
TRACE 913406,45.80,47.00,0.409
TRACE 915219,45.91,47.00,0.413
TRACE 917034,46.02,47.00,0.447
TRACE 918836,46.13,47.00,0.482
TRACE 920643,46.24,47.00,0.485
TRACE 922436,46.35,47.00,0.488
TRACE 924237,46.45,47.00,0.492
TRACE 926049,46.56,47.00,0.495
TRACE 927859,46.67,48.00,0.405
TRACE 929661,46.78,48.00,0.408
TRACE 931463,46.89,48.00,0.411
TRACE 933255,47.00,49.00,-0.479
TRACE 935078,47.10,49.00,-0.475
TRACE 936895,47.21,49.00,-0.472
TRACE 938725,47.32,49.00,-0.469
TRACE 940556,47.43,49.00,-0.402
TRACE 942404,47.54,49.00,0.402
TRACE 944198,47.65,49.00,0.405
TRACE 946011,47.76,49.00,0.471
TRACE 947832,47.87,49.00,0.474
TRACE 949637,47.98,49.00,0.477
TRACE 951451,48.09,49.00,0.481
TRACE 953265,48.20,49.50,0.437
TRACE 955078,48.30,50.00,-0.406
TRACE 956909,48.41,50.00,-0.403
TRACE 958749,48.52,50.50,-0.445
TRACE 960582,48.63,51.00,-0.488
TRACE 962419,48.75,51.00,-0.485
TRACE 964224,48.85,51.00,-0.482
TRACE 966035,48.96,50.50,-0.401
TRACE 967852,49.07,50.00,0.480
TRACE 969661,49.18,50.00,0.483
TRACE 971469,49.29,50.00,0.518
TRACE 973279,49.40,50.00,0.553
TRACE 975095,49.51,50.00,0.556
TRACE 976899,49.61,50.00,0.560
TRACE 978726,49.72,50.00,0.531
TRACE 980546,49.83,50.00,0.503
TRACE 982319,49.94,50.00,0.506
TRACE 984128,50.05,51.00,0.416
TRACE 985946,50.16,51.00,0.420
TRACE 987756,50.27,51.00,0.423
TRACE 989560,50.37,51.00,0.426
TRACE 991358,50.48,52.00,-0.464
TRACE 993181,50.59,52.00,-0.461
TRACE 994983,50.70,52.50,-0.504
TRACE 996797,50.81,53.00,-0.484
TRACE 998624,50.92,53.00,-0.481
TRACE 1000426,51.03,53.00,-0.478
TRACE 1002241,51.13,53.00,-0.474
TRACE 1004058,51.24,53.00,-0.408
TRACE 1005873,51.35,52.00,0.489
TRACE 1007670,51.46,52.00,0.523
TRACE 1009476,51.57,52.00,0.558
TRACE 1011293,51.68,52.00,0.561
TRACE 1013106,51.79,52.00,0.565
TRACE 1014902,51.89,52.00,0.568
TRACE 1025356,52.52,52.00,0.561
TRACE 1027178,52.63,52.50,0.493
TRACE 1028989,52.74,53.00,0.463
TRACE 1030819,52.85,53.00,0.466
TRACE 1032655,52.96,53.00,0.469
TRACE 1034494,53.07,54.00,0.405
TRACE 1036304,53.18,54.00,0.409
TRACE 1038123,53.29,54.00,-0.439
TRACE 1039937,53.40,55.00,-0.497
TRACE 1041762,53.51,55.00,-0.462
TRACE 1043609,53.62,55.00,-0.459
TRACE 1045451,53.73,55.50,-0.501
TRACE 1047293,53.84,55.50,-0.436
TRACE 1049134,53.95,55.50,-0.432
TRACE 1050947,54.06,55.00,0.417
TRACE 1052759,54.17,55.00,0.483
TRACE 1054581,54.27,55.00,0.486
TRACE 1056411,54.38,55.00,0.490
TRACE 1058218,54.49,55.00,0.524
TRACE 1060041,54.60,55.00,0.527
TRACE 1061891,54.71,55.00,0.531
TRACE 1063697,54.82,55.00,0.503
TRACE 1065518,54.93,55.00,0.506
TRACE 1067342,55.04,55.50,0.463
TRACE 1069153,55.15,56.00,0.420
TRACE 1070959,55.26,56.00,0.423
TRACE 1072767,55.37,56.00,0.426
TRACE 1074636,55.48,57.00,-0.463
TRACE 1076459,55.59,57.00,-0.460
TRACE 1078314,55.70,57.00,-0.456
TRACE 1080137,55.81,57.00,-0.422
TRACE 1081975,55.92,57.50,-0.433
TRACE 1083781,56.03,57.00,0.416
TRACE 1085605,56.14,57.00,0.420
TRACE 1087431,56.25,57.00,0.485
TRACE 1089228,56.35,57.00,0.489
TRACE 1091027,56.46,57.00,0.492
TRACE 1092830,56.57,57.00,0.495
TRACE 1094635,56.68,57.50,0.483
TRACE 1096436,56.79,58.00,0.408
TRACE 1098240,56.89,58.00,0.412
TRACE 1100033,57.00,58.00,0.415
TRACE 1101843,57.11,59.00,-0.476
TRACE 1103670,57.22,59.00,-0.472
TRACE 1105499,57.33,59.00,-0.468
TRACE 1107313,57.44,59.00,-0.433
TRACE 1109128,57.55,59.00,0.401
TRACE 1110927,57.66,59.00,0.405
TRACE 1112714,57.76,59.00,0.408
TRACE 1114524,57.87,59.00,0.474
TRACE 1116341,57.98,59.00,0.477
TRACE 1118138,58.09,59.50,0.434
TRACE 1119944,58.20,60.00,-0.409
TRACE 1121768,58.31,60.00,-0.406
TRACE 1123594,58.42,60.00,-0.403
TRACE 1125401,58.52,61.00,-0.492
TRACE 1127212,58.63,61.00,-0.489
TRACE 1129040,58.74,60.50,-0.439
TRACE 1130855,58.85,60.00,0.442
TRACE 1132669,58.96,60.00,0.477
TRACE 1134487,59.07,60.00,0.480
TRACE 1136305,59.18,60.00,0.483
TRACE 1138107,59.29,60.00,0.550
TRACE 1139921,59.40,60.00,0.553
TRACE 1141728,59.50,60.00,0.525
TRACE 1143520,59.61,60.00,0.496
TRACE 1145313,59.72,60.00,0.500
TRACE 1147125,59.83,61.00,0.410
TRACE 1148954,59.94,61.00,0.413
TRACE 1150749,60.04,61.00,0.416
TRACE 1152558,60.15,61.00,0.419
TRACE 1154340,60.26,61.50,-0.424
TRACE 1156162,60.37,62.00,-0.467
TRACE 1157993,60.48,62.00,-0.464
TRACE 1159822,60.59,62.00,0.403
TRACE 1161633,60.70,62.00,0.406
TRACE 1163425,60.81,62.00,0.409
TRACE 1165240,60.91,62.50,-0.434
TRACE 1167045,61.02,63.00,-0.446
TRACE 1168859,61.13,63.00,-0.411
TRACE 1170672,61.24,63.00,-0.408
TRACE 1172494,61.35,63.00,-0.405
TRACE 1174306,61.46,63.00,-0.401
TRACE 1176142,61.57,62.50,0.449
TRACE 1177960,61.68,62.00,0.530
TRACE 1179759,61.79,62.00,0.564
TRACE 1181585,61.90,62.00,0.568
TRACE 1183400,62.00,62.00,0.571
TRACE 1185207,62.11,62.00,0.574
TRACE 1187037,62.22,62.00,0.578
TRACE 1188828,62.33,63.00,0.456
TRACE 1190630,62.44,63.00,0.428
TRACE 1192442,62.55,63.00,0.431
TRACE 1194232,62.65,63.00,0.434
TRACE 1196035,62.76,64.00,-0.456
TRACE 1197851,62.87,64.00,-0.452
TRACE 1199676,62.98,64.00,-0.449
TRACE 1201510,63.09,65.00,-0.475
TRACE 1203343,63.20,65.00,-0.472
TRACE 1205190,63.31,65.00,-0.468
TRACE 1206999,63.42,65.00,-0.465
TRACE 1208825,63.53,65.00,0.401
TRACE 1210622,63.64,65.00,0.404
TRACE 1212419,63.75,65.00,0.408
TRACE 1214232,63.85,65.00,0.474
TRACE 1216016,63.96,65.00,0.477
TRACE 1217830,64.07,65.00,0.480
TRACE 1228282,64.70,66.00,0.431
TRACE 1230114,64.81,67.00,-0.433
TRACE 1231940,64.92,67.00,-0.430
TRACE 1233779,65.03,67.00,-0.426
TRACE 1235608,65.14,67.00,-0.423
TRACE 1237456,65.25,67.00,-0.419
TRACE 1239302,65.36,67.00,-0.416
TRACE 1241151,65.47,67.00,-0.400
TRACE 1242966,65.58,67.00,0.465
TRACE 1244781,65.69,67.00,0.469
TRACE 1246601,65.80,67.00,0.472
TRACE 1248421,65.91,66.50,0.521
TRACE 1250229,66.01,66.50,0.525
TRACE 1252055,66.12,67.00,0.482
TRACE 1253884,66.23,67.00,0.485
TRACE 1255702,66.34,67.00,0.488
TRACE 1257525,66.45,67.00,0.492
TRACE 1259360,66.56,67.00,0.495
TRACE 1261168,66.67,67.00,0.467
TRACE 1262969,66.78,67.00,0.470
TRACE 1264825,66.89,68.00,0.412
TRACE 1266635,67.00,68.00,0.415
TRACE 1268453,67.11,68.00,0.418
TRACE 1270272,67.22,69.00,-0.471
TRACE 1272077,67.32,69.00,-0.468
TRACE 1273915,67.43,69.00,-0.464
TRACE 1275731,67.54,69.00,-0.461
TRACE 1277601,67.66,69.00,0.405
TRACE 1279409,67.76,69.00,0.408
TRACE 1281274,67.88,69.50,-0.434
TRACE 1283112,67.99,70.00,-0.415
TRACE 1284914,68.09,70.00,-0.411
TRACE 1286732,68.20,70.00,-0.408
TRACE 1288559,68.31,70.00,-0.405
TRACE 1290382,68.42,70.00,-0.402
TRACE 1292198,68.53,70.00,0.401
TRACE 1294002,68.64,70.00,0.436
TRACE 1295803,68.75,70.00,0.470
TRACE 1297607,68.86,70.00,0.474
TRACE 1299429,68.97,70.00,0.477
TRACE 1301250,69.08,70.00,0.480
TRACE 1303061,69.18,70.00,0.484
TRACE 1304871,69.29,70.00,0.487
TRACE 1306677,69.40,71.00,-0.403
TRACE 1308522,69.51,71.00,0.400
TRACE 1310329,69.62,71.00,0.404
TRACE 1312140,69.73,71.00,0.407
TRACE 1313945,69.84,71.00,0.410
TRACE 1315746,69.94,71.00,0.413
TRACE 1317551,70.05,72.00,-0.477
TRACE 1319385,70.16,72.00,-0.410
TRACE 1321200,70.27,72.00,-0.407
TRACE 1323026,70.38,72.00,-0.404
TRACE 1324855,70.49,72.00,-0.400
TRACE 1326659,70.60,72.00,0.403
TRACE 1328444,70.71,72.00,0.406
TRACE 1330258,70.82,72.00,0.472
TRACE 1332079,70.92,72.00,0.476
TRACE 1333870,71.03,72.00,0.479
TRACE 1335676,71.14,72.00,0.482
TRACE 1337486,71.25,72.00,0.485
TRACE 1339301,71.36,72.00,0.489
TRACE 1341093,71.47,72.00,0.492
TRACE 1342922,71.58,72.00,0.495
TRACE 1344734,71.68,72.00,0.499
TRACE 1346528,71.79,72.00,0.502
TRACE 1348344,71.90,73.00,0.412
TRACE 1350144,72.01,73.00,0.415
TRACE 1351954,72.12,73.00,0.418
TRACE 1353758,72.23,73.00,0.422
TRACE 1355574,72.33,74.00,-0.468
TRACE 1357399,72.44,74.00,-0.465
TRACE 1359239,72.55,74.00,-0.461
TRACE 1361074,72.66,74.50,-0.441
TRACE 1362908,72.77,75.00,-0.484
TRACE 1364722,72.88,75.00,-0.481
TRACE 1366539,72.99,75.00,-0.477
TRACE 1368357,73.10,75.00,-0.412
TRACE 1370165,73.21,75.00,-0.408
TRACE 1371971,73.32,75.00,-0.405
TRACE 1373783,73.43,74.50,0.476
TRACE 1375586,73.54,74.50,0.511
TRACE 1377392,73.64,74.00,0.560
TRACE 1379202,73.75,74.50,0.517
TRACE 1381010,73.86,75.00,0.474
TRACE 1382836,73.97,75.00,0.477
TRACE 1384618,74.08,75.00,0.480
TRACE 1386433,74.19,75.00,0.452
TRACE 1388234,74.29,76.00,-0.438
TRACE 1390069,74.40,76.00,-0.466
TRACE 1391898,74.51,76.00,-0.431
TRACE 1393729,74.62,77.00,-0.489
TRACE 1395558,74.73,77.00,-0.486
TRACE 1397384,74.84,77.00,-0.482
TRACE 1399199,74.95,77.00,-0.479
TRACE 1401013,75.06,77.00,-0.413
TRACE 1402830,75.17,77.00,-0.410
TRACE 1404649,75.28,76.50,0.440
TRACE 1406469,75.39,76.00,0.552
TRACE 1408285,75.50,76.00,0.556
TRACE 1410118,75.61,76.00,0.559
TRACE 1411916,75.71,76.50,0.516
TRACE 1413715,75.82,77.00,0.473
TRACE 1415551,75.93,77.00,0.476
TRACE 1417357,76.04,77.00,0.448
TRACE 1419143,76.15,77.00,0.419
TRACE 1420956,76.26,77.50,-0.424
TRACE 1431460,76.89,79.00,-0.468
TRACE 1433269,77.00,80.00,-0.513
TRACE 1435110,77.11,80.00,-0.491
TRACE 1436947,77.22,80.00,-0.488
TRACE 1438768,77.33,80.00,-0.484
TRACE 1440596,77.44,80.00,-0.481
TRACE 1442434,77.55,80.00,-0.459
TRACE 1444269,77.66,80.00,-0.425
TRACE 1446087,77.77,80.00,0.441
TRACE 1447913,77.87,79.50,0.490
TRACE 1449720,77.98,79.00,0.540
TRACE 1451526,78.09,79.50,0.497
TRACE 1453368,78.20,80.00,0.454
TRACE 1455191,78.31,80.00,0.457
TRACE 1457004,78.42,80.00,0.461
TRACE 1458802,78.53,80.00,0.464
TRACE 1460614,78.64,81.00,-0.457
TRACE 1462454,78.75,81.00,-0.485
TRACE 1464252,78.86,81.00,-0.451
TRACE 1466073,78.96,81.00,-0.416
TRACE 1467942,79.08,81.00,-0.412
TRACE 1469757,79.19,81.00,-0.409
TRACE 1471619,79.30,81.00,-0.406
TRACE 1473439,79.41,81.00,0.460
TRACE 1475282,79.52,81.00,0.464
TRACE 1477071,79.62,81.00,0.467
TRACE 1478888,79.73,81.50,0.424
TRACE 1480702,79.84,82.00,-0.419
TRACE 1482534,79.95,82.00,-0.416
TRACE 1484402,80.06,82.00,-0.413
TRACE 1486220,80.17,82.00,-0.409
TRACE 1488038,80.28,82.00,-0.406
TRACE 1489876,80.39,82.00,-0.403
TRACE 1491692,80.50,81.50,0.478
TRACE 1493484,80.61,81.00,0.559
TRACE 1495308,80.72,81.00,0.562
TRACE 1497136,80.83,81.00,0.566
TRACE 1498930,80.94,81.00,0.569
TRACE 1500727,81.04,81.50,0.516
TRACE 1502622,81.16,82.00,0.472
TRACE 1504505,81.27,82.00,0.443
TRACE 1506378,81.38,82.00,0.415
>>> 