arm_test.cmd_trace(arm, [])
TRACE t_us,ref_deg,pos_deg,duty
TRACE 919,-0.00,0.00,-0.430
TRACE 2874,-0.00,0.00,-0.431
TRACE 4716,-0.00,0.00,-0.432
TRACE 6529,-0.00,0.00,-0.432
TRACE 8300,-0.01,0.00,-0.433
TRACE 10096,-0.01,0.00,-0.434
TRACE 11897,-0.01,0.00,-0.435
TRACE 13694,-0.02,-0.50,0.451
TRACE 15525,-0.02,-0.50,0.450
TRACE 17282,-0.03,-0.50,0.450
TRACE 19057,-0.04,-0.50,0.449
TRACE 20820,-0.04,0.00,-0.439
TRACE 22590,-0.05,0.00,-0.440
TRACE 24387,-0.06,0.00,-0.441
TRACE 26153,-0.07,0.00,-0.474
TRACE 27917,-0.08,0.00,-0.475
TRACE 29697,-0.09,0.00,-0.476
TRACE 31450,-0.10,0.00,-0.477
TRACE 33238,-0.11,0.00,-0.445
TRACE 35000,-0.12,0.00,-0.446
TRACE 36753,-0.14,-1.00,0.487
TRACE 38665,-0.15,-1.00,0.486
TRACE 40438,-0.16,-1.00,0.484
TRACE 42222,-0.18,-1.00,0.483
TRACE 43999,-0.19,-1.00,0.482
TRACE 45766,-0.21,-1.00,0.481
TRACE 47555,-0.23,0.00,-0.454
TRACE 49317,-0.24,0.00,-0.519
TRACE 51088,-0.26,0.00,-0.521
TRACE 52855,-0.28,0.00,-0.522
TRACE 54616,-0.30,0.00,-0.523
TRACE 56377,-0.32,0.00,-0.524
TRACE 58139,-0.34,0.00,-0.526
TRACE 59912,-0.36,0.00,-0.462
TRACE 61790,-0.38,0.00,-0.464
TRACE 63548,-0.40,-0.50,0.422
TRACE 65309,-0.43,-1.00,0.468
TRACE 67078,-0.45,-1.00,0.467
TRACE 68848,-0.47,-1.00,0.465
TRACE 70626,-0.50,-1.00,0.464
TRACE 72393,-0.52,-1.00,0.462
TRACE 74160,-0.55,-1.00,0.461
TRACE 75929,-0.58,-1.00,0.428
TRACE 77676,-0.60,0.00,-0.541
TRACE 79447,-0.63,0.00,-0.542
TRACE 81194,-0.66,0.00,-0.544
TRACE 82952,-0.69,0.50,-0.593
TRACE 84739,-0.72,0.50,-0.594
TRACE 86507,-0.75,0.00,-0.548
TRACE 88285,-0.78,0.00,-0.550
TRACE 90047,-0.81,0.00,-0.487
TRACE 91829,-0.84,0.00,-0.488
TRACE 93608,-0.88,-1.00,0.444
TRACE 95373,-0.91,-1.00,0.475
TRACE 97153,-0.94,-1.00,0.473
TRACE 98926,-0.98,-1.00,0.439
TRACE 100680,-1.01,-1.00,0.438
TRACE 102470,-1.05,-1.00,0.436
TRACE 104254,-1.09,-1.00,0.434
TRACE 106028,-1.12,-1.00,-0.472
TRACE 107828,-1.16,-1.00,-0.474
TRACE 109623,-1.20,-1.00,-0.476
TRACE 111419,-1.24,-1.00,-0.477
TRACE 113215,-1.28,-1.00,-0.479
TRACE 114999,-1.32,-1.00,-0.481
TRACE 116794,-1.36,-1.00,-0.483
TRACE 118579,-1.41,-1.50,-0.438
TRACE 120345,-1.45,-2.00,0.447
TRACE 122135,-1.49,-2.00,0.445
TRACE 123916,-1.54,-2.00,0.443
TRACE 125700,-1.58,-2.50,0.488
TRACE 127613,-1.63,-2.00,0.439
TRACE 129394,-1.67,-2.00,0.437
TRACE 131158,-1.72,-2.00,-0.437
TRACE 132962,-1.77,-2.00,-0.471
TRACE 134753,-1.82,-2.00,-0.473
TRACE 136568,-1.87,-1.00,-0.568
TRACE 138347,-1.91,-1.00,-0.602
TRACE 140146,-1.96,-1.00,-0.573
TRACE 141930,-2.01,-1.50,-0.528
TRACE 143719,-2.07,-2.00,-0.484
TRACE 145487,-2.12,-2.00,-0.486
TRACE 147282,-2.17,-2.00,-0.488
TRACE 149064,-2.22,-2.50,0.461
TRACE 150835,-2.28,-3.00,0.506
TRACE 152599,-2.33,-3.00,0.504
TRACE 154377,-2.38,-3.00,0.469
TRACE 156170,-2.44,-3.00,0.435
TRACE 158035,-2.50,-3.00,0.432
TRACE 159817,-2.55,-3.00,0.430
TRACE 161599,-2.61,-3.00,-0.445
TRACE 163387,-2.67,-3.00,-0.479
TRACE 165177,-2.73,-3.00,-0.481
TRACE 166958,-2.79,-3.00,-0.484
TRACE 168764,-2.85,-3.00,-0.486
TRACE 170554,-2.91,-3.50,-0.442
TRACE 172348,-2.97,-4.00,0.443
TRACE 183398,-3.36,-5.00,0.466
TRACE 185183,-3.43,-5.00,0.464
TRACE 186981,-3.50,-5.00,0.461
TRACE 188783,-3.56,-5.00,0.458
TRACE 190556,-3.63,-5.00,0.456
TRACE 192338,-3.70,-5.00,0.435
TRACE 194115,-3.77,-5.00,-0.426
TRACE 195930,-3.84,-5.00,-0.466
TRACE 197712,-3.91,-5.00,-0.468
TRACE 199495,-3.98,-5.00,-0.471
TRACE 201308,-4.05,-5.00,-0.474
TRACE 203093,-4.12,-5.00,-0.477
TRACE 204899,-4.20,-5.00,-0.480
TRACE 206709,-4.27,-5.00,-0.483
TRACE 208501,-4.35,-5.00,-0.485
TRACE 210286,-4.42,-6.00,0.445
TRACE 212065,-4.50,-6.00,0.442
TRACE 213849,-4.57,-6.00,0.440
TRACE 215615,-4.65,-6.00,0.437
TRACE 217378,-4.73,-6.00,0.434
TRACE 219156,-4.80,-6.00,0.431
TRACE 220977,-4.88,-6.00,0.428
TRACE 222753,-4.96,-6.00,-0.479
TRACE 224539,-5.04,-6.00,-0.482
TRACE 226334,-5.12,-6.00,-0.485
TRACE 228113,-5.20,-6.50,-0.441
TRACE 229908,-5.29,-7.00,0.443
TRACE 231662,-5.37,-7.00,0.440
TRACE 233424,-5.45,-7.00,0.437
TRACE 235206,-5.53,-7.00,0.434
TRACE 236967,-5.62,-7.00,0.431
TRACE 238734,-5.70,-7.00,0.428
TRACE 240518,-5.78,-7.00,-0.448
TRACE 242352,-5.87,-7.00,-0.483
TRACE 244177,-5.96,-6.50,-0.534
TRACE 245953,-6.05,-6.00,-0.584
TRACE 247736,-6.14,-6.50,-0.540
TRACE 249514,-6.23,-7.00,-0.497
TRACE 251303,-6.32,-7.00,-0.500
TRACE 253068,-6.40,-7.00,-0.503
TRACE 254857,-6.50,-7.00,-0.507
TRACE 256659,-6.59,-7.00,-0.478
TRACE 258470,-6.68,-8.00,0.484
TRACE 260241,-6.77,-8.00,0.449
TRACE 262033,-6.87,-8.00,-0.426
TRACE 263848,-6.96,-8.00,-0.430
TRACE 265632,-7.06,-9.00,0.500
TRACE 267398,-7.15,-9.00,0.497
TRACE 269164,-7.24,-9.00,0.494
TRACE 270940,-7.34,-9.00,0.426
TRACE 272720,-7.44,-9.00,0.423
TRACE 274498,-7.53,-8.50,-0.468
TRACE 276278,-7.63,-8.00,-0.518
TRACE 278074,-7.73,-8.00,-0.586
TRACE 279873,-7.83,-8.00,-0.590
TRACE 281637,-7.93,-8.00,-0.593
TRACE 283410,-8.03,-8.00,-0.597
TRACE 285195,-8.13,-8.50,-0.554
TRACE 286986,-8.24,-9.00,-0.478
TRACE 288778,-8.34,-9.00,-0.450
TRACE 290570,-8.44,-9.00,-0.454
TRACE 292356,-8.55,-9.00,-0.458
TRACE 294131,-8.65,-10.00,0.473
TRACE 295906,-8.76,-10.00,0.469
TRACE 297683,-8.86,-10.50,0.480
TRACE 299441,-8.97,-11.00,0.492
TRACE 301233,-9.07,-11.00,0.498
TRACE 303039,-9.18,-11.00,0.495
TRACE 304835,-9.29,-10.50,0.444
TRACE 306644,-9.40,-10.00,-0.510
TRACE 308604,-9.52,-10.00,-0.513
TRACE 310426,-9.63,-10.00,-0.548
TRACE 312236,-9.73,-10.00,-0.583
TRACE 314080,-9.84,-10.00,-0.586
TRACE 315906,-9.95,-10.00,-0.589
TRACE 317743,-10.06,-10.00,-0.561
TRACE 319583,-10.17,-10.00,-0.533
TRACE 321401,-10.28,-10.50,-0.490
TRACE 323200,-10.39,-11.00,-0.447
TRACE 325024,-10.50,-11.00,-0.450
TRACE 326847,-10.61,-11.00,-0.454
TRACE 328673,-10.72,-12.00,0.476
TRACE 330526,-10.83,-12.00,0.472
TRACE 332342,-10.94,-12.50,0.516
TRACE 334169,-11.05,-13.00,0.527
TRACE 335983,-11.16,-13.00,0.492
TRACE 337932,-11.28,-13.00,0.488
TRACE 339733,-11.38,-12.50,0.439
TRACE 341550,-11.49,-12.00,-0.513
TRACE 343390,-11.60,-12.00,-0.516
TRACE 345210,-11.71,-12.00,-0.550
TRACE 347007,-11.82,-12.00,-0.585
TRACE 348857,-11.93,-11.50,-0.634
TRACE 350694,-12.04,-11.50,-0.638
TRACE 361753,-12.71,-13.00,-0.501
TRACE 363624,-12.82,-13.00,-0.486
TRACE 365470,-12.93,-13.50,-0.456
TRACE 367290,-13.04,-14.00,-0.427
TRACE 369122,-13.15,-14.00,-0.430
TRACE 370963,-13.26,-15.00,0.491
TRACE 372775,-13.37,-15.00,0.488
TRACE 374597,-13.48,-15.50,0.528
TRACE 376404,-13.58,-16.00,0.572
TRACE 378219,-13.69,-16.00,0.538
TRACE 380027,-13.80,-16.00,0.504
TRACE 381842,-13.91,-16.00,0.500
TRACE 383666,-14.02,-15.50,-0.452
TRACE 385523,-14.13,-15.00,-0.502
TRACE 387343,-14.24,-15.00,-0.537
TRACE 389151,-14.35,-15.00,-0.571
TRACE 390974,-14.46,-15.00,-0.574
TRACE 392797,-14.57,-15.00,-0.578
TRACE 394638,-14.68,-15.00,-0.581
TRACE 396464,-14.79,-15.00,-0.553
TRACE 398404,-14.90,-15.00,-0.525
TRACE 400225,-15.01,-15.50,-0.482
TRACE 402050,-15.12,-16.00,-0.440
TRACE 403877,-15.23,-16.00,-0.443
TRACE 405701,-15.34,-16.00,-0.446
TRACE 407532,-15.45,-17.00,0.483
TRACE 409329,-15.56,-17.00,0.480
TRACE 411121,-15.67,-17.00,0.478
TRACE 412932,-15.78,-17.00,0.443
TRACE 414744,-15.88,-17.00,-0.432
TRACE 416569,-15.99,-17.00,-0.435
TRACE 418387,-16.10,-17.00,-0.438
TRACE 420305,-16.22,-17.00,-0.505
TRACE 422129,-16.33,-17.50,-0.462
TRACE 423965,-16.44,-18.00,0.421
TRACE 425779,-16.55,-18.00,-0.422
TRACE 427613,-16.66,-18.00,-0.426
TRACE 429423,-16.77,-18.00,-0.429
TRACE 431251,-16.88,-18.50,0.454
TRACE 433054,-16.98,-19.00,0.498
TRACE 434854,-17.09,-19.00,0.464
TRACE 436666,-17.20,-19.00,0.429
TRACE 438499,-17.31,-19.00,0.426
TRACE 440317,-17.42,-19.00,0.422
TRACE 442114,-17.53,-18.50,-0.467
TRACE 443939,-17.64,-18.00,-0.549
TRACE 445780,-17.75,-18.00,-0.583
TRACE 447627,-17.86,-18.00,-0.586
TRACE 449467,-17.97,-18.00,-0.590
TRACE 451302,-18.08,-18.00,-0.593
TRACE 453138,-18.19,-18.50,-0.550
TRACE 454960,-18.30,-19.00,-0.476
TRACE 456794,-18.41,-19.00,-0.448
TRACE 458596,-18.52,-19.00,-0.451
TRACE 460413,-18.62,-19.00,-0.454
TRACE 462260,-18.74,-20.00,0.475
TRACE 464081,-18.84,-20.00,0.472
TRACE 465892,-18.95,-20.50,0.484
TRACE 467745,-19.06,-21.00,0.495
TRACE 469550,-19.17,-21.00,0.492
TRACE 471367,-19.28,-21.00,0.489
TRACE 473157,-19.39,-20.50,0.439
TRACE 474950,-19.50,-20.00,-0.513
TRACE 476774,-19.61,-20.00,-0.516
TRACE 478584,-19.72,-20.00,-0.551
TRACE 480428,-19.83,-19.50,-0.632
TRACE 482244,-19.93,-19.50,-0.636
TRACE 484132,-20.05,-20.00,-0.592
TRACE 485967,-20.16,-20.00,-0.564
TRACE 487795,-20.27,-20.00,-0.536
TRACE 489616,-20.38,-20.50,-0.493
TRACE 491457,-20.49,-21.00,-0.450
TRACE 493286,-20.60,-21.00,-0.423
TRACE 495102,-20.71,-21.00,-0.426
TRACE 496907,-20.81,-22.00,0.473
TRACE 498720,-20.92,-22.00,0.470
TRACE 500529,-21.03,-22.50,0.513
TRACE 502330,-21.14,-23.00,0.525
TRACE 504161,-21.25,-23.00,0.490
TRACE 505961,-21.36,-23.00,0.488
TRACE 507773,-21.47,-23.00,0.484
TRACE 509575,-21.57,-23.00,-0.422
TRACE 511401,-21.68,-22.00,-0.519
TRACE 513223,-21.79,-22.00,-0.553
TRACE 515107,-21.91,-22.00,-0.588
TRACE 516912,-22.01,-22.00,-0.591
TRACE 518751,-22.13,-22.00,-0.594
TRACE 520584,-22.24,-22.00,-0.597
TRACE 522412,-22.34,-22.00,-0.601
TRACE 524246,-22.45,-22.00,-0.542
TRACE 526060,-22.56,-22.00,-0.545
TRACE 527899,-22.67,-23.00,-0.456
TRACE 539028,-23.34,-25.00,0.470
TRACE 540845,-23.45,-25.00,0.467
TRACE 542655,-23.56,-25.00,0.464
TRACE 544486,-23.67,-26.00,0.527
TRACE 546311,-23.78,-26.00,0.524
TRACE 548144,-23.89,-26.00,0.520
TRACE 549959,-24.00,-26.00,0.481
TRACE 551781,-24.11,-26.00,0.432
TRACE 553600,-24.22,-25.50,-0.458
TRACE 555437,-24.33,-25.00,-0.508
TRACE 557274,-24.44,-25.00,-0.574
TRACE 559091,-24.55,-25.00,-0.577
TRACE 560925,-24.66,-25.00,-0.580
TRACE 562757,-24.77,-25.00,-0.583
TRACE 564577,-24.87,-25.00,-0.587
TRACE 566418,-24.99,-25.00,-0.559
TRACE 568264,-25.10,-25.00,-0.531
TRACE 570101,-25.21,-25.50,-0.488
TRACE 571901,-25.31,-26.00,-0.445
TRACE 573735,-25.42,-26.00,-0.448
TRACE 575603,-25.54,-26.50,0.434
TRACE 577413,-25.64,-27.00,0.477
TRACE 579227,-25.75,-27.00,0.474
TRACE 581028,-25.86,-27.00,0.472
TRACE 582848,-25.97,-27.00,0.437
TRACE 584666,-26.08,-27.00,-0.438
TRACE 586500,-26.19,-27.00,-0.441
TRACE 588341,-26.30,-27.00,-0.476
TRACE 590139,-26.41,-27.00,-0.510
TRACE 591967,-26.52,-27.00,-0.514
TRACE 593782,-26.63,-27.00,-0.517
TRACE 595614,-26.74,-27.00,-0.520
TRACE 597465,-26.85,-27.00,-0.523
TRACE 599287,-26.96,-27.00,-0.527
TRACE 601102,-27.07,-27.00,-0.530
TRACE 602930,-27.18,-27.00,-0.533
TRACE 604770,-27.29,-27.00,-0.537
TRACE 606588,-27.40,-27.00,-0.540
TRACE 608427,-27.51,-28.00,-0.451
TRACE 610236,-27.61,-28.00,-0.454
TRACE 612068,-27.72,-28.00,-0.457
TRACE 613927,-27.84,-29.00,0.472
TRACE 615745,-27.94,-29.00,0.469
TRACE 617560,-28.05,-29.00,0.465
TRACE 619349,-28.16,-29.00,0.463
TRACE 621156,-28.27,-29.00,-0.443
TRACE 622978,-28.38,-29.00,-0.447
TRACE 624801,-28.49,-29.50,0.437
TRACE 626610,-28.60,-30.00,-0.423
TRACE 628439,-28.71,-30.00,-0.426
TRACE 630264,-28.82,-30.00,-0.430
TRACE 632071,-28.92,-30.00,-0.433
TRACE 633905,-29.03,-30.00,-0.436
TRACE 635741,-29.14,-30.50,0.447
TRACE 637568,-29.25,-31.00,0.458
TRACE 639389,-29.36,-31.00,0.424
TRACE 641209,-29.47,-31.00,0.420
TRACE 643022,-29.58,-31.00,-0.423
TRACE 644865,-29.69,-31.00,-0.426
TRACE 646695,-29.80,-30.50,-0.476
TRACE 648529,-29.91,-30.00,-0.557
TRACE 650350,-30.02,-30.00,-0.591
TRACE 652170,-30.13,-30.00,-0.594
TRACE 653988,-30.24,-30.00,-0.598
TRACE 655816,-30.35,-30.00,-0.601
TRACE 657627,-30.46,-30.00,-0.604
TRACE 659457,-30.57,-30.50,-0.530
TRACE 661328,-30.68,-31.00,-0.456
TRACE 663148,-30.79,-31.00,-0.459
TRACE 664992,-30.90,-31.00,-0.463
TRACE 666823,-31.01,-31.00,-0.466
TRACE 668638,-31.12,-31.00,-0.469
TRACE 670462,-31.23,-31.50,-0.426
TRACE 672314,-31.34,-32.00,0.425
TRACE 674113,-31.45,-32.00,-0.449
TRACE 675923,-31.56,-32.50,0.434
TRACE 677733,-31.66,-33.00,0.478
TRACE 679563,-31.77,-33.00,0.474
TRACE 681355,-31.88,-33.00,0.471
TRACE 683161,-31.99,-33.00,0.437
TRACE 684988,-32.10,-33.00,-0.438
TRACE 686808,-32.21,-33.00,-0.441
TRACE 688651,-32.32,-33.00,-0.476
TRACE 690527,-32.43,-33.00,-0.511
TRACE 692346,-32.54,-33.00,-0.514
TRACE 694168,-32.65,-34.00,-0.425
TRACE 695999,-32.76,-34.00,-0.428
TRACE 697829,-32.87,-34.00,-0.432
TRACE 699660,-32.98,-34.00,-0.435
TRACE 701483,-33.09,-34.00,-0.438
TRACE 703307,-33.20,-34.50,0.445
TRACE 714424,-33.87,-36.00,0.485
TRACE 716241,-33.97,-37.00,0.511
TRACE 718079,-34.08,-37.00,0.508
TRACE 719902,-34.19,-37.00,0.505
TRACE 721728,-34.30,-37.00,0.502
TRACE 723565,-34.41,-37.00,0.498
TRACE 725396,-34.52,-37.00,0.477
TRACE 727221,-34.63,-37.00,0.446
TRACE 729041,-34.74,-36.50,-0.507
TRACE 730870,-34.85,-36.00,-0.556
TRACE 732699,-34.96,-36.00,-0.559
TRACE 734531,-35.07,-36.00,-0.563
TRACE 736374,-35.18,-36.00,-0.566
TRACE 738220,-35.29,-36.00,-0.569
TRACE 740050,-35.40,-37.00,-0.480
TRACE 741871,-35.51,-37.00,-0.452
TRACE 743690,-35.62,-37.00,-0.424
TRACE 745519,-35.73,-37.50,0.459
TRACE 747345,-35.84,-38.00,0.502
TRACE 749160,-35.95,-38.00,0.499
TRACE 751166,-36.07,-38.50,0.539
TRACE 752987,-36.18,-39.00,0.520
TRACE 754811,-36.29,-39.00,0.517
TRACE 756600,-36.40,-39.00,0.514
TRACE 758408,-36.50,-38.50,0.434
TRACE 760239,-36.61,-38.00,-0.486
TRACE 762054,-36.72,-38.00,-0.490
TRACE 763879,-36.83,-38.00,-0.524
TRACE 765701,-36.94,-38.00,-0.559
TRACE 767539,-37.05,-38.00,-0.562
TRACE 769360,-37.16,-38.00,-0.566
TRACE 771196,-37.27,-39.00,-0.445
TRACE 773156,-37.39,-39.00,0.422
TRACE 774979,-37.50,-39.00,-0.421
TRACE 776801,-37.61,-39.00,-0.424
TRACE 778625,-37.72,-39.00,-0.428
TRACE 780451,-37.83,-40.00,0.501
TRACE 782267,-37.94,-40.00,0.498
TRACE 784070,-38.04,-40.00,0.433
TRACE 785877,-38.15,-40.50,0.477
TRACE 787673,-38.26,-40.50,0.474
TRACE 789492,-38.37,-40.00,0.424
TRACE 791310,-38.48,-40.00,0.421
TRACE 793107,-38.59,-40.00,-0.486
TRACE 794939,-38.70,-40.00,-0.489
TRACE 796777,-38.81,-40.00,-0.492
TRACE 798619,-38.92,-40.00,-0.527
TRACE 800427,-39.03,-40.00,-0.530
TRACE 802246,-39.13,-40.00,-0.502
TRACE 804063,-39.24,-40.00,-0.505
TRACE 805886,-39.35,-40.00,-0.509
TRACE 807701,-39.46,-40.50,-0.466
TRACE 809538,-39.57,-41.00,-0.422
TRACE 811377,-39.68,-41.00,-0.426
TRACE 813203,-39.79,-41.00,-0.429
TRACE 815039,-39.90,-41.50,0.454
TRACE 816848,-40.01,-42.00,0.497
TRACE 818682,-40.12,-42.00,0.493
TRACE 820491,-40.23,-42.00,0.459
TRACE 822304,-40.34,-42.00,0.425
TRACE 824098,-40.45,-42.00,0.422
TRACE 825916,-40.55,-42.00,-0.422
TRACE 827750,-40.67,-42.00,-0.456
TRACE 829598,-40.78,-42.00,-0.491
TRACE 831424,-40.89,-41.50,-0.541
TRACE 833279,-41.00,-41.00,-0.590
TRACE 835095,-41.11,-41.50,-0.547
TRACE 837040,-41.22,-42.00,-0.505
TRACE 838872,-41.33,-42.00,-0.508
TRACE 840700,-41.44,-42.00,-0.511
TRACE 842509,-41.55,-42.00,-0.515
TRACE 844321,-41.66,-42.50,-0.441
TRACE 846150,-41.77,-43.00,0.473
TRACE 847960,-41.88,-43.00,0.439
TRACE 849763,-41.99,-43.00,-0.435
TRACE 851586,-42.10,-43.00,-0.438
TRACE 853431,-42.21,-43.50,0.445
TRACE 855243,-42.31,-44.00,0.488
TRACE 857064,-42.42,-44.00,0.453
TRACE 858872,-42.53,-44.00,-0.421
TRACE 860715,-42.64,-44.00,-0.425
TRACE 862532,-42.75,-44.00,-0.428
TRACE 864363,-42.86,-44.00,-0.431
TRACE 866263,-42.98,-44.00,-0.466
TRACE 868076,-43.08,-43.50,-0.547
TRACE 869886,-43.19,-44.00,-0.504
TRACE 871696,-43.30,-44.00,-0.507
TRACE 873516,-43.41,-44.00,-0.510
TRACE 875348,-43.52,-44.00,-0.514
TRACE 877170,-43.63,-44.00,-0.517
TRACE 878987,-43.74,-44.00,-0.520
TRACE 890069,-44.40,-45.00,-0.456
TRACE 891930,-44.52,-46.00,0.429
TRACE 893769,-44.63,-46.00,0.426
TRACE 895583,-44.73,-46.00,0.422
TRACE 897402,-44.84,-47.00,0.486
TRACE 899239,-44.95,-47.00,0.482
TRACE 901053,-45.06,-47.00,0.479
TRACE 902906,-45.17,-47.00,0.491
TRACE 904727,-45.28,-47.00,0.426
TRACE 906560,-45.39,-47.00,0.423
TRACE 908385,-45.50,-47.00,-0.421
TRACE 910224,-45.61,-46.50,-0.533
TRACE 912056,-45.72,-46.00,-0.582
TRACE 913899,-45.83,-46.00,-0.585
TRACE 915747,-45.94,-46.50,-0.542
TRACE 917589,-46.06,-47.00,-0.500
TRACE 919419,-46.17,-47.00,-0.503
TRACE 921247,-46.27,-47.00,-0.506
TRACE 923069,-46.38,-47.00,-0.478
TRACE 924875,-46.49,-47.50,0.436
TRACE 926713,-46.60,-48.00,0.479
TRACE 928578,-46.71,-48.00,0.444
TRACE 930389,-46.82,-48.50,0.456
TRACE 932185,-46.93,-49.00,0.499
TRACE 933994,-47.04,-49.00,0.496
TRACE 935792,-47.15,-49.00,0.493
TRACE 937615,-47.26,-48.50,-0.428
TRACE 939442,-47.37,-48.00,-0.509
TRACE 941275,-47.48,-48.00,-0.512
TRACE 943100,-47.59,-48.00,-0.547
TRACE 944930,-47.70,-48.00,-0.582
TRACE 946764,-47.81,-48.00,-0.585
TRACE 948632,-47.92,-49.00,-0.496
TRACE 950488,-48.03,-49.00,-0.468
TRACE 952321,-48.14,-49.00,-0.440
TRACE 954148,-48.25,-49.00,-0.443
TRACE 955977,-48.36,-49.00,-0.447
TRACE 957815,-48.47,-50.00,0.482
TRACE 959625,-48.58,-50.00,0.479
TRACE 961445,-48.69,-50.50,0.460
TRACE 963235,-48.79,-51.00,0.504
TRACE 965059,-48.90,-51.00,0.501
TRACE 966868,-49.01,-51.00,0.497
TRACE 968674,-49.12,-50.50,0.448
TRACE 970489,-49.23,-50.00,-0.505
TRACE 972308,-49.34,-50.00,-0.508
TRACE 974123,-49.45,-50.00,-0.543
TRACE 975950,-49.56,-50.00,-0.578
TRACE 977773,-49.67,-50.00,-0.581
TRACE 979609,-49.78,-50.00,-0.584
TRACE 981440,-49.89,-50.00,-0.556
TRACE 983288,-50.00,-50.00,-0.528
TRACE 985099,-50.11,-51.00,-0.439
TRACE 986938,-50.22,-51.00,-0.442
TRACE 988768,-50.33,-51.00,-0.445
TRACE 990601,-50.44,-51.00,-0.449
TRACE 992425,-50.55,-52.00,0.480
TRACE 994234,-50.65,-52.00,0.477
TRACE 996035,-50.76,-52.50,0.521
TRACE 997827,-50.87,-53.00,0.502
TRACE 999643,-50.98,-53.00,0.499
TRACE 1001449,-51.09,-53.00,0.496
TRACE 1003269,-51.20,-53.00,0.492
TRACE 1005081,-51.30,-52.50,-0.461
TRACE 1006913,-51.41,-52.00,-0.510
TRACE 1008740,-51.52,-52.00,-0.545
TRACE 1010542,-51.63,-52.00,-0.580
TRACE 1012376,-51.74,-52.00,-0.583
TRACE 1014241,-51.85,-52.00,-0.586
TRACE 1016064,-51.96,-52.00,-0.589
TRACE 1017886,-52.07,-52.00,-0.561
TRACE 1019710,-52.18,-52.00,-0.533
TRACE 1021535,-52.29,-52.00,-0.537
TRACE 1023351,-52.40,-52.00,-0.540
TRACE 1025173,-52.51,-52.50,-0.497
TRACE 1026995,-52.62,-53.00,-0.454
TRACE 1028823,-52.73,-53.00,-0.457
TRACE 1030647,-52.84,-53.00,-0.460
TRACE 1032475,-52.95,-53.50,0.423
TRACE 1034287,-53.06,-54.00,0.466
TRACE 1036082,-53.16,-54.00,0.463
TRACE 1037895,-53.27,-54.00,0.428
TRACE 1039690,-53.38,-54.50,0.440
TRACE 1041489,-53.49,-54.50,0.437
TRACE 1043328,-53.60,-54.50,0.434
TRACE 1045149,-53.71,-54.00,-0.488
TRACE 1046967,-53.82,-54.00,-0.523
TRACE 1048807,-53.93,-54.00,-0.526
TRACE 1050639,-54.04,-54.00,-0.529
TRACE 1052453,-54.15,-54.00,-0.564
TRACE 1054266,-54.26,-54.00,-0.567
TRACE 1056100,-54.37,-55.00,-0.478
TRACE 1067184,-55.03,-57.00,0.480
TRACE 1069006,-55.14,-57.00,0.477
TRACE 1070849,-55.25,-57.00,0.473
TRACE 1072658,-55.36,-58.00,0.537
TRACE 1074466,-55.47,-58.00,0.533
TRACE 1076293,-55.58,-58.00,0.530
TRACE 1078123,-55.69,-58.00,0.490
TRACE 1079953,-55.80,-58.00,0.441
TRACE 1081775,-55.91,-58.00,0.437
TRACE 1083605,-56.02,-58.00,0.434
TRACE 1085410,-56.12,-58.00,-0.472
TRACE 1087230,-56.23,-57.50,-0.521
TRACE 1089080,-56.34,-57.00,-0.571
TRACE 1090908,-56.45,-57.00,-0.574
TRACE 1092716,-56.56,-57.00,-0.578
TRACE 1094545,-56.67,-58.00,-0.488
TRACE 1096381,-56.78,-58.00,-0.491
TRACE 1098195,-56.89,-58.00,-0.495
TRACE 1100007,-57.00,-58.50,-0.420
TRACE 1101844,-57.11,-59.00,0.494
TRACE 1103822,-57.23,-59.00,0.489
TRACE 1105639,-57.34,-59.00,0.486
TRACE 1107453,-57.45,-60.00,0.513
TRACE 1109263,-57.56,-60.00,0.510
TRACE 1111059,-57.66,-60.00,0.506
TRACE 1112870,-57.77,-60.00,0.472
TRACE 1114694,-57.88,-60.00,0.438
TRACE 1116522,-57.99,-60.00,0.435
TRACE 1118328,-58.10,-59.50,-0.454
TRACE 1120139,-58.21,-59.00,-0.567
TRACE 1121960,-58.32,-59.00,-0.571
TRACE 1123775,-58.43,-59.50,-0.527
TRACE 1125720,-58.54,-60.00,-0.484
TRACE 1127552,-58.65,-60.00,-0.488
TRACE 1129370,-58.76,-60.00,-0.491
TRACE 1131189,-58.87,-61.00,0.469
TRACE 1133001,-58.98,-61.00,0.497
TRACE 1134818,-59.09,-61.00,0.494
TRACE 1136627,-59.20,-61.00,0.459
TRACE 1138434,-59.31,-61.00,0.426
TRACE 1140247,-59.41,-61.00,0.423
TRACE 1142048,-59.52,-61.00,-0.421
TRACE 1143871,-59.63,-61.00,-0.487
TRACE 1145692,-59.74,-61.00,-0.490
TRACE 1147496,-59.85,-61.00,-0.493
TRACE 1149329,-59.96,-61.00,-0.497
TRACE 1151142,-60.07,-61.00,-0.500
TRACE 1152959,-60.18,-61.00,-0.503
TRACE 1154777,-60.29,-61.00,-0.507
TRACE 1156601,-60.40,-61.50,-0.463
TRACE 1158406,-60.50,-62.00,-0.420
TRACE 1160250,-60.62,-62.00,-0.424
TRACE 1162093,-60.73,-63.00,0.506
TRACE 1163908,-60.83,-63.00,0.502
TRACE 1165718,-60.94,-63.00,0.499
TRACE 1167551,-61.05,-63.00,0.496
TRACE 1169380,-61.16,-63.50,0.507
TRACE 1171187,-61.27,-64.00,0.519
TRACE 1173015,-61.38,-63.50,0.470
TRACE 1174814,-61.49,-63.00,-0.483
TRACE 1176647,-61.60,-63.00,-0.486
TRACE 1178458,-61.71,-63.00,-0.489
TRACE 1180296,-61.82,-63.00,-0.493
TRACE 1182130,-61.93,-63.00,-0.527
TRACE 1183951,-62.04,-63.00,-0.562
TRACE 1185759,-62.15,-63.50,-0.487
TRACE 1187592,-62.26,-64.00,0.427
TRACE 1189528,-62.37,-64.00,0.423
TRACE 1191338,-62.48,-64.00,-0.420
TRACE 1193155,-62.59,-64.00,-0.423
TRACE 1194989,-62.70,-64.00,-0.427
TRACE 1196809,-62.81,-64.00,-0.430
TRACE 1198630,-62.92,-64.00,-0.464
TRACE 1200473,-63.03,-64.00,-0.499
TRACE 1202315,-63.14,-64.00,-0.502
TRACE 1204130,-63.25,-65.00,0.427
TRACE 1205934,-63.36,-65.00,0.424
TRACE 1207729,-63.46,-65.00,0.421
TRACE 1209544,-63.57,-65.00,-0.422
TRACE 1211379,-63.68,-65.00,-0.426
TRACE 1213193,-63.79,-65.00,-0.429
TRACE 1215026,-63.90,-65.00,-0.432
TRACE 1216864,-64.01,-65.00,-0.498
TRACE 1218775,-64.13,-65.00,-0.502
TRACE 1220612,-64.24,-65.50,-0.459
TRACE 1222447,-64.35,-65.50,-0.462
TRACE 1224273,-64.46,-66.00,0.420
TRACE 1226063,-64.56,-66.00,-0.423
TRACE 1227883,-64.67,-66.00,-0.426
TRACE 1229721,-64.78,-66.00,-0.429
TRACE 1231539,-64.89,-66.00,-0.432
TRACE 1233387,-65.00,-67.00,0.466
TRACE 1244481,-65.67,-68.00,0.473
TRACE 1246295,-65.78,-68.00,0.451
TRACE 1248098,-65.89,-68.50,0.481
TRACE 1249938,-66.00,-69.00,0.511
TRACE 1251767,-66.11,-69.00,0.508
TRACE 1253586,-66.22,-69.00,0.504
TRACE 1255409,-66.32,-68.50,0.432
TRACE 1257247,-66.43,-68.00,-0.481
TRACE 1259085,-66.55,-68.00,-0.484
TRACE 1260911,-66.65,-68.00,-0.519
TRACE 1262730,-66.76,-68.00,-0.553
TRACE 1264551,-66.87,-68.00,-0.557
TRACE 1266409,-66.98,-68.00,-0.560
TRACE 1268233,-67.09,-68.50,-0.486
TRACE 1270067,-67.20,-69.00,0.428
TRACE 1271884,-67.31,-69.00,0.425
TRACE 1273707,-67.42,-69.00,0.422
TRACE 1275534,-67.53,-69.00,-0.421
TRACE 1277351,-67.64,-69.00,-0.425
TRACE 1279182,-67.75,-69.00,-0.428
TRACE 1281055,-67.86,-69.00,-0.463
TRACE 1282877,-67.97,-70.00,0.435
TRACE 1284696,-68.08,-70.00,0.432
TRACE 1286520,-68.19,-70.00,0.429
TRACE 1288337,-68.30,-70.00,0.425
TRACE 1290159,-68.41,-70.00,0.422
TRACE 1291967,-68.52,-70.00,-0.421
TRACE 1293790,-68.63,-70.00,-0.424
TRACE 1295618,-68.74,-70.00,-0.490
TRACE 1297432,-68.85,-70.00,-0.493
TRACE 1299251,-68.96,-70.00,-0.497
TRACE 1301071,-69.06,-70.00,-0.500
TRACE 1302904,-69.17,-70.00,-0.503
TRACE 1304747,-69.28,-70.00,-0.507
TRACE 1306575,-69.39,-70.50,-0.464
TRACE 1308382,-69.50,-71.00,-0.420
TRACE 1310209,-69.61,-71.00,-0.424
TRACE 1312056,-69.72,-71.00,-0.427
TRACE 1313884,-69.83,-71.00,-0.431
TRACE 1315707,-69.94,-71.00,-0.434
TRACE 1317551,-70.05,-71.00,-0.437
TRACE 1319391,-70.16,-72.00,0.461
TRACE 1321205,-70.27,-72.00,0.426
TRACE 1323032,-70.38,-72.00,0.423
TRACE 1324848,-70.49,-72.50,0.466
TRACE 1326653,-70.60,-72.50,0.463
TRACE 1328476,-70.71,-72.50,0.460
TRACE 1330283,-70.82,-72.00,-0.430
TRACE 1332103,-70.93,-72.00,-0.496
TRACE 1333923,-71.04,-72.00,-0.499
TRACE 1335757,-71.15,-72.00,-0.502
TRACE 1337584,-71.26,-72.00,-0.537
TRACE 1339421,-71.37,-72.00,-0.540
TRACE 1341248,-71.47,-72.00,-0.544
TRACE 1343079,-71.58,-72.00,-0.516
TRACE 1344902,-71.69,-72.00,-0.519
TRACE 1346739,-71.80,-72.00,-0.522
TRACE 1348552,-71.91,-72.00,-0.525
TRACE 1350373,-72.02,-72.50,-0.482
TRACE 1352204,-72.13,-73.00,-0.439
TRACE 1354033,-72.24,-73.00,-0.443
TRACE 1355853,-72.35,-73.00,-0.446
TRACE 1357663,-72.46,-73.50,0.437
TRACE 1359467,-72.57,-74.00,0.481
TRACE 1361279,-72.68,-74.00,0.477
TRACE 1363082,-72.78,-74.00,0.443
TRACE 1364907,-72.89,-74.00,-0.432
TRACE 1366752,-73.01,-74.00,-0.435
TRACE 1368565,-73.11,-74.00,-0.438
TRACE 1370370,-73.22,-74.50,-0.427
TRACE 1372190,-73.33,-75.00,0.425
TRACE 1374025,-73.44,-75.00,0.422
TRACE 1375839,-73.55,-75.00,-0.422
TRACE 1377658,-73.66,-75.00,-0.425
TRACE 1379475,-73.77,-75.00,-0.428
TRACE 1381304,-73.88,-75.00,-0.432
TRACE 1383116,-73.99,-75.00,-0.466
TRACE 1384931,-74.10,-75.50,-0.454
TRACE 1386761,-74.21,-76.00,0.429
TRACE 1388545,-74.31,-76.00,0.426
TRACE 1390364,-74.42,-76.00,0.422
TRACE 1392175,-74.53,-76.00,-0.421
TRACE 1394000,-74.64,-76.00,-0.424
TRACE 1395867,-74.75,-76.00,-0.428
TRACE 1397693,-74.86,-76.00,-0.463
TRACE 1399517,-74.97,-76.00,-0.497
TRACE 1401319,-75.08,-76.00,-0.500
TRACE 1403141,-75.19,-77.00,0.429
TRACE 1404965,-75.30,-77.00,0.426
TRACE 1406757,-75.41,-77.00,0.423
TRACE 1408601,-75.52,-77.00,-0.421
TRACE 1419681,-76.18,-76.00,-0.533
TRACE 1421513,-76.29,-76.00,-0.537
TRACE 1423383,-76.40,-76.00,-0.540
TRACE 1425217,-76.51,-76.00,-0.580
TRACE 1427048,-76.62,-76.00,-0.583
TRACE 1428889,-76.73,-77.00,-0.520
TRACE 1430715,-76.84,-77.00,-0.523
TRACE 1432548,-76.95,-77.00,-0.464
TRACE 1434381,-77.06,-77.00,-0.468
TRACE 1436224,-77.17,-78.00,0.461
TRACE 1438063,-77.28,-78.00,0.458
TRACE 1439863,-77.39,-79.00,0.548
TRACE 1441671,-77.50,-79.00,0.482
TRACE 1443470,-77.61,-79.00,0.479
TRACE 1445272,-77.72,-79.00,0.476
TRACE 1447100,-77.83,-79.00,0.473
TRACE 1448915,-77.93,-79.00,-0.433
TRACE 1450761,-78.05,-78.50,-0.483
TRACE 1452592,-78.16,-78.00,-0.596
TRACE 1454428,-78.27,-78.00,-0.599
TRACE 1456374,-78.38,-78.00,-0.601
TRACE 1458197,-78.49,-78.00,-0.605
TRACE 1460026,-78.60,-78.00,-0.608
TRACE 1461856,-78.71,-79.00,-0.519
TRACE 1463676,-78.82,-79.00,-0.492
TRACE 1465507,-78.93,-79.00,-0.464
TRACE 1467363,-79.04,-79.00,-0.467
TRACE 1469189,-79.15,-80.00,0.462
TRACE 1470990,-79.26,-80.00,0.459
TRACE 1472812,-79.37,-80.50,0.502
TRACE 1474627,-79.48,-81.00,0.483
TRACE 1476449,-79.59,-81.00,0.480
TRACE 1478297,-79.70,-81.00,0.476
TRACE 1480129,-79.81,-81.00,0.473
TRACE 1481938,-79.92,-80.00,-0.525
TRACE 1483750,-80.03,-80.00,-0.529
TRACE 1485580,-80.13,-80.00,-0.563
TRACE 1487398,-80.24,-80.00,-0.598
TRACE 1489246,-80.35,-80.00,-0.601
TRACE 1491075,-80.46,-80.00,-0.605
TRACE 1492905,-80.57,-80.00,-0.608
TRACE 1494743,-80.68,-80.00,-0.549
TRACE 1496584,-80.80,-80.50,-0.506
TRACE 1498403,-80.90,-81.00,-0.463
TRACE 1500235,-81.01,-81.00,-0.456
TRACE 1502135,-81.13,-81.00,-0.459
TRACE 1504045,-81.24,-82.00,0.470
TRACE 1505937,-81.35,-82.00,0.466
TRACE 1507812,-81.46,-82.50,0.509
TRACE 1509716,-81.57,-83.00,0.521
TRACE 1511580,-81.68,-83.00,0.487
TRACE 1513452,-81.79,-83.00,0.484
TRACE 1515339,-81.90,-83.00,0.482
TRACE 1517209,-82.00,-83.00,-0.421
TRACE 1519108,-82.11,-82.00,-0.514
TRACE 1520999,-82.22,-82.00,-0.547
TRACE 1522899,-82.32,-82.00,-0.580
TRACE 1524827,-82.43,-82.00,-0.582
TRACE 1526720,-82.53,-82.00,-0.585
TRACE 1528629,-82.64,-82.00,-0.587
TRACE 1530521,-82.74,-82.50,-0.544
TRACE 1532420,-82.84,-83.00,-0.441
TRACE 1534304,-82.94,-83.00,-0.444
TRACE 1536201,-83.04,-83.00,-0.446
TRACE 1538085,-83.14,-83.50,0.437
TRACE 1540022,-83.24,-84.00,0.479
TRACE 1541891,-83.34,-84.00,0.478
TRACE 1543785,-83.44,-84.00,0.445
TRACE 1545662,-83.53,-84.50,0.458
TRACE 1547550,-83.63,-84.50,0.456
TRACE 1549412,-83.72,-84.00,-0.431
TRACE 1551304,-83.82,-84.00,-0.464
TRACE 1553210,-83.91,-84.00,-0.496
TRACE 1555096,-84.00,-84.00,-0.498
TRACE 1557004,-84.10,-84.00,-0.500
TRACE 1558910,-84.19,-84.00,-0.533
TRACE 1560818,-84.28,-85.00,-0.444
TRACE 1562695,-84.37,-85.00,0.424
TRACE 1564581,-84.46,-85.00,0.422
TRACE 1566476,-84.55,-85.00,-0.420
TRACE 1568378,-84.64,-85.50,0.463
TRACE 1570263,-84.72,-86.00,0.506
TRACE 1572150,-84.81,-86.00,0.505
TRACE 1574020,-84.89,-85.50,-0.443
TRACE 1575921,-84.98,-85.00,-0.490
TRACE 1577841,-85.06,-85.00,-0.492
TRACE 1579753,-85.15,-85.00,-0.494
TRACE 1590868,-85.63,-85.00,-0.522
TRACE 1592768,-85.71,-85.50,-0.509
TRACE 1594697,-85.79,-86.00,-0.477
TRACE 1596612,-85.86,-86.00,-0.461
TRACE 1598511,-85.94,-86.00,-0.445
TRACE 1600430,-86.02,-87.00,0.458
TRACE 1602329,-86.09,-87.00,0.457
TRACE 1604205,-86.17,-87.00,0.504
TRACE 1606093,-86.24,-87.00,0.473
TRACE 1608002,-86.31,-87.00,0.442
TRACE 1609884,-86.39,-87.00,0.440
TRACE 1611780,-86.46,-87.00,0.439
TRACE 1613698,-86.53,-87.00,-0.463
TRACE 1615612,-86.60,-86.50,-0.509
TRACE 1617516,-86.67,-86.00,-0.556
TRACE 1619428,-86.74,-86.00,-0.557
TRACE 1621334,-86.81,-86.00,-0.559
TRACE 1623223,-86.87,-86.50,-0.515
TRACE 1625115,-86.94,-87.00,-0.471
TRACE 1627047,-87.01,-87.00,-0.473
TRACE 1628936,-87.07,-87.00,-0.444
TRACE 1630837,-87.14,-87.00,0.425
TRACE 1632718,-87.20,-88.00,0.514
TRACE 1634624,-87.27,-88.00,0.513
TRACE 1636520,-87.33,-88.00,0.482
TRACE 1638422,-87.39,-88.00,0.450
TRACE 1640318,-87.45,-88.00,0.449
TRACE 1642208,-87.51,-88.00,0.448
TRACE 1644130,-87.57,-88.00,0.447
TRACE 1646033,-87.63,-88.00,-0.454
TRACE 1647987,-87.69,-88.00,-0.455
TRACE 1649911,-87.75,-88.00,-0.456
TRACE 1651835,-87.80,-88.00,-0.457
TRACE 1653745,-87.86,-88.00,-0.458
TRACE 1655686,-87.92,-88.50,0.425
TRACE 1657628,-87.97,-89.00,0.049
TRACE 1659488,-88.03,-89.00,0.048
TRACE 1661333,-88.08,-89.00,0.048
TRACE 1663192,-88.13,-89.00,0.047
TRACE 1665043,-88.18,-89.00,0.047
TRACE 1666907,-88.23,-89.00,0.046
TRACE 1668755,-88.28,-89.00,0.015
TRACE 1670660,-88.33,-89.00,-0.016
TRACE 1672520,-88.37,-88.50,-0.483
TRACE 1674450,-88.42,-88.00,-0.529
TRACE 1676351,-88.47,-88.00,-0.529
TRACE 1678277,-88.52,-88.00,-0.530
TRACE 1680194,-88.56,-88.50,-0.485
TRACE 1682142,-88.61,-89.00,-0.021
TRACE 1683998,-88.65,-89.00,-0.021
TRACE 1685872,-88.70,-89.00,0.008
TRACE 1687738,-88.74,-89.00,0.038
TRACE 1689611,-88.78,-89.00,0.037
TRACE 1691453,-88.82,-89.00,0.037
TRACE 1693302,-88.86,-89.00,0.006
TRACE 1695181,-88.90,-89.00,-0.025
TRACE 1697052,-88.94,-89.00,-0.025
TRACE 1698930,-88.98,-89.00,-0.026
TRACE 1700809,-89.02,-89.00,-0.026
TRACE 1702659,-89.05,-88.50,-0.492
TRACE 1704594,-89.09,-88.00,-0.538
TRACE 1706522,-89.13,-88.00,-0.538
TRACE 1708552,-89.16,-88.00,-0.538
TRACE 1710472,-89.20,-88.50,-0.493
TRACE 1712420,-89.23,-89.00,-0.029
TRACE 1714304,-89.27,-89.00,-0.029
TRACE 1716164,-89.30,-89.00,0.001
TRACE 1718025,-89.33,-89.00,0.030
TRACE 1719876,-89.36,-89.00,0.030
TRACE 1721734,-89.39,-89.00,0.031
TRACE 1723578,-89.42,-89.00,0.001
TRACE 1725451,-89.44,-89.00,-0.030
TRACE 1727323,-89.47,-89.00,-0.030
TRACE 1729178,-89.50,-89.00,-0.030
TRACE 1731063,-89.52,-89.00,-0.031
TRACE 1732910,-89.55,-89.00,-0.031
TRACE 1734784,-89.57,-89.00,-0.031
TRACE 1736687,-89.60,-88.50,-0.496
TRACE 1738609,-89.62,-88.50,-0.496
TRACE 1740564,-89.65,-88.00,-0.541
TRACE 1742485,-89.67,-88.50,-0.496
TRACE 1744418,-89.69,-88.50,-0.496
TRACE 1746343,-89.71,-89.00,-0.031
TRACE 1748199,-89.73,-89.00,-0.031
TRACE 1759303,-89.83,-89.00,-0.012
TRACE 1761201,-89.85,-89.00,-0.012
TRACE 1763098,-89.86,-89.00,0.006
TRACE 1764982,-89.88,-89.00,-0.011
TRACE 1766871,-89.89,-88.50,-0.464
TRACE 1768857,-89.90,-88.00,-0.514
TRACE 1770834,-89.91,-88.00,-0.513
TRACE 1772795,-89.93,-88.50,-0.492
TRACE 1774758,-89.94,-88.50,-0.492
TRACE 1776710,-89.95,-89.00,-0.027
TRACE 1778604,-89.95,-89.00,-0.026
TRACE 1780501,-89.96,-89.00,0.003
TRACE 1782388,-89.97,-89.00,0.034
TRACE 1784262,-89.98,-89.00,0.035
TRACE 1786131,-89.98,-89.00,0.006
TRACE 1788020,-89.99,-89.00,0.006
TRACE 1789890,-89.99,-89.00,-0.023
TRACE 1791756,-89.99,-89.00,-0.023
TRACE 1793678,-90.00,-89.00,-0.022
TRACE 1795616,-90.00,-89.00,-0.022
TRACE 1797501,-90.00,-88.50,-0.486
TRACE 1799425,-90.00,-88.00,-0.530
TRACE 1801360,-90.00,-88.00,-0.540
TRACE 1803072,-90.00,-88.00,-0.541
TRACE 1804786,-90.00,-88.50,-0.496
TRACE 1806518,-90.00,-89.00,-0.030
TRACE 1808178,-90.00,-89.00,-0.030
TRACE 1809842,-90.00,-89.00,0.002
TRACE 1811476,-90.00,-89.00,0.036
TRACE 1813122,-90.00,-89.00,0.038
TRACE 1814768,-90.00,-89.00,0.038
TRACE 1816422,-90.00,-89.00,0.004
TRACE 1818177,-90.00,-89.00,-0.030
TRACE 1819852,-90.00,-89.00,-0.030
TRACE 1821503,-90.00,-89.00,-0.030
TRACE 1823160,-90.00,-89.00,-0.030
TRACE 1824812,-90.00,-89.00,-0.030
TRACE 1826458,-90.00,-88.50,-0.499
TRACE 1828186,-90.00,-88.00,-0.548
TRACE 1829865,-90.00,-88.00,-0.548
TRACE 1831585,-90.00,-88.00,-0.548
TRACE 1833291,-90.00,-88.50,-0.499
TRACE 1835018,-90.00,-89.00,-0.030
TRACE 1836648,-90.00,-89.00,-0.030
TRACE 1838305,-90.00,-89.00,0.004
TRACE 1839966,-90.00,-89.00,0.038
TRACE 1841612,-90.00,-89.00,0.038
TRACE 1843269,-90.00,-89.00,0.038
TRACE 1844911,-90.00,-89.00,0.004
TRACE 1846572,-90.00,-89.00,-0.030
TRACE 1848209,-90.00,-89.00,-0.030
TRACE 1849891,-90.00,-89.00,-0.030
TRACE 1851557,-90.00,-89.00,-0.030
TRACE 1853211,-90.00,-88.50,-0.499
TRACE 1854936,-90.00,-88.00,-0.549
TRACE 1856638,-90.00,-88.00,-0.548
TRACE 1858357,-90.00,-88.50,-0.499
TRACE 1860098,-90.00,-88.50,-0.499
TRACE 1861818,-90.00,-89.00,-0.030
TRACE 1863483,-90.00,-89.00,-0.030
TRACE 1865149,-90.00,-89.00,0.004
TRACE 1866800,-90.00,-89.00,0.037
TRACE 1868441,-90.00,-89.00,0.038
TRACE 1870075,-90.00,-89.00,0.004
TRACE 1871752,-90.00,-89.00,0.004
TRACE 1873399,-90.00,-89.00,-0.030
TRACE 1875051,-90.00,-89.00,-0.030
TRACE 1876725,-90.00,-89.00,-0.030
TRACE 1878367,-90.00,-88.50,-0.500
TRACE 1880075,-90.00,-88.50,-0.499
TRACE 1881811,-90.00,-88.00,-0.548
TRACE 1883520,-90.00,-88.50,-0.499
TRACE 1885258,-90.00,-88.50,-0.499
TRACE 1886987,-90.00,-89.00,-0.030
TRACE 1888642,-90.00,-89.00,-0.030
TRACE 1890287,-90.00,-89.00,0.004
TRACE 1891956,-90.00,-89.00,0.004
TRACE 1893647,-90.00,-89.00,0.038
TRACE 1895279,-90.00,-89.00,0.004
TRACE 1896935,-90.00,-89.00,0.004
TRACE 1898604,-90.00,-89.00,-0.030
TRACE 1900275,-90.00,-89.00,-0.030
TRACE 1901936,-90.00,-89.00,-0.030
TRACE 1903598,-90.00,-88.50,-0.499
TRACE 1905316,-90.00,-88.50,-0.499
TRACE 1907058,-90.00,-88.00,-0.548
TRACE 1908754,-90.00,-88.50,-0.499
TRACE 1910464,-90.00,-88.50,-0.499
TRACE 1912173,-90.00,-89.00,-0.030
TRACE 1913835,-90.00,-89.00,-0.030
TRACE 1915479,-90.00,-89.00,0.004
TRACE 1917142,-90.00,-89.00,0.004
TRACE 1918793,-90.00,-89.00,0.038
TRACE 1920423,-90.00,-89.00,0.004
TRACE 1922080,-90.00,-89.00,0.004
TRACE 1923738,-90.00,-89.00,-0.030
TRACE 1925394,-90.00,-89.00,-0.030
TRACE 1927099,-90.00,-89.00,-0.030
TRACE 1928756,-90.00,-88.50,-0.499
TRACE 1930472,-90.00,-88.50,-0.499
TRACE 1932207,-90.00,-88.00,-0.548
TRACE 1933922,-90.00,-88.50,-0.499
TRACE 1935653,-90.00,-88.50,-0.499
TRACE 1937382,-90.00,-89.00,-0.030
TRACE 1939046,-90.00,-89.00,-0.030
TRACE 1940700,-90.00,-89.00,0.003
TRACE 1942348,-90.00,-89.00,0.004
TRACE 1944003,-90.00,-89.00,0.038
TRACE 1954894,-90.00,-88.50,-0.465
TRACE 1956654,-90.00,-88.00,-0.499
TRACE 1958399,-90.00,-88.00,-0.518
TRACE 1960123,-90.00,-88.00,-0.518
TRACE 1961858,-90.00,-88.50,-0.484
TRACE 1963579,-90.00,-89.00,-0.030
TRACE 1965261,-90.00,-89.00,-0.030
TRACE 1966913,-90.00,-89.00,0.003
TRACE 1968590,-90.00,-89.00,0.037
TRACE 1970246,-90.00,-89.00,0.038
TRACE 1971879,-90.00,-89.00,0.038
TRACE 1973517,-90.00,-89.00,0.004
TRACE 1975182,-90.00,-89.00,-0.030
TRACE 1976843,-90.00,-89.00,-0.030
TRACE 1978491,-90.00,-89.00,-0.030
TRACE 1980138,-90.00,-89.00,-0.030
TRACE 1981799,-90.00,-88.50,-0.500
TRACE 1983540,-90.00,-88.00,-0.549
TRACE 1985255,-90.00,-88.00,-0.548
TRACE 1986975,-90.00,-88.00,-0.548
TRACE 1988687,-90.00,-88.50,-0.499
TRACE 1990434,-90.00,-89.00,-0.030
TRACE 1992100,-90.00,-89.00,-0.030
TRACE 1993761,-90.00,-89.00,0.003
TRACE 1995398,-90.00,-89.00,0.037
TRACE 1997175,-90.00,-89.00,0.037
TRACE 1998865,-90.00,-89.00,0.037
TRACE 2000514,-90.00,-89.00,0.004
TRACE 2002179,-90.00,-89.00,-0.030
TRACE 2003829,-90.00,-89.00,-0.030
TRACE 2005491,-90.00,-89.00,-0.030
TRACE 2007160,-90.00,-89.00,-0.030
TRACE 2008831,-90.00,-88.50,-0.499
TRACE 2010553,-90.00,-88.00,-0.548
TRACE 2012259,-90.00,-88.00,-0.548
TRACE 2013962,-90.00,-88.50,-0.499
TRACE 2015699,-90.00,-88.50,-0.499
TRACE 2017402,-90.00,-89.00,-0.030
TRACE 2019044,-90.00,-89.00,-0.030
TRACE 2020686,-90.00,-89.00,0.004
TRACE 2022408,-90.00,-89.00,0.037
TRACE 2024087,-90.00,-89.00,0.038
TRACE 2025745,-90.00,-89.00,0.004
TRACE 2027440,-90.00,-89.00,0.004
TRACE 2029098,-90.00,-89.00,-0.030
TRACE 2030750,-90.00,-89.00,-0.030
TRACE 2032412,-90.00,-89.00,-0.030
TRACE 2034084,-90.00,-88.50,-0.499
TRACE 2035805,-90.00,-88.00,-0.548
TRACE 2037515,-90.00,-88.00,-0.548
TRACE 2039223,-90.00,-88.50,-0.499
TRACE 2040947,-90.00,-88.50,-0.499
TRACE 2042659,-90.00,-89.00,-0.030
TRACE 2044354,-90.00,-89.00,-0.030
TRACE 2046011,-90.00,-89.00,0.004
TRACE 2047669,-90.00,-89.00,0.037
TRACE 2049314,-90.00,-89.00,0.038
TRACE 2050954,-90.00,-89.00,0.004
TRACE 2052627,-90.00,-89.00,0.004
TRACE 2054296,-90.00,-89.00,-0.030
TRACE 2055958,-90.00,-89.00,-0.030
TRACE 2057602,-90.00,-89.00,-0.030
TRACE 2059249,-90.00,-88.50,-0.500
TRACE 2060978,-90.00,-88.50,-0.499
TRACE 2062678,-90.00,-88.00,-0.548
TRACE 2064381,-90.00,-88.50,-0.499
TRACE 2066121,-90.00,-88.50,-0.499
TRACE 2067847,-90.00,-89.00,-0.030
TRACE 2069504,-90.00,-89.00,-0.030
TRACE 2071156,-90.00,-89.00,0.004
TRACE 2072810,-90.00,-89.00,0.004
TRACE 2074491,-90.00,-89.00,0.038
TRACE 2076137,-90.00,-89.00,0.004
TRACE 2077818,-90.00,-89.00,0.004
TRACE 2079479,-90.00,-89.00,-0.030
TRACE 2081154,-90.00,-89.00,-0.030
TRACE 2082812,-90.00,-89.00,-0.030
TRACE 2084469,-90.00,-88.50,-0.499
TRACE 2086192,-90.00,-88.00,-0.548
TRACE 2087884,-90.00,-88.00,-0.548
TRACE 2089572,-90.00,-88.50,-0.499
TRACE 2091309,-90.00,-88.50,-0.499
TRACE 2093033,-90.00,-89.00,-0.030
TRACE 2094690,-90.00,-89.00,-0.030
TRACE 2096345,-90.00,-89.00,0.004
TRACE 2098170,-90.00,-89.00,0.037
TRACE 2099834,-90.00,-89.00,0.037
TRACE 2101484,-90.00,-89.00,0.004
TRACE 2103140,-90.00,-89.00,0.004
TRACE 2104795,-90.00,-89.00,-0.030
TRACE 2106456,-90.00,-89.00,-0.030
TRACE 2108112,-90.00,-89.00,-0.030
TRACE 2109758,-90.00,-89.00,-0.030
TRACE 2111402,-90.00,-88.50,-0.500
TRACE 2113139,-90.00,-88.00,-0.549
TRACE 2114854,-90.00,-88.00,-0.548
TRACE 2116558,-90.00,-88.50,-0.499
TRACE 2118288,-90.00,-88.50,-0.499
TRACE 2120005,-90.00,-89.00,-0.030
TRACE 2121650,-90.00,-89.00,-0.030
TRACE 2123308,-90.00,-89.00,0.004
TRACE 2124949,-90.00,-89.00,0.038
TRACE 2126589,-90.00,-89.00,0.038
TRACE 2128240,-90.00,-89.00,0.004
TRACE 2129915,-90.00,-89.00,0.004
TRACE 2131598,-90.00,-89.00,-0.030
TRACE 2133280,-90.00,-89.00,-0.030
TRACE 2134952,-90.00,-89.00,-0.030
TRACE 2136623,-90.00,-89.00,-0.030
TRACE 2138275,-90.00,-88.50,-0.499
TRACE 2140002,-90.00,-88.00,-0.548
TRACE 2141694,-90.00,-88.00,-0.548
TRACE 2143400,-90.00,-88.00,-0.548
TRACE 2145105,-90.00,-88.50,-0.499
TRACE 2146845,-90.00,-89.00,-0.030
TRACE 2148511,-90.00,-89.00,-0.030
TRACE 2159427,-90.00,-89.00,-0.011
TRACE 2161115,-90.00,-89.00,0.008
TRACE 2162773,-90.00,-89.00,0.008
TRACE 2164431,-90.00,-89.00,0.008
TRACE 2166105,-90.00,-88.50,-0.465
TRACE 2167858,-90.00,-88.50,-0.484
TRACE 2169569,-90.00,-88.00,-0.518
TRACE 2171278,-90.00,-88.50,-0.499
TRACE 2172996,-90.00,-88.50,-0.499
TRACE 2174707,-90.00,-89.00,-0.030
TRACE 2176340,-90.00,-89.00,-0.030
TRACE 2177956,-90.00,-89.00,0.004
TRACE 2179621,-90.00,-89.00,0.004
TRACE 2181249,-90.00,-89.00,0.038
TRACE 2182891,-90.00,-89.00,0.004
TRACE 2184524,-90.00,-89.00,0.005
TRACE 2186186,-90.00,-89.00,-0.030
TRACE 2187843,-90.00,-89.00,-0.030
TRACE 2189475,-90.00,-88.50,-0.500
TRACE 2191168,-90.00,-88.50,-0.500
TRACE 2192871,-90.00,-88.00,-0.549
TRACE 2194554,-90.00,-88.50,-0.499
TRACE 2196249,-90.00,-88.50,-0.499
TRACE 2197969,-90.00,-89.00,-0.030
TRACE 2199597,-90.00,-89.00,-0.030
TRACE 2201228,-90.00,-89.00,0.004
TRACE 2202946,-90.00,-89.00,0.004
TRACE 2204575,-90.00,-89.00,0.038
TRACE 2206206,-90.00,-89.00,0.004
TRACE 2207837,-90.00,-89.00,0.005
TRACE 2209498,-90.00,-89.00,-0.030
TRACE 2211132,-90.00,-89.00,-0.030
TRACE 2212785,-90.00,-88.50,-0.500
TRACE 2214476,-90.00,-88.50,-0.500
TRACE 2216180,-90.00,-88.00,-0.549
>>> 