arm_test.cmd_trace(arm, [])
TRACE t_us,ref_deg,pos_deg,duty
TRACE 927,-0.00,0.00,-0.430
TRACE 2860,-0.00,0.00,-0.431
TRACE 4661,-0.00,0.00,-0.432
TRACE 6462,-0.00,0.00,-0.432
TRACE 8255,-0.01,0.00,-0.433
TRACE 10045,-0.01,0.00,-0.434
TRACE 11823,-0.01,0.00,-0.435
TRACE 13609,-0.02,-0.50,0.451
TRACE 15433,-0.02,-0.50,0.451
TRACE 17182,-0.03,-0.50,0.450
TRACE 18972,-0.04,0.00,-0.438
TRACE 20730,-0.04,0.00,-0.439
TRACE 22496,-0.05,0.00,-0.440
TRACE 24287,-0.06,0.00,-0.441
TRACE 26060,-0.07,0.00,-0.474
TRACE 27808,-0.08,0.00,-0.475
TRACE 29568,-0.09,0.00,-0.476
TRACE 31327,-0.10,0.00,-0.444
TRACE 33112,-0.11,0.00,-0.445
TRACE 34887,-0.12,-0.50,0.441
TRACE 36638,-0.13,-1.00,0.488
TRACE 38476,-0.15,-1.00,0.486
TRACE 40257,-0.16,-1.00,0.485
TRACE 42032,-0.18,-0.50,0.437
TRACE 43818,-0.19,0.00,-0.452
TRACE 45565,-0.21,0.00,-0.453
TRACE 47388,-0.22,0.00,-0.486
TRACE 49135,-0.24,0.00,-0.519
TRACE 50943,-0.26,0.00,-0.520
TRACE 52698,-0.28,0.00,-0.522
TRACE 54443,-0.30,0.00,-0.491
TRACE 56225,-0.32,0.00,-0.460
TRACE 57988,-0.34,0.00,-0.461
TRACE 59738,-0.36,-1.00,0.473
TRACE 61525,-0.38,-1.00,0.471
TRACE 63301,-0.40,-1.00,0.470
TRACE 65077,-0.42,-1.00,0.468
TRACE 66877,-0.45,-1.00,0.467
TRACE 68654,-0.47,-1.00,0.466
TRACE 70420,-0.50,-1.00,0.464
TRACE 72172,-0.52,-1.00,-0.442
TRACE 73961,-0.55,0.00,-0.537
TRACE 75712,-0.57,0.00,-0.539
TRACE 77474,-0.60,0.00,-0.540
TRACE 79247,-0.63,0.00,-0.542
TRACE 80999,-0.66,0.00,-0.544
TRACE 82745,-0.68,0.00,-0.545
TRACE 84505,-0.71,0.00,-0.547
TRACE 86264,-0.74,0.00,-0.483
TRACE 88020,-0.77,-0.50,-0.437
TRACE 89800,-0.81,-1.00,0.448
TRACE 91572,-0.84,-1.00,0.447
TRACE 93342,-0.87,-1.00,0.445
TRACE 95127,-0.90,-1.00,0.443
TRACE 96911,-0.94,-1.00,0.441
TRACE 98685,-0.97,-1.00,0.440
TRACE 100456,-1.01,-1.00,-0.434
TRACE 102255,-1.05,-1.00,-0.468
TRACE 104035,-1.08,-1.00,-0.470
TRACE 105793,-1.12,-1.00,-0.472
TRACE 107576,-1.16,-1.00,-0.473
TRACE 109375,-1.20,-1.00,-0.475
TRACE 111183,-1.24,-1.00,-0.477
TRACE 112974,-1.28,-1.00,-0.479
TRACE 114767,-1.32,-2.00,0.453
TRACE 116544,-1.36,-2.00,0.451
TRACE 118304,-1.40,-2.00,0.449
TRACE 120084,-1.44,-2.00,0.447
TRACE 121838,-1.48,-2.00,0.446
TRACE 123618,-1.53,-2.00,0.444
TRACE 125406,-1.57,-2.00,0.442
TRACE 127190,-1.62,-2.00,-0.464
TRACE 128994,-1.66,-1.00,-0.561
TRACE 130760,-1.71,-1.00,-0.563
TRACE 132568,-1.76,-1.00,-0.565
TRACE 134363,-1.81,-1.00,-0.566
TRACE 136151,-1.85,-1.00,-0.568
TRACE 137948,-1.90,-1.50,-0.524
TRACE 139723,-1.95,-2.00,-0.479
TRACE 141510,-2.00,-2.00,0.423
TRACE 143287,-2.05,-2.50,0.468
TRACE 145071,-2.10,-3.00,0.513
TRACE 146861,-2.16,-3.00,0.510
TRACE 148635,-2.21,-3.00,0.508
TRACE 150388,-2.26,-3.00,0.474
TRACE 152147,-2.31,-3.00,0.440
TRACE 153920,-2.37,-3.00,0.438
TRACE 155708,-2.42,-2.50,-0.484
TRACE 157485,-2.48,-2.00,-0.566
TRACE 159270,-2.54,-2.00,-0.568
TRACE 161060,-2.59,-2.00,-0.570
TRACE 162867,-2.65,-2.00,-0.572
TRACE 164671,-2.71,-2.00,-0.575
TRACE 166457,-2.77,-2.00,-0.577
TRACE 168240,-2.83,-2.00,-0.547
TRACE 170023,-2.89,-2.00,-0.518
TRACE 171808,-2.95,-2.00,-0.520
TRACE 173614,-3.01,-2.00,-0.523
TRACE 175436,-3.08,-2.50,-0.479
TRACE 177216,-3.14,-3.00,-0.434
TRACE 179007,-3.20,-3.00,-0.437
TRACE 180793,-3.27,-3.00,-0.439
TRACE 182593,-3.33,-3.50,0.445
TRACE 184371,-3.40,-4.00,0.489
TRACE 186154,-3.47,-4.00,0.487
TRACE 187920,-3.53,-4.00,0.453
TRACE 189690,-3.60,-4.00,-0.422
TRACE 191496,-3.67,-4.00,-0.425
TRACE 193277,-3.74,-4.00,-0.428
TRACE 195065,-3.81,-4.00,-0.462
TRACE 205465,-4.22,-5.00,-0.443
TRACE 207305,-4.30,-5.00,-0.446
TRACE 209107,-4.37,-5.50,0.425
TRACE 210910,-4.45,-6.00,0.456
TRACE 212682,-4.52,-6.00,0.453
TRACE 214465,-4.60,-6.00,0.450
TRACE 216236,-4.68,-6.00,0.447
TRACE 218023,-4.75,-6.00,0.433
TRACE 219821,-4.83,-6.00,0.430
TRACE 221627,-4.91,-6.00,-0.445
TRACE 223417,-4.99,-6.00,-0.480
TRACE 225211,-5.07,-5.00,-0.577
TRACE 227012,-5.15,-5.00,-0.580
TRACE 228815,-5.24,-5.00,-0.583
TRACE 230622,-5.32,-5.00,-0.586
TRACE 232391,-5.40,-5.00,-0.589
TRACE 234180,-5.48,-5.00,-0.593
TRACE 235956,-5.57,-5.00,-0.596
TRACE 237778,-5.65,-5.00,-0.535
TRACE 239584,-5.74,-5.50,-0.492
TRACE 241374,-5.83,-6.00,-0.448
TRACE 243211,-5.92,-6.00,-0.451
TRACE 244985,-6.00,-6.00,-0.455
TRACE 246818,-6.09,-6.50,0.428
TRACE 248604,-6.18,-7.00,0.472
TRACE 250387,-6.27,-7.00,0.469
TRACE 252173,-6.36,-7.00,0.434
TRACE 253946,-6.45,-7.00,-0.441
TRACE 255769,-6.54,-7.00,-0.445
TRACE 257556,-6.63,-7.00,-0.448
TRACE 259363,-6.73,-7.00,-0.483
TRACE 261135,-6.82,-7.00,-0.519
TRACE 262943,-6.91,-7.00,-0.522
TRACE 264720,-7.01,-7.00,-0.526
TRACE 266517,-7.10,-7.00,-0.529
TRACE 268305,-7.20,-7.00,-0.533
TRACE 270106,-7.30,-7.00,-0.536
TRACE 271896,-7.39,-7.00,-0.540
TRACE 273693,-7.49,-7.50,-0.496
TRACE 275503,-7.59,-8.00,-0.453
TRACE 277291,-7.69,-8.00,-0.457
TRACE 279079,-7.79,-8.50,0.426
TRACE 280854,-7.89,-9.00,0.470
TRACE 282643,-7.99,-9.00,0.466
TRACE 284402,-8.09,-9.00,0.463
TRACE 286198,-8.19,-9.00,0.427
TRACE 287972,-8.29,-9.00,-0.448
TRACE 289774,-8.40,-9.00,-0.452
TRACE 291558,-8.50,-9.00,-0.488
TRACE 293325,-8.60,-8.50,-0.571
TRACE 295098,-8.71,-8.50,-0.575
TRACE 296892,-8.81,-8.50,-0.578
TRACE 298673,-8.92,-8.50,-0.582
TRACE 300445,-9.03,-9.00,-0.529
TRACE 302275,-9.14,-9.00,-0.532
TRACE 304094,-9.25,-9.00,-0.535
TRACE 305934,-9.36,-9.00,-0.507
TRACE 307765,-9.47,-9.00,-0.510
TRACE 309575,-9.57,-9.00,-0.514
TRACE 311411,-9.68,-9.50,-0.471
TRACE 313244,-9.79,-10.00,-0.459
TRACE 315079,-9.90,-10.00,-0.463
TRACE 316893,-10.01,-11.00,0.467
TRACE 318718,-10.12,-11.00,0.463
TRACE 320539,-10.23,-11.00,0.460
TRACE 322358,-10.34,-11.00,0.457
TRACE 324154,-10.45,-11.00,0.423
TRACE 325966,-10.56,-11.00,-0.452
TRACE 327790,-10.67,-11.00,-0.455
TRACE 329615,-10.78,-11.00,-0.521
TRACE 331438,-10.89,-11.00,-0.525
TRACE 333265,-11.00,-12.00,-0.435
TRACE 335088,-11.11,-12.00,-0.438
TRACE 336907,-11.21,-12.00,-0.442
TRACE 338738,-11.32,-12.00,-0.445
TRACE 340560,-11.43,-12.50,0.438
TRACE 342372,-11.54,-13.00,0.481
TRACE 344182,-11.65,-13.00,0.478
TRACE 345990,-11.76,-13.00,-0.428
TRACE 347824,-11.87,-13.00,-0.431
TRACE 349635,-11.98,-13.00,-0.434
TRACE 351454,-12.09,-13.00,-0.438
TRACE 353281,-12.20,-13.00,-0.472
TRACE 355109,-12.31,-14.00,0.426
TRACE 356911,-12.41,-14.00,0.422
TRACE 358717,-12.52,-14.00,-0.421
TRACE 360551,-12.63,-14.00,-0.424
TRACE 362391,-12.74,-14.00,-0.428
TRACE 364217,-12.85,-14.00,-0.431
TRACE 366044,-12.96,-14.00,-0.434
TRACE 367867,-13.07,-14.00,-0.500
TRACE 369691,-13.18,-14.00,-0.503
TRACE 371527,-13.29,-14.00,-0.507
TRACE 373357,-13.40,-14.50,-0.464
TRACE 375178,-13.51,-15.00,-0.421
TRACE 377008,-13.62,-15.00,-0.424
TRACE 378853,-13.73,-15.00,-0.427
TRACE 380696,-13.84,-16.00,0.501
TRACE 382527,-13.95,-16.00,0.498
TRACE 384339,-14.06,-16.00,0.495
TRACE 386182,-14.17,-16.00,0.460
TRACE 387984,-14.28,-16.50,0.472
TRACE 389809,-14.39,-17.00,0.515
TRACE 391631,-14.50,-17.00,0.512
TRACE 393416,-14.60,-17.00,0.447
TRACE 395217,-14.71,-16.50,-0.443
TRACE 397030,-14.82,-16.50,-0.446
TRACE 407490,-15.45,-17.00,-0.444
TRACE 409316,-15.56,-17.00,-0.466
TRACE 411140,-15.67,-17.00,-0.488
TRACE 412975,-15.78,-17.50,-0.458
TRACE 414792,-15.89,-18.00,-0.427
TRACE 416613,-16.00,-18.00,0.428
TRACE 418443,-16.11,-18.00,0.425
TRACE 420281,-16.22,-19.00,0.521
TRACE 422089,-16.33,-19.00,0.518
TRACE 423917,-16.44,-19.00,0.514
TRACE 425739,-16.54,-19.00,0.480
TRACE 427545,-16.65,-19.00,0.445
TRACE 429370,-16.76,-18.00,-0.491
TRACE 431196,-16.87,-18.00,-0.494
TRACE 433026,-16.98,-18.00,-0.560
TRACE 434859,-17.09,-18.00,-0.563
TRACE 436704,-17.20,-18.00,-0.567
TRACE 438537,-17.31,-18.00,-0.570
TRACE 440383,-17.42,-18.50,-0.527
TRACE 442222,-17.53,-19.00,-0.422
TRACE 444093,-17.65,-19.00,-0.425
TRACE 445933,-17.76,-19.00,-0.429
TRACE 447821,-17.87,-19.50,0.454
TRACE 449623,-17.98,-20.00,0.497
TRACE 451460,-18.09,-20.00,0.493
TRACE 453261,-18.20,-20.50,0.505
TRACE 455081,-18.30,-21.00,0.517
TRACE 456889,-18.41,-21.00,0.515
TRACE 458699,-18.52,-20.00,-0.421
TRACE 460544,-18.63,-20.00,-0.456
TRACE 462370,-18.74,-20.00,-0.490
TRACE 464198,-18.85,-20.00,-0.494
TRACE 466010,-18.96,-20.00,-0.528
TRACE 467832,-19.07,-20.00,-0.563
TRACE 469640,-19.18,-20.00,-0.566
TRACE 471462,-19.29,-20.00,-0.507
TRACE 473283,-19.40,-20.00,-0.510
TRACE 475105,-19.51,-21.00,-0.420
TRACE 476919,-19.62,-21.00,-0.424
TRACE 478749,-19.72,-21.00,-0.427
TRACE 480567,-19.83,-21.00,-0.430
TRACE 482389,-19.94,-21.50,0.453
TRACE 484209,-20.05,-22.00,0.496
TRACE 486029,-20.16,-22.00,0.493
TRACE 487844,-20.27,-22.00,0.427
TRACE 489635,-20.38,-22.00,0.424
TRACE 491447,-20.49,-22.00,0.420
TRACE 493243,-20.59,-22.00,-0.423
TRACE 495073,-20.70,-22.00,-0.458
TRACE 496898,-20.81,-22.00,-0.492
TRACE 498736,-20.92,-21.50,-0.542
TRACE 500556,-21.03,-21.50,-0.535
TRACE 502458,-21.15,-21.50,-0.538
TRACE 504358,-21.26,-22.00,-0.494
TRACE 506273,-21.37,-22.00,-0.497
TRACE 508172,-21.48,-22.00,-0.500
TRACE 510038,-21.59,-22.00,-0.502
TRACE 511921,-21.70,-22.50,-0.429
TRACE 513808,-21.81,-23.00,0.453
TRACE 515681,-21.92,-23.00,0.451
TRACE 517571,-22.02,-23.00,-0.422
TRACE 519457,-22.13,-23.00,-0.424
TRACE 521341,-22.23,-23.50,0.459
TRACE 523227,-22.34,-24.00,0.501
TRACE 525090,-22.44,-24.00,0.469
TRACE 526955,-22.54,-24.00,0.436
TRACE 528840,-22.65,-24.00,0.434
TRACE 530718,-22.75,-23.50,-0.454
TRACE 532590,-22.85,-23.00,-0.502
TRACE 534491,-22.95,-23.00,-0.535
TRACE 536399,-23.05,-23.00,-0.567
TRACE 538275,-23.15,-23.00,-0.569
TRACE 540158,-23.25,-23.00,-0.572
TRACE 542069,-23.35,-23.00,-0.574
TRACE 543977,-23.45,-24.00,-0.455
TRACE 545874,-23.54,-24.00,-0.428
TRACE 547767,-23.64,-24.00,-0.430
TRACE 549676,-23.73,-24.50,0.453
TRACE 551553,-23.83,-25.00,0.496
TRACE 553440,-23.92,-25.00,0.494
TRACE 555318,-24.01,-25.00,0.492
TRACE 557201,-24.10,-25.00,0.430
TRACE 559077,-24.20,-25.00,0.428
TRACE 560946,-24.29,-25.00,0.426
TRACE 562817,-24.37,-25.00,-0.446
TRACE 564735,-24.47,-25.00,-0.479
TRACE 566635,-24.55,-25.00,-0.481
TRACE 568540,-24.64,-25.00,-0.483
TRACE 570425,-24.73,-25.00,-0.485
TRACE 572342,-24.82,-25.00,-0.486
TRACE 574234,-24.90,-25.00,-0.488
TRACE 576136,-24.99,-25.00,-0.490
TRACE 578036,-25.07,-25.50,-0.447
TRACE 579939,-25.16,-26.00,0.436
TRACE 581810,-25.24,-26.00,0.435
TRACE 583694,-25.32,-26.00,0.433
TRACE 585569,-25.40,-27.00,0.522
TRACE 587444,-25.48,-27.00,0.520
TRACE 589306,-25.56,-27.00,0.519
TRACE 591169,-25.64,-27.00,0.487
TRACE 593050,-25.72,-27.00,0.455
TRACE 603619,-26.14,-26.00,-0.485
TRACE 605538,-26.22,-25.50,-0.520
TRACE 607449,-26.29,-25.00,-0.591
TRACE 609358,-26.37,-25.00,-0.593
TRACE 611280,-26.44,-25.00,-0.594
TRACE 613195,-26.51,-25.00,-0.595
TRACE 615109,-26.58,-25.00,-0.597
TRACE 617018,-26.65,-25.00,-0.585
TRACE 618945,-26.72,-25.00,-0.557
TRACE 620835,-26.79,-25.50,-0.483
TRACE 622736,-26.86,-26.00,-0.440
TRACE 624657,-26.93,-26.00,-0.441
TRACE 626555,-26.99,-26.00,-0.442
TRACE 628450,-27.06,-27.00,0.486
TRACE 630332,-27.12,-27.00,0.485
TRACE 632236,-27.19,-27.00,0.484
TRACE 634115,-27.25,-27.00,0.453
TRACE 635999,-27.31,-27.00,0.422
TRACE 637912,-27.37,-27.00,0.421
TRACE 639818,-27.43,-27.00,-0.420
TRACE 641740,-27.50,-27.00,-0.482
TRACE 643621,-27.55,-27.00,-0.483
TRACE 645527,-27.61,-27.00,-0.484
TRACE 647436,-27.67,-26.50,-0.530
TRACE 649364,-27.73,-27.00,-0.486
TRACE 651260,-27.79,-27.00,-0.487
TRACE 653158,-27.84,-27.00,-0.488
TRACE 655052,-27.90,-27.00,-0.489
TRACE 656960,-27.95,-27.00,-0.490
TRACE 658859,-28.01,-27.00,-0.491
TRACE 660760,-28.06,-27.50,0.423
TRACE 662634,-28.11,-28.00,0.437
TRACE 664568,-28.17,-28.00,0.436
TRACE 666476,-28.22,-28.00,0.435
TRACE 668386,-28.27,-28.50,0.480
TRACE 670275,-28.32,-28.50,0.479
TRACE 672177,-28.37,-28.50,0.478
TRACE 674079,-28.41,-28.00,-0.438
TRACE 676035,-28.46,-28.00,-0.469
TRACE 677970,-28.51,-28.00,-0.469
TRACE 679913,-28.56,-28.00,-0.470
TRACE 681843,-28.60,-28.00,-0.500
TRACE 683789,-28.65,-28.50,-0.456
TRACE 685740,-28.69,-29.00,0.008
TRACE 687601,-28.74,-29.00,0.037
TRACE 689481,-28.78,-29.00,0.036
TRACE 691323,-28.82,-29.00,0.036
TRACE 693179,-28.86,-29.00,0.036
TRACE 695048,-28.90,-29.00,0.036
TRACE 696894,-28.94,-29.00,0.005
TRACE 698765,-28.98,-29.00,-0.026
TRACE 700649,-29.01,-29.00,-0.026
TRACE 702530,-29.05,-29.00,-0.027
TRACE 704400,-29.09,-29.00,-0.027
TRACE 706262,-29.12,-29.00,-0.027
TRACE 708114,-29.16,-29.00,-0.028
TRACE 709991,-29.19,-29.00,-0.028
TRACE 711874,-29.22,-29.00,-0.028
TRACE 713728,-29.26,-29.00,-0.029
TRACE 715609,-29.29,-29.00,-0.029
TRACE 717450,-29.32,-29.00,-0.029
TRACE 719335,-29.35,-29.00,-0.030
TRACE 721220,-29.38,-29.00,-0.030
TRACE 723116,-29.41,-29.00,-0.030
TRACE 724972,-29.44,-29.00,-0.030
TRACE 726843,-29.46,-29.00,-0.030
TRACE 728736,-29.49,-29.00,-0.030
TRACE 730622,-29.52,-29.00,-0.031
TRACE 732493,-29.54,-29.00,-0.031
TRACE 734374,-29.57,-29.00,-0.031
TRACE 736268,-29.59,-29.00,-0.031
TRACE 738163,-29.62,-29.00,-0.031
TRACE 740045,-29.64,-29.00,-0.031
TRACE 741939,-29.66,-29.00,-0.031
TRACE 743810,-29.68,-29.00,-0.031
TRACE 745685,-29.70,-29.00,-0.031
TRACE 747560,-29.73,-29.00,-0.031
TRACE 749470,-29.74,-29.00,-0.031
TRACE 751347,-29.76,-29.00,-0.030
TRACE 753242,-29.78,-29.00,-0.030
TRACE 755153,-29.80,-29.00,-0.030
TRACE 757041,-29.82,-29.00,-0.030
TRACE 758917,-29.83,-29.00,-0.030
TRACE 760806,-29.85,-29.00,-0.030
TRACE 762689,-29.86,-29.00,-0.029
TRACE 764565,-29.87,-29.00,-0.029
TRACE 766464,-29.89,-29.00,-0.029
TRACE 768345,-29.90,-29.00,-0.028
TRACE 770229,-29.91,-29.00,-0.028
TRACE 772103,-29.92,-29.00,-0.028
TRACE 773989,-29.93,-29.00,-0.027
TRACE 775873,-29.94,-29.00,-0.027
TRACE 777752,-29.95,-29.00,-0.027
TRACE 779648,-29.96,-29.00,-0.026
TRACE 781521,-29.97,-29.00,-0.026
TRACE 792009,-29.99,-29.00,-0.023
TRACE 793928,-30.00,-29.00,-0.022
TRACE 795843,-30.00,-29.00,-0.021
TRACE 797729,-30.00,-29.00,-0.021
TRACE 799639,-30.00,-29.00,-0.020
TRACE 801543,-30.00,-29.00,-0.030
TRACE 803231,-30.00,-29.00,-0.030
TRACE 804904,-30.00,-29.00,-0.030
TRACE 806547,-30.00,-29.00,-0.030
TRACE 808193,-30.00,-29.00,-0.030
TRACE 809840,-30.00,-29.00,-0.030
TRACE 811481,-30.00,-29.00,-0.030
TRACE 813123,-30.00,-29.00,-0.030
TRACE 814763,-30.00,-29.00,-0.030
TRACE 816432,-30.00,-29.00,-0.030
TRACE 818079,-30.00,-29.00,-0.030
TRACE 819726,-30.00,-29.00,-0.030
TRACE 821368,-30.00,-29.00,-0.030
TRACE 823006,-30.00,-29.00,-0.030
TRACE 824636,-30.00,-29.00,-0.030
TRACE 826296,-30.00,-29.00,-0.030
TRACE 827957,-30.00,-29.00,-0.030
TRACE 829598,-30.00,-29.00,-0.030
TRACE 831222,-30.00,-29.00,-0.030
TRACE 832914,-30.00,-29.00,-0.030
TRACE 834552,-30.00,-29.00,-0.030
TRACE 836192,-30.00,-29.00,-0.030
TRACE 837865,-30.00,-29.00,-0.030
TRACE 839508,-30.00,-29.00,-0.030
TRACE 841146,-30.00,-29.00,-0.030
TRACE 842816,-30.00,-29.00,-0.030
TRACE 844462,-30.00,-29.00,-0.030
TRACE 846110,-30.00,-29.00,-0.030
TRACE 847799,-30.00,-29.00,-0.030
TRACE 849447,-30.00,-29.00,-0.030
TRACE 851067,-30.00,-29.00,-0.030
TRACE 852758,-30.00,-29.00,-0.030
>>> 