arm_test.cmd_trace(arm, [])
TRACE t_us,ref_deg,pos_deg,duty
TRACE 927,90.00,90.00,-0.470
TRACE 2908,90.00,90.00,-0.471
TRACE 4781,90.00,90.00,-0.472
TRACE 6603,90.00,90.00,-0.473
TRACE 8404,89.99,90.00,-0.473
TRACE 10237,89.99,90.00,-0.474
TRACE 12067,89.99,90.00,-0.475
TRACE 13894,89.98,89.50,0.490
TRACE 15689,89.98,89.50,0.490
TRACE 17444,89.97,89.50,0.489
TRACE 19240,89.96,90.00,-0.478
TRACE 21029,89.96,90.00,-0.479
TRACE 22812,89.95,90.00,-0.480
TRACE 24631,89.94,90.00,-0.481
TRACE 26434,89.93,90.00,-0.514
TRACE 28242,89.92,90.00,-0.514
TRACE 30043,89.91,90.00,-0.515
TRACE 31839,89.90,90.00,-0.485
TRACE 33642,89.89,90.00,-0.486
TRACE 35443,89.87,89.50,0.480
TRACE 37191,89.86,89.00,0.526
TRACE 39008,89.85,89.00,0.525
TRACE 40767,89.83,89.00,0.524
TRACE 42537,89.82,89.50,0.476
TRACE 44325,89.80,90.00,-0.492
TRACE 46116,89.79,90.00,-0.493
TRACE 47913,89.77,90.00,-0.526
TRACE 49699,89.75,90.00,-0.559
TRACE 51492,89.73,90.00,-0.561
TRACE 53281,89.72,90.00,-0.562
TRACE 55089,89.70,90.00,-0.531
TRACE 56870,89.68,90.00,-0.500
TRACE 58658,89.66,89.50,0.465
TRACE 60468,89.63,89.00,0.511
TRACE 62251,89.61,89.00,0.510
TRACE 64030,89.59,89.00,0.508
TRACE 65805,89.57,89.00,0.507
TRACE 67579,89.54,89.00,0.506
TRACE 69357,89.52,90.00,-0.509
TRACE 71149,89.49,90.00,-0.543
TRACE 72930,89.47,90.00,-0.576
TRACE 74709,89.44,90.00,-0.578
TRACE 76493,89.41,90.00,-0.579
TRACE 78289,89.39,90.00,-0.581
TRACE 80073,89.36,90.00,-0.582
TRACE 81860,89.33,90.00,-0.520
TRACE 83636,89.30,90.00,-0.521
TRACE 85438,89.27,89.00,0.491
TRACE 87217,89.24,89.00,0.490
TRACE 88989,89.21,89.00,0.488
TRACE 90748,89.18,89.00,0.487
TRACE 92521,89.14,89.00,0.485
TRACE 94301,89.11,89.00,0.484
TRACE 96059,89.08,89.00,0.482
TRACE 97844,89.04,89.00,-0.504
TRACE 99625,89.01,89.50,-0.553
TRACE 101427,88.97,90.00,-0.602
TRACE 103225,88.93,90.00,-0.603
TRACE 105032,88.90,90.00,-0.605
TRACE 106838,88.86,90.00,-0.607
TRACE 108647,88.82,90.00,-0.608
TRACE 110436,88.78,90.00,-0.610
TRACE 112225,88.74,90.00,-0.580
TRACE 114011,88.70,89.50,-0.503
TRACE 115785,88.66,89.00,0.462
TRACE 117549,88.62,89.00,0.460
TRACE 119331,88.58,89.00,-0.462
TRACE 121113,88.53,89.00,-0.463
TRACE 122922,88.49,89.00,-0.466
TRACE 124748,88.44,89.00,-0.468
TRACE 126582,88.40,89.00,-0.502
TRACE 128398,88.35,89.00,-0.536
TRACE 130182,88.31,88.00,0.476
TRACE 131970,88.26,88.00,0.474
TRACE 133744,88.21,88.00,0.472
TRACE 135519,88.16,88.00,0.470
TRACE 137286,88.12,88.00,0.468
TRACE 139070,88.07,88.00,0.466
TRACE 140839,88.02,88.00,0.464
TRACE 142640,87.97,88.50,-0.569
TRACE 144430,87.91,89.00,-0.619
TRACE 146227,87.86,89.00,-0.621
TRACE 148042,87.81,89.00,-0.623
TRACE 149841,87.75,89.00,-0.625
TRACE 151651,87.70,89.00,-0.627
TRACE 153443,87.65,88.50,-0.583
TRACE 155321,87.59,88.00,-0.507
TRACE 157122,87.53,88.00,-0.478
TRACE 158920,87.47,87.00,0.533
TRACE 160689,87.42,87.00,0.531
TRACE 162454,87.36,87.00,0.529
TRACE 164223,87.30,87.00,0.527
TRACE 165981,87.25,87.00,0.493
TRACE 167750,87.19,86.50,0.507
TRACE 169519,87.13,87.00,-0.463
TRACE 180549,86.74,86.50,-0.509
TRACE 182371,86.67,86.00,-0.479
TRACE 184177,86.61,86.00,-0.481
TRACE 185978,86.54,86.00,-0.484
TRACE 187761,86.47,86.00,-0.487
TRACE 189549,86.41,86.00,-0.508
TRACE 191345,86.34,86.00,-0.492
TRACE 193161,86.27,86.00,-0.500
TRACE 194960,86.20,86.00,-0.534
TRACE 196764,86.13,85.50,-0.490
TRACE 198583,86.06,85.00,0.474
TRACE 200358,85.99,85.00,0.471
TRACE 202150,85.91,85.00,0.468
TRACE 203945,85.84,85.00,0.465
TRACE 205741,85.77,85.00,0.463
TRACE 207493,85.69,85.00,-0.460
TRACE 209265,85.62,85.00,-0.495
TRACE 211059,85.55,85.00,-0.530
TRACE 212852,85.47,85.00,-0.533
TRACE 214658,85.39,85.00,-0.536
TRACE 216449,85.31,85.00,-0.538
TRACE 218368,85.23,85.00,-0.542
TRACE 220157,85.15,85.00,-0.545
TRACE 221949,85.07,85.00,-0.548
TRACE 223730,84.99,84.00,0.462
TRACE 225514,84.91,84.00,-0.461
TRACE 227311,84.83,84.00,-0.464
TRACE 229088,84.75,84.00,-0.467
TRACE 230885,84.67,84.00,-0.469
TRACE 232655,84.59,84.00,-0.472
TRACE 234442,84.50,84.00,-0.475
TRACE 236247,84.42,83.50,-0.496
TRACE 238051,84.33,83.00,0.468
TRACE 239930,84.24,83.00,0.464
TRACE 241695,84.16,83.00,0.461
TRACE 243482,84.07,83.00,-0.462
TRACE 245270,83.98,83.00,-0.465
TRACE 247063,83.90,83.00,-0.469
TRACE 248841,83.81,83.00,-0.504
TRACE 250647,83.72,83.00,-0.539
TRACE 252436,83.63,83.00,-0.542
TRACE 254234,83.54,83.00,-0.545
TRACE 256014,83.45,83.00,-0.549
TRACE 257802,83.35,83.00,-0.552
TRACE 259576,83.26,83.00,-0.556
TRACE 261349,83.17,83.00,-0.559
TRACE 263101,83.08,82.50,-0.515
TRACE 264889,82.98,82.00,-0.472
TRACE 266678,82.89,82.00,-0.475
TRACE 268466,82.79,82.00,-0.479
TRACE 270244,82.70,81.00,0.532
TRACE 272017,82.60,81.00,0.529
TRACE 273782,82.50,81.00,0.525
TRACE 275549,82.41,81.00,0.489
TRACE 277314,82.31,81.00,-0.466
TRACE 279106,82.21,81.00,-0.470
TRACE 280893,82.11,81.00,-0.473
TRACE 282662,82.01,81.00,-0.541
TRACE 284449,81.91,81.00,-0.545
TRACE 286227,81.81,81.00,-0.549
TRACE 288006,81.71,80.50,-0.505
TRACE 289788,81.60,80.00,-0.462
TRACE 291576,81.50,80.00,-0.466
TRACE 293368,81.39,79.50,0.497
TRACE 295159,81.29,79.00,0.540
TRACE 296930,81.18,79.00,0.537
TRACE 298688,81.08,79.00,0.533
TRACE 300442,80.97,79.00,0.508
TRACE 302268,80.86,79.00,0.472
TRACE 304083,80.76,79.00,0.469
TRACE 306005,80.64,80.00,-0.580
TRACE 307822,80.53,80.00,-0.615
TRACE 309656,80.42,80.00,-0.618
TRACE 311488,80.31,80.50,-0.667
TRACE 313311,80.20,80.50,-0.670
TRACE 315139,80.09,80.00,-0.627
TRACE 316993,79.98,80.00,-0.631
TRACE 318821,79.87,80.00,-0.572
TRACE 320660,79.76,79.50,-0.529
TRACE 322485,79.65,79.00,-0.486
TRACE 324321,79.54,79.00,0.462
TRACE 326127,79.43,79.00,-0.461
TRACE 327980,79.32,78.00,0.516
TRACE 329803,79.21,78.00,0.513
TRACE 331610,79.10,78.00,0.510
TRACE 333403,79.00,78.00,0.476
TRACE 335316,78.88,78.00,-0.479
TRACE 337130,78.77,78.00,-0.482
TRACE 338946,78.66,78.00,-0.486
TRACE 340780,78.55,78.00,-0.551
TRACE 342609,78.44,78.00,-0.555
TRACE 344437,78.33,78.00,-0.558
TRACE 346264,78.22,78.00,-0.561
TRACE 348083,78.12,78.00,-0.565
TRACE 359132,77.45,77.00,-0.518
TRACE 360995,77.34,77.00,-0.522
TRACE 362845,77.23,77.00,-0.525
TRACE 364661,77.12,76.00,-0.462
TRACE 366479,77.01,76.00,-0.465
TRACE 368330,76.90,75.50,0.485
TRACE 370140,76.79,75.00,0.515
TRACE 371953,76.68,75.00,0.527
TRACE 373782,76.57,75.00,0.524
TRACE 375591,76.46,75.00,0.521
TRACE 377410,76.36,75.00,-0.465
TRACE 379247,76.25,75.00,-0.468
TRACE 381086,76.13,75.00,-0.503
TRACE 382932,76.02,75.00,-0.537
TRACE 384752,75.91,75.00,-0.541
TRACE 386578,75.81,75.00,-0.544
TRACE 388412,75.70,75.00,-0.547
TRACE 390243,75.59,75.00,-0.550
TRACE 392093,75.47,75.00,-0.554
TRACE 393928,75.36,74.50,-0.511
TRACE 395837,75.25,74.00,-0.469
TRACE 397652,75.14,74.00,-0.472
TRACE 399479,75.03,74.00,-0.475
TRACE 401313,74.92,74.00,-0.478
TRACE 403129,74.81,73.00,0.531
TRACE 404942,74.70,73.00,0.528
TRACE 406773,74.59,73.00,0.493
TRACE 408569,74.49,73.00,-0.461
TRACE 410384,74.38,73.00,-0.464
TRACE 412206,74.27,73.00,-0.467
TRACE 414036,74.16,73.00,-0.470
TRACE 415863,74.05,73.00,-0.537
TRACE 417812,73.93,73.00,-0.540
TRACE 419638,73.82,73.00,-0.543
TRACE 421470,73.71,72.00,0.465
TRACE 423300,73.60,72.00,0.462
TRACE 425110,73.49,72.00,-0.461
TRACE 426926,73.38,72.00,-0.464
TRACE 428763,73.27,72.00,-0.468
TRACE 430602,73.16,72.00,-0.471
TRACE 432419,73.05,72.00,-0.474
TRACE 434255,72.94,71.50,-0.493
TRACE 436088,72.83,71.00,0.470
TRACE 437876,72.73,71.00,0.466
TRACE 439685,72.62,71.00,0.463
TRACE 441495,72.51,71.00,0.460
TRACE 443309,72.40,71.00,-0.463
TRACE 445125,72.29,71.00,-0.466
TRACE 446966,72.18,71.00,-0.501
TRACE 448793,72.07,71.00,-0.536
TRACE 450610,71.96,71.00,-0.539
TRACE 452421,71.85,71.00,-0.542
TRACE 454259,71.74,71.00,-0.546
TRACE 456096,71.63,71.00,-0.549
TRACE 457953,71.52,71.00,-0.552
TRACE 459783,71.41,71.00,-0.556
TRACE 461602,71.30,71.00,-0.559
TRACE 463408,71.20,71.00,-0.562
TRACE 465219,71.09,70.00,-0.473
TRACE 467032,70.98,70.00,-0.476
TRACE 468846,70.87,70.00,-0.479
TRACE 470658,70.76,69.00,0.531
TRACE 472475,70.65,69.00,0.528
TRACE 474283,70.54,69.00,0.524
TRACE 476085,70.43,69.00,0.521
TRACE 477872,70.33,69.00,-0.465
TRACE 479705,70.22,69.00,-0.468
TRACE 481620,70.10,69.00,-0.472
TRACE 483450,69.99,69.00,-0.538
TRACE 485271,69.88,68.00,0.471
TRACE 487060,69.78,68.00,0.468
TRACE 488854,69.67,68.00,0.465
TRACE 490677,69.56,68.00,0.461
TRACE 492492,69.45,68.00,-0.462
TRACE 494321,69.34,68.00,-0.465
TRACE 496153,69.23,68.50,-0.515
TRACE 497954,69.12,68.50,-0.581
TRACE 499766,69.01,68.50,-0.584
TRACE 501593,68.90,68.00,-0.541
TRACE 503439,68.79,68.00,-0.544
TRACE 505274,68.68,68.00,-0.547
TRACE 507104,68.57,68.00,-0.551
TRACE 508919,68.46,68.00,-0.523
TRACE 510819,68.35,67.00,0.486
TRACE 512614,68.24,67.00,0.483
TRACE 514419,68.13,67.00,-0.472
TRACE 516256,68.02,67.00,-0.475
TRACE 518088,67.91,67.00,-0.478
TRACE 519930,67.80,66.00,0.531
TRACE 521750,67.70,66.00,0.528
TRACE 523560,67.59,66.00,0.462
TRACE 525390,67.48,66.00,-0.461
TRACE 536536,66.81,67.00,-0.574
TRACE 538374,66.70,68.00,-0.643
TRACE 540212,66.59,68.00,-0.647
TRACE 542056,66.48,68.00,-0.686
TRACE 543892,66.37,68.00,-0.689
TRACE 545722,66.26,68.00,-0.692
TRACE 547569,66.15,67.50,-0.663
TRACE 549412,66.04,67.00,-0.597
TRACE 551219,65.93,67.00,-0.538
TRACE 553065,65.82,67.00,-0.541
TRACE 554892,65.71,66.00,0.468
TRACE 556696,65.60,66.00,0.465
TRACE 558516,65.49,66.00,0.462
TRACE 560348,65.38,65.50,0.474
TRACE 562159,65.27,65.00,0.486
TRACE 563975,65.16,65.00,0.482
TRACE 565797,65.05,65.00,0.479
TRACE 567623,64.94,65.00,-0.507
TRACE 569465,64.83,65.50,-0.557
TRACE 571298,64.72,65.50,-0.560
TRACE 573186,64.61,65.00,-0.549
TRACE 575030,64.50,65.00,-0.583
TRACE 576859,64.39,65.00,-0.586
TRACE 578689,64.28,65.00,-0.590
TRACE 580526,64.17,65.00,-0.593
TRACE 582351,64.06,64.00,-0.473
TRACE 584185,63.95,64.00,-0.476
TRACE 586027,63.84,64.00,-0.511
TRACE 587843,63.73,63.00,0.499
TRACE 589650,63.62,63.00,0.496
TRACE 591460,63.51,63.00,0.493
TRACE 593432,63.39,63.00,0.488
TRACE 595225,63.29,62.00,0.515
TRACE 597038,63.18,63.00,-0.500
TRACE 598866,63.07,63.00,-0.504
TRACE 600689,62.96,63.00,-0.569
TRACE 602526,62.85,63.00,-0.573
TRACE 604367,62.74,63.00,-0.576
TRACE 606182,62.63,63.00,-0.579
TRACE 608012,62.52,63.00,-0.645
TRACE 609830,62.41,63.00,-0.586
TRACE 611657,62.30,62.50,-0.543
TRACE 613476,62.19,62.00,-0.500
TRACE 615315,62.08,62.00,-0.503
TRACE 617152,61.97,62.00,-0.506
TRACE 618997,61.86,61.00,0.503
TRACE 620808,61.75,61.00,0.500
TRACE 622613,61.64,61.00,0.496
TRACE 624438,61.53,61.00,0.462
TRACE 626238,61.43,61.00,-0.493
TRACE 628074,61.32,61.00,-0.496
TRACE 629898,61.21,61.00,-0.499
TRACE 631723,61.10,60.50,-0.519
TRACE 633551,60.99,60.00,-0.476
TRACE 635385,60.88,60.00,-0.479
TRACE 637209,60.77,60.00,-0.482
TRACE 639054,60.66,59.50,0.480
TRACE 640882,60.55,59.00,0.523
TRACE 642685,60.44,59.00,0.520
TRACE 644490,60.33,59.00,0.486
TRACE 646311,60.22,59.00,-0.469
TRACE 648130,60.11,59.00,-0.472
TRACE 649943,60.00,60.00,-0.568
TRACE 651785,59.89,60.00,-0.603
TRACE 653613,59.78,60.00,-0.637
TRACE 655437,59.67,60.00,-0.641
TRACE 657334,59.56,60.00,-0.643
TRACE 659160,59.45,60.00,-0.647
TRACE 660967,59.34,59.50,-0.604
TRACE 662790,59.23,59.00,-0.499
TRACE 664622,59.12,59.00,-0.502
TRACE 666463,59.01,59.00,-0.505
TRACE 668285,58.90,59.00,-0.509
TRACE 670131,58.79,59.00,-0.512
TRACE 671975,58.68,58.50,-0.469
TRACE 673806,58.57,58.00,0.463
TRACE 675625,58.46,58.00,-0.492
TRACE 677474,58.35,57.00,0.517
TRACE 679282,58.24,57.00,0.514
TRACE 681098,58.13,57.00,0.511
TRACE 682906,58.03,57.00,0.508
TRACE 684720,57.92,57.00,0.474
TRACE 686619,57.80,57.00,-0.481
TRACE 688456,57.69,57.00,-0.485
TRACE 690287,57.58,57.00,-0.551
TRACE 692098,57.47,57.00,-0.554
TRACE 693921,57.36,57.00,-0.557
TRACE 695738,57.26,57.00,-0.560
TRACE 697560,57.15,56.00,-0.471
TRACE 699381,57.04,56.00,-0.474
TRACE 701193,56.93,56.00,-0.477
TRACE 712344,56.26,54.00,0.529
TRACE 714180,56.15,54.00,0.525
TRACE 716001,56.04,54.00,0.522
TRACE 717818,55.93,53.00,0.585
TRACE 719648,55.82,53.00,0.545
TRACE 721456,55.71,53.00,0.542
TRACE 723291,55.60,53.00,0.539
TRACE 725128,55.49,53.00,0.489
TRACE 726958,55.38,53.00,0.486
TRACE 728801,55.27,53.50,-0.484
TRACE 730607,55.16,54.00,-0.596
TRACE 732423,55.05,54.00,-0.599
TRACE 734271,54.94,54.00,-0.602
TRACE 736124,54.83,53.50,-0.559
TRACE 737951,54.72,53.00,-0.516
TRACE 739772,54.61,53.00,-0.520
TRACE 741593,54.50,53.00,-0.492
TRACE 743424,54.39,53.00,-0.464
TRACE 745236,54.29,52.00,0.545
TRACE 747052,54.18,52.00,0.542
TRACE 748918,54.06,52.00,0.508
TRACE 750744,53.96,51.50,0.519
TRACE 752587,53.84,51.00,0.562
TRACE 754394,53.74,51.50,0.513
TRACE 756218,53.63,51.50,0.510
TRACE 758022,53.52,52.00,-0.522
TRACE 759852,53.41,52.00,-0.526
TRACE 761675,53.30,52.00,-0.529
TRACE 763517,53.19,52.00,-0.564
TRACE 765351,53.08,52.00,-0.598
TRACE 767178,52.97,52.00,-0.570
TRACE 769105,52.85,51.50,-0.527
TRACE 770932,52.74,51.00,0.466
TRACE 772750,52.63,51.00,0.463
TRACE 774563,52.53,51.00,-0.460
TRACE 776372,52.42,51.00,-0.463
TRACE 778198,52.31,51.00,-0.466
TRACE 780019,52.20,51.00,-0.470
TRACE 781857,52.09,51.00,-0.504
TRACE 783697,51.98,50.50,-0.492
TRACE 785528,51.87,50.00,0.471
TRACE 787337,51.76,50.00,0.467
TRACE 789134,51.65,50.00,0.464
TRACE 790963,51.54,49.50,0.507
TRACE 792770,51.43,49.50,0.504
TRACE 794578,51.33,49.50,0.501
TRACE 796389,51.22,50.00,-0.500
TRACE 798209,51.11,50.00,-0.535
TRACE 800016,51.00,50.00,-0.538
TRACE 801861,50.89,50.00,-0.541
TRACE 803672,50.78,50.00,-0.576
TRACE 805495,50.67,50.00,-0.579
TRACE 807311,50.56,50.00,-0.583
TRACE 809150,50.45,50.00,-0.554
TRACE 810966,50.34,49.50,-0.511
TRACE 812784,50.23,49.00,-0.468
TRACE 814603,50.12,49.00,-0.472
TRACE 816438,50.01,49.00,-0.475
TRACE 818269,49.90,49.00,-0.478
TRACE 820102,49.79,48.00,0.531
TRACE 821905,49.69,48.00,0.528
TRACE 823708,49.58,48.00,0.494
TRACE 825515,49.47,47.50,0.505
TRACE 827321,49.36,47.50,0.502
TRACE 829131,49.25,48.00,-0.467
TRACE 830961,49.14,48.00,-0.471
TRACE 832799,49.03,48.00,-0.537
TRACE 834652,48.92,48.00,-0.540
TRACE 836476,48.81,48.00,-0.544
TRACE 838288,48.70,48.00,-0.578
TRACE 840122,48.59,48.00,-0.581
TRACE 841936,48.48,48.00,-0.553
TRACE 843740,48.38,48.00,-0.557
TRACE 845573,48.27,48.00,-0.560
TRACE 847388,48.16,48.00,-0.563
TRACE 849189,48.05,47.50,-0.520
TRACE 851015,47.94,47.00,-0.477
TRACE 852841,47.83,47.00,-0.480
TRACE 854671,47.72,47.00,-0.484
TRACE 856494,47.61,47.00,-0.487
TRACE 858326,47.50,46.00,0.522
TRACE 860145,47.39,46.00,0.519
TRACE 861964,47.28,46.00,0.484
TRACE 863811,47.17,45.50,0.496
TRACE 865616,47.06,45.00,0.539
TRACE 867410,46.96,45.00,0.536
TRACE 869216,46.85,45.50,0.487
TRACE 871028,46.74,45.50,-0.499
TRACE 872863,46.63,46.00,-0.549
TRACE 874682,46.52,46.00,-0.552
TRACE 876508,46.41,46.00,-0.587
TRACE 887622,45.74,45.00,-0.546
TRACE 889471,45.63,44.00,-0.483
TRACE 891323,45.52,44.00,-0.468
TRACE 893151,45.41,43.50,0.482
TRACE 894967,45.30,43.00,0.530
TRACE 896784,45.19,43.00,0.526
TRACE 898576,45.09,43.00,0.523
TRACE 900405,44.98,43.00,0.536
TRACE 902218,44.87,43.00,0.471
TRACE 904022,44.76,43.00,0.468
TRACE 905824,44.65,43.00,-0.487
TRACE 907663,44.54,43.00,-0.522
TRACE 909506,44.43,43.50,-0.572
TRACE 911364,44.32,44.00,-0.621
TRACE 913205,44.21,44.00,-0.624
TRACE 915028,44.10,43.50,-0.581
TRACE 916867,43.99,43.00,-0.538
TRACE 918733,43.88,43.00,-0.542
TRACE 920583,43.77,43.00,-0.545
TRACE 922407,43.66,43.00,-0.517
TRACE 924361,43.54,42.00,0.521
TRACE 926174,43.43,42.00,0.518
TRACE 927983,43.32,42.00,0.484
TRACE 929768,43.21,41.50,0.496
TRACE 931588,43.10,41.00,0.540
TRACE 933411,43.00,41.00,0.537
TRACE 935207,42.89,41.50,0.487
TRACE 937032,42.78,42.00,-0.545
TRACE 938873,42.67,42.00,-0.548
TRACE 940684,42.56,42.00,-0.551
TRACE 942515,42.45,42.00,-0.586
TRACE 944327,42.34,42.00,-0.621
TRACE 946175,42.23,42.00,-0.624
TRACE 947998,42.12,41.50,-0.549
TRACE 949813,42.01,41.00,-0.475
TRACE 951653,41.90,41.00,-0.478
TRACE 953481,41.79,41.00,-0.482
TRACE 955306,41.68,41.00,-0.485
TRACE 957130,41.57,40.00,0.524
TRACE 958943,41.46,40.00,0.521
TRACE 960762,41.35,40.00,0.487
TRACE 962577,41.25,39.50,0.498
TRACE 964364,41.14,39.00,0.542
TRACE 966155,41.03,39.50,0.493
TRACE 967968,40.92,40.00,-0.477
TRACE 969789,40.81,40.00,-0.544
TRACE 971619,40.70,40.00,-0.547
TRACE 973442,40.59,40.00,-0.550
TRACE 975262,40.48,40.00,-0.585
TRACE 977079,40.38,40.00,-0.620
TRACE 978919,40.26,40.00,-0.591
TRACE 980737,40.16,40.00,-0.563
TRACE 982554,40.05,39.50,-0.520
TRACE 984388,39.94,39.00,-0.477
TRACE 986217,39.83,39.00,-0.481
TRACE 988055,39.72,39.00,-0.484
TRACE 989857,39.61,38.50,0.479
TRACE 991658,39.50,38.00,0.523
TRACE 993485,39.39,38.00,0.519
TRACE 995285,39.28,38.00,0.485
TRACE 997121,39.17,37.50,0.496
TRACE 998934,39.06,38.00,-0.473
TRACE 1000741,38.96,38.00,-0.476
TRACE 1002565,38.85,38.00,-0.511
TRACE 1004383,38.74,38.00,-0.546
TRACE 1006209,38.63,38.00,-0.549
TRACE 1008055,38.52,38.00,-0.552
TRACE 1009955,38.40,38.00,-0.587
TRACE 1011783,38.29,38.00,-0.559
TRACE 1013616,38.18,38.00,-0.563
TRACE 1015444,38.07,38.00,-0.566
TRACE 1017276,37.96,38.00,-0.569
TRACE 1019106,37.85,38.00,-0.572
TRACE 1020928,37.74,37.50,-0.530
TRACE 1022723,37.64,37.00,-0.486
TRACE 1024534,37.53,37.00,-0.489
TRACE 1026354,37.42,37.00,-0.493
TRACE 1028165,37.31,36.50,0.471
TRACE 1029967,37.20,36.00,0.514
TRACE 1031781,37.09,36.00,0.511
TRACE 1033579,36.99,36.00,0.476
TRACE 1035366,36.88,36.00,-0.478
TRACE 1037172,36.77,36.00,-0.482
TRACE 1039071,36.66,36.00,-0.485
TRACE 1040896,36.55,36.00,-0.520
TRACE 1042751,36.43,36.00,-0.555
TRACE 1044581,36.33,36.00,-0.558
TRACE 1046407,36.22,35.50,-0.515
TRACE 1048227,36.11,35.00,-0.473
TRACE 1050042,36.00,35.00,-0.476
TRACE 1051874,35.89,35.00,-0.479
TRACE 1062922,35.22,33.00,0.528
TRACE 1064771,35.11,32.50,0.558
TRACE 1066598,35.00,32.00,0.587
TRACE 1068413,34.90,32.00,0.566
TRACE 1070231,34.79,32.00,0.545
TRACE 1072072,34.68,32.00,0.541
TRACE 1073887,34.57,32.00,0.538
TRACE 1075717,34.46,32.00,0.488
TRACE 1077538,34.35,32.00,-0.466
TRACE 1079365,34.24,32.00,-0.501
TRACE 1081190,34.13,32.00,-0.504
TRACE 1083024,34.02,32.00,-0.507
TRACE 1084850,33.91,32.00,-0.511
TRACE 1086687,33.80,31.50,-0.468
TRACE 1088514,33.69,31.00,0.495
TRACE 1090305,33.58,31.00,0.492
TRACE 1092120,33.47,31.00,0.489
TRACE 1093945,33.36,31.00,0.486
TRACE 1095769,33.25,31.00,0.482
TRACE 1097581,33.15,31.00,0.479
TRACE 1099399,33.04,31.50,-0.522
TRACE 1101282,32.92,32.00,-0.603
TRACE 1103109,32.81,32.00,-0.606
TRACE 1104938,32.70,32.00,-0.609
TRACE 1106776,32.59,32.00,-0.613
TRACE 1108598,32.48,32.00,-0.616
TRACE 1110410,32.38,32.00,-0.619
TRACE 1112261,32.26,31.00,-0.499
TRACE 1114085,32.15,31.00,-0.471
TRACE 1115914,32.05,31.00,-0.474
TRACE 1117712,31.94,30.50,0.489
TRACE 1119507,31.83,30.00,0.533
TRACE 1121404,31.72,30.00,0.528
TRACE 1123228,31.61,30.00,0.525
TRACE 1125053,31.50,29.50,0.506
TRACE 1126857,31.39,30.00,-0.464
TRACE 1128680,31.28,30.00,-0.467
TRACE 1130510,31.17,30.00,-0.502
TRACE 1132340,31.06,30.00,-0.536
TRACE 1134141,30.95,30.00,-0.539
TRACE 1135961,30.84,30.00,-0.543
TRACE 1137790,30.73,30.00,-0.577
TRACE 1139608,30.62,30.00,-0.549
TRACE 1141421,30.51,30.00,-0.553
TRACE 1143249,30.41,29.50,-0.509
TRACE 1145069,30.30,29.00,-0.466
TRACE 1146898,30.19,29.00,-0.470
TRACE 1148735,30.08,29.00,-0.473
TRACE 1150575,29.97,29.00,-0.476
TRACE 1152388,29.86,29.00,-0.480
TRACE 1154210,29.75,28.50,0.483
TRACE 1156030,29.64,28.00,0.495
TRACE 1157855,29.53,28.00,0.460
TRACE 1159668,29.42,28.00,-0.463
TRACE 1161510,29.31,28.00,-0.466
TRACE 1163334,29.20,28.00,-0.469
TRACE 1165163,29.09,28.00,-0.473
TRACE 1167004,28.98,28.00,-0.507
TRACE 1168823,28.87,27.50,-0.496
TRACE 1170649,28.76,27.00,0.467
TRACE 1172465,28.65,27.00,0.464
TRACE 1174270,28.54,27.00,0.461
TRACE 1176075,28.44,27.00,-0.462
TRACE 1177883,28.33,27.00,-0.465
TRACE 1179717,28.22,27.00,-0.469
TRACE 1181544,28.11,27.00,-0.503
TRACE 1183367,28.00,27.00,-0.538
TRACE 1185231,27.89,27.00,-0.541
TRACE 1187087,27.77,26.00,0.468
TRACE 1188892,27.67,26.00,0.464
TRACE 1190713,27.56,26.00,0.461
TRACE 1192523,27.45,26.00,-0.462
TRACE 1194344,27.34,26.00,-0.465
TRACE 1196189,27.23,26.00,-0.469
TRACE 1198022,27.12,26.00,-0.472
TRACE 1199831,27.01,26.00,-0.538
TRACE 1201673,26.90,26.00,-0.541
TRACE 1203507,26.79,26.00,-0.544
TRACE 1205329,26.68,26.00,-0.548
TRACE 1207158,26.57,26.00,-0.551
TRACE 1208980,26.46,26.00,-0.554
TRACE 1210819,26.35,25.00,-0.465
TRACE 1212647,26.24,25.00,-0.468
TRACE 1214498,26.13,25.00,-0.472
TRACE 1216372,26.02,24.00,0.537
TRACE 1218188,25.91,24.00,0.534
TRACE 1220001,25.80,24.00,0.531
TRACE 1221829,25.69,24.00,0.527
TRACE 1223626,25.58,24.00,0.462
TRACE 1225440,25.47,24.00,-0.461
TRACE 1227280,25.36,24.00,-0.465
TRACE 1229104,25.25,24.00,-0.530
TRACE 1240185,24.59,23.00,-0.484
TRACE 1242041,24.48,23.00,-0.487
TRACE 1243868,24.37,22.00,0.496
TRACE 1245684,24.26,22.00,0.492
TRACE 1247501,24.15,22.00,0.489
TRACE 1249350,24.04,21.50,0.519
TRACE 1251175,23.93,21.00,0.549
TRACE 1252989,23.82,21.00,0.562
TRACE 1254784,23.71,21.50,0.513
TRACE 1256610,23.60,22.00,-0.520
TRACE 1258424,23.49,22.00,-0.523
TRACE 1260253,23.38,22.00,-0.526
TRACE 1262109,23.27,22.00,-0.561
TRACE 1263917,23.16,22.00,-0.596
TRACE 1265741,23.06,22.00,-0.599
TRACE 1267574,22.95,21.50,-0.525
TRACE 1269386,22.84,21.00,0.470
TRACE 1271196,22.73,21.00,0.466
TRACE 1273007,22.62,21.00,0.463
TRACE 1274818,22.51,21.00,0.460
TRACE 1276760,22.39,21.00,-0.464
TRACE 1278593,22.28,21.00,-0.467
TRACE 1280426,22.17,21.00,-0.502
TRACE 1282258,22.06,21.00,-0.536
TRACE 1284085,21.95,21.00,-0.539
TRACE 1285908,21.85,21.00,-0.543
TRACE 1287722,21.74,20.00,0.466
TRACE 1289561,21.63,20.00,0.463
TRACE 1291382,21.52,20.00,0.460
TRACE 1293186,21.41,19.50,0.503
TRACE 1294994,21.30,19.50,0.500
TRACE 1296845,21.19,20.00,-0.470
TRACE 1298718,21.08,20.00,-0.473
TRACE 1300528,20.97,20.00,-0.539
TRACE 1302354,20.86,20.00,-0.542
TRACE 1304175,20.75,20.00,-0.546
TRACE 1305993,20.64,20.00,-0.580
TRACE 1307817,20.53,20.00,-0.583
TRACE 1309653,20.42,20.00,-0.555
TRACE 1311494,20.31,19.50,-0.512
TRACE 1313300,20.20,19.00,-0.469
TRACE 1315130,20.09,19.00,-0.473
TRACE 1316992,19.98,19.00,-0.476
TRACE 1318815,19.87,19.00,-0.479
TRACE 1320646,19.76,19.00,-0.483
TRACE 1322475,19.65,18.50,0.480
TRACE 1324290,19.54,18.00,0.492
TRACE 1326104,19.43,18.00,-0.463
TRACE 1327927,19.32,18.00,-0.466
TRACE 1329740,19.22,17.50,0.498
TRACE 1331546,19.11,17.50,0.494
TRACE 1333348,19.00,17.00,0.538
TRACE 1335182,18.89,17.00,0.503
TRACE 1336983,18.78,17.50,-0.498
TRACE 1338810,18.67,18.00,-0.548
TRACE 1340648,18.56,18.00,-0.551
TRACE 1342473,18.45,18.00,-0.586
TRACE 1344289,18.34,18.00,-0.589
TRACE 1346102,18.23,18.00,-0.624
TRACE 1347935,18.12,18.00,-0.627
TRACE 1349749,18.02,17.00,-0.506
TRACE 1351566,17.91,17.00,-0.478
TRACE 1353414,17.80,17.00,-0.481
TRACE 1355254,17.68,17.00,-0.485
TRACE 1357065,17.58,16.00,0.525
TRACE 1358888,17.47,16.00,0.521
TRACE 1360687,17.36,16.00,0.518
TRACE 1362520,17.25,15.50,0.498
TRACE 1364341,17.14,15.50,0.495
TRACE 1366162,17.03,15.50,0.492
TRACE 1367986,16.92,16.00,-0.478
TRACE 1369803,16.81,16.00,-0.544
TRACE 1371644,16.70,16.00,-0.547
TRACE 1373457,16.59,16.00,-0.550
TRACE 1375274,16.48,16.00,-0.585
TRACE 1377112,16.37,16.00,-0.588
TRACE 1378935,16.26,15.00,-0.499
TRACE 1380743,16.16,15.00,-0.471
TRACE 1382586,16.04,15.00,-0.474
TRACE 1384415,15.94,15.00,-0.477
TRACE 1386249,15.83,14.00,0.532
TRACE 1388072,15.72,14.00,0.528
TRACE 1389895,15.61,14.00,0.525
TRACE 1391811,15.49,13.50,0.505
TRACE 1393629,15.38,13.00,0.548
TRACE 1395443,15.27,13.00,0.545
TRACE 1397248,15.17,13.00,0.542
TRACE 1399057,15.06,13.00,0.476
TRACE 1400872,14.95,13.50,-0.493
TRACE 1402697,14.84,13.50,-0.497
TRACE 1404512,14.73,14.00,-0.578
TRACE 1415589,14.06,13.00,-0.536
TRACE 1417443,13.95,12.00,-0.473
TRACE 1419278,13.84,12.00,-0.476
TRACE 1421110,13.73,11.50,0.473
TRACE 1422921,13.62,11.00,0.521
TRACE 1424725,13.52,11.00,0.518
TRACE 1426550,13.41,11.00,0.533
TRACE 1428354,13.30,11.00,0.546
TRACE 1430148,13.19,11.00,0.481
TRACE 1431944,13.08,11.00,0.478
TRACE 1433768,12.97,11.00,-0.477
TRACE 1435606,12.86,11.00,-0.512
TRACE 1437417,12.75,11.50,-0.562
TRACE 1439268,12.64,12.00,-0.612
TRACE 1441110,12.53,12.00,-0.615
TRACE 1442936,12.42,12.00,-0.618
TRACE 1444742,12.32,12.00,-0.621
TRACE 1446579,12.21,11.50,-0.578
TRACE 1448413,12.10,11.00,-0.535
TRACE 1450226,11.99,11.00,-0.507
TRACE 1452149,11.87,11.00,-0.480
TRACE 1453964,11.76,11.00,-0.483
TRACE 1455787,11.65,10.00,0.526
TRACE 1457601,11.54,10.00,0.523
TRACE 1459414,11.44,10.00,0.489
TRACE 1461214,11.33,9.50,0.501
TRACE 1463024,11.22,9.00,0.544
TRACE 1464843,11.11,9.50,0.495
TRACE 1466655,11.00,10.00,-0.475
TRACE 1468501,10.89,10.00,-0.541
TRACE 1470326,10.78,10.00,-0.545
TRACE 1472140,10.67,10.00,-0.548
TRACE 1474097,10.55,10.00,-0.582
TRACE 1475913,10.45,10.00,-0.617
TRACE 1477740,10.34,10.00,-0.589
TRACE 1479576,10.23,10.00,-0.561
TRACE 1481411,10.12,9.50,-0.519
TRACE 1483252,10.00,9.00,-0.476
TRACE 1485076,9.90,9.00,-0.479
TRACE 1486891,9.79,9.00,-0.482
TRACE 1488732,9.68,8.50,0.481
TRACE 1490553,9.57,8.00,0.524
TRACE 1492353,9.46,8.00,0.521
TRACE 1494162,9.35,8.00,0.487
TRACE 1495978,9.24,8.00,-0.468
TRACE 1497797,9.13,8.00,-0.471
TRACE 1499623,9.02,8.00,-0.474
TRACE 1501450,8.91,8.00,-0.499
TRACE 1503334,8.80,8.00,-0.533
TRACE 1505215,8.69,8.00,-0.535
TRACE 1507108,8.58,8.00,-0.538
TRACE 1509013,8.47,8.00,-0.541
TRACE 1510905,8.36,8.00,-0.543
TRACE 1512807,8.25,8.00,-0.546
TRACE 1514691,8.14,7.50,-0.503
TRACE 1516601,8.03,7.00,-0.461
TRACE 1518500,7.92,7.00,-0.463
TRACE 1520396,7.82,7.00,-0.466
TRACE 1522286,7.71,6.50,0.497
TRACE 1524167,7.61,6.00,0.540
TRACE 1526040,7.51,6.00,0.537
TRACE 1527932,7.40,6.00,0.505
TRACE 1529819,7.30,6.00,0.472
TRACE 1531697,7.20,6.00,0.470
TRACE 1533588,7.10,6.00,0.468
TRACE 1535481,7.00,6.00,-0.485
TRACE 1537395,6.90,7.00,-0.608
TRACE 1539291,6.80,7.00,-0.610
TRACE 1541191,6.70,7.00,-0.613
TRACE 1543072,6.60,7.00,-0.615
TRACE 1544981,6.50,7.00,-0.617
TRACE 1546878,6.41,7.00,-0.619
TRACE 1548745,6.31,6.50,-0.576
TRACE 1550632,6.22,6.00,-0.473
TRACE 1552554,6.12,6.00,-0.475
TRACE 1554432,6.03,5.50,0.488
TRACE 1556319,5.94,5.00,0.531
TRACE 1558192,5.85,5.00,0.529
TRACE 1560067,5.76,5.00,0.528
TRACE 1561943,5.67,5.00,0.495
TRACE 1563823,5.58,5.00,0.463
TRACE 1565724,5.49,5.00,0.461
TRACE 1567588,5.40,5.00,-0.491
TRACE 1569479,5.31,5.00,-0.524
TRACE 1571394,5.23,5.00,-0.526
TRACE 1573279,5.14,5.00,-0.527
TRACE 1575206,5.05,5.00,-0.529
TRACE 1577083,4.97,5.00,-0.531
TRACE 1588246,4.48,3.50,0.477
TRACE 1590124,4.40,3.00,0.508
TRACE 1592010,4.33,3.00,0.506
TRACE 1593898,4.25,3.00,0.504
TRACE 1595769,4.17,3.00,0.503
TRACE 1597675,4.09,3.00,0.501
TRACE 1599575,4.02,3.00,0.499
TRACE 1601464,3.94,3.00,-0.463
TRACE 1603358,3.87,3.00,-0.495
TRACE 1605284,3.79,4.00,-0.587
TRACE 1607198,3.72,4.00,-0.588
TRACE 1609089,3.64,4.00,-0.589
TRACE 1610999,3.57,4.00,-0.591
TRACE 1612906,3.50,3.00,-0.502
TRACE 1614789,3.43,3.00,-0.504
TRACE 1616686,3.36,3.00,-0.505
TRACE 1618584,3.29,3.00,0.474
TRACE 1620466,3.22,2.00,0.563
TRACE 1622379,3.15,2.00,0.561
TRACE 1624339,3.09,2.00,0.559
TRACE 1626252,3.02,2.00,0.498
TRACE 1628157,2.95,2.00,0.497
TRACE 1630062,2.89,2.00,0.495
TRACE 1631965,2.82,2.00,0.494
TRACE 1633872,2.76,2.00,-0.487
TRACE 1635810,2.70,2.00,-0.488
TRACE 1637746,2.63,2.00,-0.489
TRACE 1639683,2.57,2.00,-0.491
TRACE 1641625,2.51,2.00,-0.492
TRACE 1643666,2.44,1.50,0.471
TRACE 1645604,2.38,1.00,0.055
TRACE 1647470,2.33,1.00,0.054
TRACE 1649322,2.27,1.00,0.053
TRACE 1651188,2.21,1.00,0.052
TRACE 1653031,2.16,1.00,0.052
TRACE 1654874,2.11,1.00,0.051
TRACE 1656732,2.05,1.00,0.021
TRACE 1658612,2.00,1.00,-0.011
TRACE 1660487,1.95,1.50,-0.518
TRACE 1662413,1.89,2.00,-0.564
TRACE 1664351,1.84,2.00,-0.564
TRACE 1666278,1.79,2.00,-0.565
TRACE 1668190,1.74,2.00,-0.565
TRACE 1670104,1.69,1.00,-0.016
TRACE 1671980,1.64,1.00,-0.017
TRACE 1673854,1.59,1.00,0.012
TRACE 1675740,1.54,1.00,0.042
TRACE 1677595,1.50,1.00,0.041
TRACE 1679459,1.45,1.00,0.041
TRACE 1681301,1.41,1.00,0.041
TRACE 1683137,1.37,1.00,-0.021
TRACE 1685024,1.32,1.00,-0.022
TRACE 1686915,1.28,1.00,-0.022
TRACE 1688781,1.24,1.00,-0.023
TRACE 1690644,1.20,1.50,-0.529
TRACE 1692586,1.15,2.00,-0.575
TRACE 1694514,1.11,2.00,-0.575
TRACE 1696455,1.07,2.00,-0.575
TRACE 1698371,1.03,1.50,-0.531
TRACE 1700321,0.99,1.00,-0.026
TRACE 1702189,0.96,1.00,-0.027
TRACE 1704063,0.92,1.00,0.003
TRACE 1706017,0.88,1.00,0.032
TRACE 1707881,0.85,1.00,0.032
TRACE 1709759,0.81,1.00,0.032
TRACE 1711636,0.78,1.00,0.002
TRACE 1713505,0.75,1.00,-0.029
TRACE 1715376,0.72,1.00,-0.029
TRACE 1717243,0.68,1.00,-0.029
TRACE 1719124,0.65,1.00,-0.029
TRACE 1720983,0.62,1.00,-0.030
TRACE 1722856,0.60,1.00,-0.030
TRACE 1724740,0.57,1.50,-0.536
TRACE 1726669,0.54,2.00,-0.581
TRACE 1728587,0.51,2.00,-0.581
TRACE 1730493,0.48,2.00,-0.581
TRACE 1732420,0.46,1.50,-0.536
TRACE 1734396,0.43,1.00,-0.031
TRACE 1736270,0.41,1.00,-0.031
TRACE 1738149,0.38,1.00,-0.001
TRACE 1740033,0.36,1.00,0.029
TRACE 1741918,0.34,1.00,0.029
TRACE 1743774,0.32,1.00,0.029
TRACE 1745625,0.30,1.00,-0.000
TRACE 1756746,0.19,1.50,-0.523
TRACE 1758707,0.17,2.00,-0.555
TRACE 1760654,0.15,2.00,-0.555
TRACE 1762580,0.14,2.00,-0.555
TRACE 1764517,0.13,1.50,-0.522
TRACE 1766456,0.11,1.00,-0.029
TRACE 1768343,0.10,1.00,-0.028
TRACE 1770247,0.09,1.00,0.002
TRACE 1772155,0.08,1.00,0.032
TRACE 1774022,0.07,1.00,0.033
TRACE 1775869,0.06,1.00,0.033
TRACE 1777723,0.05,1.00,0.004
TRACE 1779617,0.04,1.00,-0.026
TRACE 1781470,0.03,1.00,-0.026
TRACE 1783332,0.03,1.00,-0.025
TRACE 1785224,0.02,1.00,-0.025
TRACE 1787104,0.02,1.50,-0.530
TRACE 1789056,0.01,2.00,-0.574
TRACE 1791009,0.01,2.00,-0.573
TRACE 1792968,0.00,2.00,-0.572
TRACE 1794905,0.00,1.50,-0.527
TRACE 1796846,0.00,1.00,-0.021
TRACE 1798732,0.00,1.00,-0.020
TRACE 1800599,0.00,1.00,-0.000
TRACE 1802252,0.00,1.00,0.031
TRACE 1803882,0.00,1.00,0.032
TRACE 1805513,0.00,1.00,0.034
TRACE 1807159,0.00,1.00,0.003
TRACE 1808828,0.00,1.00,-0.030
TRACE 1810472,0.00,1.00,-0.030
TRACE 1812126,0.00,1.00,-0.030
TRACE 1813875,0.00,1.00,-0.030
TRACE 1815571,0.00,1.00,-0.030
TRACE 1817222,0.00,1.50,-0.539
TRACE 1818928,0.00,2.00,-0.588
TRACE 1820648,0.00,2.00,-0.588
TRACE 1822372,0.00,2.00,-0.587
TRACE 1824069,0.00,1.50,-0.538
TRACE 1825800,0.00,1.00,-0.030
TRACE 1827467,0.00,1.00,-0.030
TRACE 1829105,0.00,1.00,0.004
TRACE 1830766,0.00,1.00,0.038
TRACE 1832391,0.00,1.00,0.038
TRACE 1834024,0.00,1.00,0.039
TRACE 1835659,0.00,1.00,0.005
TRACE 1837327,0.00,1.00,-0.030
TRACE 1838984,0.00,1.00,-0.030
TRACE 1840630,0.00,1.00,-0.030
TRACE 1842302,0.00,1.00,-0.030
TRACE 1843972,0.00,1.00,-0.030
TRACE 1845613,0.00,1.50,-0.540
TRACE 1847346,0.00,2.00,-0.588
TRACE 1849031,0.00,2.00,-0.588
TRACE 1850723,0.00,2.00,-0.588
TRACE 1852429,0.00,1.50,-0.539
TRACE 1854136,0.00,1.00,-0.030
TRACE 1855782,0.00,1.00,-0.030
TRACE 1857428,0.00,1.00,0.004
TRACE 1859090,0.00,1.00,0.038
TRACE 1860729,0.00,1.00,0.038
TRACE 1862379,0.00,1.00,0.039
TRACE 1864013,0.00,1.00,0.005
TRACE 1865694,0.00,1.00,-0.030
TRACE 1867368,0.00,1.00,-0.030
TRACE 1869025,0.00,1.00,-0.030
TRACE 1870666,0.00,1.00,-0.030
TRACE 1872303,0.00,1.50,-0.540
TRACE 1874018,0.00,2.00,-0.589
TRACE 1875724,0.00,2.00,-0.588
TRACE 1877441,0.00,2.00,-0.588
TRACE 1879147,0.00,1.50,-0.539
TRACE 1880876,0.00,1.00,-0.030
TRACE 1882529,0.00,1.00,-0.030
TRACE 1884187,0.00,1.00,0.004
TRACE 1885861,0.00,1.00,0.038
TRACE 1887501,0.00,1.00,0.038
TRACE 1889236,0.00,1.00,0.038
TRACE 1890915,0.00,1.00,0.004
TRACE 1892591,0.00,1.00,-0.030
TRACE 1894264,0.00,1.00,-0.030
TRACE 1895925,0.00,1.00,-0.030
TRACE 1897586,0.00,1.50,-0.539
TRACE 1899316,0.00,2.00,-0.588
TRACE 1901007,0.00,2.00,-0.588
TRACE 1902712,0.00,2.00,-0.588
TRACE 1904412,0.00,1.50,-0.539
TRACE 1906156,0.00,1.00,-0.030
TRACE 1907819,0.00,1.00,-0.030
TRACE 1909483,0.00,1.00,0.004
TRACE 1911139,0.00,1.00,0.038
TRACE 1912768,0.00,1.00,0.038
TRACE 1914400,0.00,1.00,0.038
TRACE 1916028,0.00,1.00,0.004
TRACE 1917699,0.00,1.00,-0.030
TRACE 1919345,0.00,1.00,-0.030
TRACE 1920997,0.00,1.00,-0.030
TRACE 1922656,0.00,1.50,-0.540
TRACE 1924457,0.00,2.00,-0.588
TRACE 1926172,0.00,2.00,-0.588
TRACE 1927867,0.00,2.00,-0.588
TRACE 1929568,0.00,1.50,-0.539
TRACE 1931302,0.00,1.00,-0.030
TRACE 1932959,0.00,1.00,-0.030
TRACE 1934606,0.00,1.00,0.003
TRACE 1936263,0.00,1.00,0.038
TRACE 1937899,0.00,1.00,0.038
TRACE 1939539,0.00,1.00,0.039
TRACE 1941163,0.00,1.00,0.004
TRACE 1952101,0.00,2.00,-0.558
TRACE 1953833,0.00,2.00,-0.558
TRACE 1955556,0.00,2.00,-0.558
TRACE 1957301,0.00,2.00,-0.558
TRACE 1959035,0.00,1.50,-0.524
TRACE 1960752,0.00,1.00,-0.030
TRACE 1962422,0.00,1.00,-0.030
TRACE 1964093,0.00,1.00,0.037
TRACE 1965744,0.00,1.00,0.037
TRACE 1967394,0.00,1.00,0.038
TRACE 1969044,0.00,1.00,0.038
TRACE 1970676,0.00,1.00,0.004
TRACE 1972324,0.00,1.00,-0.030
TRACE 1973965,0.00,1.00,-0.030
TRACE 1975596,0.00,1.00,-0.030
TRACE 1977225,0.00,1.00,-0.030
TRACE 1978894,0.00,1.00,-0.030
TRACE 1980536,0.00,1.00,-0.030
TRACE 1982174,0.00,1.00,-0.030
TRACE 1983817,0.00,1.00,-0.030
TRACE 1985469,0.00,1.00,-0.030
TRACE 1987117,0.00,1.00,-0.030
TRACE 1988747,0.00,1.00,-0.030
TRACE 1990375,0.00,1.00,-0.030
TRACE 1991990,0.00,1.00,-0.030
TRACE 1993616,0.00,1.00,-0.030
TRACE 1995310,0.00,1.00,-0.030
TRACE 1996967,0.00,1.00,-0.030
TRACE 1998615,0.00,1.00,-0.030
TRACE 2000263,0.00,1.00,-0.030
TRACE 2001886,0.00,1.00,-0.030
TRACE 2003545,0.00,1.00,-0.030
TRACE 2005183,0.00,1.00,-0.030
TRACE 2006835,0.00,1.00,-0.030
TRACE 2008488,0.00,1.00,-0.030
TRACE 2010123,0.00,1.00,-0.030
TRACE 2011764,0.00,1.00,-0.030
TRACE 2013404,0.00,1.00,-0.030
>>> 