arm_test.cmd_trace(arm, [])
TRACE t_us,ref_deg,pos_deg,duty
TRACE 900,0.00,0.00,0.470
TRACE 2825,0.00,0.00,0.471
TRACE 4645,0.00,0.00,0.472
TRACE 6413,0.00,0.00,0.472
TRACE 8165,0.01,0.00,0.473
TRACE 9927,0.01,0.00,0.474
TRACE 11688,0.01,0.00,0.475
TRACE 13440,0.02,0.00,0.475
TRACE 15230,0.02,0.50,-0.491
TRACE 17039,0.03,1.00,-0.538
TRACE 18836,0.04,1.00,-0.537
TRACE 20620,0.04,1.00,-0.536
TRACE 22410,0.05,0.50,-0.487
TRACE 24170,0.06,0.00,0.480
TRACE 25935,0.07,0.00,0.481
TRACE 27691,0.08,0.00,0.514
TRACE 29442,0.09,0.00,0.548
TRACE 31189,0.10,0.00,0.549
TRACE 32942,0.11,0.00,0.550
TRACE 34687,0.12,0.00,0.519
TRACE 36410,0.13,0.00,0.487
TRACE 38120,0.15,0.00,0.488
TRACE 39934,0.16,0.50,-0.479
TRACE 41708,0.17,1.00,-0.525
TRACE 43507,0.19,1.00,-0.524
TRACE 45267,0.20,1.00,-0.522
TRACE 47041,0.22,1.00,-0.521
TRACE 48831,0.24,1.00,-0.520
TRACE 50622,0.26,1.00,-0.518
TRACE 52394,0.27,1.00,-0.485
TRACE 54193,0.29,0.00,0.562
TRACE 55921,0.31,0.00,0.564
TRACE 57646,0.33,0.00,0.565
TRACE 59384,0.35,-0.50,0.614
TRACE 61135,0.37,-0.50,0.616
TRACE 62902,0.40,-0.50,0.617
TRACE 64660,0.42,0.00,0.571
TRACE 66390,0.44,0.00,0.507
TRACE 68144,0.46,0.00,0.508
TRACE 69869,0.49,1.00,-0.506
TRACE 71642,0.51,1.00,-0.537
TRACE 73431,0.54,1.00,-0.535
TRACE 75208,0.57,1.00,-0.533
TRACE 76967,0.59,1.00,-0.500
TRACE 78751,0.62,1.00,-0.498
TRACE 80531,0.65,1.00,-0.496
TRACE 82341,0.68,1.00,0.490
TRACE 84110,0.71,1.00,0.492
TRACE 85870,0.74,1.00,0.493
TRACE 87649,0.77,1.00,0.495
TRACE 89419,0.80,1.00,0.496
TRACE 91178,0.83,1.50,-0.469
TRACE 92964,0.86,2.00,-0.515
TRACE 94760,0.90,2.00,-0.513
TRACE 96537,0.93,2.00,-0.512
TRACE 98337,0.97,2.00,-0.510
TRACE 100138,1.00,2.00,-0.508
TRACE 101943,1.04,1.50,0.461
TRACE 103705,1.08,1.00,0.542
TRACE 105463,1.11,1.00,0.575
TRACE 107227,1.15,1.00,0.577
TRACE 108975,1.19,1.00,0.579
TRACE 110754,1.23,1.00,0.581
TRACE 112535,1.27,1.50,0.536
TRACE 114301,1.31,2.00,-0.462
TRACE 116071,1.35,2.00,-0.492
TRACE 117854,1.39,2.00,-0.490
TRACE 119648,1.43,2.00,-0.488
TRACE 121437,1.47,2.00,-0.486
TRACE 123226,1.52,2.00,-0.484
TRACE 125013,1.56,2.00,0.470
TRACE 126781,1.61,2.00,0.504
TRACE 128556,1.65,2.00,0.506
TRACE 130348,1.70,1.50,0.555
TRACE 132111,1.75,1.00,0.604
TRACE 133871,1.79,1.00,0.606
TRACE 135639,1.84,1.50,0.561
TRACE 137410,1.89,2.00,0.516
TRACE 139163,1.94,2.00,0.518
TRACE 140951,1.99,2.00,0.520
TRACE 142718,2.04,2.00,0.490
TRACE 144464,2.09,3.00,-0.555
TRACE 146251,2.14,3.00,-0.552
TRACE 148047,2.19,3.00,-0.518
TRACE 149837,2.25,3.00,-0.483
TRACE 151624,2.30,3.00,-0.481
TRACE 153407,2.35,3.00,-0.478
TRACE 155215,2.41,3.00,-0.476
TRACE 156985,2.46,3.00,0.510
TRACE 158753,2.52,3.00,0.513
TRACE 160639,2.58,3.00,0.515
TRACE 162420,2.64,3.00,0.518
TRACE 164211,2.70,3.00,0.520
TRACE 165993,2.76,3.00,0.522
TRACE 167762,2.81,3.00,0.525
TRACE 169525,2.87,4.00,-0.487
TRACE 171297,2.93,4.00,-0.484
TRACE 173097,3.00,4.00,-0.482
TRACE 174870,3.06,4.00,-0.480
TRACE 185915,3.46,3.00,0.551
TRACE 187690,3.52,2.50,0.587
TRACE 189461,3.59,2.00,0.623
TRACE 191235,3.66,2.00,0.662
TRACE 193025,3.73,2.00,0.665
TRACE 194809,3.80,2.00,0.668
TRACE 196573,3.86,2.00,0.670
TRACE 198375,3.94,2.00,0.664
TRACE 200166,4.01,2.00,0.634
TRACE 201950,4.08,2.00,0.605
TRACE 203734,4.15,2.00,0.608
TRACE 205505,4.22,3.00,0.517
TRACE 207292,4.30,3.00,0.519
TRACE 209045,4.37,3.00,0.522
TRACE 210831,4.44,3.00,0.525
TRACE 212589,4.52,4.00,-0.487
TRACE 214379,4.60,4.00,-0.484
TRACE 216167,4.67,5.00,-0.575
TRACE 217973,4.75,5.00,-0.507
TRACE 219763,4.83,5.00,-0.504
TRACE 221541,4.91,5.00,-0.501
TRACE 223449,4.99,5.00,-0.497
TRACE 225223,5.07,5.00,0.490
TRACE 226987,5.15,5.00,0.493
TRACE 228752,5.23,5.00,0.559
TRACE 230518,5.31,5.00,0.562
TRACE 232284,5.40,5.00,0.565
TRACE 234046,5.48,5.00,0.569
TRACE 235821,5.56,5.00,0.572
TRACE 237599,5.65,5.00,0.575
TRACE 239350,5.73,5.50,0.531
TRACE 241106,5.81,6.00,0.486
TRACE 242851,5.90,6.00,0.489
TRACE 244630,5.98,6.00,0.493
TRACE 246483,6.08,7.00,-0.518
TRACE 248255,6.16,7.00,-0.514
TRACE 250019,6.25,7.00,-0.511
TRACE 251799,6.34,7.00,-0.476
TRACE 253586,6.43,7.00,0.480
TRACE 255369,6.52,7.00,0.484
TRACE 257149,6.61,7.00,0.487
TRACE 258916,6.70,7.00,0.554
TRACE 260680,6.80,7.00,0.558
TRACE 262455,6.89,7.00,0.561
TRACE 264230,6.98,7.00,0.565
TRACE 266007,7.08,8.00,0.474
TRACE 267784,7.17,8.00,0.477
TRACE 269551,7.27,8.00,0.481
TRACE 271323,7.36,9.00,-0.530
TRACE 273102,7.46,9.00,-0.527
TRACE 274901,7.56,9.00,-0.523
TRACE 276683,7.66,9.00,-0.519
TRACE 278458,7.75,9.00,0.469
TRACE 280240,7.85,9.00,0.472
TRACE 282017,7.95,9.00,0.476
TRACE 283797,8.05,9.50,0.497
TRACE 285570,8.16,10.00,-0.467
TRACE 287381,8.26,10.00,-0.463
TRACE 289174,8.36,10.00,0.461
TRACE 290947,8.47,10.00,0.465
TRACE 292723,8.57,10.50,-0.499
TRACE 294505,8.67,10.50,-0.495
TRACE 296314,8.78,10.50,0.461
TRACE 298086,8.89,10.00,0.544
TRACE 299857,8.99,10.00,0.548
TRACE 301626,9.10,10.00,0.541
TRACE 303452,9.21,10.00,0.544
TRACE 305262,9.32,10.00,0.579
TRACE 307071,9.42,10.00,0.583
TRACE 308888,9.53,10.00,0.586
TRACE 310702,9.64,10.00,0.557
TRACE 312498,9.75,11.00,0.467
TRACE 314423,9.87,11.00,0.471
TRACE 316232,9.97,11.00,0.475
TRACE 318030,10.08,11.00,0.478
TRACE 319840,10.19,11.00,0.481
TRACE 321647,10.30,12.00,-0.528
TRACE 323484,10.41,12.00,-0.525
TRACE 325284,10.52,12.00,0.461
TRACE 327080,10.62,12.00,0.464
TRACE 328885,10.73,12.50,-0.500
TRACE 330712,10.84,13.00,-0.543
TRACE 332529,10.95,13.00,-0.540
TRACE 334346,11.06,13.00,-0.473
TRACE 336174,11.17,13.00,-0.470
TRACE 337993,11.28,13.00,-0.467
TRACE 339818,11.39,13.00,-0.463
TRACE 341657,11.50,12.00,0.584
TRACE 343552,11.61,12.00,0.619
TRACE 345348,11.72,12.00,0.622
TRACE 347169,11.83,12.00,0.625
TRACE 348969,11.94,12.00,0.629
TRACE 350778,12.05,12.00,0.632
TRACE 352581,12.15,12.00,0.635
TRACE 354383,12.26,12.00,0.576
TRACE 356204,12.37,12.00,0.579
TRACE 358007,12.48,12.00,0.582
TRACE 369064,13.14,14.00,0.469
TRACE 370868,13.25,14.00,0.472
TRACE 372667,13.36,15.00,-0.511
TRACE 374499,13.47,15.00,-0.507
TRACE 376329,13.58,15.00,-0.504
TRACE 378168,13.69,15.50,-0.534
TRACE 379982,13.80,16.00,-0.564
TRACE 381844,13.91,16.00,-0.540
TRACE 383661,14.02,15.50,-0.490
TRACE 385499,14.13,15.00,0.542
TRACE 387308,14.24,15.00,0.545
TRACE 389118,14.35,15.00,0.548
TRACE 390930,14.46,15.00,0.583
TRACE 392747,14.56,15.00,0.618
TRACE 394569,14.67,15.00,0.621
TRACE 396378,14.78,15.00,0.593
TRACE 398188,14.89,15.00,0.565
TRACE 400016,15.00,15.00,0.568
TRACE 401804,15.11,16.00,0.478
TRACE 403588,15.22,16.00,0.481
TRACE 405443,15.33,16.00,0.485
TRACE 407248,15.43,17.00,-0.525
TRACE 409081,15.54,17.00,-0.522
TRACE 410905,15.65,17.00,-0.518
TRACE 412728,15.76,17.00,-0.515
TRACE 414537,15.87,17.00,0.471
TRACE 416361,15.98,17.00,0.475
TRACE 418163,16.09,17.00,0.478
TRACE 419971,16.20,17.00,0.544
TRACE 421796,16.31,17.50,0.501
TRACE 423611,16.42,18.00,-0.462
TRACE 425450,16.53,18.00,0.461
TRACE 427377,16.64,18.00,0.465
TRACE 429188,16.75,18.50,-0.498
TRACE 431010,16.86,19.00,-0.541
TRACE 432819,16.97,19.00,-0.537
TRACE 434635,17.08,19.00,-0.503
TRACE 436471,17.19,19.00,-0.469
TRACE 438284,17.30,19.00,-0.465
TRACE 440105,17.41,18.50,0.504
TRACE 441913,17.51,18.00,0.585
TRACE 443708,17.62,18.00,0.620
TRACE 445528,17.73,18.00,0.623
TRACE 447351,17.84,18.00,0.626
TRACE 449164,17.95,18.00,0.630
TRACE 450969,18.06,18.00,0.633
TRACE 452779,18.17,19.00,0.511
TRACE 454609,18.28,19.00,0.483
TRACE 456422,18.39,19.00,0.487
TRACE 458235,18.49,19.50,-0.477
TRACE 460054,18.60,20.00,-0.520
TRACE 461853,18.71,20.00,-0.517
TRACE 463664,18.82,21.00,-0.606
TRACE 465507,18.93,21.00,-0.540
TRACE 467332,19.04,21.00,-0.537
TRACE 469137,19.15,21.00,-0.533
TRACE 470948,19.26,20.00,0.514
TRACE 472758,19.37,20.00,0.549
TRACE 474575,19.47,20.00,0.552
TRACE 476400,19.58,20.00,0.618
TRACE 478219,19.69,19.50,0.668
TRACE 480019,19.80,20.00,0.625
TRACE 481830,19.91,20.00,0.628
TRACE 483637,20.02,20.00,0.569
TRACE 485424,20.13,20.00,0.572
TRACE 487214,20.23,21.00,0.482
TRACE 489016,20.34,21.00,0.485
TRACE 490831,20.45,21.00,-0.464
TRACE 492737,20.56,22.00,-0.521
TRACE 494564,20.67,22.00,-0.517
TRACE 496382,20.78,22.00,-0.514
TRACE 498199,20.89,22.00,-0.510
TRACE 500026,21.00,22.00,0.466
TRACE 501915,21.11,22.00,0.469
TRACE 503798,21.23,22.00,0.472
TRACE 505664,21.34,22.00,0.536
TRACE 507539,21.45,22.00,0.539
TRACE 509410,21.56,22.00,0.541
TRACE 511287,21.66,22.00,0.544
TRACE 513169,21.77,22.00,0.546
TRACE 515058,21.88,22.00,0.549
TRACE 516929,21.99,22.00,0.552
TRACE 518810,22.09,22.00,0.554
TRACE 520690,22.20,22.00,0.557
TRACE 522595,22.30,23.00,0.468
TRACE 524483,22.41,23.00,0.471
TRACE 526357,22.51,23.00,0.473
TRACE 528241,22.61,23.00,0.476
TRACE 530106,22.72,24.00,-0.533
TRACE 531997,22.82,24.00,-0.530
TRACE 533881,22.92,25.00,-0.619
TRACE 535789,23.02,25.00,-0.556
TRACE 547013,23.60,25.00,-0.492
TRACE 548935,23.70,24.50,0.463
TRACE 550841,23.79,24.00,0.498
TRACE 552717,23.89,24.00,0.536
TRACE 554624,23.98,24.00,0.538
TRACE 556530,24.07,24.00,0.575
TRACE 558452,24.17,24.00,0.577
TRACE 560333,24.26,24.00,0.604
TRACE 562206,24.35,25.00,0.486
TRACE 564085,24.43,25.00,-0.462
TRACE 565974,24.52,25.00,-0.460
TRACE 567882,24.61,26.00,-0.549
TRACE 569802,24.70,26.00,-0.547
TRACE 571705,24.79,26.00,-0.545
TRACE 573603,24.87,26.00,-0.543
TRACE 575543,24.96,26.00,-0.480
TRACE 577420,25.05,25.50,0.487
TRACE 579307,25.13,25.00,0.533
TRACE 581370,25.22,25.00,0.595
TRACE 583228,25.30,25.00,0.597
TRACE 585111,25.38,25.00,0.599
TRACE 587008,25.46,25.00,0.600
TRACE 588887,25.54,25.00,0.602
TRACE 590768,25.62,25.00,0.574
TRACE 592630,25.70,25.00,0.546
TRACE 594493,25.78,26.00,-0.464
TRACE 596382,25.85,26.00,-0.462
TRACE 598282,25.93,26.00,-0.460
TRACE 600173,26.01,26.00,0.461
TRACE 602131,26.08,27.00,-0.547
TRACE 604034,26.16,27.00,-0.545
TRACE 605936,26.23,27.00,-0.543
TRACE 607828,26.31,27.00,-0.482
TRACE 609721,26.38,27.00,-0.480
TRACE 611616,26.45,27.00,-0.479
TRACE 613491,26.52,26.00,0.533
TRACE 615354,26.59,26.00,0.595
TRACE 617224,26.66,26.00,0.596
TRACE 619128,26.73,26.00,0.598
TRACE 620983,26.80,26.00,0.599
TRACE 622861,26.86,27.00,0.510
TRACE 624717,26.93,27.00,0.511
TRACE 626578,26.99,27.00,-0.469
TRACE 628495,27.06,27.00,-0.467
TRACE 630383,27.12,28.00,-0.557
TRACE 632308,27.19,28.00,-0.555
TRACE 634216,27.25,28.00,-0.554
TRACE 636118,27.31,28.00,-0.492
TRACE 638037,27.38,28.00,-0.490
TRACE 639947,27.44,27.50,0.476
TRACE 641816,27.50,27.00,0.522
TRACE 643692,27.56,27.00,0.583
TRACE 645561,27.61,27.00,0.584
TRACE 647429,27.67,27.00,0.586
TRACE 649297,27.73,27.00,0.587
TRACE 651167,27.78,27.00,0.588
TRACE 653051,27.84,27.50,0.513
TRACE 654913,27.89,28.00,-0.482
TRACE 656834,27.95,28.00,-0.481
TRACE 658739,28.00,28.50,-0.525
TRACE 660647,28.06,29.00,-0.109
TRACE 662490,28.11,29.00,-0.108
TRACE 664383,28.16,29.00,-0.107
TRACE 666254,28.21,29.00,-0.076
TRACE 668111,28.26,29.00,-0.045
TRACE 669967,28.31,28.50,0.461
TRACE 671904,28.36,28.00,0.537
TRACE 673832,28.41,28.00,0.568
TRACE 675731,28.46,28.00,0.569
TRACE 677617,28.50,28.00,0.570
TRACE 679527,28.55,29.00,0.020
TRACE 681399,28.59,29.00,0.020
TRACE 683245,28.64,29.00,-0.009
TRACE 685099,28.68,29.00,-0.039
TRACE 686937,28.72,29.00,-0.039
TRACE 688786,28.76,29.00,-0.038
TRACE 690628,28.80,29.00,-0.038
TRACE 692472,28.84,29.00,0.024
TRACE 694379,28.88,29.00,0.025
TRACE 696253,28.92,29.00,0.025
TRACE 698110,28.96,29.00,0.026
TRACE 699956,29.00,29.00,0.026
TRACE 701812,29.04,29.00,0.026
TRACE 703676,29.07,28.50,0.532
TRACE 705585,29.11,28.00,0.578
TRACE 707491,29.14,28.00,0.579
TRACE 718690,29.34,29.00,0.029
TRACE 720566,29.37,29.00,0.030
TRACE 722421,29.40,29.00,0.030
TRACE 724301,29.43,30.00,-0.036
TRACE 726173,29.45,30.00,-0.053
TRACE 728031,29.48,30.00,-0.071
TRACE 729903,29.51,30.00,-0.071
TRACE 731753,29.53,30.00,-0.061
TRACE 733617,29.56,30.00,-0.061
TRACE 735491,29.58,30.00,-0.060
TRACE 737339,29.61,30.00,0.001
TRACE 739217,29.63,30.00,0.001
TRACE 741092,29.65,30.00,0.001
TRACE 742953,29.67,30.00,0.001
TRACE 744824,29.70,30.00,0.001
TRACE 746693,29.72,30.00,0.001
TRACE 748579,29.74,30.00,0.001
TRACE 750467,29.75,30.00,0.000
TRACE 752462,29.77,30.00,0.000
TRACE 754330,29.79,30.00,0.000
TRACE 756190,29.81,30.00,0.000
TRACE 758037,29.82,30.00,-0.000
TRACE 759918,29.84,30.00,-0.000
TRACE 761806,29.85,30.00,-0.001
TRACE 763690,29.87,30.00,-0.001
TRACE 765576,29.88,30.00,-0.001
TRACE 767467,29.89,30.00,-0.001
TRACE 769340,29.91,30.00,-0.002
TRACE 771228,29.92,30.00,-0.002
TRACE 773093,29.93,30.00,-0.002
TRACE 774999,29.94,30.00,-0.003
TRACE 776863,29.95,30.00,-0.003
TRACE 778741,29.95,30.00,-0.004
TRACE 780623,29.96,30.00,-0.004
TRACE 782495,29.97,30.00,-0.005
TRACE 784370,29.98,30.00,-0.005
TRACE 786239,29.98,30.00,-0.006
TRACE 788114,29.99,30.00,-0.006
TRACE 790013,29.99,30.00,-0.007
TRACE 791895,29.99,30.00,-0.007
TRACE 793760,30.00,30.00,-0.008
TRACE 795640,30.00,30.00,-0.008
TRACE 797523,30.00,30.00,-0.009
TRACE 799402,30.00,30.00,-0.010
TRACE 801284,30.00,30.00,0.000
TRACE 802955,30.00,30.00,0.000
TRACE 804579,30.00,30.00,0.000
TRACE 806205,30.00,30.00,0.000
TRACE 807825,30.00,30.00,0.000
TRACE 809439,30.00,30.00,0.000
TRACE 811038,30.00,30.00,0.000
TRACE 812662,30.00,30.00,0.000
TRACE 814295,30.00,30.00,0.000
TRACE 815918,30.00,30.00,0.000
TRACE 817519,30.00,30.00,0.000
TRACE 819140,30.00,30.00,0.000
TRACE 820748,30.00,30.00,0.000
TRACE 822364,30.00,30.00,0.000
TRACE 823990,30.00,30.00,0.000
TRACE 825615,30.00,30.00,0.000
TRACE 827228,30.00,30.00,0.000
TRACE 828862,30.00,30.00,0.000
TRACE 830508,30.00,30.00,0.000
TRACE 832124,30.00,30.00,0.000
TRACE 833745,30.00,30.00,0.000
TRACE 835369,30.00,30.00,0.000
TRACE 836975,30.00,30.00,0.000
TRACE 838579,30.00,30.00,0.000
TRACE 840204,30.00,30.00,0.000
TRACE 841833,30.00,30.00,0.000
TRACE 843440,30.00,30.00,0.000
TRACE 845080,30.00,30.00,0.000
TRACE 846795,30.00,30.00,0.000
TRACE 848430,30.00,30.00,0.000
TRACE 850042,30.00,30.00,0.000
TRACE 851664,30.00,30.00,0.000
>>> 