arm_test.cmd_trace(arm, [])
TRACE t_us,ref_deg,pos_deg,duty
TRACE 933,89.00,89.00,-0.430
TRACE 2899,89.00,89.00,-0.431
TRACE 4749,89.00,89.00,-0.432
TRACE 6592,89.00,89.00,-0.433
TRACE 8408,88.99,89.00,-0.433
TRACE 10220,88.99,89.00,-0.434
TRACE 12027,88.99,88.00,0.507
TRACE 13856,88.98,88.00,0.496
TRACE 15667,88.98,88.00,0.496
TRACE 17459,88.97,88.00,0.496
TRACE 19260,88.96,88.00,0.495
TRACE 21031,88.96,88.00,0.494
TRACE 22824,88.95,88.00,0.494
TRACE 24640,88.94,89.00,-0.504
TRACE 26443,88.93,89.00,-0.505
TRACE 28237,88.92,89.00,-0.506
TRACE 30031,88.91,89.00,-0.507
TRACE 31851,88.90,89.00,-0.508
TRACE 33679,88.89,89.00,-0.509
TRACE 35468,88.87,89.00,-0.510
TRACE 37259,88.86,89.00,-0.448
TRACE 39084,88.85,88.00,0.485
TRACE 40864,88.83,88.00,0.484
TRACE 42643,88.82,88.00,0.483
TRACE 44418,88.80,87.50,0.529
TRACE 46217,88.79,88.00,0.481
TRACE 47979,88.77,88.00,0.480
TRACE 49775,88.75,88.00,0.479
TRACE 51554,88.73,88.00,-0.427
TRACE 53345,88.72,89.00,-0.522
TRACE 55151,88.70,89.00,-0.523
TRACE 56935,88.68,89.00,-0.556
TRACE 58736,88.66,89.00,-0.525
TRACE 60629,88.63,89.00,-0.526
TRACE 62424,88.61,89.00,-0.527
TRACE 64205,88.59,88.00,-0.435
TRACE 65975,88.56,88.00,0.467
TRACE 67751,88.54,88.00,0.465
TRACE 69528,88.52,87.50,0.511
TRACE 71307,88.49,87.00,0.556
TRACE 73059,88.47,87.00,0.556
TRACE 74824,88.44,87.50,0.508
TRACE 76584,88.41,88.00,-0.445
TRACE 78356,88.39,88.00,-0.447
TRACE 80149,88.36,88.00,-0.448
TRACE 81946,88.33,88.00,-0.482
TRACE 83747,88.30,89.00,-0.610
TRACE 85561,88.27,89.00,-0.611
TRACE 87338,88.24,88.50,-0.533
TRACE 89142,88.21,88.00,-0.456
TRACE 90915,88.17,88.00,-0.458
TRACE 92702,88.14,88.00,-0.459
TRACE 94478,88.11,88.00,-0.461
TRACE 96257,88.07,87.50,0.488
TRACE 98031,88.04,87.00,0.534
TRACE 99799,88.00,87.00,0.500
TRACE 101552,87.97,87.00,0.467
TRACE 103342,87.93,87.00,0.465
TRACE 105138,87.89,87.00,0.463
TRACE 106908,87.86,87.00,0.462
TRACE 108674,87.82,87.00,0.428
TRACE 110450,87.78,87.00,-0.446
TRACE 112229,87.74,87.50,-0.495
TRACE 114039,87.70,88.00,-0.544
TRACE 115822,87.66,88.00,-0.546
TRACE 117615,87.62,88.00,-0.548
TRACE 119417,87.57,88.00,-0.550
TRACE 121212,87.53,88.00,-0.552
TRACE 122991,87.49,88.00,-0.553
TRACE 124787,87.44,87.50,-0.477
TRACE 126665,87.40,87.00,0.440
TRACE 128431,87.35,87.00,0.438
TRACE 130218,87.30,87.00,0.436
TRACE 131993,87.26,87.00,0.434
TRACE 133775,87.21,87.00,0.432
TRACE 135556,87.16,87.00,0.430
TRACE 137336,87.11,87.00,-0.444
TRACE 139119,87.06,87.00,-0.478
TRACE 140910,87.01,87.00,-0.480
TRACE 142710,86.96,87.00,-0.482
TRACE 144485,86.91,87.00,-0.485
TRACE 146285,86.86,87.00,-0.487
TRACE 148081,86.81,86.00,0.445
TRACE 149871,86.75,86.00,0.442
TRACE 151663,86.70,86.00,0.440
TRACE 153435,86.65,86.00,0.438
TRACE 155209,86.59,86.50,-0.451
TRACE 157096,86.53,87.00,-0.501
TRACE 158873,86.48,87.00,-0.503
TRACE 160651,86.42,87.00,-0.569
TRACE 162428,86.36,87.00,-0.571
TRACE 164205,86.30,87.00,-0.574
TRACE 165984,86.24,87.00,-0.576
TRACE 167763,86.19,86.50,-0.500
TRACE 169547,86.13,86.00,-0.423
TRACE 171322,86.06,86.00,-0.425
TRACE 182424,85.67,85.00,0.438
TRACE 184208,85.61,84.00,0.502
TRACE 185990,85.54,84.00,0.499
TRACE 187776,85.47,84.00,0.497
TRACE 189557,85.41,84.00,0.476
TRACE 191355,85.34,84.00,0.455
TRACE 193137,85.27,84.50,-0.421
TRACE 194950,85.20,85.00,-0.494
TRACE 196748,85.13,85.00,-0.561
TRACE 198540,85.06,85.00,-0.563
TRACE 200336,84.99,85.00,-0.566
TRACE 202148,84.91,85.00,-0.569
TRACE 203964,84.84,85.00,-0.572
TRACE 205768,84.77,85.00,-0.543
TRACE 207549,84.69,85.00,-0.514
TRACE 209338,84.62,85.00,-0.517
TRACE 211120,84.54,84.00,-0.426
TRACE 212931,84.47,84.00,-0.429
TRACE 214717,84.39,84.00,-0.432
TRACE 216500,84.31,83.50,0.452
TRACE 218402,84.23,83.00,0.495
TRACE 220164,84.15,83.00,0.492
TRACE 221955,84.07,83.00,0.489
TRACE 223719,83.99,83.00,0.423
TRACE 225491,83.92,83.00,-0.420
TRACE 227267,83.83,83.00,-0.423
TRACE 229058,83.75,83.00,-0.458
TRACE 230843,83.67,83.00,-0.493
TRACE 232612,83.59,83.00,-0.496
TRACE 234414,83.51,83.00,-0.499
TRACE 236194,83.42,83.00,-0.502
TRACE 237989,83.34,83.00,-0.506
TRACE 239785,83.25,83.00,-0.509
TRACE 241591,83.16,83.00,-0.512
TRACE 243385,83.08,83.00,-0.515
TRACE 245171,82.99,83.00,-0.519
TRACE 246973,82.90,83.00,-0.522
TRACE 248744,82.81,82.50,-0.478
TRACE 250508,82.72,82.00,-0.435
TRACE 252302,82.63,82.00,-0.438
TRACE 254074,82.54,82.00,-0.441
TRACE 255878,82.45,81.50,0.443
TRACE 257662,82.36,81.00,0.486
TRACE 259445,82.27,81.00,0.483
TRACE 261221,82.18,81.00,0.447
TRACE 262986,82.08,81.00,-0.428
TRACE 264779,81.99,81.00,-0.432
TRACE 266566,81.89,81.00,-0.435
TRACE 268331,81.80,81.00,-0.470
TRACE 270119,81.70,81.00,-0.506
TRACE 271906,81.61,81.00,-0.510
TRACE 273689,81.51,81.00,-0.513
TRACE 275469,81.41,81.00,-0.517
TRACE 277241,81.31,81.00,-0.520
TRACE 279023,81.21,80.00,-0.430
TRACE 280789,81.12,80.00,-0.433
TRACE 282574,81.02,80.00,-0.437
TRACE 284376,80.91,79.50,0.446
TRACE 286133,80.81,79.00,0.490
TRACE 287914,80.71,79.00,0.486
TRACE 289712,80.61,79.00,0.482
TRACE 291489,80.50,79.00,-0.426
TRACE 293275,80.40,79.00,-0.430
TRACE 295078,80.29,79.00,-0.433
TRACE 296869,80.19,79.00,-0.469
TRACE 298648,80.08,79.00,-0.505
TRACE 300454,79.97,79.00,-0.499
TRACE 302270,79.86,79.00,-0.502
TRACE 304086,79.75,79.00,-0.505
TRACE 306012,79.64,79.00,-0.509
TRACE 307837,79.53,78.00,0.421
TRACE 309651,79.42,78.00,-0.423
TRACE 311489,79.31,78.00,-0.426
TRACE 313314,79.20,78.00,-0.430
TRACE 315134,79.09,77.50,0.453
TRACE 316948,78.98,77.00,0.496
TRACE 318780,78.87,77.00,0.494
TRACE 320587,78.76,77.00,0.428
TRACE 322411,78.66,77.00,0.424
TRACE 324211,78.55,77.00,0.421
TRACE 326013,78.44,77.00,-0.422
TRACE 327821,78.33,77.00,-0.457
TRACE 329641,78.22,77.00,-0.491
TRACE 331459,78.11,77.00,-0.495
TRACE 333282,78.00,77.00,-0.498
TRACE 335135,77.89,77.00,-0.501
TRACE 336977,77.78,76.50,-0.458
TRACE 338829,77.67,76.00,0.425
TRACE 340647,77.56,76.00,0.421
TRACE 342447,77.45,76.00,-0.422
TRACE 344281,77.34,76.00,-0.425
TRACE 346110,77.23,76.00,-0.429
TRACE 347943,77.12,76.00,-0.432
TRACE 349767,77.01,76.00,-0.466
TRACE 360856,76.35,74.00,0.455
TRACE 362662,76.24,74.00,0.452
TRACE 364463,76.13,74.00,0.449
TRACE 366274,76.02,74.00,0.445
TRACE 368095,75.91,74.00,0.442
TRACE 369911,75.81,74.00,0.439
TRACE 371724,75.70,74.00,0.436
TRACE 373549,75.59,74.00,-0.480
TRACE 375377,75.48,74.00,-0.484
TRACE 377200,75.37,74.00,-0.487
TRACE 379016,75.26,74.00,-0.490
TRACE 380843,75.15,73.50,-0.447
TRACE 382692,75.04,73.00,0.436
TRACE 384500,74.93,73.00,0.433
TRACE 386323,74.82,73.00,0.429
TRACE 388149,74.71,73.00,0.426
TRACE 389944,74.60,73.00,0.423
TRACE 391787,74.49,73.00,-0.421
TRACE 393617,74.38,73.00,-0.455
TRACE 395440,74.27,73.00,-0.490
TRACE 397449,74.15,73.50,-0.539
TRACE 399287,74.04,73.50,-0.543
TRACE 401103,73.93,73.00,-0.500
TRACE 402902,73.83,73.00,-0.503
TRACE 404730,73.72,73.00,-0.507
TRACE 406565,73.61,73.00,-0.510
TRACE 408371,73.50,73.00,-0.513
TRACE 410194,73.39,73.00,-0.485
TRACE 412009,73.28,72.00,0.445
TRACE 413815,73.17,72.00,-0.430
TRACE 415632,73.06,72.00,-0.433
TRACE 417561,72.95,72.00,-0.437
TRACE 419380,72.84,71.00,0.492
TRACE 421175,72.73,71.00,0.489
TRACE 422998,72.62,71.00,0.486
TRACE 424813,72.51,71.00,-0.420
TRACE 426637,72.40,71.00,-0.424
TRACE 428454,72.29,71.00,-0.427
TRACE 430267,72.18,71.00,-0.430
TRACE 432091,72.07,71.00,-0.496
TRACE 433922,71.96,71.00,-0.499
TRACE 435748,71.86,71.00,-0.502
TRACE 437576,71.75,71.00,-0.506
TRACE 439391,71.64,71.00,-0.509
TRACE 441216,71.53,71.00,-0.512
TRACE 443026,71.42,71.00,-0.515
TRACE 444848,71.31,71.00,-0.519
TRACE 446694,71.20,71.00,-0.522
TRACE 448525,71.09,71.00,-0.525
TRACE 450350,70.98,71.00,-0.529
TRACE 452187,70.87,71.00,-0.532
TRACE 454009,70.76,70.00,-0.443
TRACE 455830,70.65,70.00,-0.446
TRACE 457643,70.54,70.00,-0.449
TRACE 459470,70.43,69.00,0.480
TRACE 461280,70.32,69.00,0.477
TRACE 463094,70.21,69.00,0.474
TRACE 464908,70.11,69.00,0.471
TRACE 466732,70.00,69.00,-0.435
TRACE 468561,69.89,69.00,-0.439
TRACE 470384,69.78,69.00,-0.442
TRACE 472227,69.67,69.00,-0.508
TRACE 474031,69.56,69.00,-0.511
TRACE 475842,69.45,68.50,-0.468
TRACE 477670,69.34,68.00,-0.425
TRACE 479487,69.23,68.00,-0.428
TRACE 481290,69.12,68.00,-0.431
TRACE 483145,69.01,67.50,0.451
TRACE 484939,68.90,67.00,0.495
TRACE 486733,68.80,67.00,0.492
TRACE 488542,68.69,67.00,0.457
TRACE 490360,68.58,67.00,0.422
TRACE 492160,68.47,67.00,-0.421
TRACE 493992,68.36,67.00,-0.424
TRACE 495818,68.25,67.00,-0.459
TRACE 497641,68.14,67.00,-0.494
TRACE 499459,68.03,67.00,-0.497
TRACE 501285,67.92,67.00,-0.500
TRACE 503104,67.81,66.00,0.429
TRACE 504909,67.71,66.00,0.426
TRACE 506730,67.60,66.00,0.423
TRACE 508540,67.49,66.00,-0.420
TRACE 510363,67.38,66.00,-0.424
TRACE 512309,67.26,66.00,-0.428
TRACE 514142,67.15,66.00,-0.431
TRACE 515966,67.04,66.00,-0.497
TRACE 517783,66.93,66.00,-0.500
TRACE 519609,66.82,66.00,-0.503
TRACE 521443,66.71,66.00,-0.507
TRACE 523284,66.60,66.00,-0.510
TRACE 525098,66.49,66.00,-0.513
TRACE 536190,65.83,65.00,-0.467
TRACE 538035,65.72,65.00,-0.470
TRACE 539878,65.61,64.00,0.433
TRACE 541685,65.50,64.00,0.429
TRACE 543506,65.39,64.00,0.426
TRACE 545323,65.28,64.00,0.423
TRACE 547157,65.17,64.00,-0.420
TRACE 548984,65.06,64.00,-0.434
TRACE 550823,64.95,64.00,-0.437
TRACE 552629,64.84,64.00,-0.503
TRACE 554469,64.73,64.00,-0.506
TRACE 556309,64.62,64.00,-0.509
TRACE 558141,64.51,63.00,-0.420
TRACE 559985,64.40,63.00,-0.424
TRACE 561817,64.29,63.00,-0.427
TRACE 563627,64.18,63.00,-0.430
TRACE 565439,64.07,62.50,0.453
TRACE 567250,63.96,62.00,0.496
TRACE 569061,63.86,62.00,0.493
TRACE 570861,63.75,62.00,0.427
TRACE 572918,63.62,61.50,0.469
TRACE 574724,63.52,61.50,0.465
TRACE 576520,63.41,62.00,-0.424
TRACE 578340,63.30,62.00,-0.458
TRACE 580162,63.19,62.00,-0.492
TRACE 581971,63.08,62.00,-0.496
TRACE 583790,62.97,62.00,-0.499
TRACE 585639,62.86,61.50,-0.487
TRACE 587461,62.75,61.00,-0.444
TRACE 589295,62.64,61.00,0.424
TRACE 591107,62.53,61.00,0.421
TRACE 592926,62.42,61.00,-0.423
TRACE 594796,62.31,61.00,-0.426
TRACE 596639,62.20,61.00,-0.430
TRACE 598462,62.09,61.00,-0.464
TRACE 600284,61.98,61.00,-0.499
TRACE 602119,61.87,61.00,-0.502
TRACE 603937,61.76,61.00,-0.505
TRACE 605770,61.65,61.00,-0.508
TRACE 607598,61.54,61.00,-0.512
TRACE 609435,61.43,61.00,-0.515
TRACE 611250,61.33,60.00,-0.426
TRACE 613057,61.22,60.00,-0.429
TRACE 614875,61.11,60.00,-0.432
TRACE 616678,61.00,59.00,0.498
TRACE 618503,60.89,59.00,0.494
TRACE 620316,60.78,59.00,0.491
TRACE 622124,60.67,59.00,0.488
TRACE 623924,60.56,59.00,0.422
TRACE 625717,60.46,59.00,-0.421
TRACE 627532,60.35,59.00,-0.424
TRACE 629371,60.24,59.00,-0.491
TRACE 631212,60.13,59.00,-0.494
TRACE 633052,60.02,59.00,-0.497
TRACE 634854,59.91,59.00,-0.501
TRACE 636681,59.80,59.00,-0.504
TRACE 638498,59.69,59.00,-0.507
TRACE 640326,59.58,59.00,-0.511
TRACE 642122,59.47,59.00,-0.514
TRACE 643946,59.36,59.00,-0.517
TRACE 645779,59.25,58.00,-0.428
TRACE 647616,59.14,58.00,-0.431
TRACE 649428,59.03,57.50,0.452
TRACE 651237,58.93,57.00,0.495
TRACE 653029,58.82,57.00,0.493
TRACE 654836,58.71,57.00,0.489
TRACE 656650,58.60,57.00,0.486
TRACE 658559,58.49,57.00,-0.421
TRACE 660379,58.38,57.00,-0.424
TRACE 662205,58.27,57.00,-0.459
TRACE 664050,58.16,57.00,-0.493
TRACE 665888,58.05,57.00,-0.497
TRACE 667703,57.94,56.50,-0.454
TRACE 669538,57.83,56.00,0.429
TRACE 671350,57.72,56.00,0.426
TRACE 673177,57.61,56.00,0.423
TRACE 674982,57.50,56.50,-0.467
TRACE 676794,57.39,57.00,-0.516
TRACE 678627,57.28,57.00,-0.520
TRACE 680451,57.17,57.00,-0.554
TRACE 682302,57.06,57.00,-0.589
TRACE 684114,56.95,57.00,-0.592
TRACE 685951,56.84,56.50,-0.549
TRACE 687887,56.73,56.00,-0.475
TRACE 689707,56.62,56.00,-0.448
TRACE 691517,56.51,56.00,-0.451
TRACE 693354,56.40,56.00,-0.454
TRACE 695183,56.29,55.50,0.429
TRACE 696991,56.18,55.00,0.472
TRACE 698790,56.07,55.00,0.438
TRACE 700602,55.96,55.00,-0.436
TRACE 711685,55.30,55.00,-0.483
TRACE 713546,55.19,55.00,-0.486
TRACE 715382,55.08,55.00,-0.489
TRACE 717210,54.97,55.00,-0.511
TRACE 719047,54.86,55.00,-0.532
TRACE 720895,54.75,55.00,-0.536
TRACE 722732,54.64,55.00,-0.539
TRACE 724553,54.53,54.50,-0.496
TRACE 726386,54.42,54.00,-0.453
TRACE 728224,54.31,54.00,-0.457
TRACE 730043,54.20,54.00,-0.460
TRACE 731884,54.09,54.00,-0.463
TRACE 733716,53.98,54.00,-0.466
TRACE 735583,53.87,53.50,-0.424
TRACE 737408,53.76,53.00,0.428
TRACE 739229,53.65,53.00,-0.446
TRACE 741061,53.54,53.00,-0.450
TRACE 742912,53.43,53.00,-0.453
TRACE 744749,53.32,52.00,0.476
TRACE 746557,53.21,52.00,0.473
TRACE 748540,53.09,52.00,0.437
TRACE 750333,52.98,52.00,-0.437
TRACE 752162,52.87,52.00,-0.440
TRACE 753987,52.76,52.00,-0.443
TRACE 755812,52.65,51.50,0.440
TRACE 757610,52.54,51.00,0.421
TRACE 759438,52.43,51.00,-0.423
TRACE 761255,52.32,51.00,-0.425
TRACE 763072,52.22,51.00,-0.429
TRACE 764894,52.11,51.50,-0.478
TRACE 766710,52.00,51.50,-0.482
TRACE 768527,51.89,51.00,-0.470
TRACE 770377,51.78,51.00,-0.505
TRACE 772212,51.67,51.00,-0.508
TRACE 774032,51.56,51.00,-0.511
TRACE 775861,51.45,51.00,-0.515
TRACE 777685,51.34,51.00,-0.487
TRACE 779494,51.23,51.00,-0.490
TRACE 781306,51.12,51.00,-0.524
TRACE 783145,51.01,51.00,-0.528
TRACE 784977,50.90,51.00,-0.531
TRACE 786812,50.79,51.00,-0.534
TRACE 788632,50.68,50.50,-0.491
TRACE 790459,50.57,50.00,-0.448
TRACE 792269,50.46,50.00,-0.451
TRACE 794077,50.36,49.50,0.432
TRACE 795889,50.25,49.00,0.475
TRACE 797681,50.14,49.00,0.472
TRACE 799485,50.03,49.00,0.469
TRACE 801309,49.92,49.00,0.434
TRACE 803123,49.81,49.00,-0.440
TRACE 804945,49.70,49.00,-0.444
TRACE 806783,49.59,49.00,-0.479
TRACE 808612,49.48,49.00,-0.514
TRACE 810429,49.37,49.00,-0.517
TRACE 812269,49.26,49.00,-0.520
TRACE 814089,49.15,49.00,-0.523
TRACE 815912,49.05,49.00,-0.527
TRACE 817725,48.94,48.00,-0.437
TRACE 819566,48.83,48.00,-0.441
TRACE 821379,48.72,48.00,-0.444
TRACE 823212,48.61,47.00,0.485
TRACE 825031,48.50,47.00,0.482
TRACE 826816,48.39,47.00,0.479
TRACE 828603,48.28,47.00,0.477
TRACE 830402,48.18,47.00,-0.430
TRACE 832247,48.07,46.50,0.454
TRACE 834189,47.95,46.50,0.449
TRACE 835985,47.84,47.00,-0.503
TRACE 837801,47.73,47.00,-0.506
TRACE 839617,47.62,47.00,-0.509
TRACE 841425,47.51,47.00,-0.513
TRACE 843255,47.40,47.00,-0.516
TRACE 845076,47.30,46.00,-0.458
TRACE 846891,47.19,46.50,-0.507
TRACE 848706,47.08,46.00,-0.433
TRACE 850552,46.97,46.00,-0.436
TRACE 852369,46.86,46.00,-0.440
TRACE 854195,46.75,46.00,-0.443
TRACE 856011,46.64,46.00,-0.446
TRACE 857859,46.53,46.00,-0.512
TRACE 859677,46.42,46.00,-0.484
TRACE 861512,46.31,45.00,-0.426
TRACE 863455,46.19,45.00,-0.430
TRACE 865266,46.08,45.00,-0.433
TRACE 867092,45.97,45.00,-0.437
TRACE 868917,45.86,44.00,0.492
TRACE 870732,45.76,44.00,0.489
TRACE 872566,45.65,44.00,0.486
TRACE 874381,45.54,44.00,0.420
TRACE 876204,45.43,44.00,-0.422
TRACE 887276,44.76,43.00,0.438
TRACE 889127,44.65,43.00,0.434
TRACE 890962,44.54,43.00,-0.445
TRACE 892784,44.43,43.00,-0.449
TRACE 894595,44.32,43.00,-0.452
TRACE 896455,44.21,43.00,-0.455
TRACE 898272,44.10,43.00,-0.459
TRACE 900115,43.99,43.00,-0.498
TRACE 901946,43.88,43.00,-0.502
TRACE 903783,43.77,43.00,-0.505
TRACE 905615,43.66,43.00,-0.508
TRACE 907441,43.55,43.00,-0.511
TRACE 909260,43.44,43.00,-0.515
TRACE 911105,43.33,43.00,-0.518
TRACE 912936,43.22,43.00,-0.521
TRACE 914774,43.11,42.50,-0.478
TRACE 916595,43.00,42.00,-0.435
TRACE 918432,42.89,42.00,-0.439
TRACE 920279,42.78,42.00,-0.442
TRACE 922112,42.67,41.00,0.487
TRACE 924050,42.56,41.00,0.482
TRACE 925876,42.45,41.00,0.479
TRACE 927692,42.34,41.00,0.445
TRACE 929502,42.23,41.00,-0.429
TRACE 931323,42.12,41.00,-0.432
TRACE 933152,42.01,41.00,-0.436
TRACE 934964,41.90,41.00,-0.501
TRACE 936796,41.79,41.00,-0.504
TRACE 938609,41.68,41.00,-0.507
TRACE 940444,41.57,41.00,-0.511
TRACE 942262,41.46,41.00,-0.514
TRACE 944086,41.35,41.00,-0.517
TRACE 945938,41.24,41.00,-0.521
TRACE 947757,41.13,41.00,-0.524
TRACE 949599,41.02,41.00,-0.527
TRACE 951435,40.91,41.00,-0.531
TRACE 953248,40.81,41.00,-0.534
TRACE 955069,40.70,40.00,-0.445
TRACE 956903,40.59,40.00,-0.448
TRACE 958717,40.48,39.50,0.435
TRACE 960521,40.37,39.00,0.478
TRACE 962356,40.26,39.00,0.475
TRACE 964160,40.15,39.00,0.472
TRACE 965976,40.04,39.00,0.469
TRACE 967793,39.93,39.00,-0.437
TRACE 969625,39.82,39.00,-0.440
TRACE 971438,39.71,39.00,-0.475
TRACE 973248,39.61,39.00,-0.510
TRACE 975086,39.49,39.00,-0.513
TRACE 976908,39.39,39.00,-0.516
TRACE 978726,39.28,39.00,-0.520
TRACE 980526,39.17,39.00,-0.523
TRACE 982371,39.06,38.00,-0.434
TRACE 984200,38.95,38.00,-0.437
TRACE 986016,38.84,38.00,-0.440
TRACE 987857,38.73,37.00,0.489
TRACE 989670,38.62,37.00,0.486
TRACE 991469,38.51,37.00,0.483
TRACE 993280,38.40,37.00,0.480
TRACE 995087,38.29,37.00,-0.426
TRACE 996905,38.19,37.00,-0.429
TRACE 998746,38.08,37.00,-0.433
TRACE 1000585,37.96,36.50,-0.453
TRACE 1002412,37.86,36.50,-0.456
TRACE 1004234,37.75,36.00,0.427
TRACE 1006041,37.64,36.00,0.424
TRACE 1007844,37.53,36.00,0.421
TRACE 1009747,37.42,36.50,-0.469
TRACE 1011598,37.30,37.00,-0.519
TRACE 1013409,37.20,37.00,-0.553
TRACE 1015238,37.09,37.00,-0.557
TRACE 1017052,36.98,37.00,-0.591
TRACE 1018893,36.87,37.00,-0.594
TRACE 1020726,36.76,36.50,-0.551
TRACE 1022572,36.65,36.00,-0.477
TRACE 1024402,36.54,36.00,-0.449
TRACE 1026225,36.43,36.00,-0.453
TRACE 1028044,36.32,36.00,-0.456
TRACE 1029880,36.21,35.50,0.427
TRACE 1031693,36.10,35.00,0.470
TRACE 1033499,35.99,35.00,0.436
TRACE 1035317,35.88,35.00,-0.439
TRACE 1037155,35.77,35.00,-0.442
TRACE 1039069,35.66,35.00,-0.446
TRACE 1040882,35.55,35.00,-0.449
TRACE 1042706,35.44,35.00,-0.484
TRACE 1044535,35.33,35.00,-0.518
TRACE 1046362,35.22,35.00,-0.521
TRACE 1048189,35.11,35.00,-0.525
TRACE 1049999,35.00,35.00,-0.528
TRACE 1051815,34.89,35.00,-0.531
TRACE 1062885,34.23,35.00,-0.551
TRACE 1064747,34.12,34.50,-0.521
TRACE 1066569,34.01,34.50,-0.525
TRACE 1068419,33.89,34.00,-0.495
TRACE 1070240,33.79,34.00,-0.498
TRACE 1072070,33.68,34.00,-0.501
TRACE 1073893,33.57,34.00,-0.505
TRACE 1075741,33.46,34.00,-0.482
TRACE 1077569,33.35,33.00,-0.424
TRACE 1079406,33.24,33.00,-0.427
TRACE 1081234,33.13,33.00,-0.462
TRACE 1083068,33.02,32.50,0.421
TRACE 1084888,32.91,32.00,0.464
TRACE 1086740,32.80,32.00,0.460
TRACE 1088572,32.69,32.00,0.457
TRACE 1090378,32.58,32.00,-0.448
TRACE 1092192,32.47,31.50,0.435
TRACE 1094050,32.36,31.50,0.431
TRACE 1095855,32.25,31.50,-0.443
TRACE 1097695,32.14,32.00,-0.524
TRACE 1099656,32.02,32.00,-0.527
TRACE 1101497,31.91,32.00,-0.531
TRACE 1103320,31.80,31.50,-0.488
TRACE 1105149,31.69,31.00,-0.476
TRACE 1106972,31.58,31.00,-0.480
TRACE 1108779,31.47,31.00,-0.483
TRACE 1110614,31.36,31.00,-0.455
TRACE 1112448,31.25,31.00,-0.458
TRACE 1114289,31.14,31.00,-0.461
TRACE 1116124,31.03,31.00,-0.496
TRACE 1117944,30.92,31.00,-0.530
TRACE 1119774,30.81,30.00,-0.441
TRACE 1121618,30.70,30.00,-0.445
TRACE 1123452,30.59,29.50,0.438
TRACE 1125284,30.48,29.00,0.481
TRACE 1127070,30.38,29.00,0.478
TRACE 1128861,30.27,29.00,0.476
TRACE 1130665,30.16,29.00,0.473
TRACE 1132466,30.05,29.00,-0.433
TRACE 1134298,29.94,29.00,-0.437
TRACE 1136115,29.83,29.00,-0.471
TRACE 1137949,29.72,29.00,-0.506
TRACE 1139745,29.62,29.50,-0.556
TRACE 1141554,29.51,29.50,-0.559
TRACE 1143384,29.40,29.00,-0.516
TRACE 1145200,29.29,29.00,-0.519
TRACE 1147015,29.18,29.00,-0.523
TRACE 1148847,29.07,29.00,-0.526
TRACE 1150676,28.96,29.00,-0.529
TRACE 1152518,28.85,29.00,-0.501
TRACE 1154336,28.74,29.00,-0.505
TRACE 1156169,28.63,29.00,-0.539
TRACE 1158000,28.52,28.00,-0.450
TRACE 1159816,28.41,28.00,-0.453
TRACE 1161630,28.30,28.00,-0.456
TRACE 1163437,28.19,27.00,0.473
TRACE 1165271,28.08,27.00,0.470
TRACE 1167085,27.97,27.00,0.467
TRACE 1168896,27.87,26.50,0.510
TRACE 1170710,27.76,26.00,0.491
TRACE 1172522,27.65,26.00,0.487
TRACE 1174330,27.54,26.00,0.484
TRACE 1176132,27.43,27.00,-0.515
TRACE 1177972,27.32,27.00,-0.518
TRACE 1179813,27.21,27.00,-0.522
TRACE 1181624,27.10,27.00,-0.556
TRACE 1183455,26.99,27.00,-0.591
TRACE 1185405,26.88,27.00,-0.594
TRACE 1187225,26.77,27.00,-0.597
TRACE 1189063,26.66,26.00,-0.446
TRACE 1190901,26.55,26.00,-0.450
TRACE 1192734,26.44,26.00,-0.453
TRACE 1194562,26.33,25.50,0.430
TRACE 1196388,26.22,25.00,0.472
TRACE 1198204,26.11,25.00,0.470
TRACE 1200014,26.00,25.00,0.467
TRACE 1201827,25.89,25.00,-0.439
TRACE 1203671,25.78,25.00,-0.442
TRACE 1205493,25.67,25.00,-0.445
TRACE 1207301,25.56,25.00,-0.480
TRACE 1209115,25.45,25.00,-0.514
TRACE 1210945,25.34,25.00,-0.518
TRACE 1212764,25.23,25.00,-0.521
TRACE 1214671,25.12,25.00,-0.524
TRACE 1216500,25.01,25.00,-0.528
TRACE 1218329,24.90,25.00,-0.531
TRACE 1220155,24.79,24.50,-0.488
TRACE 1221983,24.68,24.00,-0.445
TRACE 1223799,24.57,24.00,-0.449
TRACE 1225639,24.46,24.00,-0.452
TRACE 1227471,24.35,24.00,-0.455
TRACE 1238519,23.69,22.50,0.438
TRACE 1240376,23.58,22.00,0.468
TRACE 1242216,23.47,22.00,0.447
TRACE 1244040,23.36,22.00,0.425
TRACE 1245842,23.25,21.50,0.455
TRACE 1247667,23.14,21.50,0.452
TRACE 1249521,23.03,21.50,0.449
TRACE 1251354,22.92,22.00,-0.469
TRACE 1253193,22.81,22.00,-0.504
TRACE 1255007,22.70,22.00,-0.507
TRACE 1256864,22.59,22.00,-0.510
TRACE 1258710,22.48,22.00,-0.545
TRACE 1260537,22.37,22.00,-0.548
TRACE 1262377,22.26,21.00,-0.459
TRACE 1264191,22.15,21.00,-0.431
TRACE 1266034,22.04,21.00,-0.435
TRACE 1267866,21.93,21.00,-0.438
TRACE 1269707,21.82,21.00,-0.441
TRACE 1271530,21.71,20.00,0.488
TRACE 1273358,21.60,20.00,0.485
TRACE 1275307,21.48,19.50,0.464
TRACE 1277126,21.37,19.00,0.507
TRACE 1278950,21.26,19.00,0.504
TRACE 1280773,21.15,19.50,0.455
TRACE 1282580,21.05,20.00,-0.434
TRACE 1284414,20.94,20.00,-0.500
TRACE 1286249,20.83,20.00,-0.503
TRACE 1288076,20.72,20.00,-0.538
TRACE 1289893,20.61,20.00,-0.572
TRACE 1291732,20.50,20.00,-0.576
TRACE 1293560,20.39,20.00,-0.548
TRACE 1295379,20.28,20.00,-0.520
TRACE 1297290,20.16,19.50,-0.477
TRACE 1299127,20.05,19.00,-0.434
TRACE 1300932,19.94,19.00,-0.437
TRACE 1302756,19.83,19.00,-0.441
TRACE 1304589,19.72,19.00,-0.444
TRACE 1306413,19.62,18.50,0.439
TRACE 1308219,19.51,18.00,0.482
TRACE 1310012,19.40,18.00,0.448
TRACE 1311818,19.29,18.00,-0.426
TRACE 1313637,19.18,18.00,-0.430
TRACE 1315459,19.07,18.00,-0.433
TRACE 1317284,18.96,18.00,-0.436
TRACE 1319097,18.85,18.00,-0.471
TRACE 1320929,18.74,17.50,-0.459
TRACE 1322773,18.63,17.00,0.424
TRACE 1324594,18.52,17.00,0.420
TRACE 1326390,18.42,17.00,-0.423
TRACE 1328213,18.31,17.00,-0.426
TRACE 1330046,18.20,17.00,-0.429
TRACE 1331851,18.09,17.00,-0.433
TRACE 1333652,17.98,17.00,-0.467
TRACE 1335481,17.87,16.50,-0.455
TRACE 1337298,17.76,16.00,0.428
TRACE 1339108,17.65,16.00,0.425
TRACE 1340936,17.54,16.00,0.421
TRACE 1342743,17.44,16.00,-0.422
TRACE 1344569,17.33,16.00,-0.425
TRACE 1346406,17.22,16.00,-0.429
TRACE 1348239,17.11,16.00,-0.463
TRACE 1350063,17.00,16.00,-0.498
TRACE 1351895,16.89,15.50,-0.455
TRACE 1353725,16.78,15.00,0.428
TRACE 1355533,16.67,15.00,0.425
TRACE 1357331,16.56,15.00,0.421
TRACE 1359146,16.45,15.00,-0.422
TRACE 1361054,16.34,15.00,-0.425
TRACE 1362884,16.23,15.00,-0.429
TRACE 1364713,16.12,15.00,-0.463
TRACE 1366547,16.01,15.00,-0.498
TRACE 1368364,15.90,15.00,-0.501
TRACE 1370212,15.79,15.00,-0.504
TRACE 1372038,15.68,15.00,-0.508
TRACE 1373854,15.57,15.00,-0.511
TRACE 1375691,15.46,15.00,-0.514
TRACE 1377503,15.35,14.50,-0.471
TRACE 1379333,15.24,14.50,-0.475
TRACE 1381162,15.13,14.00,-0.432
TRACE 1382958,15.02,14.00,-0.435
TRACE 1384771,14.91,14.00,-0.438
TRACE 1386597,14.80,14.00,-0.441
TRACE 1388427,14.69,14.00,-0.444
TRACE 1390333,14.58,13.00,0.453
TRACE 1392152,14.47,13.00,0.450
TRACE 1393950,14.36,13.00,-0.425
TRACE 1395777,14.25,13.00,-0.428
TRACE 1397574,14.15,13.00,-0.431
TRACE 1399417,14.03,13.00,-0.435
TRACE 1401241,13.93,13.00,-0.438
TRACE 1403093,13.81,12.50,-0.457
TRACE 1404929,13.70,12.00,0.426
TRACE 1416070,13.04,11.00,0.445
TRACE 1417908,12.93,10.50,0.475
TRACE 1419731,12.82,10.00,0.505
TRACE 1421558,12.71,10.00,0.502
TRACE 1423390,12.60,10.00,0.498
TRACE 1425227,12.49,10.00,0.477
TRACE 1427040,12.38,10.00,0.456
TRACE 1428872,12.27,10.00,0.443
TRACE 1430686,12.16,10.00,-0.432
TRACE 1432535,12.05,10.00,-0.467
TRACE 1434361,11.94,10.00,-0.470
TRACE 1436216,11.83,10.00,-0.473
TRACE 1438042,11.72,10.00,-0.476
TRACE 1439864,11.61,10.00,-0.480
TRACE 1441688,11.50,10.00,-0.483
TRACE 1443516,11.39,9.50,-0.440
TRACE 1445350,11.28,9.00,0.443
TRACE 1447171,11.17,9.00,0.440
TRACE 1448997,11.06,9.00,0.436
TRACE 1450810,10.95,9.00,0.433
TRACE 1452657,10.84,9.00,0.430
TRACE 1454481,10.73,9.00,0.426
TRACE 1456278,10.62,9.00,-0.448
TRACE 1458089,10.51,9.00,-0.483
TRACE 1459929,10.40,9.00,-0.486
TRACE 1461759,10.29,9.00,-0.489
TRACE 1463592,10.18,9.00,-0.492
TRACE 1465394,10.08,9.00,-0.496
TRACE 1467236,9.97,9.00,-0.499
TRACE 1469080,9.86,9.00,-0.502
TRACE 1470898,9.75,9.00,-0.506
TRACE 1472817,9.63,9.00,-0.509
TRACE 1474620,9.52,9.00,-0.512
TRACE 1476435,9.41,9.00,-0.516
TRACE 1478261,9.30,9.00,-0.519
TRACE 1480074,9.20,8.00,-0.430
TRACE 1481890,9.09,8.00,-0.433
TRACE 1483724,8.98,8.00,-0.426
TRACE 1485617,8.86,7.00,0.504
TRACE 1487480,8.75,7.00,0.500
TRACE 1489355,8.64,7.00,0.497
TRACE 1491247,8.53,7.00,0.494
TRACE 1493131,8.42,6.50,0.475
TRACE 1495019,8.31,6.50,0.472
TRACE 1496897,8.20,7.00,0.424
TRACE 1498780,8.10,7.00,-0.480
TRACE 1500672,7.99,7.00,-0.482
TRACE 1502564,7.88,7.00,-0.485
TRACE 1504475,7.78,7.00,-0.487
TRACE 1506361,7.67,7.00,-0.520
TRACE 1508265,7.57,7.00,-0.522
TRACE 1510169,7.46,6.50,-0.449
TRACE 1512051,7.36,6.00,0.433
TRACE 1513947,7.26,6.00,0.431
TRACE 1515833,7.16,6.00,0.429
TRACE 1517721,7.05,6.00,0.426
TRACE 1519605,6.96,6.00,0.424
TRACE 1521488,6.86,6.00,0.422
TRACE 1523361,6.76,6.00,-0.451
TRACE 1525251,6.66,7.00,-0.574
TRACE 1527132,6.56,7.00,-0.576
TRACE 1529023,6.47,7.00,-0.578
TRACE 1530930,6.37,7.00,-0.580
TRACE 1532826,6.28,7.00,-0.582
TRACE 1534748,6.18,7.00,-0.584
TRACE 1536681,6.08,6.00,-0.496
TRACE 1538592,5.99,6.00,-0.438
TRACE 1540490,5.90,6.00,-0.441
TRACE 1542389,5.81,6.00,-0.443
TRACE 1544261,5.72,5.00,0.485
TRACE 1546151,5.63,5.00,0.483
TRACE 1548030,5.54,5.00,0.482
TRACE 1549907,5.45,5.00,-0.420
TRACE 1551802,5.36,5.00,-0.422
TRACE 1553708,5.27,5.00,-0.424
TRACE 1555587,5.19,5.00,-0.426
TRACE 1557472,5.10,5.00,-0.488
TRACE 1559356,5.02,5.00,-0.490
TRACE 1561251,4.93,5.00,-0.492
TRACE 1563217,4.85,5.00,-0.494
TRACE 1565109,4.76,5.00,-0.496
TRACE 1567030,4.68,5.00,-0.498
TRACE 1568937,4.60,5.00,-0.499
TRACE 1570833,4.52,4.50,-0.456
TRACE 1572736,4.44,4.50,-0.458
TRACE 1574632,4.36,4.00,0.425
TRACE 1576512,4.28,4.00,0.424
TRACE 1587733,3.83,5.00,-0.516
TRACE 1589666,3.75,5.00,-0.517
TRACE 1591593,3.68,5.00,-0.519
TRACE 1593489,3.60,5.00,-0.538
TRACE 1595403,3.53,5.00,-0.539
TRACE 1597298,3.46,5.00,-0.558
TRACE 1599225,3.39,5.00,-0.560
TRACE 1601128,3.32,5.00,-0.526
TRACE 1603046,3.25,5.00,-0.527
TRACE 1604933,3.18,4.00,-0.439
TRACE 1606844,3.11,4.00,-0.440
TRACE 1608792,3.05,4.00,-0.442
TRACE 1610673,2.98,3.00,0.487
TRACE 1612548,2.92,3.00,0.486
TRACE 1614435,2.85,3.00,0.485
TRACE 1616312,2.79,3.00,0.484
TRACE 1618197,2.73,3.00,0.423
TRACE 1620055,2.67,3.00,0.422
TRACE 1621979,2.60,3.00,0.421
TRACE 1623853,2.54,3.00,-0.481
TRACE 1625745,2.48,3.00,-0.482
TRACE 1627633,2.42,3.50,-0.529
TRACE 1629509,2.37,4.00,-0.575
TRACE 1631401,2.31,4.00,-0.576
TRACE 1633299,2.25,3.50,-0.532
TRACE 1635189,2.19,3.00,-0.487
TRACE 1637071,2.14,3.00,-0.488
TRACE 1638986,2.08,3.00,-0.489
TRACE 1640974,2.03,3.00,-0.460
TRACE 1642860,1.97,2.50,0.454
TRACE 1644752,1.92,2.00,0.498
TRACE 1646682,1.87,2.00,0.466
TRACE 1648585,1.82,1.50,0.481
TRACE 1650499,1.76,1.00,0.104
TRACE 1652336,1.72,1.00,0.104
TRACE 1654201,1.67,1.00,0.105
TRACE 1656049,1.62,1.50,0.448
TRACE 1657959,1.57,2.00,-0.468
TRACE 1659901,1.52,2.00,-0.469
TRACE 1661834,1.48,2.00,-0.500
TRACE 1663752,1.43,2.00,-0.531
TRACE 1665655,1.38,2.00,-0.531
TRACE 1667579,1.34,1.50,-0.486
TRACE 1669549,1.29,1.00,0.008
TRACE 1671419,1.25,1.00,0.037
TRACE 1673252,1.21,1.00,0.037
TRACE 1675093,1.17,1.00,0.037
TRACE 1676950,1.13,1.00,0.036
TRACE 1678792,1.09,1.00,0.036
TRACE 1680636,1.05,1.00,0.005
TRACE 1682502,1.02,1.00,-0.026
TRACE 1684382,0.98,1.00,-0.026
TRACE 1686247,0.94,1.00,-0.027
TRACE 1688108,0.91,1.00,-0.027
TRACE 1689977,0.87,1.00,-0.027
TRACE 1691853,0.84,1.00,-0.028
TRACE 1693744,0.80,1.00,-0.028
TRACE 1695646,0.77,1.00,-0.029
TRACE 1697522,0.74,1.00,-0.029
TRACE 1699406,0.70,1.00,-0.029
TRACE 1701284,0.67,1.00,-0.029
TRACE 1703282,0.64,1.00,-0.030
TRACE 1705173,0.61,1.00,-0.030
TRACE 1707049,0.58,1.00,-0.030
TRACE 1708947,0.55,1.50,-0.495
TRACE 1710873,0.53,2.00,-0.540
TRACE 1712789,0.50,2.00,-0.540
TRACE 1714711,0.47,2.00,-0.540
TRACE 1716656,0.44,1.50,-0.496
TRACE 1718609,0.42,1.00,-0.031
TRACE 1720481,0.40,1.00,-0.031
TRACE 1722350,0.37,1.00,-0.001
TRACE 1724219,0.35,1.00,0.029
TRACE 1726083,0.33,1.00,0.029
TRACE 1727936,0.31,1.00,0.030
TRACE 1729786,0.29,1.00,-0.000
TRACE 1731710,0.27,1.00,-0.031
TRACE 1733580,0.25,1.00,-0.030
TRACE 1735432,0.23,1.00,-0.030
TRACE 1737321,0.21,1.50,-0.496
TRACE 1739264,0.19,2.00,-0.541
TRACE 1741153,0.18,2.00,-0.540
TRACE 1743074,0.16,2.00,-0.540
TRACE 1754232,0.08,1.00,-0.028
TRACE 1756130,0.07,1.00,-0.028
TRACE 1758011,0.06,0.00,0.038
TRACE 1759841,0.06,0.00,0.056
TRACE 1761648,0.05,0.00,0.075
TRACE 1763473,0.04,0.00,0.076
TRACE 1765290,0.03,-0.50,0.110
TRACE 1767137,0.03,-0.50,0.113
TRACE 1768964,0.02,-0.50,0.114
TRACE 1770791,0.02,0.00,0.006
TRACE 1772628,0.01,0.00,0.006
TRACE 1774469,0.01,0.00,0.007
TRACE 1776294,0.00,0.00,0.008
TRACE 1778153,0.00,0.00,-0.023
TRACE 1779971,0.00,0.00,-0.022
TRACE 1781815,0.00,0.00,-0.022
TRACE 1783660,0.00,0.00,0.000
TRACE 1785268,0.00,0.00,0.000
TRACE 1786875,0.00,0.00,0.000
TRACE 1788477,0.00,0.00,0.000
TRACE 1790077,0.00,0.00,0.000
TRACE 1791818,0.00,0.00,0.000
TRACE 1793501,0.00,0.00,0.000
TRACE 1795091,0.00,0.00,0.000
TRACE 1796686,0.00,0.00,0.000
TRACE 1798276,0.00,0.00,0.000
TRACE 1799861,0.00,0.00,0.000
TRACE 1801444,0.00,0.00,0.000
TRACE 1803037,0.00,0.00,0.000
TRACE 1804638,0.00,0.00,0.000
TRACE 1806220,0.00,0.00,0.000
TRACE 1807804,0.00,0.00,0.000
TRACE 1809382,0.00,0.00,0.000
TRACE 1810991,0.00,0.00,0.000
TRACE 1812573,0.00,0.00,0.000
TRACE 1814151,0.00,0.00,0.000
TRACE 1815733,0.00,0.00,0.000
TRACE 1817322,0.00,0.00,0.000
TRACE 1818892,0.00,0.00,0.000
TRACE 1820509,0.00,0.00,0.000
TRACE 1822122,0.00,0.00,0.000
TRACE 1823720,0.00,0.00,0.000
TRACE 1825313,0.00,0.00,0.000
TRACE 1826885,0.00,0.00,0.000
TRACE 1828476,0.00,0.00,0.000
TRACE 1830062,0.00,0.00,0.000
TRACE 1831652,0.00,0.00,0.000
TRACE 1833205,0.00,0.00,0.000
TRACE 1834796,0.00,0.00,0.000
TRACE 1836381,0.00,0.00,0.000
TRACE 1837965,0.00,0.00,0.000
TRACE 1839557,0.00,0.00,0.000
TRACE 1841168,0.00,0.00,0.000
TRACE 1842749,0.00,0.00,0.000
>>> 