arm_test.cmd_trace(arm, [])
TRACE t_us,ref_deg,pos_deg,duty
TRACE 909,0.00,0.00,0.470
TRACE 2896,0.00,0.00,0.471
TRACE 4701,0.00,0.00,0.472
TRACE 6469,0.00,0.00,0.472
TRACE 8243,0.01,0.00,0.473
TRACE 9999,0.01,0.00,0.474
TRACE 11747,0.01,0.00,0.475
TRACE 13507,0.02,0.00,0.475
TRACE 15266,0.02,0.50,-0.491
TRACE 17080,0.03,1.00,-0.538
TRACE 18898,0.04,1.00,-0.536
TRACE 20682,0.04,1.00,-0.536
TRACE 22475,0.05,0.00,0.480
TRACE 24201,0.06,0.00,0.480
TRACE 25999,0.07,0.00,0.481
TRACE 27762,0.08,0.00,0.514
TRACE 29520,0.09,0.00,0.548
TRACE 31262,0.10,0.00,0.549
TRACE 33007,0.11,0.00,0.550
TRACE 34759,0.12,0.00,0.486
TRACE 36503,0.13,0.00,0.487
TRACE 38274,0.15,0.00,0.488
TRACE 40057,0.16,1.00,-0.526
TRACE 41891,0.18,1.00,-0.524
TRACE 43679,0.19,1.00,-0.523
TRACE 45464,0.21,1.00,-0.522
TRACE 47230,0.22,1.00,-0.520
TRACE 49015,0.24,1.00,-0.519
TRACE 50783,0.26,1.00,-0.518
TRACE 52557,0.28,1.00,0.467
TRACE 54329,0.30,0.00,0.563
TRACE 56073,0.31,0.00,0.564
TRACE 57794,0.33,0.00,0.566
TRACE 59547,0.35,0.00,0.567
TRACE 61273,0.38,0.00,0.569
TRACE 63100,0.40,0.00,0.570
TRACE 64836,0.42,0.00,0.571
TRACE 66563,0.44,0.00,0.507
TRACE 68320,0.47,0.00,0.509
TRACE 70053,0.49,1.00,-0.505
TRACE 71823,0.52,1.00,-0.504
TRACE 73620,0.54,1.00,-0.502
TRACE 75408,0.57,1.00,-0.501
TRACE 77193,0.60,1.00,-0.499
TRACE 78984,0.62,1.00,-0.497
TRACE 80777,0.65,1.00,-0.496
TRACE 82542,0.68,1.00,0.490
TRACE 84302,0.71,1.00,0.492
TRACE 86052,0.74,1.00,0.493
TRACE 87830,0.77,1.00,0.495
TRACE 89612,0.80,0.50,0.544
TRACE 91345,0.83,0.50,0.545
TRACE 93107,0.87,1.00,0.500
TRACE 94886,0.90,1.00,0.501
TRACE 96664,0.93,1.00,0.503
TRACE 98434,0.97,1.00,0.505
TRACE 100192,1.00,1.00,0.506
TRACE 101951,1.04,1.00,0.475
TRACE 103730,1.08,1.50,-0.490
TRACE 105525,1.11,2.00,-0.503
TRACE 107309,1.15,2.00,-0.501
TRACE 109081,1.19,2.00,-0.499
TRACE 110882,1.23,2.00,-0.497
TRACE 112663,1.27,2.00,-0.496
TRACE 114463,1.31,2.00,-0.493
TRACE 116241,1.35,2.00,0.460
TRACE 118022,1.39,1.00,0.588
TRACE 119796,1.44,1.00,0.590
TRACE 121560,1.48,1.00,0.592
TRACE 123330,1.52,1.00,0.594
TRACE 125110,1.57,1.00,0.596
TRACE 126877,1.61,1.00,0.598
TRACE 128641,1.65,2.00,0.506
TRACE 130460,1.70,2.00,-0.476
TRACE 132251,1.75,2.00,-0.474
TRACE 134049,1.80,3.00,-0.566
TRACE 135837,1.85,3.00,-0.564
TRACE 137640,1.89,3.00,-0.561
TRACE 139409,1.94,3.00,-0.559
TRACE 141201,1.99,3.00,-0.493
TRACE 142978,2.04,2.50,0.476
TRACE 144733,2.09,2.00,0.525
TRACE 146493,2.15,2.00,0.591
TRACE 148266,2.20,2.00,0.594
TRACE 150038,2.25,2.00,0.596
TRACE 151796,2.30,2.00,0.598
TRACE 153551,2.36,2.00,0.601
TRACE 155330,2.41,2.00,0.571
TRACE 157097,2.47,2.00,0.541
TRACE 158874,2.52,2.00,0.543
TRACE 160683,2.58,2.00,0.545
TRACE 162490,2.64,2.00,0.548
TRACE 164272,2.70,2.50,0.503
TRACE 166042,2.76,3.00,-0.462
TRACE 167809,2.82,3.00,0.461
TRACE 169584,2.88,3.00,0.463
TRACE 171345,2.94,3.00,0.466
TRACE 173114,3.00,4.00,-0.546
TRACE 174890,3.06,4.00,-0.544
TRACE 176685,3.12,4.00,-0.509
TRACE 187783,3.53,3.00,0.553
TRACE 189558,3.59,3.00,0.556
TRACE 191329,3.66,3.00,0.559
TRACE 193103,3.73,3.00,0.561
TRACE 194853,3.80,3.00,0.601
TRACE 196630,3.87,3.00,0.604
TRACE 198417,3.94,3.00,0.606
TRACE 200204,4.01,3.00,0.572
TRACE 201956,4.08,3.00,0.575
TRACE 203723,4.15,4.00,0.483
TRACE 205491,4.22,4.00,0.486
TRACE 207255,4.30,4.00,0.489
TRACE 209034,4.37,5.00,-0.523
TRACE 210847,4.45,5.00,-0.519
TRACE 212664,4.52,5.50,-0.563
TRACE 214446,4.60,6.00,-0.607
TRACE 216240,4.68,6.00,-0.540
TRACE 218016,4.75,6.00,-0.537
TRACE 219827,4.83,6.00,-0.533
TRACE 221606,4.91,5.50,0.500
TRACE 223364,4.99,5.00,0.550
TRACE 225278,5.08,5.00,0.585
TRACE 227053,5.16,5.00,0.620
TRACE 228858,5.24,5.00,0.623
TRACE 230612,5.32,5.00,0.626
TRACE 232373,5.40,5.00,0.629
TRACE 234127,5.48,5.00,0.601
TRACE 235898,5.56,5.00,0.572
TRACE 237661,5.65,5.00,0.575
TRACE 239431,5.73,5.50,0.531
TRACE 241200,5.82,6.00,0.487
TRACE 242961,5.90,6.00,0.490
TRACE 244725,5.99,6.00,0.493
TRACE 246500,6.08,7.00,-0.518
TRACE 248395,6.17,7.00,-0.514
TRACE 250179,6.26,7.00,-0.510
TRACE 251974,6.35,7.00,-0.474
TRACE 253748,6.44,7.00,0.481
TRACE 255520,6.53,7.00,0.484
TRACE 257295,6.62,7.00,0.488
TRACE 259062,6.71,7.00,0.555
TRACE 260863,6.80,7.00,0.558
TRACE 262629,6.90,7.50,0.514
TRACE 264404,6.99,8.00,0.471
TRACE 266172,7.08,8.00,0.474
TRACE 267932,7.18,8.00,0.477
TRACE 269695,7.27,9.00,-0.534
TRACE 271489,7.37,9.00,-0.530
TRACE 273285,7.47,9.00,-0.526
TRACE 275076,7.57,9.00,-0.490
TRACE 276856,7.66,9.00,0.465
TRACE 278605,7.76,9.00,0.469
TRACE 280382,7.86,9.00,0.473
TRACE 282164,7.96,9.00,0.540
TRACE 283925,8.06,9.00,0.544
TRACE 285697,8.16,9.00,0.548
TRACE 287462,8.26,9.00,0.551
TRACE 289242,8.37,10.00,0.461
TRACE 291012,8.47,10.00,0.464
TRACE 292796,8.57,11.00,-0.546
TRACE 294593,8.68,11.00,-0.542
TRACE 296378,8.78,11.00,-0.538
TRACE 298161,8.89,11.00,-0.534
TRACE 299949,9.00,11.00,-0.530
TRACE 301731,9.10,11.00,-0.473
TRACE 303551,9.21,11.00,-0.469
TRACE 305347,9.32,11.00,0.518
TRACE 307181,9.43,11.00,0.521
TRACE 308976,9.54,11.00,0.524
TRACE 310768,9.65,11.00,0.527
TRACE 312573,9.75,11.50,0.484
TRACE 314391,9.86,12.00,-0.479
TRACE 316244,9.97,12.00,-0.476
TRACE 318068,10.08,12.00,-0.472
TRACE 319884,10.19,12.00,-0.469
TRACE 321702,10.30,12.00,-0.466
TRACE 323514,10.41,12.00,-0.462
TRACE 325335,10.52,12.00,0.492
TRACE 327141,10.63,11.00,0.620
TRACE 328949,10.74,11.00,0.623
TRACE 330755,10.85,11.00,0.626
TRACE 332577,10.95,11.00,0.630
TRACE 334368,11.06,11.00,0.633
TRACE 336166,11.17,12.00,0.543
TRACE 337979,11.28,12.00,0.546
TRACE 339798,11.39,12.00,0.486
TRACE 341624,11.50,13.00,-0.523
TRACE 343469,11.61,13.00,-0.520
TRACE 345370,11.72,13.00,-0.515
TRACE 347186,11.83,13.00,-0.512
TRACE 349024,11.94,14.00,-0.538
TRACE 350840,12.05,14.00,-0.535
TRACE 352658,12.16,13.50,-0.486
TRACE 354483,12.27,13.00,0.546
TRACE 356284,12.38,13.00,0.549
TRACE 358096,12.49,13.00,0.553
TRACE 369170,13.15,14.00,0.506
TRACE 370995,13.26,14.00,0.546
TRACE 372839,13.37,14.00,0.549
TRACE 374671,13.48,15.00,0.468
TRACE 376457,13.59,15.00,-0.467
TRACE 378289,13.70,15.00,-0.464
TRACE 380125,13.81,16.00,-0.527
TRACE 381944,13.92,16.00,-0.540
TRACE 383778,14.03,16.00,-0.536
TRACE 385609,14.14,16.00,-0.533
TRACE 387441,14.25,16.00,-0.467
TRACE 389282,14.36,15.50,0.503
TRACE 391106,14.47,15.00,0.552
TRACE 392943,14.58,15.00,0.618
TRACE 394760,14.69,15.00,0.621
TRACE 396574,14.79,15.00,0.624
TRACE 398384,14.90,15.00,0.628
TRACE 400201,15.01,15.00,0.631
TRACE 402010,15.12,15.00,0.603
TRACE 403800,15.23,15.00,0.575
TRACE 405616,15.34,15.00,0.578
TRACE 407460,15.45,16.00,0.488
TRACE 409262,15.56,16.00,0.492
TRACE 411065,15.66,16.00,0.495
TRACE 412873,15.77,17.00,-0.515
TRACE 414682,15.88,17.00,-0.512
TRACE 416493,15.99,17.00,-0.508
TRACE 418322,16.10,17.00,-0.505
TRACE 420143,16.21,17.00,0.481
TRACE 421947,16.32,17.00,0.484
TRACE 423737,16.42,17.00,0.488
TRACE 425535,16.53,17.00,0.554
TRACE 427356,16.64,17.50,0.511
TRACE 429192,16.75,18.00,0.468
TRACE 431007,16.86,18.00,0.471
TRACE 432835,16.97,18.00,0.474
TRACE 434628,17.08,19.00,-0.536
TRACE 436453,17.19,19.00,-0.532
TRACE 438269,17.30,19.00,-0.529
TRACE 440087,17.41,19.00,-0.494
TRACE 441911,17.51,19.00,0.461
TRACE 443719,17.62,19.00,0.464
TRACE 445548,17.73,19.00,0.467
TRACE 447358,17.84,19.00,0.533
TRACE 449167,17.95,19.00,0.537
TRACE 450978,18.06,19.00,0.540
TRACE 452777,18.17,19.00,0.543
TRACE 454577,18.27,19.50,0.500
TRACE 456374,18.38,20.00,-0.464
TRACE 458189,18.49,20.00,-0.461
TRACE 460026,18.60,21.00,-0.550
TRACE 461824,18.71,21.00,-0.547
TRACE 463658,18.82,21.00,-0.544
TRACE 465478,18.93,21.00,-0.540
TRACE 467299,19.04,20.50,0.461
TRACE 469126,19.15,20.00,0.542
TRACE 470932,19.26,20.00,0.546
TRACE 472758,19.37,20.00,0.612
TRACE 474567,19.47,20.00,0.615
TRACE 476368,19.58,20.00,0.618
TRACE 478154,19.69,20.00,0.622
TRACE 479951,19.80,20.00,0.594
TRACE 481747,19.90,20.00,0.565
TRACE 483554,20.01,21.00,0.475
TRACE 485345,20.12,21.00,0.478
TRACE 487165,20.23,21.00,0.481
TRACE 488962,20.34,21.00,0.485
TRACE 490775,20.45,22.00,-0.525
TRACE 492599,20.56,22.00,-0.522
TRACE 494563,20.67,22.00,-0.517
TRACE 496402,20.78,23.00,-0.543
TRACE 498216,20.89,23.00,-0.540
TRACE 500036,21.00,23.00,-0.536
TRACE 501845,21.11,22.50,-0.487
TRACE 503646,21.22,22.00,0.545
TRACE 505457,21.33,22.00,0.548
TRACE 507248,21.43,22.00,0.551
TRACE 509068,21.54,22.00,0.617
TRACE 510867,21.65,21.50,0.667
TRACE 512688,21.76,21.50,0.671
TRACE 514502,21.87,22.00,0.596
TRACE 516303,21.98,22.00,0.567
TRACE 518103,22.09,22.00,0.571
TRACE 519892,22.19,22.00,0.574
TRACE 521700,22.30,22.00,0.577
TRACE 523608,22.42,23.00,-0.464
TRACE 525398,22.52,23.00,-0.461
TRACE 527201,22.63,23.00,0.494
TRACE 529011,22.74,23.50,-0.469
TRACE 530832,22.85,24.00,-0.512
TRACE 532659,22.96,24.00,-0.509
TRACE 534479,23.07,24.00,-0.505
TRACE 536304,23.18,24.00,0.480
TRACE 538117,23.29,24.00,0.484
TRACE 549254,23.96,23.00,0.597
TRACE 551082,24.06,23.50,0.585
TRACE 552889,24.17,24.00,0.573
TRACE 554720,24.28,24.00,0.576
TRACE 556539,24.39,24.00,0.580
TRACE 558376,24.50,24.00,0.583
TRACE 560207,24.61,24.00,0.586
TRACE 562027,24.72,25.00,-0.486
TRACE 563880,24.83,25.00,0.469
TRACE 565679,24.94,25.00,0.504
TRACE 567499,25.05,26.00,-0.506
TRACE 569306,25.16,26.00,-0.503
TRACE 571135,25.27,26.00,-0.499
TRACE 572964,25.38,26.00,-0.496
TRACE 574791,25.49,26.50,-0.476
TRACE 576620,25.60,27.00,-0.520
TRACE 578436,25.71,27.00,-0.516
TRACE 580272,25.82,27.00,0.470
TRACE 582098,25.93,26.50,0.520
TRACE 583908,26.03,26.50,0.523
TRACE 585842,26.15,26.50,0.526
TRACE 587673,26.26,27.00,0.515
TRACE 589475,26.37,27.00,0.549
TRACE 591271,26.48,27.00,0.552
TRACE 593051,26.58,27.00,0.555
TRACE 594873,26.69,27.00,0.527
TRACE 596666,26.80,27.00,0.531
TRACE 598477,26.91,28.00,-0.480
TRACE 600302,27.02,28.00,0.475
TRACE 602094,27.13,28.00,0.478
TRACE 603909,27.23,29.00,-0.532
TRACE 605748,27.34,29.00,-0.528
TRACE 607661,27.46,29.00,-0.523
TRACE 609492,27.57,29.00,-0.520
TRACE 611313,27.68,29.00,0.466
TRACE 613149,27.79,29.00,0.469
TRACE 614965,27.90,29.00,0.473
TRACE 616781,28.01,29.00,0.538
TRACE 618576,28.11,29.00,0.541
TRACE 620407,28.22,29.00,0.545
TRACE 622202,28.33,29.00,0.548
TRACE 624013,28.44,29.50,0.505
TRACE 625818,28.55,30.00,0.461
TRACE 627610,28.66,30.00,0.464
TRACE 629425,28.77,31.00,-0.546
TRACE 631256,28.88,31.00,-0.542
TRACE 633095,28.99,31.00,-0.539
TRACE 634910,29.09,31.00,-0.535
TRACE 636739,29.20,31.00,-0.500
TRACE 638554,29.31,31.50,-0.512
TRACE 640375,29.42,31.50,-0.508
TRACE 642197,29.53,31.50,0.478
TRACE 643997,29.64,31.00,0.527
TRACE 645804,29.75,31.00,0.530
TRACE 647597,29.86,31.50,0.487
TRACE 649387,29.96,32.00,-0.476
TRACE 651195,30.07,32.00,0.479
TRACE 653032,30.18,32.00,0.482
TRACE 654845,30.29,32.00,0.485
TRACE 656647,30.40,32.00,-0.463
TRACE 658463,30.51,32.00,0.460
TRACE 660279,30.62,32.00,0.495
TRACE 662069,30.72,32.00,0.530
TRACE 663888,30.83,32.00,0.533
TRACE 665688,30.94,32.00,0.536
TRACE 667501,31.05,32.00,0.540
TRACE 669299,31.16,32.00,0.543
TRACE 671099,31.27,32.00,0.546
TRACE 672944,31.38,32.00,0.549
TRACE 674779,31.49,32.50,0.506
TRACE 676582,31.59,33.00,0.463
TRACE 678397,31.70,33.00,0.466
TRACE 680207,31.81,33.00,0.469
TRACE 682020,31.92,33.50,-0.494
TRACE 683857,32.03,34.00,-0.536
TRACE 685672,32.14,34.00,-0.533
TRACE 687503,32.25,34.00,-0.499
TRACE 689327,32.36,34.00,-0.464
TRACE 691151,32.47,34.00,-0.461
TRACE 692955,32.58,34.00,0.463
TRACE 694780,32.69,34.00,0.497
TRACE 696591,32.80,34.00,0.532
TRACE 698404,32.90,34.00,0.535
TRACE 700208,33.01,34.00,0.538
TRACE 702026,33.12,34.00,0.542
TRACE 703844,33.23,34.00,0.545
TRACE 705661,33.34,34.00,0.548
TRACE 707462,33.45,34.50,0.505
TRACE 709282,33.56,35.00,0.462
TRACE 711103,33.67,35.00,0.465
TRACE 712894,33.77,35.00,0.468
TRACE 714705,33.88,36.00,-0.542
TRACE 716515,33.99,36.00,-0.539
TRACE 727603,34.66,37.00,-0.532
TRACE 729434,34.77,37.00,-0.510
TRACE 731252,34.88,36.00,0.498
TRACE 733054,34.98,36.00,0.501
TRACE 734866,35.09,36.00,0.504
TRACE 736683,35.20,36.00,0.544
TRACE 738486,35.31,36.00,0.547
TRACE 740311,35.42,36.00,0.614
TRACE 742135,35.53,36.00,0.617
TRACE 743948,35.64,37.00,0.464
TRACE 745769,35.75,37.00,0.467
TRACE 747573,35.85,37.00,0.471
TRACE 749384,35.96,37.50,-0.493
TRACE 751250,36.08,38.00,-0.535
TRACE 753062,36.18,38.00,-0.532
TRACE 754882,36.29,39.00,-0.621
TRACE 756707,36.40,39.00,-0.555
TRACE 758552,36.51,39.00,-0.552
TRACE 760412,36.62,39.00,-0.548
TRACE 762243,36.73,38.50,-0.467
TRACE 764052,36.84,38.00,0.533
TRACE 765893,36.95,38.00,0.537
TRACE 767694,37.06,38.00,0.602
TRACE 769502,37.17,38.00,0.606
TRACE 771319,37.28,38.00,0.609
TRACE 773105,37.39,38.00,0.613
TRACE 774902,37.49,38.00,0.584
TRACE 776713,37.60,39.00,0.463
TRACE 778532,37.71,39.00,0.466
TRACE 780359,37.82,39.00,0.469
TRACE 782164,37.93,39.50,-0.494
TRACE 783992,38.04,40.00,-0.537
TRACE 785810,38.15,40.00,-0.533
TRACE 787651,38.26,41.00,-0.622
TRACE 789487,38.37,41.00,-0.556
TRACE 791322,38.48,41.00,-0.553
TRACE 793153,38.59,41.00,-0.549
TRACE 794977,38.70,40.50,-0.468
TRACE 796812,38.81,40.00,0.532
TRACE 798621,38.92,40.00,0.536
TRACE 800441,39.03,39.50,0.648
TRACE 802235,39.13,39.00,0.698
TRACE 804047,39.24,39.00,0.701
TRACE 805847,39.35,39.50,0.658
TRACE 807654,39.46,40.00,0.583
TRACE 809459,39.57,40.00,0.555
TRACE 811249,39.67,41.00,0.465
TRACE 813054,39.78,41.00,-0.484
TRACE 814885,39.89,41.00,-0.512
TRACE 816717,40.00,41.50,-0.555
TRACE 818533,40.11,42.00,-0.566
TRACE 820353,40.22,42.00,-0.531
TRACE 822154,40.33,42.00,-0.528
TRACE 823979,40.44,42.00,-0.462
TRACE 825815,40.55,42.00,0.462
TRACE 827633,40.66,41.50,0.511
TRACE 829438,40.77,41.00,0.592
TRACE 831255,40.88,41.00,0.627
TRACE 833060,40.98,41.00,0.630
TRACE 834864,41.09,41.50,0.587
TRACE 836669,41.20,42.00,0.544
TRACE 838479,41.31,42.00,0.547
TRACE 840297,41.42,42.00,0.519
TRACE 842099,41.53,42.50,-0.476
TRACE 843914,41.63,43.00,-0.519
TRACE 845739,41.74,43.00,-0.516
TRACE 847570,41.85,43.00,-0.481
TRACE 849398,41.96,43.00,0.474
TRACE 851204,42.07,43.50,-0.489
TRACE 853056,42.18,43.50,-0.486
TRACE 854885,42.29,43.50,0.469
TRACE 856697,42.40,43.00,0.550
TRACE 858518,42.51,43.00,0.553
TRACE 860322,42.62,43.00,0.557
TRACE 862120,42.73,43.00,0.560
TRACE 863927,42.84,43.00,0.595
TRACE 865728,42.94,43.00,0.598
TRACE 867527,43.05,43.50,0.555
TRACE 869337,43.16,44.00,0.480
TRACE 871148,43.27,44.00,0.483
TRACE 872969,43.38,44.00,0.486
TRACE 874784,43.49,44.00,0.489
TRACE 876587,43.60,45.00,-0.521
TRACE 878418,43.71,45.00,-0.517
TRACE 880249,43.81,45.00,-0.482
TRACE 882178,43.93,45.00,0.474
TRACE 883982,44.04,45.00,0.477
TRACE 885792,44.15,45.00,0.480
TRACE 887589,44.26,45.00,0.483
TRACE 889395,44.36,45.50,0.503
TRACE 891191,44.47,45.50,0.506
TRACE 893008,44.58,46.00,0.463
TRACE 894832,44.69,46.00,0.465
TRACE 896642,44.80,46.00,0.469
TRACE 907756,45.47,48.00,-0.537
TRACE 909593,45.58,48.50,-0.567
TRACE 911428,45.69,49.00,-0.579
TRACE 913274,45.80,49.00,-0.575
TRACE 915116,45.91,49.00,-0.553
TRACE 916935,46.02,49.00,-0.550
TRACE 918789,46.13,49.00,-0.547
TRACE 920620,46.24,49.00,-0.497
TRACE 922441,46.35,48.50,0.503
TRACE 924234,46.45,48.00,0.584
TRACE 926040,46.56,48.00,0.588
TRACE 927850,46.67,48.00,0.591
TRACE 929698,46.78,48.00,0.594
TRACE 931511,46.89,48.00,0.598
TRACE 933316,47.00,48.00,0.601
TRACE 935116,47.11,49.00,0.480
TRACE 936912,47.21,49.00,-0.469
TRACE 938753,47.33,49.00,-0.465
TRACE 940585,47.44,49.00,-0.462
TRACE 942389,47.54,49.50,-0.505
TRACE 944347,47.66,50.00,-0.547
TRACE 946176,47.77,50.00,-0.543
TRACE 948012,47.88,50.00,-0.478
TRACE 949826,47.99,50.00,-0.474
TRACE 951636,48.10,50.00,-0.471
TRACE 953454,48.21,50.00,-0.468
TRACE 955300,48.32,50.00,0.487
TRACE 957106,48.43,49.50,0.567
TRACE 958920,48.54,49.50,0.570
TRACE 960716,48.64,50.00,0.527
TRACE 962518,48.75,50.00,0.531
TRACE 964315,48.86,50.00,0.534
TRACE 966145,48.97,50.00,0.537
TRACE 967955,49.08,51.00,-0.473
TRACE 969789,49.19,51.00,-0.501
TRACE 971609,49.30,51.00,-0.498
TRACE 973413,49.40,51.00,-0.463
TRACE 975236,49.51,51.00,0.461
TRACE 977048,49.62,51.00,0.464
TRACE 978877,49.73,51.00,0.467
TRACE 980683,49.84,51.00,0.533
TRACE 982489,49.95,51.50,0.490
TRACE 984279,50.06,52.00,-0.473
TRACE 986082,50.16,52.00,-0.470
TRACE 987921,50.28,52.00,-0.467
TRACE 989726,50.38,52.00,-0.464
TRACE 991541,50.49,52.00,-0.460
TRACE 993373,50.60,52.00,0.463
TRACE 995187,50.71,52.00,0.498
TRACE 996996,50.82,52.00,0.533
TRACE 998817,50.93,51.50,0.582
TRACE 1000616,51.04,51.00,0.632
TRACE 1002416,51.14,51.50,0.589
TRACE 1004224,51.25,52.00,0.546
TRACE 1006050,51.36,52.00,0.549
TRACE 1007861,51.47,52.00,0.552
TRACE 1009683,51.58,52.00,0.555
TRACE 1011498,51.69,53.00,-0.486
TRACE 1013327,51.80,53.00,-0.514
TRACE 1015145,51.91,53.00,-0.479
TRACE 1016967,52.02,53.00,0.476
TRACE 1018783,52.13,53.00,0.479
TRACE 1020594,52.24,53.50,-0.484
TRACE 1022421,52.35,54.00,-0.527
TRACE 1024238,52.45,54.00,-0.461
TRACE 1026064,52.56,53.50,0.509
TRACE 1027875,52.67,53.50,0.512
TRACE 1029690,52.78,53.00,0.561
TRACE 1031630,52.90,53.00,0.565
TRACE 1033419,53.01,53.00,0.599
TRACE 1035230,53.11,53.00,0.634
TRACE 1037051,53.22,53.00,0.637
TRACE 1038838,53.33,53.50,0.563
TRACE 1040631,53.44,54.00,0.520
TRACE 1042431,53.55,54.00,0.492
TRACE 1044239,53.65,54.00,0.494
TRACE 1046040,53.76,54.00,0.497
TRACE 1047838,53.87,55.00,-0.513
TRACE 1049682,53.98,55.00,-0.509
TRACE 1051475,54.09,55.00,-0.474
TRACE 1053292,54.20,55.00,0.481
TRACE 1055106,54.31,55.00,0.484
TRACE 1056910,54.41,55.00,0.487
TRACE 1058721,54.52,55.00,0.491
TRACE 1060589,54.64,55.50,0.511
TRACE 1062403,54.74,56.00,0.467
TRACE 1064218,54.85,56.00,0.471
TRACE 1066031,54.96,56.00,0.474
TRACE 1067851,55.07,56.00,0.477
TRACE 1069651,55.18,57.00,-0.532
TRACE 1071490,55.29,57.00,-0.529
TRACE 1073311,55.40,57.00,-0.494
TRACE 1075137,55.51,57.00,0.460
TRACE 1086239,56.17,56.00,0.573
TRACE 1088052,56.28,56.00,0.576
TRACE 1089867,56.39,56.00,0.580
TRACE 1091653,56.50,56.00,0.619
TRACE 1093462,56.61,56.00,0.623
TRACE 1095290,56.72,56.00,0.626
TRACE 1097083,56.82,57.00,0.563
TRACE 1098888,56.93,57.00,0.503
TRACE 1100699,57.04,57.00,0.506
TRACE 1102511,57.15,58.00,-0.504
TRACE 1104318,57.26,58.00,-0.501
TRACE 1106173,57.37,59.00,-0.590
TRACE 1107998,57.48,59.00,-0.586
TRACE 1109815,57.59,59.00,-0.520
TRACE 1111640,57.70,59.00,-0.517
TRACE 1113462,57.81,59.00,-0.513
TRACE 1115308,57.92,59.00,0.473
TRACE 1117154,58.03,58.00,0.569
TRACE 1118965,58.14,58.00,0.635
TRACE 1120761,58.25,58.00,0.638
TRACE 1122640,58.36,58.00,0.641
TRACE 1124464,58.47,58.00,0.644
TRACE 1126241,58.57,58.00,0.648
TRACE 1128036,58.68,59.00,0.558
TRACE 1129854,58.79,59.00,0.499
TRACE 1131658,58.90,59.00,0.502
TRACE 1133468,59.01,59.00,0.505
TRACE 1135282,59.12,60.00,-0.505
TRACE 1137106,59.23,60.00,-0.502
TRACE 1138936,59.34,61.00,-0.591
TRACE 1140755,59.45,61.00,-0.524
TRACE 1142592,59.56,61.00,-0.521
TRACE 1144468,59.67,61.00,-0.517
TRACE 1146296,59.78,61.00,-0.513
TRACE 1148121,59.89,61.00,0.472
TRACE 1149947,60.00,60.00,0.568
TRACE 1151730,60.10,60.00,0.634
TRACE 1153540,60.21,60.00,0.637
TRACE 1155350,60.32,60.00,0.640
TRACE 1157135,60.43,60.00,0.644
TRACE 1158934,60.54,60.00,0.647
TRACE 1160748,60.64,60.00,0.651
TRACE 1162571,60.75,60.00,0.591
TRACE 1164370,60.86,61.00,0.501
TRACE 1166180,60.97,61.00,0.504
TRACE 1167990,61.08,61.00,0.507
TRACE 1169796,61.19,61.00,0.510
TRACE 1171589,61.30,62.00,-0.500
TRACE 1173410,61.40,62.00,-0.496
TRACE 1175219,61.51,63.00,-0.586
TRACE 1177033,61.62,63.00,-0.520
TRACE 1178863,61.73,63.00,-0.516
TRACE 1180674,61.84,63.00,-0.513
TRACE 1182509,61.95,63.00,-0.509
TRACE 1184338,62.06,63.00,0.477
TRACE 1186137,62.17,63.00,0.480
TRACE 1187948,62.28,63.00,0.546
TRACE 1189761,62.39,63.00,0.550
TRACE 1191555,62.49,63.00,0.553
TRACE 1193364,62.60,63.00,0.556
TRACE 1195189,62.71,63.50,0.513
TRACE 1197013,62.82,64.00,0.470
TRACE 1198819,62.93,64.00,0.473
TRACE 1200622,63.04,64.00,0.476
TRACE 1202431,63.15,65.00,-0.534
TRACE 1204257,63.26,65.00,-0.530
TRACE 1206040,63.36,65.00,-0.527
TRACE 1207866,63.47,66.00,-0.586
TRACE 1209680,63.58,66.00,-0.551
TRACE 1211534,63.69,66.00,-0.547
TRACE 1213358,63.80,65.50,-0.497
TRACE 1215179,63.91,65.00,0.535
TRACE 1216995,64.02,65.00,0.539
TRACE 1218796,64.13,65.00,0.542
TRACE 1220606,64.24,65.00,0.608
TRACE 1222416,64.34,65.00,0.611
TRACE 1224224,64.45,65.00,0.615
TRACE 1226035,64.56,65.00,0.586
TRACE 1227843,64.67,65.00,0.558
TRACE 1229651,64.78,65.00,0.561
TRACE 1231480,64.89,66.00,0.472
TRACE 1233276,65.00,66.00,0.475
TRACE 1235097,65.11,66.00,0.478
TRACE 1236896,65.21,67.00,-0.532
TRACE 1238716,65.32,67.00,-0.528
TRACE 1240644,65.44,67.00,-0.524
TRACE 1242480,65.55,67.00,-0.520
TRACE 1244313,65.66,67.50,-0.501
TRACE 1246124,65.77,67.50,-0.497
TRACE 1247942,65.88,67.00,0.472
TRACE 1249757,65.99,67.00,0.538
TRACE 1251580,66.09,67.00,0.541
TRACE 1253391,66.20,67.00,0.544
TRACE 1255191,66.31,67.00,0.547
TRACE 1266291,66.98,67.00,0.586
TRACE 1268100,67.09,67.00,0.589
TRACE 1269901,67.19,67.50,0.541
TRACE 1271702,67.30,68.00,0.511
TRACE 1273517,67.41,68.00,0.514
TRACE 1275342,67.52,69.00,-0.469
TRACE 1277182,67.63,69.00,-0.466
TRACE 1279023,67.74,69.00,-0.515
TRACE 1280834,67.85,69.00,-0.512
TRACE 1282675,67.96,69.50,-0.523
TRACE 1284518,68.07,69.50,-0.489
TRACE 1286337,68.18,70.00,-0.531
TRACE 1288184,68.29,70.00,-0.466
TRACE 1290014,68.40,70.00,-0.462
TRACE 1291876,68.51,69.50,0.507
TRACE 1293699,68.62,69.50,0.511
TRACE 1295521,68.73,69.50,0.545
TRACE 1297335,68.84,70.00,0.502
TRACE 1299146,68.95,70.00,0.536
TRACE 1300948,69.06,70.00,0.540
TRACE 1302876,69.17,70.00,0.543
TRACE 1304682,69.28,71.00,-0.497
TRACE 1306523,69.39,71.00,-0.494
TRACE 1308317,69.50,71.00,-0.491
TRACE 1310156,69.61,71.00,0.464
TRACE 1311958,69.72,71.00,0.467
TRACE 1313769,69.83,71.00,0.470
TRACE 1315592,69.94,71.50,-0.493
TRACE 1317424,70.05,72.00,-0.473
TRACE 1319239,70.15,72.00,-0.470
TRACE 1321069,70.26,72.00,-0.467
TRACE 1322883,70.37,72.00,-0.464
TRACE 1324746,70.48,72.00,-0.460
TRACE 1326560,70.59,71.50,0.510
TRACE 1328362,70.70,71.00,0.590
TRACE 1330177,70.81,71.00,0.625
TRACE 1331975,70.92,71.00,0.628
TRACE 1333812,71.03,71.00,0.632
TRACE 1335612,71.14,71.50,0.589
TRACE 1337402,71.24,72.00,0.545
TRACE 1339227,71.35,72.00,0.517
TRACE 1341040,71.46,72.00,0.489
TRACE 1342863,71.57,73.00,-0.521
TRACE 1344690,71.68,73.00,-0.517
TRACE 1346488,71.79,73.00,-0.515
TRACE 1348301,71.90,73.50,-0.526
TRACE 1350136,72.01,74.00,-0.537
TRACE 1351969,72.12,74.00,-0.534
TRACE 1353791,72.23,74.00,-0.531
TRACE 1355597,72.34,73.00,0.548
TRACE 1357410,72.44,73.00,0.551
TRACE 1359212,72.55,73.00,0.555
TRACE 1361013,72.66,73.00,0.589
TRACE 1362813,72.77,73.00,0.624
TRACE 1364632,72.88,73.00,0.628
TRACE 1366419,72.99,73.00,0.631
TRACE 1368240,73.09,73.50,0.524
TRACE 1370058,73.20,74.00,0.481
TRACE 1371858,73.31,74.00,0.484
TRACE 1373672,73.42,74.00,0.487
TRACE 1375469,73.53,75.00,-0.523
TRACE 1377293,73.64,75.00,-0.519
TRACE 1379108,73.75,75.00,-0.516
TRACE 1380925,73.86,76.00,-0.574
TRACE 1382746,73.96,76.00,-0.539
TRACE 1384549,74.07,76.00,-0.536
TRACE 1386375,74.18,75.50,-0.486
TRACE 1388212,74.29,75.00,0.547
TRACE 1390110,74.41,75.00,0.550
TRACE 1391917,74.52,75.00,0.553
TRACE 1393717,74.62,75.00,0.619
TRACE 1395529,74.73,75.00,0.623
TRACE 1397334,74.84,75.00,0.626
TRACE 1399144,74.95,75.00,0.598
TRACE 1400938,75.06,75.00,0.570
TRACE 1402735,75.16,75.00,0.573
TRACE 1404529,75.27,76.00,0.483
TRACE 1406372,75.38,76.00,0.486
TRACE 1408181,75.49,76.00,0.489
TRACE 1409991,75.60,77.00,-0.520
TRACE 1411816,75.71,77.00,-0.517
TRACE 1413638,75.82,77.00,-0.513
TRACE 1415469,75.93,78.00,-0.603
TRACE 1417274,76.04,78.00,-0.536
TRACE 1419195,76.15,78.00,-0.532
TRACE 1421011,76.26,78.00,-0.529
TRACE 1422837,76.37,77.50,0.503
TRACE 1424673,76.48,77.00,0.552
TRACE 1426469,76.59,77.00,0.556
TRACE 1428271,76.70,77.00,0.621
TRACE 1430094,76.81,77.00,0.625
TRACE 1431902,76.91,77.00,0.628
TRACE 1433729,77.02,77.00,0.632
TRACE 1444818,77.69,79.00,0.474
TRACE 1446645,77.80,79.00,-0.461
TRACE 1448465,77.91,80.00,-0.524
TRACE 1450300,78.02,80.00,-0.520
TRACE 1452134,78.13,81.00,-0.583
TRACE 1453961,78.24,81.00,-0.580
TRACE 1455787,78.35,81.00,-0.577
TRACE 1457627,78.46,81.00,-0.553
TRACE 1459458,78.57,81.00,-0.550
TRACE 1461272,78.68,80.50,0.482
TRACE 1463079,78.78,80.00,0.532
TRACE 1464900,78.89,80.00,0.597
TRACE 1466701,79.00,80.00,0.601
TRACE 1468522,79.11,80.00,0.604
TRACE 1470339,79.22,80.00,0.608
TRACE 1472149,79.33,80.00,0.611
TRACE 1473941,79.44,80.00,0.583
TRACE 1475774,79.55,80.00,0.554
TRACE 1477570,79.65,81.00,0.464
TRACE 1479358,79.76,81.00,0.468
TRACE 1481304,79.88,81.00,0.472
TRACE 1483137,79.99,81.50,-0.491
TRACE 1484951,80.10,82.00,-0.534
TRACE 1486787,80.21,82.00,-0.530
TRACE 1488619,80.32,82.50,-0.573
TRACE 1490440,80.43,83.00,-0.554
TRACE 1492247,80.53,82.50,-0.504
TRACE 1494081,80.64,82.00,0.465
TRACE 1495875,80.75,82.00,0.499
TRACE 1497681,80.86,82.00,0.534
TRACE 1499491,80.97,82.00,0.537
TRACE 1501323,81.08,82.00,0.561
TRACE 1503308,81.20,82.00,0.595
TRACE 1505186,81.31,82.00,0.566
TRACE 1507083,81.42,82.00,0.538
TRACE 1508940,81.53,82.00,0.541
TRACE 1510818,81.64,82.00,0.543
TRACE 1512709,81.75,82.00,0.546
TRACE 1514602,81.85,82.00,0.548
TRACE 1516466,81.96,83.00,0.460
TRACE 1518355,82.07,83.00,0.463
TRACE 1520243,82.17,83.00,0.465
TRACE 1522104,82.28,83.00,0.468
TRACE 1523971,82.38,84.00,-0.541
TRACE 1525876,82.49,84.00,-0.538
TRACE 1527760,82.59,84.50,-0.581
TRACE 1529652,82.69,85.00,-0.563
TRACE 1531533,82.79,85.00,-0.561
TRACE 1533428,82.89,85.00,-0.559
TRACE 1535314,82.99,85.00,-0.556
TRACE 1537202,83.09,85.00,-0.493
TRACE 1539097,83.19,85.00,-0.491
TRACE 1540991,83.29,85.00,0.462
TRACE 1542878,83.39,85.00,0.494
TRACE 1544753,83.48,85.00,0.496
TRACE 1546616,83.58,85.00,0.499
TRACE 1548493,83.67,85.00,0.501
TRACE 1550361,83.77,85.00,0.503
TRACE 1552243,83.86,85.00,0.505
TRACE 1554132,83.95,85.50,0.462
TRACE 1555984,84.05,86.00,-0.502
TRACE 1557888,84.14,86.00,-0.500
TRACE 1559784,84.23,86.00,-0.497
TRACE 1561669,84.32,87.00,-0.586
TRACE 1563550,84.41,87.00,-0.584
TRACE 1565530,84.50,87.00,-0.581
TRACE 1567412,84.59,87.00,-0.549
TRACE 1569297,84.68,87.00,-0.517
TRACE 1571201,84.77,86.50,-0.470
TRACE 1573084,84.85,86.00,0.497
TRACE 1574961,84.94,86.00,0.559
TRACE 1576836,85.02,86.00,0.561
TRACE 1578718,85.10,86.00,0.563
TRACE 1580578,85.19,86.00,0.565
TRACE 1582447,85.27,87.00,0.476
TRACE 1584316,85.35,87.00,-0.472
TRACE 1586210,85.43,87.00,-0.501
TRACE 1588125,85.51,87.00,-0.499
TRACE 1590017,85.59,87.00,-0.497
TRACE 1591908,85.67,87.00,-0.496
TRACE 1593921,85.75,87.00,-0.493
TRACE 1595837,85.83,87.00,0.488
TRACE 1597726,85.91,87.00,0.490
TRACE 1599594,85.98,87.00,0.492
TRACE 1601470,86.06,86.00,0.583
TRACE 1603337,86.13,86.00,0.585
TRACE 1605213,86.21,86.50,0.541
TRACE 1607085,86.28,87.00,0.498
TRACE 1618252,86.70,88.00,-0.479
TRACE 1620211,86.77,89.00,-0.083
TRACE 1622075,86.83,89.00,-0.082
TRACE 1623949,86.90,89.00,-0.116
TRACE 1625802,86.97,89.00,-0.115
TRACE 1627660,87.03,89.00,-0.096
TRACE 1629530,87.09,89.00,-0.077
TRACE 1631409,87.16,89.50,-0.111
TRACE 1633264,87.22,90.00,-0.095
TRACE 1635130,87.28,90.00,-0.093
TRACE 1636990,87.34,90.00,-0.092
TRACE 1638848,87.40,90.00,-0.091
TRACE 1640707,87.46,90.00,-0.090
TRACE 1642555,87.52,90.00,-0.089
TRACE 1644424,87.58,90.00,-0.057
TRACE 1646305,87.64,90.00,-0.026
TRACE 1648179,87.70,90.00,-0.024
TRACE 1650050,87.75,90.00,-0.023
TRACE 1651915,87.81,90.00,-0.022
TRACE 1653824,87.86,90.00,-0.021
TRACE 1655674,87.92,90.00,-0.021
TRACE 1657555,87.97,90.00,-0.020
TRACE 1659389,88.02,90.00,-0.019
TRACE 1661253,88.07,90.00,-0.018
TRACE 1663116,88.13,90.00,-0.017
TRACE 1664990,88.18,90.00,-0.016
TRACE 1666873,88.23,90.00,-0.015
TRACE 1668761,88.28,90.00,-0.014
TRACE 1670630,88.33,90.00,-0.014
TRACE 1672498,88.37,90.00,-0.013
TRACE 1674402,88.42,90.00,-0.012
TRACE 1676263,88.47,90.00,-0.011
TRACE 1678163,88.52,90.00,-0.011
TRACE 1680056,88.56,90.00,-0.010
TRACE 1681939,88.61,90.00,-0.009
TRACE 1683821,88.65,90.00,-0.009
TRACE 1685706,88.69,90.00,-0.008
TRACE 1687604,88.74,90.00,-0.007
TRACE 1689484,88.78,90.00,-0.007
TRACE 1691370,88.82,90.00,-0.006
TRACE 1693248,88.86,90.00,-0.006
TRACE 1695117,88.90,90.00,-0.005
TRACE 1696998,88.94,90.00,-0.005
TRACE 1698869,88.98,90.00,-0.004
TRACE 1700744,89.01,90.00,-0.004
TRACE 1702627,89.05,90.00,-0.003
TRACE 1704493,89.09,90.00,-0.003
TRACE 1706382,89.12,90.00,-0.003
TRACE 1708260,89.16,90.00,-0.002
TRACE 1710139,89.19,90.00,-0.002
TRACE 1712022,89.23,90.00,-0.002
TRACE 1713888,89.26,90.00,-0.001
TRACE 1715760,89.29,90.00,-0.001
TRACE 1717641,89.32,90.00,-0.001
TRACE 1719536,89.35,90.00,-0.000
TRACE 1721402,89.38,90.00,-0.000
TRACE 1723286,89.41,90.00,-0.000
TRACE 1725159,89.44,90.00,0.000
TRACE 1727028,89.47,90.00,0.000
TRACE 1728882,89.49,90.00,0.000
TRACE 1730734,89.52,90.00,0.001
TRACE 1732618,89.55,90.00,0.001
TRACE 1734494,89.57,90.00,0.001
TRACE 1736483,89.60,90.00,0.001
TRACE 1738343,89.62,90.00,0.001
TRACE 1740193,89.64,90.00,0.001
TRACE 1742070,89.66,90.00,0.001
TRACE 1743939,89.69,90.00,0.001
TRACE 1745820,89.71,90.00,0.001
TRACE 1747693,89.73,90.00,0.001
TRACE 1749579,89.75,90.00,0.001
TRACE 1751445,89.76,90.00,0.000
TRACE 1753315,89.78,90.00,0.000
TRACE 1755194,89.80,90.00,0.000
TRACE 1757050,89.82,90.00,-0.000
TRACE 1758929,89.83,90.00,-0.000
TRACE 1760796,89.85,90.00,-0.000
TRACE 1762675,89.86,90.00,-0.001
TRACE 1764629,89.87,90.00,-0.001
TRACE 1766513,89.89,90.00,-0.001
TRACE 1768404,89.90,90.00,-0.002
TRACE 1770306,89.91,90.00,-0.002
TRACE 1772173,89.92,90.00,-0.002
TRACE 1774045,89.93,90.00,-0.003
TRACE 1775923,89.94,90.00,-0.003
TRACE 1777815,89.95,90.00,-0.003
TRACE 1788950,89.99,90.00,-0.006
TRACE 1790843,89.99,90.00,-0.007
TRACE 1792734,89.99,90.00,-0.008
TRACE 1794635,90.00,90.00,-0.008
TRACE 1796519,90.00,90.00,-0.009
TRACE 1798411,90.00,90.00,-0.009
TRACE 1800302,90.00,90.00,0.000
TRACE 1801984,90.00,90.00,0.000
TRACE 1803615,90.00,90.00,0.000
TRACE 1805244,90.00,90.00,0.000
TRACE 1806876,90.00,90.00,0.000
TRACE 1808527,90.00,90.00,0.000
TRACE 1810177,90.00,90.00,0.000
TRACE 1811803,90.00,90.00,0.000
TRACE 1813438,90.00,90.00,0.000
TRACE 1815082,90.00,90.00,0.000
TRACE 1816716,90.00,90.00,0.000
TRACE 1818317,90.00,90.00,0.000
TRACE 1819959,90.00,90.00,0.000
TRACE 1821593,90.00,90.00,0.000
TRACE 1823209,90.00,90.00,0.000
TRACE 1824839,90.00,90.00,0.000
TRACE 1826455,90.00,90.00,0.000
TRACE 1828086,90.00,90.00,0.000
TRACE 1829714,90.00,90.00,0.000
TRACE 1831567,90.00,90.00,0.000
TRACE 1833238,90.00,90.00,0.000
TRACE 1834867,90.00,90.00,0.000
TRACE 1836477,90.00,90.00,0.000
TRACE 1838075,90.00,90.00,0.000
TRACE 1839693,90.00,90.00,0.000
TRACE 1841311,90.00,90.00,0.000
TRACE 1842936,90.00,90.00,0.000
TRACE 1844550,90.00,90.00,0.000
TRACE 1846187,90.00,90.00,0.000
TRACE 1847833,90.00,90.00,0.000
TRACE 1849447,90.00,90.00,0.000
TRACE 1851046,90.00,90.00,0.000
>>> 