arm_test.cmd_trace(arm, [])
TRACE t_us,ref_deg,pos_deg,duty
TRACE 929,88.00,88.00,-0.430
TRACE 2909,88.00,88.00,-0.431
TRACE 4755,88.00,88.00,-0.432
TRACE 6577,88.00,88.00,-0.432
TRACE 8405,87.99,88.00,-0.433
TRACE 10228,87.99,88.00,-0.434
TRACE 12033,87.99,88.00,-0.435
TRACE 13856,87.98,88.00,-0.436
TRACE 15644,87.98,88.00,-0.436
TRACE 17454,87.97,88.00,-0.437
TRACE 19267,87.96,88.00,-0.438
TRACE 21064,87.96,88.00,-0.439
TRACE 22865,87.95,88.00,-0.440
TRACE 24688,87.94,88.00,-0.441
TRACE 26479,87.93,88.00,-0.442
TRACE 28286,87.92,87.50,0.444
TRACE 30068,87.91,87.00,0.490
TRACE 31862,87.90,87.00,0.489
TRACE 33639,87.89,87.00,0.488
TRACE 35431,87.87,87.00,0.487
TRACE 37213,87.86,87.50,0.439
TRACE 39044,87.85,88.00,-0.449
TRACE 40806,87.83,88.00,-0.482
TRACE 42609,87.82,88.00,-0.515
TRACE 44397,87.80,88.50,-0.563
TRACE 46181,87.79,89.00,-0.611
TRACE 48004,87.77,89.00,-0.611
TRACE 49797,87.75,88.50,-0.534
TRACE 51596,87.73,88.00,-0.457
TRACE 53367,87.72,88.00,-0.458
TRACE 55162,87.70,88.00,-0.459
TRACE 56975,87.68,88.00,-0.428
TRACE 58771,87.65,87.00,0.536
TRACE 60604,87.63,87.00,0.534
TRACE 62368,87.61,87.00,0.501
TRACE 64144,87.59,87.00,0.468
TRACE 65928,87.57,87.00,0.467
TRACE 67696,87.54,87.00,0.466
TRACE 69474,87.52,87.00,0.465
TRACE 71274,87.49,87.00,-0.441
TRACE 73073,87.47,87.00,-0.442
TRACE 74869,87.44,87.00,-0.444
TRACE 76639,87.41,87.00,-0.445
TRACE 78424,87.38,87.00,-0.447
TRACE 80215,87.36,87.00,-0.448
TRACE 82004,87.33,86.50,0.437
TRACE 83784,87.30,86.00,0.483
TRACE 85557,87.27,86.00,0.481
TRACE 87330,87.24,86.00,0.480
TRACE 89099,87.21,86.00,0.478
TRACE 90871,87.17,87.00,-0.457
TRACE 92658,87.14,87.00,-0.459
TRACE 94451,87.11,87.00,-0.493
TRACE 96251,87.07,87.00,-0.527
TRACE 98029,87.04,87.00,-0.528
TRACE 99811,87.00,87.00,-0.530
TRACE 101597,86.97,87.00,-0.532
TRACE 103405,86.93,86.50,-0.422
TRACE 105184,86.89,86.00,0.463
TRACE 106959,86.86,86.00,0.461
TRACE 108724,86.82,86.00,0.460
TRACE 110486,86.78,86.00,0.458
TRACE 112260,86.74,86.00,0.456
TRACE 114033,86.70,86.00,0.454
TRACE 115809,86.66,86.00,0.420
TRACE 117576,86.62,86.50,-0.501
TRACE 119347,86.58,87.00,-0.550
TRACE 121138,86.53,87.00,-0.552
TRACE 122940,86.49,87.00,-0.554
TRACE 124738,86.44,87.00,-0.556
TRACE 126570,86.40,87.00,-0.557
TRACE 128376,86.35,87.00,-0.559
TRACE 130172,86.31,86.50,-0.483
TRACE 131968,86.26,86.00,0.434
TRACE 133735,86.21,86.00,0.432
TRACE 135504,86.16,86.00,0.430
TRACE 137285,86.12,86.00,0.428
TRACE 139058,86.07,86.00,0.426
TRACE 140825,86.02,86.00,0.424
TRACE 142618,85.97,86.00,-0.450
TRACE 144402,85.91,86.00,-0.485
TRACE 146197,85.86,86.00,-0.487
TRACE 147993,85.81,87.00,-0.583
TRACE 149793,85.76,87.00,-0.585
TRACE 151587,85.70,87.00,-0.587
TRACE 153391,85.65,87.00,-0.589
TRACE 155278,85.59,87.00,-0.591
TRACE 157082,85.53,86.00,-0.501
TRACE 158869,85.48,86.00,-0.503
TRACE 160669,85.42,86.00,-0.442
TRACE 162479,85.36,86.00,-0.445
TRACE 164270,85.30,86.00,-0.447
TRACE 166070,85.24,86.00,-0.449
TRACE 167854,85.18,85.00,0.482
TRACE 169621,85.12,85.00,-0.424
TRACE 180668,84.74,85.00,-0.466
TRACE 182481,84.67,85.00,-0.469
TRACE 184290,84.60,85.00,-0.472
TRACE 186089,84.54,85.00,-0.474
TRACE 187908,84.47,85.00,-0.477
TRACE 189727,84.40,85.00,-0.516
TRACE 191526,84.33,85.00,-0.519
TRACE 193321,84.26,85.00,-0.522
TRACE 195118,84.19,84.00,-0.431
TRACE 196921,84.12,84.00,-0.434
TRACE 198702,84.05,84.00,-0.437
TRACE 200483,83.98,84.00,-0.439
TRACE 202259,83.91,83.50,0.445
TRACE 204036,83.84,83.00,0.490
TRACE 205810,83.76,83.00,0.487
TRACE 207581,83.69,83.00,0.420
TRACE 209359,83.62,83.00,-0.423
TRACE 211151,83.54,83.00,-0.426
TRACE 212952,83.47,83.00,-0.429
TRACE 214726,83.39,83.00,-0.464
TRACE 216513,83.31,83.00,-0.499
TRACE 218361,83.23,83.00,-0.502
TRACE 220134,83.15,83.00,-0.505
TRACE 221897,83.08,83.00,-0.508
TRACE 223681,83.00,83.00,-0.511
TRACE 225459,82.92,83.00,-0.514
TRACE 227256,82.84,83.00,-0.517
TRACE 229057,82.75,83.00,-0.520
TRACE 230842,82.67,83.00,-0.523
TRACE 232635,82.59,83.00,-0.526
TRACE 234434,82.50,82.50,-0.482
TRACE 236218,82.42,82.00,-0.439
TRACE 238008,82.34,82.00,-0.442
TRACE 239937,82.24,82.00,-0.446
TRACE 241741,82.16,81.50,0.437
TRACE 243522,82.07,81.00,0.481
TRACE 245294,81.98,81.00,0.478
TRACE 247074,81.90,81.00,0.443
TRACE 248848,81.81,81.00,-0.432
TRACE 250613,81.72,81.00,-0.435
TRACE 252408,81.63,81.00,-0.438
TRACE 254205,81.54,81.00,-0.473
TRACE 256001,81.45,81.00,-0.509
TRACE 257809,81.35,81.00,-0.512
TRACE 259619,81.26,81.00,-0.516
TRACE 261411,81.17,81.00,-0.519
TRACE 263195,81.07,81.00,-0.523
TRACE 264975,80.98,81.00,-0.526
TRACE 266764,80.88,80.00,-0.436
TRACE 268548,80.79,80.00,-0.439
TRACE 270334,80.69,80.00,-0.443
TRACE 272102,80.60,79.00,0.488
TRACE 273908,80.50,79.00,0.484
TRACE 275684,80.40,79.00,0.481
TRACE 277458,80.30,79.00,0.477
TRACE 279262,80.20,79.00,-0.430
TRACE 281061,80.10,79.00,-0.434
TRACE 282836,80.00,79.00,-0.438
TRACE 284631,79.90,79.00,-0.506
TRACE 286414,79.80,79.00,-0.509
TRACE 288193,79.69,79.00,-0.513
TRACE 289987,79.59,78.00,-0.423
TRACE 291783,79.49,78.00,-0.427
TRACE 293582,79.38,78.00,-0.430
TRACE 295373,79.28,77.50,0.453
TRACE 297161,79.17,77.00,0.496
TRACE 298947,79.06,77.00,0.492
TRACE 300724,78.96,77.00,0.498
TRACE 302533,78.85,77.00,0.431
TRACE 304393,78.74,77.00,0.428
TRACE 306215,78.63,77.00,0.424
TRACE 308018,78.52,77.00,-0.451
TRACE 309861,78.41,77.00,-0.486
TRACE 311703,78.30,77.00,-0.489
TRACE 313512,78.19,77.00,-0.492
TRACE 315329,78.08,77.00,-0.496
TRACE 317154,77.97,76.00,0.434
TRACE 318957,77.86,76.00,0.431
TRACE 320770,77.75,76.00,0.427
TRACE 322575,77.65,76.00,0.424
TRACE 324410,77.54,76.00,0.421
TRACE 326211,77.43,76.50,-0.469
TRACE 328039,77.32,77.00,-0.518
TRACE 329854,77.21,77.00,-0.585
TRACE 331687,77.10,77.00,-0.588
TRACE 333526,76.99,77.00,-0.591
TRACE 335375,76.88,77.00,-0.594
TRACE 337199,76.77,77.00,-0.598
TRACE 339011,76.66,76.00,-0.477
TRACE 340818,76.55,76.00,-0.449
TRACE 342666,76.44,76.00,-0.452
TRACE 344502,76.33,76.00,-0.456
TRACE 346344,76.22,75.00,0.473
TRACE 348162,76.11,75.00,0.470
TRACE 359278,75.44,75.00,-0.442
TRACE 361108,75.33,75.00,-0.482
TRACE 362946,75.22,75.00,-0.485
TRACE 364783,75.11,75.50,-0.522
TRACE 366610,75.00,75.00,-0.492
TRACE 368446,74.89,75.00,-0.531
TRACE 370301,74.78,75.00,-0.535
TRACE 372140,74.67,75.00,-0.538
TRACE 373978,74.56,75.00,-0.541
TRACE 375831,74.45,74.00,-0.452
TRACE 377656,74.34,74.00,-0.425
TRACE 379483,74.23,74.00,-0.459
TRACE 381359,74.12,73.00,0.469
TRACE 383173,74.01,73.00,0.467
TRACE 384984,73.90,73.00,0.464
TRACE 386815,73.79,73.00,0.460
TRACE 388659,73.68,73.00,-0.445
TRACE 390507,73.57,73.00,-0.449
TRACE 392333,73.46,73.00,-0.452
TRACE 394155,73.35,73.00,-0.517
TRACE 396034,73.24,73.00,-0.521
TRACE 397843,73.13,73.00,-0.524
TRACE 399671,73.02,73.00,-0.527
TRACE 401503,72.91,73.00,-0.531
TRACE 403331,72.80,72.50,-0.488
TRACE 405129,72.69,72.00,-0.445
TRACE 406951,72.58,72.00,-0.448
TRACE 408780,72.47,72.00,-0.451
TRACE 410603,72.36,71.00,0.478
TRACE 412420,72.25,71.00,0.475
TRACE 414257,72.14,71.00,0.472
TRACE 416096,72.03,71.00,0.437
TRACE 417955,71.92,71.00,-0.438
TRACE 419779,71.81,71.00,-0.441
TRACE 421602,71.70,71.00,-0.444
TRACE 423443,71.59,71.00,-0.510
TRACE 425257,71.48,71.00,-0.513
TRACE 427077,71.38,71.00,-0.517
TRACE 428897,71.27,71.00,-0.520
TRACE 430748,71.16,71.00,-0.523
TRACE 432573,71.05,70.50,-0.480
TRACE 434401,70.94,70.00,-0.437
TRACE 436238,70.83,70.00,-0.441
TRACE 438057,70.72,69.50,0.442
TRACE 439886,70.61,69.00,0.485
TRACE 441700,70.50,69.00,0.482
TRACE 443515,70.39,69.00,0.479
TRACE 445311,70.28,69.00,0.445
TRACE 447142,70.17,69.00,-0.430
TRACE 448980,70.06,69.00,-0.433
TRACE 450812,69.95,70.00,-0.561
TRACE 452631,69.84,70.00,-0.596
TRACE 454462,69.73,70.00,-0.599
TRACE 456299,69.62,70.00,-0.602
TRACE 458123,69.51,70.00,-0.605
TRACE 459947,69.40,70.00,-0.608
TRACE 461784,69.29,70.00,-0.612
TRACE 463611,69.18,69.50,-0.506
TRACE 465450,69.07,69.00,-0.463
TRACE 467285,68.96,69.00,-0.467
TRACE 469105,68.85,69.00,-0.470
TRACE 470928,68.74,69.00,-0.473
TRACE 472758,68.63,69.00,-0.477
TRACE 474596,68.52,68.50,-0.434
TRACE 476448,68.41,68.00,-0.422
TRACE 478275,68.30,68.00,-0.457
TRACE 480215,68.19,67.50,0.425
TRACE 482007,68.08,67.00,0.468
TRACE 483810,67.97,67.00,0.465
TRACE 485622,67.86,67.00,0.462
TRACE 487433,67.75,67.00,0.428
TRACE 489251,67.64,67.00,-0.446
TRACE 491069,67.54,67.00,-0.449
TRACE 492903,67.43,67.00,-0.484
TRACE 494719,67.32,67.00,-0.518
TRACE 496528,67.21,67.00,-0.522
TRACE 498363,67.10,66.50,-0.479
TRACE 500175,66.99,66.00,-0.436
TRACE 502005,66.88,66.00,-0.439
TRACE 503831,66.77,66.00,-0.442
TRACE 505658,66.66,66.00,-0.445
TRACE 507470,66.55,66.00,-0.449
TRACE 509379,66.44,66.00,-0.453
TRACE 511208,66.33,66.00,-0.487
TRACE 513032,66.22,66.00,-0.521
TRACE 514852,66.11,66.00,-0.525
TRACE 516668,66.00,65.00,-0.436
TRACE 518485,65.89,65.00,-0.439
TRACE 520310,65.78,65.00,-0.442
TRACE 522142,65.67,65.00,-0.445
TRACE 533233,65.01,63.00,0.481
TRACE 535070,64.90,62.00,0.544
TRACE 536907,64.79,62.00,0.541
TRACE 538749,64.68,62.00,0.501
TRACE 540580,64.57,61.50,0.531
TRACE 542409,64.46,61.50,0.527
TRACE 544245,64.35,62.00,0.491
TRACE 546059,64.24,62.00,0.441
TRACE 547882,64.13,62.00,-0.464
TRACE 549711,64.02,62.00,-0.467
TRACE 551528,63.91,62.00,-0.471
TRACE 553338,63.80,62.00,-0.505
TRACE 555181,63.69,62.00,-0.509
TRACE 557039,63.58,62.00,-0.481
TRACE 558864,63.47,61.00,0.449
TRACE 560659,63.36,61.00,0.445
TRACE 562491,63.25,61.00,0.442
TRACE 564300,63.14,61.00,0.439
TRACE 566133,63.03,61.00,0.435
TRACE 567956,62.92,61.00,0.432
TRACE 569780,62.81,61.00,0.429
TRACE 571632,62.70,61.50,-0.523
TRACE 573463,62.59,62.00,-0.573
TRACE 575279,62.48,62.00,-0.576
TRACE 577110,62.37,62.00,-0.579
TRACE 578925,62.26,62.00,-0.583
TRACE 580755,62.15,62.00,-0.586
TRACE 582578,62.05,62.00,-0.589
TRACE 584395,61.94,61.00,-0.469
TRACE 586231,61.83,61.00,-0.441
TRACE 588057,61.72,61.00,-0.444
TRACE 589869,61.61,61.00,-0.447
TRACE 591745,61.50,60.00,0.482
TRACE 593570,61.39,60.00,0.478
TRACE 595361,61.28,59.50,0.522
TRACE 597171,61.17,59.00,0.502
TRACE 598997,61.06,59.00,0.499
TRACE 600821,60.95,59.50,0.450
TRACE 602619,60.84,60.00,-0.440
TRACE 604449,60.73,60.00,-0.506
TRACE 606282,60.62,60.00,-0.509
TRACE 608112,60.51,60.00,-0.544
TRACE 609933,60.40,60.00,-0.579
TRACE 611763,60.29,60.00,-0.582
TRACE 613588,60.18,60.00,-0.554
TRACE 615426,60.07,60.00,-0.526
TRACE 617249,59.97,59.50,-0.483
TRACE 619089,59.85,59.00,-0.440
TRACE 620905,59.75,59.00,-0.443
TRACE 622739,59.64,59.00,-0.446
TRACE 624573,59.53,59.00,-0.450
TRACE 626395,59.42,58.00,0.479
TRACE 628199,59.31,58.00,0.477
TRACE 630014,59.20,58.00,0.442
TRACE 631829,59.09,57.50,0.454
TRACE 633636,58.98,57.50,0.451
TRACE 635470,58.87,58.00,-0.439
TRACE 637292,58.76,58.00,-0.442
TRACE 639125,58.65,58.00,-0.508
TRACE 640964,58.54,58.00,-0.512
TRACE 642795,58.43,58.00,-0.515
TRACE 644623,58.32,58.00,-0.550
TRACE 646445,58.21,58.00,-0.553
TRACE 648247,58.11,58.00,-0.525
TRACE 650075,58.00,58.00,-0.528
TRACE 651905,57.89,58.00,-0.531
TRACE 653747,57.78,58.00,-0.535
TRACE 655684,57.66,58.00,-0.538
TRACE 657500,57.55,57.50,-0.495
TRACE 659336,57.44,57.00,-0.453
TRACE 661157,57.33,57.00,-0.456
TRACE 662987,57.22,57.00,-0.459
TRACE 664793,57.11,57.00,-0.463
TRACE 666620,57.00,56.00,0.466
TRACE 668422,56.89,56.00,0.464
TRACE 670245,56.79,56.00,0.430
TRACE 672058,56.68,56.00,-0.445
TRACE 673879,56.57,56.00,-0.448
TRACE 675698,56.46,56.00,-0.451
TRACE 677527,56.35,55.50,0.432
TRACE 679346,56.24,55.00,-0.428
TRACE 681189,56.13,55.00,-0.431
TRACE 683002,56.02,55.00,-0.435
TRACE 684920,55.90,55.00,-0.439
TRACE 686763,55.79,55.00,-0.442
TRACE 688577,55.69,55.00,-0.445
TRACE 690401,55.58,55.00,-0.480
TRACE 692216,55.47,54.00,-0.422
TRACE 694050,55.36,54.00,-0.425
TRACE 695863,55.25,54.00,-0.428
TRACE 697681,55.14,54.00,-0.431
TRACE 699494,55.03,53.00,0.499
TRACE 710617,54.36,51.00,0.558
TRACE 712468,54.25,51.00,0.555
TRACE 714280,54.14,51.00,0.515
TRACE 716100,54.03,51.00,0.512
TRACE 717931,53.92,51.00,0.508
TRACE 719758,53.81,51.00,0.505
TRACE 721590,53.70,51.00,0.466
TRACE 723431,53.59,52.00,-0.543
TRACE 725277,53.48,52.00,-0.546
TRACE 727122,53.37,52.00,-0.549
TRACE 728950,53.26,52.00,-0.552
TRACE 730775,53.15,52.00,-0.556
TRACE 732635,53.04,52.00,-0.559
TRACE 734470,52.93,52.00,-0.562
TRACE 736288,52.82,52.00,-0.503
TRACE 738104,52.71,51.00,0.426
TRACE 739941,52.60,51.00,0.423
TRACE 741758,52.49,51.00,-0.421
TRACE 743589,52.38,51.00,-0.424
TRACE 745399,52.28,51.00,-0.427
TRACE 747261,52.16,50.00,0.502
TRACE 749085,52.05,50.00,0.499
TRACE 750887,51.95,50.00,0.433
TRACE 752698,51.84,50.00,0.430
TRACE 754524,51.73,50.00,0.427
TRACE 756311,51.62,50.00,0.424
TRACE 758118,51.51,50.00,0.420
TRACE 759906,51.41,50.00,-0.486
TRACE 761732,51.30,50.00,-0.489
TRACE 763544,51.19,50.00,-0.492
TRACE 765361,51.08,50.00,-0.496
TRACE 767207,50.97,50.00,-0.499
TRACE 769068,50.86,50.00,-0.502
TRACE 770915,50.75,50.00,-0.506
TRACE 772737,50.64,50.00,-0.509
TRACE 774568,50.53,49.00,0.420
TRACE 776391,50.42,49.00,-0.423
TRACE 778215,50.31,49.00,-0.427
TRACE 780038,50.20,49.00,-0.430
TRACE 781846,50.09,49.00,-0.433
TRACE 783667,49.98,49.00,-0.436
TRACE 785480,49.87,49.00,-0.439
TRACE 787297,49.76,48.50,-0.459
TRACE 789121,49.65,48.00,0.424
TRACE 790929,49.54,48.00,0.421
TRACE 792738,49.44,47.50,0.465
TRACE 794547,49.33,47.50,0.461
TRACE 796348,49.22,47.50,0.458
TRACE 798173,49.11,47.50,0.455
TRACE 799996,49.00,48.00,-0.466
TRACE 801834,48.89,48.00,-0.501
TRACE 803669,48.78,48.00,-0.505
TRACE 805491,48.67,48.00,-0.539
TRACE 807300,48.56,48.50,-0.589
TRACE 809113,48.45,48.50,-0.592
TRACE 810940,48.34,48.00,-0.549
TRACE 812785,48.23,48.00,-0.521
TRACE 814600,48.12,48.00,-0.524
TRACE 816420,48.01,48.00,-0.528
TRACE 818236,47.91,48.00,-0.531
TRACE 820082,47.80,47.00,0.430
TRACE 821898,47.69,47.00,0.426
TRACE 823692,47.58,47.00,-0.448
TRACE 825520,47.47,47.00,-0.451
TRACE 827361,47.36,47.00,-0.455
TRACE 829189,47.25,46.50,0.428
TRACE 831034,47.14,46.00,0.471
TRACE 832875,47.03,46.00,-0.435
TRACE 834701,46.92,46.00,-0.438
TRACE 836525,46.81,46.00,-0.441
TRACE 838340,46.70,46.00,-0.445
TRACE 840173,46.59,46.00,-0.448
TRACE 841990,46.48,46.00,-0.482
TRACE 843822,46.37,46.00,-0.517
TRACE 845658,46.26,46.00,-0.520
TRACE 847489,46.15,46.00,-0.523
TRACE 849321,46.04,46.00,-0.527
TRACE 851128,45.93,46.00,-0.530
TRACE 852967,45.82,46.00,-0.533
TRACE 854788,45.71,46.00,-0.537
TRACE 856616,45.60,46.00,-0.540
TRACE 858441,45.49,46.00,-0.543
TRACE 860323,45.38,46.00,-0.547
TRACE 862135,45.27,45.00,-0.457
TRACE 863971,45.16,45.00,-0.461
TRACE 865802,45.05,45.00,-0.464
TRACE 867644,44.94,45.00,-0.468
TRACE 869478,44.83,44.00,0.461
TRACE 871278,44.72,44.00,0.458
TRACE 873085,44.61,44.00,0.456
TRACE 874902,44.51,43.50,0.436
TRACE 886011,43.84,43.50,-0.463
TRACE 887856,43.73,44.00,-0.500
TRACE 889694,43.62,44.00,-0.503
TRACE 891530,43.51,43.50,-0.510
TRACE 893378,43.40,43.00,-0.480
TRACE 895216,43.29,43.00,-0.483
TRACE 897058,43.18,43.00,-0.505
TRACE 898901,43.07,43.00,-0.495
TRACE 900711,42.96,43.00,-0.467
TRACE 902556,42.85,43.00,-0.470
TRACE 904380,42.74,42.00,0.428
TRACE 906193,42.63,42.00,-0.447
TRACE 908059,42.52,42.00,-0.450
TRACE 909888,42.41,41.50,0.433
TRACE 911700,42.30,41.00,0.476
TRACE 913520,42.19,41.00,0.473
TRACE 915322,42.08,41.00,0.470
TRACE 917154,41.97,41.00,-0.436
TRACE 918966,41.86,41.00,-0.440
TRACE 920785,41.75,41.50,-0.489
TRACE 922663,41.64,41.50,-0.524
TRACE 924493,41.53,42.00,-0.605
TRACE 926327,41.42,41.50,-0.562
TRACE 928143,41.31,41.50,-0.565
TRACE 929978,41.20,41.00,-0.522
TRACE 931802,41.09,41.00,-0.525
TRACE 933634,40.98,41.00,-0.497
TRACE 935452,40.87,41.00,-0.501
TRACE 937271,40.76,41.00,-0.472
TRACE 939095,40.65,41.00,-0.507
TRACE 940924,40.54,40.50,-0.464
TRACE 942838,40.43,40.00,-0.453
TRACE 944644,40.32,40.00,-0.456
TRACE 946460,40.21,39.00,0.473
TRACE 948276,40.10,39.00,0.470
TRACE 950076,40.00,39.00,0.467
TRACE 951882,39.89,39.00,0.464
TRACE 953689,39.78,39.00,0.429
TRACE 955505,39.67,39.00,-0.445
TRACE 957331,39.56,39.00,-0.448
TRACE 959160,39.45,39.00,-0.514
TRACE 960981,39.34,39.00,-0.518
TRACE 962795,39.23,39.00,-0.521
TRACE 964639,39.12,38.50,-0.478
TRACE 966460,39.01,38.00,-0.435
TRACE 968277,38.90,38.00,-0.438
TRACE 970119,38.79,38.00,-0.442
TRACE 971940,38.68,37.00,0.488
TRACE 973740,38.58,37.00,0.485
TRACE 975566,38.47,37.00,0.481
TRACE 977365,38.36,37.00,0.447
TRACE 979194,38.25,37.00,-0.428
TRACE 981029,38.14,37.00,-0.431
TRACE 982873,38.03,37.00,-0.434
TRACE 984677,37.92,36.50,-0.454
TRACE 986515,37.81,36.50,-0.457
TRACE 988349,37.70,36.00,0.426
TRACE 990166,37.59,36.00,0.422
TRACE 991979,37.48,36.00,-0.421
TRACE 993815,37.37,36.00,-0.424
TRACE 995640,37.26,36.50,-0.474
TRACE 997452,37.15,37.00,-0.555
TRACE 999274,37.04,37.00,-0.558
TRACE 1001100,36.93,36.50,-0.546
TRACE 1002929,36.82,36.50,-0.550
TRACE 1004738,36.72,36.00,-0.507
TRACE 1006650,36.60,36.00,-0.510
TRACE 1008488,36.49,36.00,-0.482
TRACE 1010317,36.38,36.00,-0.454
TRACE 1012148,36.27,36.00,-0.458
TRACE 1013977,36.16,36.00,-0.492
TRACE 1015809,36.05,36.00,-0.495
TRACE 1017630,35.94,36.00,-0.530
TRACE 1019440,35.83,35.00,-0.440
TRACE 1021271,35.72,35.00,-0.444
TRACE 1023087,35.61,35.00,-0.447
TRACE 1024900,35.51,35.00,-0.450
TRACE 1026735,35.40,34.00,0.479
TRACE 1028551,35.29,34.00,0.476
TRACE 1030373,35.18,34.00,0.473
TRACE 1032192,35.07,34.00,-0.433
TRACE 1034027,34.96,34.00,-0.437
TRACE 1035930,34.84,34.00,-0.440
TRACE 1037757,34.73,33.50,0.442
TRACE 1039566,34.63,33.00,0.423
TRACE 1041366,34.52,33.00,-0.420
TRACE 1043192,34.41,33.00,-0.423
TRACE 1045022,34.30,33.00,-0.427
TRACE 1046857,34.19,33.00,-0.430
TRACE 1048684,34.08,33.00,-0.433
TRACE 1050520,33.97,33.00,-0.468
TRACE 1061664,33.30,33.00,-0.519
TRACE 1063533,33.19,33.00,-0.522
TRACE 1065372,33.08,33.00,-0.526
TRACE 1067185,32.97,33.00,-0.529
TRACE 1069009,32.86,32.00,-0.466
TRACE 1070829,32.75,32.00,-0.469
TRACE 1072666,32.64,32.00,-0.473
TRACE 1074491,32.53,32.00,-0.450
TRACE 1076319,32.42,31.50,0.433
TRACE 1078152,32.31,31.00,0.477
TRACE 1079961,32.20,31.00,0.473
TRACE 1081779,32.09,31.00,-0.433
TRACE 1083643,31.98,31.00,-0.436
TRACE 1085493,31.87,31.00,-0.440
TRACE 1087313,31.76,31.00,-0.443
TRACE 1089135,31.65,31.00,-0.477
TRACE 1090976,31.54,31.00,-0.512
TRACE 1092808,31.43,31.00,-0.515
TRACE 1094626,31.32,31.00,-0.518
TRACE 1096565,31.21,31.00,-0.522
TRACE 1098398,31.10,31.00,-0.525
TRACE 1100248,30.99,30.00,-0.437
TRACE 1102092,30.87,30.00,-0.440
TRACE 1103930,30.76,30.00,-0.443
TRACE 1105752,30.65,29.00,0.485
TRACE 1107579,30.55,29.00,0.482
TRACE 1109386,30.44,29.00,0.480
TRACE 1111196,30.33,29.00,0.477
TRACE 1113025,30.22,29.00,-0.429
TRACE 1114859,30.11,29.00,-0.432
TRACE 1116666,30.00,29.00,-0.435
TRACE 1118570,29.89,29.00,-0.501
TRACE 1120404,29.78,28.50,-0.459
TRACE 1122240,29.67,28.00,0.424
TRACE 1124028,29.56,28.00,0.421
TRACE 1125856,29.45,28.00,-0.422
TRACE 1127681,29.34,28.00,-0.425
TRACE 1129507,29.23,28.00,-0.429
TRACE 1131330,29.12,28.00,-0.432
TRACE 1133160,29.01,28.00,-0.466
TRACE 1134991,28.90,28.00,-0.501
TRACE 1136814,28.79,27.50,-0.458
TRACE 1138653,28.68,27.00,0.425
TRACE 1140469,28.57,27.00,0.422
TRACE 1142272,28.46,27.00,-0.421
TRACE 1144103,28.35,27.00,-0.425
TRACE 1145939,28.24,27.00,-0.428
TRACE 1147750,28.13,27.00,-0.431
TRACE 1149579,28.03,27.00,-0.466
TRACE 1151401,27.92,26.00,0.432
TRACE 1153198,27.81,26.00,0.429
TRACE 1155010,27.70,26.00,0.426
TRACE 1156847,27.59,26.00,0.422
TRACE 1158659,27.48,26.00,-0.421
TRACE 1160482,27.37,26.00,-0.424
TRACE 1162323,27.26,26.50,-0.474
TRACE 1164165,27.15,27.00,-0.586
TRACE 1165962,27.04,27.00,-0.589
TRACE 1167765,26.93,27.00,-0.593
TRACE 1169623,26.82,27.00,-0.596
TRACE 1171430,26.71,26.50,-0.553
TRACE 1173266,26.60,26.00,-0.510
TRACE 1175106,26.49,26.00,-0.482
TRACE 1176934,26.38,26.00,-0.454
TRACE 1178753,26.27,26.00,-0.457
TRACE 1180574,26.17,26.00,-0.461
TRACE 1182521,26.05,25.00,0.468
TRACE 1184321,25.94,25.00,0.433
TRACE 1186143,25.83,25.00,-0.441
TRACE 1187993,25.72,25.00,-0.444
TRACE 1189833,25.61,25.00,-0.448
TRACE 1191660,25.50,25.00,-0.451
TRACE 1193493,25.39,24.50,0.432
TRACE 1195296,25.28,24.00,-0.427
TRACE 1197111,25.17,24.00,-0.430
TRACE 1198920,25.06,24.00,-0.433
TRACE 1200751,24.95,24.00,-0.437
TRACE 1202569,24.85,24.00,-0.440
TRACE 1204420,24.73,24.00,-0.443
TRACE 1206245,24.63,23.50,-0.432
TRACE 1208083,24.52,23.00,0.420
TRACE 1209899,24.41,23.00,-0.423
TRACE 1211851,24.29,23.00,-0.427
TRACE 1213659,24.18,23.00,-0.431
TRACE 1215487,24.07,23.00,-0.434
TRACE 1217316,23.96,22.50,0.449
TRACE 1219122,23.85,22.00,0.461
TRACE 1220934,23.74,22.00,0.427
TRACE 1222747,23.64,22.00,0.423
TRACE 1224561,23.53,22.00,0.421
TRACE 1226370,23.42,22.00,-0.423
TRACE 1237505,22.75,22.00,-0.469
TRACE 1239389,22.64,22.00,-0.491
TRACE 1241223,22.53,22.00,-0.512
TRACE 1243052,22.42,22.00,-0.515
TRACE 1244885,22.31,21.50,-0.486
TRACE 1246738,22.20,21.00,-0.456
TRACE 1248592,22.08,21.00,-0.459
TRACE 1250427,21.97,21.00,-0.437
TRACE 1252273,21.86,21.00,-0.440
TRACE 1254115,21.75,20.00,0.489
TRACE 1255919,21.64,20.00,0.486
TRACE 1257739,21.54,20.00,0.451
TRACE 1259590,21.42,19.50,0.463
TRACE 1261421,21.31,19.50,0.460
TRACE 1263256,21.20,19.50,0.457
TRACE 1265088,21.09,20.00,-0.433
TRACE 1266900,20.99,20.00,-0.498
TRACE 1268735,20.88,20.00,-0.502
TRACE 1270560,20.77,20.00,-0.505
TRACE 1272431,20.65,20.00,-0.540
TRACE 1274292,20.54,20.00,-0.543
TRACE 1276121,20.43,20.00,-0.546
TRACE 1277934,20.32,20.00,-0.518
TRACE 1279748,20.22,19.50,-0.475
TRACE 1281567,20.11,19.00,-0.432
TRACE 1283391,20.00,19.00,-0.436
TRACE 1285215,19.89,19.00,-0.439
TRACE 1287048,19.78,19.00,-0.442
TRACE 1288898,19.67,18.50,0.441
TRACE 1290703,19.56,18.00,0.484
TRACE 1292513,19.45,18.00,0.449
TRACE 1294420,19.33,18.00,-0.426
TRACE 1296246,19.23,18.00,-0.429
TRACE 1298064,19.12,18.00,-0.432
TRACE 1299894,19.01,18.00,-0.436
TRACE 1301709,18.90,17.50,-0.424
TRACE 1303528,18.79,17.00,0.428
TRACE 1305319,18.68,17.00,0.425
TRACE 1307130,18.57,17.00,0.422
TRACE 1308956,18.46,17.00,-0.421
TRACE 1310788,18.35,17.00,-0.425
TRACE 1312626,18.24,17.00,-0.428
TRACE 1314472,18.13,17.00,-0.463
TRACE 1316299,18.02,17.00,-0.497
TRACE 1318114,17.91,17.00,-0.501
TRACE 1319946,17.80,16.50,-0.458
TRACE 1321769,17.69,16.00,0.425
TRACE 1323609,17.58,16.00,0.422
TRACE 1325428,17.47,16.00,-0.421
TRACE 1327232,17.37,16.00,-0.424
TRACE 1329060,17.26,16.00,-0.428
TRACE 1330888,17.15,15.50,0.455
TRACE 1332704,17.04,15.00,0.467
TRACE 1334506,16.93,15.00,0.433
TRACE 1336318,16.82,15.00,0.430
TRACE 1338157,16.71,15.00,0.426
TRACE 1339956,16.60,15.00,0.423
TRACE 1341747,16.50,15.00,-0.420
TRACE 1343601,16.38,15.00,-0.455
TRACE 1345425,16.27,15.00,-0.490
TRACE 1347247,16.17,15.00,-0.493
TRACE 1349080,16.06,15.00,-0.496
TRACE 1350896,15.95,15.00,-0.500
TRACE 1352702,15.84,15.00,-0.503
TRACE 1354515,15.73,15.00,-0.506
TRACE 1356339,15.62,14.00,0.423
TRACE 1358216,15.51,14.00,-0.420
TRACE 1360050,15.40,14.00,-0.424
TRACE 1361873,15.29,14.00,-0.427
TRACE 1363702,15.18,14.00,-0.430
TRACE 1365528,15.07,13.00,0.499
TRACE 1367338,14.96,13.00,0.496
TRACE 1369146,14.85,13.00,0.430
TRACE 1370954,14.74,13.00,0.427
TRACE 1372771,14.63,13.00,0.424
TRACE 1374571,14.53,13.00,0.421
TRACE 1376383,14.42,13.00,-0.422
TRACE 1378181,14.31,13.00,-0.489
TRACE 1380008,14.20,13.50,-0.539
TRACE 1381840,14.09,14.00,-0.588
TRACE 1383645,13.98,14.00,-0.592
TRACE 1385467,13.87,13.50,-0.548
TRACE 1387317,13.76,13.00,-0.505
TRACE 1389168,13.65,13.00,-0.509
TRACE 1391005,13.54,13.00,-0.512
TRACE 1392838,13.43,13.00,-0.484
TRACE 1394676,13.32,12.00,0.476
TRACE 1396484,13.21,12.00,0.473
TRACE 1398301,13.10,12.00,0.439
TRACE 1400115,12.99,11.50,0.451
TRACE 1401931,12.88,11.00,0.494
TRACE 1413019,12.22,12.00,-0.485
TRACE 1414846,12.11,12.00,-0.488
TRACE 1416685,12.00,12.50,-0.561
TRACE 1418521,11.89,12.50,-0.564
TRACE 1420358,11.78,12.00,-0.535
TRACE 1422195,11.67,12.00,-0.556
TRACE 1424038,11.56,12.00,-0.577
TRACE 1425864,11.45,12.00,-0.545
TRACE 1427685,11.34,11.00,-0.456
TRACE 1429522,11.23,11.00,-0.428
TRACE 1431367,11.12,11.00,-0.431
TRACE 1433177,11.01,10.50,0.421
TRACE 1435022,10.90,10.00,0.464
TRACE 1436848,10.79,10.00,0.461
TRACE 1438656,10.68,9.00,0.550
TRACE 1440464,10.57,9.00,0.484
TRACE 1442278,10.46,9.00,0.481
TRACE 1444102,10.35,10.00,-0.455
TRACE 1445926,10.24,10.00,-0.489
TRACE 1447753,10.13,10.00,-0.524
TRACE 1449626,10.02,10.00,-0.527
TRACE 1451473,9.91,10.00,-0.593
TRACE 1453302,9.80,10.00,-0.596
TRACE 1455108,9.69,10.00,-0.600
TRACE 1456932,9.58,10.00,-0.540
TRACE 1458758,9.47,9.50,-0.498
TRACE 1460581,9.37,9.00,-0.455
TRACE 1462419,9.25,9.00,-0.458
TRACE 1464230,9.15,9.00,-0.461
TRACE 1466054,9.04,9.00,-0.464
TRACE 1467890,8.93,8.50,0.429
TRACE 1469863,8.81,8.00,0.471
TRACE 1471758,8.70,8.00,0.437
TRACE 1473640,8.59,7.50,0.449
TRACE 1475518,8.48,7.50,0.446
TRACE 1477380,8.37,8.00,-0.442
TRACE 1479268,8.26,8.00,-0.445
TRACE 1481162,8.15,8.00,-0.478
TRACE 1483057,8.04,8.00,-0.511
TRACE 1484957,7.94,8.00,-0.513
TRACE 1486834,7.83,8.00,-0.546
TRACE 1488723,7.73,8.00,-0.549
TRACE 1490621,7.62,8.00,-0.521
TRACE 1492497,7.52,8.00,-0.523
TRACE 1494410,7.41,8.00,-0.526
TRACE 1496293,7.31,8.00,-0.528
TRACE 1498196,7.21,8.00,-0.530
TRACE 1500102,7.11,7.50,-0.488
TRACE 1501986,7.01,7.00,-0.445
TRACE 1503875,6.91,7.00,-0.447
TRACE 1505793,6.81,7.00,-0.450
TRACE 1507680,6.71,6.50,0.433
TRACE 1509541,6.61,6.00,0.477
TRACE 1511420,6.52,6.00,0.475
TRACE 1513296,6.42,6.00,0.442
TRACE 1515169,6.33,6.00,-0.430
TRACE 1517049,6.23,6.00,-0.432
TRACE 1518931,6.14,6.00,-0.434
TRACE 1520821,6.04,6.00,-0.467
TRACE 1522720,5.95,6.00,-0.499
TRACE 1524618,5.86,6.00,-0.501
TRACE 1526525,5.77,6.00,-0.503
TRACE 1528411,5.68,6.00,-0.505
TRACE 1530390,5.58,5.50,-0.463
TRACE 1532287,5.49,5.00,0.420
TRACE 1534178,5.41,5.00,-0.422
TRACE 1536064,5.32,5.00,-0.424
TRACE 1537965,5.23,5.00,-0.425
TRACE 1539860,5.14,4.00,0.503
TRACE 1541746,5.06,4.00,0.501
TRACE 1543618,4.98,4.00,0.470
TRACE 1545502,4.89,4.00,0.438
TRACE 1547363,4.81,4.00,0.436
TRACE 1549256,4.73,4.00,0.434
TRACE 1551147,4.64,4.00,0.432
TRACE 1553022,4.56,5.00,-0.561
TRACE 1554905,4.48,5.00,-0.563
TRACE 1556822,4.40,5.00,-0.564
TRACE 1558836,4.32,5.00,-0.565
TRACE 1560720,4.24,5.00,-0.567
TRACE 1562629,4.16,5.00,-0.568
TRACE 1564524,4.09,5.00,-0.570
TRACE 1566425,4.01,5.00,-0.512
TRACE 1568331,3.93,5.00,-0.513
TRACE 1570222,3.86,4.00,-0.425
TRACE 1572128,3.78,4.00,-0.426
TRACE 1583372,3.36,2.00,0.511
TRACE 1585288,3.29,1.50,0.542
TRACE 1587205,3.22,1.00,0.153
TRACE 1589072,3.15,1.00,0.152
TRACE 1590939,3.09,1.00,0.151
TRACE 1592772,3.02,1.00,0.115
TRACE 1594632,2.96,1.00,0.114
TRACE 1596478,2.90,1.00,0.067
TRACE 1598341,2.83,1.00,0.035
TRACE 1600218,2.77,1.00,0.003
TRACE 1602081,2.71,2.00,-0.509
TRACE 1604010,2.65,2.00,-0.510
TRACE 1605951,2.58,2.00,-0.511
TRACE 1607869,2.52,2.00,-0.512
TRACE 1609802,2.46,2.00,-0.513
TRACE 1611709,2.40,1.50,-0.469
TRACE 1613650,2.34,1.00,-0.005
TRACE 1615515,2.28,1.00,0.054
TRACE 1617506,2.22,1.00,0.052
TRACE 1619333,2.17,1.00,0.052
TRACE 1621178,2.12,1.00,0.051
TRACE 1623045,2.06,1.00,0.051
TRACE 1624882,2.01,1.00,0.020
TRACE 1626777,1.96,1.00,-0.012
TRACE 1628649,1.90,1.00,-0.013
TRACE 1630522,1.85,1.00,-0.013
TRACE 1632398,1.80,1.00,-0.014
TRACE 1634256,1.75,1.00,-0.015
TRACE 1636126,1.70,1.00,-0.016
TRACE 1638062,1.65,1.00,-0.017
TRACE 1639931,1.61,1.00,-0.017
TRACE 1641793,1.56,1.00,-0.018
TRACE 1643666,1.51,1.00,-0.019
TRACE 1645538,1.47,1.00,-0.020
TRACE 1647415,1.42,0.50,0.025
TRACE 1649276,1.38,0.50,0.024
TRACE 1651149,1.33,0.00,0.070
TRACE 1652973,1.29,0.00,0.069
TRACE 1654794,1.25,0.00,0.069
TRACE 1656617,1.21,0.00,0.068
TRACE 1658428,1.17,0.00,0.068
TRACE 1660230,1.13,0.00,0.037
TRACE 1662064,1.09,0.00,0.036
TRACE 1663899,1.06,0.00,0.005
TRACE 1665718,1.02,0.00,0.004
TRACE 1667546,0.98,0.00,0.004
TRACE 1669382,0.95,0.00,0.003
TRACE 1671208,0.91,0.00,0.003
TRACE 1673047,0.88,0.00,0.003
TRACE 1674873,0.84,0.00,0.002
TRACE 1676697,0.81,0.00,0.002
TRACE 1678521,0.78,0.00,0.002
TRACE 1680346,0.75,0.00,0.001
TRACE 1682187,0.71,0.00,0.001
TRACE 1684019,0.68,0.00,0.001
TRACE 1685863,0.65,0.00,0.000
TRACE 1687709,0.62,0.00,0.000
TRACE 1689532,0.59,0.00,0.000
TRACE 1691376,0.57,0.00,-0.000
TRACE 1693222,0.54,0.00,-0.000
TRACE 1695049,0.51,0.00,-0.000
TRACE 1696894,0.49,0.00,-0.001
TRACE 1698751,0.46,0.00,-0.001
TRACE 1700596,0.44,0.00,-0.001
TRACE 1702503,0.41,0.00,-0.001
TRACE 1704351,0.39,0.00,-0.001
TRACE 1706201,0.37,0.00,-0.001
TRACE 1708063,0.34,0.00,-0.001
TRACE 1709908,0.32,0.00,-0.001
TRACE 1711758,0.30,0.00,-0.001
TRACE 1713597,0.28,0.00,-0.001
TRACE 1715439,0.26,0.00,-0.001
TRACE 1717297,0.24,0.00,-0.000
TRACE 1719131,0.23,0.00,-0.000
TRACE 1720973,0.21,0.00,-0.000
TRACE 1722835,0.19,0.00,-0.000
TRACE 1724677,0.18,0.00,0.000
TRACE 1726524,0.16,0.00,0.000
TRACE 1728369,0.15,0.00,0.001
TRACE 1730258,0.13,0.00,0.001
TRACE 1732131,0.12,0.00,0.001
TRACE 1733975,0.11,0.00,0.001
TRACE 1735824,0.10,0.00,0.002
TRACE 1737666,0.08,0.00,0.002
TRACE 1739520,0.07,0.00,0.002
TRACE 1741361,0.06,0.00,0.003
TRACE 1743208,0.06,0.00,0.003
TRACE 1745046,0.05,0.00,0.004
TRACE 1756167,0.01,0.00,0.007
TRACE 1758023,0.01,0.00,0.007
TRACE 1759883,0.00,0.00,0.008
TRACE 1761726,0.00,0.00,0.008
TRACE 1763574,0.00,0.00,0.009
TRACE 1765418,0.00,0.00,0.010
TRACE 1767277,0.00,0.00,0.000
TRACE 1768924,0.00,0.00,0.000
TRACE 1770536,0.00,0.00,0.000
TRACE 1772132,0.00,0.00,0.000
TRACE 1773731,0.00,0.00,0.000
TRACE 1775322,0.00,0.00,0.000
TRACE 1776916,0.00,0.00,0.000
TRACE 1778512,0.00,0.00,0.000
TRACE 1780097,0.00,0.00,0.000
TRACE 1781697,0.00,0.00,0.000
TRACE 1783281,0.00,0.00,0.000
TRACE 1784879,0.00,0.00,0.000
TRACE 1786473,0.00,0.00,0.000
TRACE 1788060,0.00,0.00,0.000
TRACE 1789662,0.00,0.00,0.000
TRACE 1791269,0.00,0.00,0.000
TRACE 1792862,0.00,0.00,0.000
TRACE 1794466,0.00,0.00,0.000
TRACE 1796054,0.00,0.00,0.000
TRACE 1797649,0.00,0.00,0.000
TRACE 1799371,0.00,0.00,0.000
TRACE 1800957,0.00,0.00,0.000
TRACE 1802544,0.00,0.00,0.000
TRACE 1804151,0.00,0.00,0.000
TRACE 1805734,0.00,0.00,0.000
TRACE 1807329,0.00,0.00,0.000
TRACE 1808901,0.00,0.00,0.000
TRACE 1810486,0.00,0.00,0.000
TRACE 1812085,0.00,0.00,0.000
TRACE 1813663,0.00,0.00,0.000
TRACE 1815255,0.00,0.00,0.000
TRACE 1816835,0.00,0.00,0.000
TRACE 1818407,0.00,0.00,0.000
>>> 