arm_test.cmd_trace(arm, [])
TRACE t_us,ref_deg,pos_deg,duty
TRACE 903,-2.00,-2.00,0.430
TRACE 2862,-2.00,-2.00,0.431
TRACE 4696,-2.00,-2.00,0.432
TRACE 6495,-2.00,-1.50,-0.494
TRACE 8320,-1.99,-1.50,-0.476
TRACE 10117,-1.99,-1.00,-0.523
TRACE 11925,-1.99,-1.50,-0.457
TRACE 13755,-1.98,-2.00,0.436
TRACE 15535,-1.98,-2.00,0.436
TRACE 17278,-1.97,-2.00,0.437
TRACE 19030,-1.96,-2.00,0.470
TRACE 20804,-1.96,-2.00,0.471
TRACE 22577,-1.95,-2.00,0.504
TRACE 24377,-1.94,-1.50,0.426
TRACE 26150,-1.93,-1.00,-0.493
TRACE 27945,-1.92,-1.00,-0.492
TRACE 29741,-1.91,-1.00,-0.491
TRACE 31534,-1.90,-1.00,-0.490
TRACE 33340,-1.89,-1.00,-0.488
TRACE 35130,-1.88,-1.00,-0.487
TRACE 36928,-1.86,-2.00,0.479
TRACE 38869,-1.85,-2.00,0.511
TRACE 40641,-1.83,-2.00,0.513
TRACE 42416,-1.82,-2.00,0.514
TRACE 44187,-1.80,-2.00,0.515
TRACE 45955,-1.79,-2.00,0.516
TRACE 47724,-1.77,-2.00,0.518
TRACE 49495,-1.76,-1.50,-0.432
TRACE 51281,-1.74,-1.00,-0.478
TRACE 53068,-1.72,-1.00,-0.477
TRACE 54854,-1.70,-1.00,-0.476
TRACE 56634,-1.68,-1.00,-0.474
TRACE 58444,-1.66,-1.00,-0.473
TRACE 60221,-1.64,-1.00,-0.471
TRACE 62157,-1.61,-1.50,0.449
TRACE 63941,-1.59,-2.00,0.528
TRACE 65718,-1.57,-2.00,0.530
TRACE 67489,-1.54,-2.00,0.531
TRACE 69278,-1.52,-2.00,0.533
TRACE 71063,-1.50,-2.00,0.534
TRACE 72831,-1.47,-2.00,0.536
TRACE 74581,-1.44,-1.50,0.459
TRACE 76346,-1.42,-1.00,-0.460
TRACE 78117,-1.39,-1.00,-0.458
TRACE 79894,-1.36,-1.00,-0.457
TRACE 81671,-1.33,-1.00,-0.455
TRACE 83472,-1.30,-1.00,-0.454
TRACE 85300,-1.27,-1.00,-0.452
TRACE 87084,-1.24,-1.00,0.422
TRACE 88846,-1.21,-1.00,0.456
TRACE 90597,-1.18,-1.00,0.457
TRACE 92369,-1.15,-1.00,0.459
TRACE 94155,-1.11,-1.00,0.460
TRACE 95930,-1.08,-1.00,0.462
TRACE 97694,-1.05,-1.00,0.464
TRACE 99462,-1.01,-1.00,0.465
TRACE 101231,-0.98,-1.00,0.467
TRACE 102985,-0.94,-1.00,0.469
TRACE 104759,-0.90,-1.00,0.471
TRACE 106516,-0.87,-1.00,0.472
TRACE 108280,-0.83,-1.00,0.474
TRACE 110056,-0.79,-1.00,0.476
TRACE 111828,-0.75,-1.00,0.478
TRACE 113581,-0.71,-1.00,0.480
TRACE 115338,-0.67,-1.00,0.481
TRACE 117098,-0.63,-1.00,0.483
TRACE 118874,-0.59,0.00,-0.450
TRACE 120641,-0.54,0.00,-0.448
TRACE 122388,-0.50,0.00,-0.446
TRACE 124153,-0.46,0.50,-0.491
TRACE 125915,-0.41,0.50,-0.489
TRACE 127695,-0.37,0.50,-0.487
TRACE 129586,-0.32,0.00,-0.437
TRACE 131336,-0.28,0.00,0.469
TRACE 133096,-0.23,0.00,0.471
TRACE 134847,-0.18,-0.50,0.520
TRACE 136605,-0.13,-0.50,0.554
TRACE 138356,-0.09,-0.50,0.557
TRACE 140097,-0.04,0.00,0.512
TRACE 141848,0.01,0.00,0.481
TRACE 143604,0.06,0.00,0.484
TRACE 145352,0.11,0.00,0.486
TRACE 147102,0.16,1.00,-0.480
TRACE 148890,0.22,1.00,-0.478
TRACE 150706,0.27,1.00,-0.475
TRACE 152493,0.33,1.00,-0.440
TRACE 154287,0.38,1.00,-0.437
TRACE 156060,0.44,1.00,-0.435
TRACE 157833,0.49,1.00,-0.433
TRACE 159651,0.55,1.00,0.474
TRACE 161446,0.61,1.00,0.476
TRACE 163227,0.66,1.00,0.479
TRACE 164988,0.72,1.00,0.481
TRACE 166755,0.78,1.00,0.483
TRACE 168552,0.84,1.00,0.486
TRACE 170326,0.90,2.00,-0.446
TRACE 172118,0.96,2.00,-0.443
TRACE 173883,1.02,2.00,-0.441
TRACE 175678,1.09,2.00,-0.438
TRACE 186852,1.49,1.00,0.512
TRACE 188639,1.56,1.00,0.515
TRACE 190422,1.63,1.00,0.517
TRACE 192192,1.69,0.50,0.590
TRACE 193963,1.76,0.00,0.626
TRACE 195731,1.83,0.00,0.629
TRACE 197456,1.90,0.50,0.598
TRACE 199215,1.97,0.00,0.625
TRACE 200974,2.04,1.00,0.534
TRACE 202738,2.11,1.00,0.536
TRACE 204519,2.18,1.00,0.507
TRACE 206259,2.25,1.00,0.477
TRACE 208034,2.33,1.50,0.432
TRACE 209817,2.40,2.00,0.421
TRACE 211591,2.48,2.00,-0.449
TRACE 213370,2.55,3.00,-0.476
TRACE 215138,2.63,3.00,-0.473
TRACE 216933,2.71,3.00,-0.470
TRACE 218731,2.78,3.00,-0.466
TRACE 220517,2.86,3.00,-0.431
TRACE 222306,2.94,3.00,0.444
TRACE 224247,3.03,3.00,0.448
TRACE 226008,3.11,3.00,0.515
TRACE 227762,3.19,3.00,0.518
TRACE 229512,3.27,3.00,0.521
TRACE 231283,3.35,3.00,0.524
TRACE 233045,3.43,3.50,0.480
TRACE 234822,3.51,4.00,0.436
TRACE 236605,3.60,4.00,0.438
TRACE 238378,3.68,4.00,0.442
TRACE 240155,3.77,4.00,0.445
TRACE 241916,3.85,4.00,0.448
TRACE 243710,3.94,5.00,-0.483
TRACE 245496,4.03,5.00,-0.447
TRACE 247383,4.12,5.00,0.429
TRACE 249157,4.21,5.00,0.432
TRACE 250924,4.30,5.00,0.435
TRACE 252679,4.38,5.00,0.439
TRACE 254441,4.47,5.50,-0.445
TRACE 256222,4.56,5.50,0.462
TRACE 257992,4.66,6.00,-0.421
TRACE 259777,4.75,6.00,0.421
TRACE 261545,4.84,6.00,0.425
TRACE 263306,4.93,6.00,0.428
TRACE 265093,5.03,6.00,0.432
TRACE 266849,5.12,6.00,0.467
TRACE 268613,5.22,6.00,0.471
TRACE 270393,5.31,6.00,0.507
TRACE 272166,5.41,6.00,0.510
TRACE 273941,5.50,7.00,-0.421
TRACE 275731,5.60,7.00,0.423
TRACE 277502,5.70,7.00,0.426
TRACE 279273,5.80,7.00,0.430
TRACE 281051,5.90,7.00,0.434
TRACE 282833,6.00,8.00,-0.497
TRACE 284629,6.10,8.00,-0.493
TRACE 286425,6.20,8.00,-0.425
TRACE 288221,6.31,8.00,-0.421
TRACE 290018,6.41,8.50,-0.464
TRACE 291839,6.52,8.50,-0.460
TRACE 293631,6.62,8.50,-0.456
TRACE 295410,6.73,8.00,0.498
TRACE 297156,6.83,8.00,0.502
TRACE 298928,6.94,8.00,0.506
TRACE 300706,7.04,8.00,0.499
TRACE 302528,7.15,8.00,0.535
TRACE 304347,7.26,8.00,0.538
TRACE 306160,7.37,9.00,0.447
TRACE 307966,7.48,9.00,-0.421
TRACE 309791,7.59,9.00,0.422
TRACE 311592,7.70,9.00,0.426
TRACE 313425,7.81,9.00,0.429
TRACE 315267,7.92,9.00,0.433
TRACE 317079,8.02,9.50,-0.451
TRACE 318911,8.13,10.00,-0.431
TRACE 320735,8.24,10.00,-0.427
TRACE 322565,8.35,10.00,-0.424
TRACE 324397,8.46,10.00,-0.421
TRACE 326221,8.57,10.00,0.423
TRACE 328028,8.68,10.00,0.426
TRACE 329841,8.79,10.00,0.460
TRACE 331645,8.90,10.00,0.495
TRACE 333436,9.01,10.00,0.498
TRACE 335247,9.11,10.00,0.501
TRACE 337043,9.22,10.00,0.505
TRACE 338840,9.33,10.00,0.508
TRACE 340653,9.44,10.00,0.511
TRACE 342457,9.55,10.00,0.514
TRACE 344279,9.66,11.00,0.424
TRACE 346081,9.76,11.00,0.428
TRACE 347892,9.87,11.00,0.431
TRACE 349683,9.98,11.00,0.434
TRACE 351483,10.09,11.00,0.437
TRACE 353294,10.20,11.00,0.441
TRACE 355103,10.31,12.00,-0.489
TRACE 356922,10.42,12.00,-0.423
TRACE 368065,11.08,12.00,0.464
TRACE 369884,11.19,11.50,0.501
TRACE 371700,11.30,11.00,0.537
TRACE 373532,11.41,11.00,0.540
TRACE 375362,11.52,11.00,0.544
TRACE 377185,11.63,11.00,0.583
TRACE 378991,11.74,11.50,0.553
TRACE 380789,11.85,12.00,0.523
TRACE 382603,11.96,12.00,0.495
TRACE 384428,12.07,12.00,0.467
TRACE 386248,12.17,13.00,-0.463
TRACE 388068,12.28,13.00,-0.459
TRACE 389877,12.39,13.00,-0.456
TRACE 391737,12.50,13.50,-0.467
TRACE 393561,12.61,14.00,-0.479
TRACE 395380,12.72,14.00,-0.476
TRACE 397205,12.83,14.00,-0.472
TRACE 399046,12.94,14.00,0.434
TRACE 400854,13.05,13.00,0.530
TRACE 402658,13.16,13.00,0.533
TRACE 404514,13.27,13.00,0.567
TRACE 406357,13.38,13.00,0.602
TRACE 408166,13.49,13.00,0.605
TRACE 409976,13.60,13.00,0.609
TRACE 411780,13.71,13.50,0.566
TRACE 413595,13.82,14.00,0.460
TRACE 415396,13.92,14.00,0.463
TRACE 417209,14.03,14.00,0.466
TRACE 419003,14.14,15.00,-0.464
TRACE 420820,14.25,15.00,-0.461
TRACE 422664,14.36,15.00,-0.457
TRACE 424489,14.47,15.00,-0.422
TRACE 426328,14.58,15.50,-0.434
TRACE 428247,14.69,15.00,0.457
TRACE 430044,14.80,15.00,0.460
TRACE 431847,14.91,15.00,0.525
TRACE 433648,15.02,15.00,0.529
TRACE 435466,15.13,15.00,0.532
TRACE 437266,15.24,15.00,0.535
TRACE 439082,15.34,15.00,0.570
TRACE 440903,15.45,15.00,0.542
TRACE 442704,15.56,15.00,0.545
TRACE 444503,15.67,15.00,0.548
TRACE 446297,15.78,15.50,0.505
TRACE 448115,15.89,16.00,0.461
TRACE 449916,15.99,16.00,0.465
TRACE 451725,16.10,16.00,0.468
TRACE 453549,16.21,16.50,0.424
TRACE 455363,16.32,17.00,-0.459
TRACE 457186,16.43,17.00,-0.455
TRACE 459005,16.54,17.00,-0.420
TRACE 460828,16.65,17.00,0.455
TRACE 462624,16.76,17.50,-0.429
TRACE 464453,16.87,17.50,-0.425
TRACE 466281,16.98,17.50,0.449
TRACE 468078,17.08,17.00,0.531
TRACE 469882,17.19,17.00,0.534
TRACE 471679,17.30,17.00,0.537
TRACE 473505,17.41,17.50,0.494
TRACE 475297,17.52,18.00,0.482
TRACE 477124,17.63,18.00,0.485
TRACE 478945,17.74,18.00,0.489
TRACE 480764,17.85,19.00,-0.473
TRACE 482579,17.95,19.00,-0.469
TRACE 484415,18.06,19.00,-0.466
TRACE 486235,18.17,19.00,-0.431
TRACE 488044,18.28,19.00,0.444
TRACE 489859,18.39,19.00,0.447
TRACE 491649,18.50,19.00,0.450
TRACE 493578,18.61,19.00,0.516
TRACE 495397,18.72,20.00,0.427
TRACE 497209,18.83,20.00,0.430
TRACE 499000,18.94,20.00,0.434
TRACE 500811,19.05,20.50,-0.450
TRACE 502637,19.16,21.00,-0.492
TRACE 504459,19.27,21.00,-0.489
TRACE 506294,19.38,21.00,-0.486
TRACE 508113,19.49,21.00,-0.420
TRACE 509934,19.60,21.00,0.423
TRACE 511741,19.70,21.00,0.426
TRACE 513560,19.81,21.00,0.461
TRACE 515381,19.92,21.00,0.496
TRACE 517180,20.03,21.00,0.499
TRACE 518983,20.14,21.00,0.502
TRACE 520788,20.25,21.00,0.505
TRACE 522646,20.36,21.00,0.509
TRACE 524469,20.47,21.00,0.512
TRACE 526289,20.58,21.00,0.515
TRACE 528083,20.68,22.00,0.426
TRACE 529880,20.79,22.00,0.429
TRACE 531691,20.90,22.50,-0.454
TRACE 533513,21.01,23.00,-0.497
TRACE 535337,21.12,23.00,-0.494
TRACE 537158,21.23,23.00,-0.491
TRACE 548329,21.90,23.00,0.422
TRACE 550149,22.01,23.00,0.462
TRACE 551964,22.12,23.00,0.465
TRACE 553785,22.23,23.00,0.487
TRACE 555605,22.34,23.00,0.508
TRACE 557416,22.44,23.00,0.511
TRACE 559243,22.55,23.00,0.515
TRACE 561051,22.66,23.00,0.518
TRACE 562871,22.77,24.00,0.428
TRACE 564693,22.88,24.00,0.432
TRACE 566508,22.99,24.00,0.435
TRACE 568338,23.10,25.00,-0.495
TRACE 570195,23.21,25.00,-0.491
TRACE 572041,23.32,25.00,-0.487
TRACE 573862,23.43,25.50,-0.530
TRACE 575699,23.54,26.00,-0.510
TRACE 577535,23.65,26.00,-0.507
TRACE 579379,23.76,25.50,-0.457
TRACE 581195,23.87,25.00,0.494
TRACE 583013,23.98,25.00,0.497
TRACE 585005,24.10,25.00,0.501
TRACE 586791,24.21,25.00,0.535
TRACE 588597,24.32,25.00,0.569
TRACE 590401,24.42,25.00,0.573
TRACE 592205,24.53,25.00,0.545
TRACE 594005,24.64,25.00,0.517
TRACE 595817,24.75,25.00,0.520
TRACE 597625,24.86,25.50,0.477
TRACE 599432,24.97,26.00,0.434
TRACE 601235,25.07,26.00,0.437
TRACE 603035,25.18,27.00,-0.493
TRACE 604872,25.29,27.00,-0.490
TRACE 606771,25.41,27.00,-0.485
TRACE 608613,25.52,27.00,-0.482
TRACE 610459,25.63,27.00,-0.447
TRACE 612276,25.74,27.00,0.428
TRACE 614112,25.85,27.00,0.431
TRACE 615926,25.96,27.00,0.497
TRACE 617746,26.06,27.00,0.500
TRACE 619553,26.17,27.00,0.503
TRACE 621353,26.28,27.00,0.506
TRACE 623158,26.39,27.00,0.510
TRACE 624965,26.50,27.00,0.513
TRACE 626779,26.61,27.00,0.516
TRACE 628612,26.72,27.00,0.520
TRACE 630420,26.83,27.00,0.523
TRACE 632228,26.93,27.00,0.526
TRACE 634026,27.04,27.00,0.529
TRACE 635821,27.15,27.00,0.532
TRACE 637626,27.26,28.00,0.443
TRACE 639421,27.37,28.00,0.446
TRACE 641224,27.47,28.00,0.449
TRACE 643044,27.58,29.00,-0.481
TRACE 644876,27.69,29.00,-0.478
TRACE 646697,27.80,29.00,-0.474
TRACE 648515,27.91,29.00,-0.471
TRACE 650330,28.02,29.00,0.436
TRACE 652161,28.13,29.00,0.439
TRACE 653969,28.24,29.50,-0.444
TRACE 655796,28.35,30.00,-0.424
TRACE 657628,28.46,30.00,-0.421
TRACE 659458,28.57,30.00,0.422
TRACE 661262,28.68,30.00,0.426
TRACE 663072,28.78,30.00,0.429
TRACE 664879,28.89,30.00,0.432
TRACE 666677,29.00,30.00,0.467
TRACE 668512,29.11,30.00,0.501
TRACE 670318,29.22,30.00,0.505
TRACE 672175,29.33,30.50,0.461
TRACE 674007,29.44,31.00,-0.422
TRACE 675832,29.55,31.00,0.422
TRACE 677638,29.66,31.00,0.425
TRACE 679434,29.77,31.00,0.428
TRACE 681250,29.88,31.00,0.431
TRACE 683073,29.98,31.00,0.435
TRACE 684893,30.09,31.50,0.423
TRACE 686691,30.20,32.00,-0.429
TRACE 688506,30.31,32.00,-0.426
TRACE 690338,30.42,32.00,-0.422
TRACE 692165,30.53,32.00,0.421
TRACE 693969,30.64,32.00,0.424
TRACE 695788,30.75,32.00,0.428
TRACE 697583,30.85,32.00,0.462
TRACE 699387,30.96,32.50,0.450
TRACE 701189,31.07,33.00,-0.433
TRACE 703051,31.18,33.00,-0.429
TRACE 704880,31.29,33.00,-0.426
TRACE 706709,31.40,33.00,-0.423
TRACE 708532,31.51,33.00,0.421
TRACE 710350,31.62,33.00,0.424
TRACE 712167,31.73,33.00,0.459
TRACE 713984,31.84,33.00,0.493
TRACE 715784,31.95,33.00,0.496
TRACE 726938,32.62,34.00,0.450
TRACE 728756,32.73,35.00,-0.453
TRACE 730584,32.84,35.00,-0.450
TRACE 732413,32.94,35.00,-0.446
TRACE 734231,33.05,35.00,-0.443
TRACE 736062,33.16,35.00,-0.440
TRACE 737897,33.27,35.00,-0.436
TRACE 739726,33.38,35.00,-0.423
TRACE 741538,33.49,35.00,0.483
TRACE 743343,33.60,35.00,0.486
TRACE 745166,33.71,35.00,0.489
TRACE 746989,33.82,35.00,0.493
TRACE 748791,33.93,35.00,0.496
TRACE 750621,34.04,35.00,0.499
TRACE 752430,34.15,35.00,0.502
TRACE 754236,34.25,35.00,0.506
TRACE 756034,34.36,35.00,0.509
TRACE 757862,34.47,36.00,-0.421
TRACE 759662,34.58,36.00,0.422
TRACE 761469,34.69,36.00,0.426
TRACE 763419,34.81,36.50,-0.457
TRACE 765245,34.91,37.00,-0.499
TRACE 767071,35.02,37.00,-0.496
TRACE 768906,35.13,37.00,-0.492
TRACE 770717,35.24,37.00,-0.427
TRACE 772537,35.35,37.00,-0.424
TRACE 774373,35.46,37.00,-0.420
TRACE 776188,35.57,37.00,0.454
TRACE 778000,35.68,36.00,0.581
TRACE 779808,35.79,36.00,0.584
TRACE 781614,35.90,36.00,0.588
TRACE 783433,36.01,36.00,0.591
TRACE 785277,36.12,36.00,0.594
TRACE 787118,36.23,37.00,0.505
TRACE 788914,36.33,37.00,0.508
TRACE 790718,36.44,37.00,0.448
TRACE 792531,36.55,37.00,0.452
TRACE 794338,36.66,38.00,-0.478
TRACE 796144,36.77,38.00,-0.475
TRACE 797972,36.88,39.00,-0.565
TRACE 799793,36.99,39.00,-0.499
TRACE 801623,37.10,39.00,-0.495
TRACE 803451,37.21,39.00,-0.491
TRACE 805265,37.32,39.00,-0.488
TRACE 807061,37.42,39.00,-0.422
TRACE 808883,37.53,38.00,0.514
TRACE 810701,37.64,38.00,0.580
TRACE 812506,37.75,38.00,0.583
TRACE 814310,37.86,38.00,0.587
TRACE 816128,37.97,38.00,0.590
TRACE 817949,38.08,38.00,0.593
TRACE 819728,38.18,38.00,0.597
TRACE 821527,38.29,39.00,0.443
TRACE 823354,38.40,39.00,0.447
TRACE 825165,38.51,39.00,0.450
TRACE 826976,38.62,39.00,0.453
TRACE 828789,38.73,40.00,-0.477
TRACE 830607,38.84,40.00,-0.473
TRACE 832430,38.95,41.00,-0.563
TRACE 834255,39.06,41.00,-0.496
TRACE 836069,39.16,41.00,-0.493
TRACE 837877,39.27,41.00,-0.490
TRACE 839706,39.38,41.00,-0.486
TRACE 841540,39.49,41.00,0.420
TRACE 843371,39.60,41.00,0.423
TRACE 845174,39.71,40.50,0.536
TRACE 846997,39.82,40.00,0.585
TRACE 848810,39.93,40.00,0.589
TRACE 850635,40.04,40.00,0.592
TRACE 852473,40.15,40.00,0.595
TRACE 854285,40.26,40.00,0.598
TRACE 856098,40.37,40.00,0.602
TRACE 857902,40.47,40.50,0.527
TRACE 859712,40.58,41.00,0.453
TRACE 861517,40.69,41.00,0.456
TRACE 863336,40.80,41.00,0.459
TRACE 865148,40.91,41.00,0.462
TRACE 866961,41.02,41.50,-0.421
TRACE 868778,41.13,42.00,-0.464
TRACE 870609,41.24,42.00,-0.429
TRACE 872455,41.35,42.00,0.446
TRACE 874264,41.46,42.50,-0.437
TRACE 876063,41.56,42.50,-0.434
TRACE 877886,41.67,42.50,-0.431
TRACE 879718,41.78,42.50,0.444
TRACE 881545,41.89,42.00,0.525
TRACE 883358,42.00,42.00,0.528
TRACE 885169,42.11,42.00,0.531
TRACE 886970,42.22,42.00,0.566
TRACE 888773,42.33,42.00,0.569
TRACE 890565,42.43,42.00,0.573
TRACE 892360,42.54,43.00,0.483
TRACE 894162,42.65,43.00,0.454
TRACE 905267,43.32,45.00,-0.472
TRACE 907134,43.43,45.00,-0.468
TRACE 908979,43.54,45.50,-0.498
TRACE 910833,43.65,46.00,-0.528
TRACE 912668,43.76,46.00,-0.524
TRACE 914499,43.87,46.00,-0.484
TRACE 916317,43.98,46.00,-0.481
TRACE 918145,44.09,46.00,-0.431
TRACE 919968,44.20,46.00,-0.428
TRACE 921800,44.31,45.50,0.492
TRACE 923619,44.42,45.00,0.573
TRACE 925431,44.53,45.00,0.576
TRACE 927228,44.63,45.00,0.580
TRACE 929044,44.74,45.00,0.583
TRACE 930861,44.85,45.00,0.586
TRACE 932682,44.96,45.00,0.590
TRACE 934485,45.07,45.00,0.562
TRACE 936305,45.18,45.00,0.533
TRACE 938129,45.29,45.50,0.490
TRACE 939920,45.40,46.00,0.447
TRACE 941801,45.51,46.00,0.451
TRACE 943595,45.62,47.00,-0.479
TRACE 945413,45.72,47.00,-0.476
TRACE 947238,45.83,47.00,-0.472
TRACE 949050,45.94,47.00,-0.469
TRACE 950866,46.05,47.00,-0.435
TRACE 952703,46.16,47.00,0.440
TRACE 954515,46.27,47.00,0.443
TRACE 956299,46.38,47.00,0.509
TRACE 958126,46.49,47.00,0.513
TRACE 959926,46.60,47.00,0.516
TRACE 961732,46.70,47.00,0.519
TRACE 963545,46.81,47.00,0.522
TRACE 965388,46.92,47.00,0.526
TRACE 967195,47.03,47.00,0.529
TRACE 968981,47.14,47.50,0.486
TRACE 970789,47.25,48.00,0.442
TRACE 972590,47.36,48.00,0.445
TRACE 974386,47.46,48.00,0.449
TRACE 976204,47.57,49.00,-0.481
TRACE 978022,47.68,49.00,-0.478
TRACE 979829,47.79,49.00,-0.475
TRACE 981656,47.90,49.00,-0.440
TRACE 983473,48.01,49.50,-0.451
TRACE 985302,48.12,49.50,-0.448
TRACE 987116,48.23,50.00,-0.491
TRACE 988921,48.34,50.00,-0.425
TRACE 990749,48.44,50.00,-0.422
TRACE 992559,48.55,50.00,0.422
TRACE 994372,48.66,49.50,0.471
TRACE 996183,48.77,49.50,0.506
TRACE 997974,48.88,50.00,0.463
TRACE 999773,48.99,50.00,0.498
TRACE 1001584,49.10,50.00,0.501
TRACE 1003388,49.20,50.00,0.504
TRACE 1005202,49.31,51.00,-0.426
TRACE 1007036,49.42,51.00,-0.454
TRACE 1008859,49.53,51.00,-0.451
TRACE 1010678,49.64,51.00,0.424
TRACE 1012477,49.75,51.00,0.427
TRACE 1014285,49.86,51.00,0.431
TRACE 1016100,49.97,51.00,0.434
TRACE 1017905,50.07,51.00,0.500
TRACE 1019710,50.18,52.00,-0.430
TRACE 1021524,50.29,52.00,-0.426
TRACE 1023342,50.40,52.00,-0.423
TRACE 1025138,50.51,52.00,0.420
TRACE 1026940,50.62,52.00,0.423
TRACE 1028758,50.73,52.00,0.427
TRACE 1030584,50.84,52.00,0.430
TRACE 1032391,50.94,52.00,0.496
TRACE 1034205,51.05,52.00,0.500
TRACE 1035999,51.16,52.00,0.503
TRACE 1037819,51.27,52.00,0.506
TRACE 1039647,51.38,53.00,-0.424
TRACE 1041480,51.49,53.00,-0.420
TRACE 1043325,51.60,53.00,0.423
TRACE 1045139,51.71,53.00,0.426
TRACE 1046935,51.82,53.00,0.430
TRACE 1048733,51.92,53.00,0.433
TRACE 1050543,52.03,54.00,-0.497
TRACE 1052376,52.14,54.00,-0.431
TRACE 1054187,52.25,54.00,-0.427
TRACE 1056012,52.36,54.00,-0.424
TRACE 1057847,52.47,54.00,-0.421
TRACE 1059809,52.59,54.00,0.424
TRACE 1061609,52.70,53.50,0.473
TRACE 1063412,52.80,53.00,0.584
TRACE 1065211,52.91,53.00,0.588
TRACE 1067026,53.02,53.00,0.591
TRACE 1068839,53.13,53.00,0.594
TRACE 1070648,53.24,53.00,0.598
TRACE 1072437,53.35,53.50,0.555
TRACE 1074247,53.45,54.00,0.480
TRACE 1085398,54.12,55.00,0.429
TRACE 1087225,54.23,56.00,-0.474
TRACE 1089062,54.34,56.00,-0.471
TRACE 1090890,54.45,57.00,-0.534
TRACE 1092707,54.56,57.00,-0.530
TRACE 1094547,54.67,57.00,-0.508
TRACE 1096384,54.78,57.00,-0.487
TRACE 1098200,54.89,57.00,-0.500
TRACE 1100035,55.00,57.00,-0.434
TRACE 1101868,55.11,57.00,-0.431
TRACE 1103690,55.22,56.50,0.521
TRACE 1105482,55.33,56.00,0.570
TRACE 1107307,55.44,56.00,0.574
TRACE 1109133,55.55,56.00,0.577
TRACE 1110945,55.66,56.00,0.580
TRACE 1112746,55.76,56.00,0.584
TRACE 1114559,55.87,56.00,0.587
TRACE 1116377,55.98,57.00,0.466
TRACE 1118184,56.09,57.00,0.438
TRACE 1119983,56.20,57.00,0.441
TRACE 1121834,56.31,58.00,-0.489
TRACE 1123661,56.42,58.00,-0.485
TRACE 1125480,56.53,58.50,-0.528
TRACE 1127319,56.64,59.00,-0.571
TRACE 1129154,56.75,59.00,-0.505
TRACE 1130979,56.86,59.00,-0.501
TRACE 1132816,56.97,59.00,-0.498
TRACE 1134637,57.08,59.00,-0.432
TRACE 1136450,57.19,58.00,0.504
TRACE 1138266,57.30,58.00,0.538
TRACE 1140098,57.41,58.00,0.573
TRACE 1141904,57.51,58.00,0.576
TRACE 1143763,57.63,58.00,0.579
TRACE 1145573,57.73,58.00,0.583
TRACE 1147368,57.84,58.50,0.540
TRACE 1149161,57.95,59.00,0.434
TRACE 1150989,58.06,59.00,0.437
TRACE 1152789,58.17,59.00,0.440
TRACE 1154597,58.28,59.00,0.443
TRACE 1156423,58.39,60.00,-0.487
TRACE 1158242,58.49,60.00,-0.483
TRACE 1160067,58.60,61.00,-0.541
TRACE 1161898,58.71,61.00,-0.506
TRACE 1163719,58.82,61.00,-0.503
TRACE 1165542,58.93,61.00,-0.499
TRACE 1167367,59.04,61.00,-0.496
TRACE 1169195,59.15,61.00,-0.430
TRACE 1171017,59.26,60.00,0.506
TRACE 1172808,59.37,60.00,0.572
TRACE 1174631,59.48,60.00,0.575
TRACE 1176455,59.59,59.50,0.625
TRACE 1178255,59.70,59.50,0.628
TRACE 1180078,59.80,60.00,0.585
TRACE 1181913,59.91,60.00,0.588
TRACE 1183723,60.02,60.00,0.529
TRACE 1185538,60.13,60.50,0.486
TRACE 1187347,60.24,61.00,0.442
TRACE 1189149,60.35,61.00,-0.426
TRACE 1190962,60.46,61.00,-0.423
TRACE 1192797,60.57,62.00,-0.481
TRACE 1194600,60.68,62.00,-0.478
TRACE 1196410,60.78,62.00,-0.475
TRACE 1198243,60.89,62.00,-0.440
TRACE 1200058,61.00,62.00,0.435
TRACE 1201875,61.11,62.00,0.439
TRACE 1203692,61.22,62.00,0.442
TRACE 1205498,61.33,61.50,0.554
TRACE 1207305,61.44,61.50,0.558
TRACE 1209133,61.55,62.00,0.514
TRACE 1210933,61.66,62.00,0.518
TRACE 1212739,61.76,62.00,0.521
TRACE 1214532,61.87,62.00,0.524
TRACE 1216346,61.98,62.00,0.527
TRACE 1218172,62.09,62.00,0.499
TRACE 1219968,62.20,63.00,-0.431
TRACE 1221806,62.31,63.00,0.444
TRACE 1223626,62.42,63.00,0.448
TRACE 1225426,62.53,63.00,0.451
TRACE 1227223,62.63,64.00,-0.479
TRACE 1229025,62.74,64.00,-0.476
TRACE 1230846,62.85,64.00,-0.473
TRACE 1232647,62.96,64.00,0.434
TRACE 1234435,63.07,64.00,0.437
TRACE 1236229,63.17,64.00,0.440
TRACE 1238115,63.29,64.00,0.444
TRACE 1239918,63.40,65.00,-0.423
TRACE 1241748,63.50,65.00,0.420
TRACE 1243558,63.61,65.00,0.423
TRACE 1245367,63.72,65.00,0.427
TRACE 1247181,63.83,65.00,0.430
TRACE 1248986,63.94,65.00,0.433
TRACE 1250799,64.05,66.00,-0.497
TRACE 1252603,64.16,66.00,-0.430
TRACE 1263797,64.83,66.00,0.457
TRACE 1265620,64.94,66.00,0.460
TRACE 1267456,65.05,66.00,0.463
TRACE 1269270,65.16,66.00,0.466
TRACE 1271088,65.27,66.00,0.470
TRACE 1272895,65.37,67.00,0.443
TRACE 1274749,65.48,67.00,0.446
TRACE 1276557,65.59,67.00,0.423
TRACE 1278359,65.70,67.00,0.426
TRACE 1280173,65.81,68.00,-0.504
TRACE 1282007,65.92,68.00,-0.500
TRACE 1283846,66.03,68.00,-0.496
TRACE 1285694,66.14,68.50,-0.477
TRACE 1287523,66.25,69.00,-0.520
TRACE 1289360,66.36,69.00,-0.516
TRACE 1291186,66.47,68.50,-0.466
TRACE 1293015,66.58,68.00,0.485
TRACE 1294840,66.69,68.00,0.489
TRACE 1296652,66.80,68.00,0.492
TRACE 1298474,66.91,68.00,0.527
TRACE 1300324,67.02,68.00,0.561
TRACE 1302130,67.13,68.00,0.564
TRACE 1303937,67.24,69.00,0.444
TRACE 1305754,67.35,69.00,-0.424
TRACE 1307570,67.45,69.00,-0.421
TRACE 1309415,67.56,69.00,0.422
TRACE 1311239,67.67,69.00,0.426
TRACE 1313026,67.78,69.00,0.428
TRACE 1314812,67.89,69.00,0.432
TRACE 1316633,68.00,70.00,-0.435
TRACE 1318469,68.11,70.00,-0.432
TRACE 1320280,68.22,70.00,-0.428
TRACE 1322223,68.33,70.00,-0.424
TRACE 1324065,68.44,70.00,-0.421
TRACE 1325877,68.55,70.00,0.422
TRACE 1327685,68.66,70.00,0.426
TRACE 1329491,68.77,70.00,0.491
TRACE 1331291,68.88,70.00,0.494
TRACE 1333121,68.99,70.00,0.498
TRACE 1334920,69.10,70.00,0.501
TRACE 1336742,69.20,70.00,0.504
TRACE 1338555,69.31,70.00,0.507
TRACE 1340351,69.42,70.00,0.511
TRACE 1342149,69.53,70.00,0.514
TRACE 1343951,69.64,71.00,0.424
TRACE 1345784,69.75,71.00,0.427
TRACE 1347595,69.86,71.00,0.431
TRACE 1349400,69.96,71.00,0.434
TRACE 1351200,70.07,71.00,0.437
TRACE 1353027,70.18,72.00,-0.493
TRACE 1354851,70.29,72.00,-0.489
TRACE 1356673,70.40,72.00,-0.423
TRACE 1358495,70.51,72.00,0.420
TRACE 1360320,70.62,72.00,0.424
TRACE 1362135,70.73,72.00,0.427
TRACE 1363941,70.84,72.00,0.430
TRACE 1365770,70.95,72.50,0.450
TRACE 1367596,71.06,73.00,-0.433
TRACE 1369413,71.16,73.00,-0.430
TRACE 1371242,71.27,73.00,-0.427
TRACE 1373079,71.38,73.00,-0.423
TRACE 1374912,71.49,73.00,0.420
TRACE 1376728,71.60,73.00,0.424
TRACE 1378571,71.71,73.00,0.458
TRACE 1380376,71.82,73.00,0.493
TRACE 1382181,71.93,73.00,0.496
TRACE 1383990,72.04,73.50,0.453
TRACE 1385794,72.15,74.00,-0.430
TRACE 1387687,72.26,74.00,-0.427
TRACE 1389526,72.37,74.00,-0.423
TRACE 1391353,72.48,74.00,-0.420
TRACE 1393172,72.59,74.00,0.423
TRACE 1394976,72.70,73.50,0.473
TRACE 1396771,72.81,73.00,0.553
TRACE 1398570,72.91,73.00,0.588
TRACE 1400375,73.02,73.00,0.592
TRACE 1402177,73.13,73.00,0.595
TRACE 1403991,73.24,73.00,0.598
TRACE 1405784,73.35,73.50,0.555
TRACE 1407580,73.45,74.00,0.480
TRACE 1409376,73.56,74.00,0.451
TRACE 1411193,73.67,74.00,0.455
TRACE 1413022,73.78,74.00,0.458
TRACE 1414829,73.89,74.50,-0.425
TRACE 1416672,74.00,75.00,-0.468
TRACE 1418516,74.11,75.00,-0.433
TRACE 1420318,74.22,75.00,0.442
TRACE 1422115,74.33,75.00,0.445
TRACE 1423914,74.43,75.00,0.448
TRACE 1425712,74.54,75.00,0.451
TRACE 1427527,74.65,75.00,0.486
TRACE 1429361,74.76,75.50,0.474
TRACE 1431176,74.87,76.00,0.431
TRACE 1442310,75.54,77.00,-0.429
TRACE 1444141,75.65,77.00,-0.425
TRACE 1445971,75.76,78.00,-0.488
TRACE 1447806,75.87,78.00,-0.485
TRACE 1449644,75.98,78.00,-0.481
TRACE 1451485,76.09,78.00,-0.460
TRACE 1453308,76.20,78.00,-0.438
TRACE 1455171,76.31,78.00,-0.425
TRACE 1457004,76.42,78.00,-0.422
TRACE 1458846,76.53,78.00,0.484
TRACE 1460660,76.64,78.00,0.487
TRACE 1462474,76.75,78.00,0.490
TRACE 1464307,76.86,78.00,0.494
TRACE 1466114,76.97,78.00,0.497
TRACE 1467915,77.07,79.00,-0.433
TRACE 1469737,77.18,79.00,-0.429
TRACE 1471539,77.29,79.00,-0.426
TRACE 1473382,77.40,79.00,-0.423
TRACE 1475199,77.51,79.00,0.420
TRACE 1477005,77.62,79.00,0.424
TRACE 1478995,77.74,79.00,0.428
TRACE 1480806,77.85,79.00,0.493
TRACE 1482615,77.96,78.50,0.543
TRACE 1484434,78.07,79.00,0.500
TRACE 1486249,78.17,79.00,0.503
TRACE 1488068,78.28,79.00,0.507
TRACE 1489882,78.39,79.00,0.510
TRACE 1491695,78.50,79.00,0.513
TRACE 1493475,78.61,79.00,0.516
TRACE 1495284,78.72,79.00,0.488
TRACE 1497099,78.83,79.00,0.523
TRACE 1498910,78.93,79.00,0.526
TRACE 1500750,79.05,80.00,0.436
TRACE 1502564,79.15,80.00,0.440
TRACE 1504354,79.26,80.00,0.443
TRACE 1506169,79.37,81.00,-0.487
TRACE 1507994,79.48,81.00,-0.483
TRACE 1509825,79.59,81.00,-0.480
TRACE 1511661,79.70,81.50,-0.523
TRACE 1513496,79.81,82.00,-0.503
TRACE 1515328,79.92,82.00,-0.500
TRACE 1517155,80.03,82.00,-0.496
TRACE 1518971,80.14,82.00,-0.430
TRACE 1520785,80.25,81.50,0.459
TRACE 1522586,80.36,81.00,0.509
TRACE 1524385,80.46,81.00,0.543
TRACE 1526186,80.57,81.00,0.578
TRACE 1527996,80.68,81.00,0.582
TRACE 1529801,80.79,81.50,0.538
TRACE 1531591,80.90,82.00,0.495
TRACE 1533425,81.01,82.00,0.456
TRACE 1535302,81.12,82.00,0.428
TRACE 1537184,81.23,83.00,-0.502
TRACE 1539084,81.34,83.00,-0.498
TRACE 1540975,81.45,83.00,-0.494
TRACE 1542868,81.56,83.00,-0.460
TRACE 1544750,81.67,83.50,-0.472
TRACE 1546653,81.78,83.50,-0.469
TRACE 1548570,81.89,83.50,-0.466
TRACE 1550455,82.00,83.00,0.482
TRACE 1552344,82.10,83.00,0.484
TRACE 1554226,82.21,83.00,0.487
TRACE 1556102,82.31,83.00,0.489
TRACE 1557971,82.42,83.00,0.522
TRACE 1559841,82.52,83.00,0.524
TRACE 1561708,82.62,83.50,0.481
TRACE 1563596,82.72,84.00,-0.432
TRACE 1565571,82.83,84.00,-0.429
TRACE 1567459,82.93,84.00,-0.427
TRACE 1569351,83.03,84.00,-0.424
TRACE 1571265,83.13,84.00,-0.422
TRACE 1573159,83.23,84.00,0.421
TRACE 1575040,83.33,84.00,0.453
TRACE 1576935,83.43,83.50,0.530
TRACE 1578817,83.52,83.00,0.578
TRACE 1580688,83.62,83.00,0.580
TRACE 1582550,83.71,83.00,0.582
TRACE 1584438,83.81,83.00,0.584
TRACE 1586301,83.90,83.50,0.541
TRACE 1588164,83.99,84.00,0.498
TRACE 1590040,84.08,84.00,0.469
TRACE 1591921,84.17,84.00,0.441
TRACE 1593936,84.27,84.00,0.444
TRACE 1595809,84.36,84.00,0.446
TRACE 1597677,84.45,85.00,-0.483
TRACE 1599558,84.53,85.00,-0.450
TRACE 1601441,84.62,85.00,0.422
TRACE 1603340,84.71,85.00,0.424
TRACE 1605210,84.80,85.50,-0.459
TRACE 1607118,84.88,86.00,-0.503
TRACE 1618336,85.38,85.00,0.463
TRACE 1620243,85.46,85.00,0.500
TRACE 1622112,85.54,85.00,0.502
TRACE 1623987,85.62,85.00,0.504
TRACE 1625874,85.70,85.00,0.506
TRACE 1627750,85.77,85.00,0.525
TRACE 1629649,85.85,85.00,0.544
TRACE 1631527,85.93,85.00,0.510
TRACE 1633414,86.00,85.00,0.512
TRACE 1635284,86.08,86.00,0.423
TRACE 1637170,86.15,86.00,0.424
TRACE 1639076,86.23,86.50,-0.459
TRACE 1640968,86.30,87.00,-0.503
TRACE 1642866,86.37,87.00,-0.501
TRACE 1644765,86.44,87.00,-0.500
TRACE 1646682,86.52,87.00,-0.498
TRACE 1648594,86.59,87.00,-0.436
TRACE 1650487,86.66,87.00,-0.435
TRACE 1652494,86.73,87.00,0.437
TRACE 1654364,86.80,87.00,0.468
TRACE 1656250,86.86,86.50,0.515
TRACE 1658123,86.93,86.00,0.561
TRACE 1660010,87.00,86.00,0.562
TRACE 1661895,87.06,86.50,0.519
TRACE 1663769,87.12,87.00,0.475
TRACE 1665608,87.19,87.00,0.476
TRACE 1667477,87.25,87.00,0.477
TRACE 1669355,87.31,87.00,0.448
TRACE 1671225,87.37,87.00,-0.422
TRACE 1673102,87.43,88.00,-0.512
TRACE 1675040,87.49,88.00,-0.479
TRACE 1676948,87.55,88.00,-0.448
TRACE 1678886,87.61,88.00,-0.446
TRACE 1680782,87.67,88.50,-0.490
TRACE 1682710,87.73,88.00,-0.444
TRACE 1684586,87.79,88.00,-0.443
TRACE 1686512,87.84,88.00,0.458
TRACE 1688434,87.90,88.00,0.459
TRACE 1690348,87.96,88.00,0.460
TRACE 1692278,88.01,88.00,0.461
TRACE 1694206,88.06,88.00,0.492
TRACE 1696111,88.12,88.50,-0.422
TRACE 1698043,88.17,89.00,-0.046
TRACE 1699922,88.22,89.00,-0.045
TRACE 1701783,88.27,89.00,-0.044
TRACE 1703645,88.32,89.00,-0.044
TRACE 1705501,88.37,89.00,-0.044
TRACE 1707349,88.41,89.00,-0.043
TRACE 1709201,88.46,89.00,-0.012
TRACE 1711098,88.51,89.00,0.019
TRACE 1712952,88.55,88.50,0.486
TRACE 1714863,88.60,88.00,0.532
TRACE 1716774,88.64,88.00,0.532
TRACE 1718689,88.69,88.00,0.533
TRACE 1720599,88.73,88.50,0.488
TRACE 1722540,88.77,89.00,0.023
TRACE 1724397,88.81,89.00,0.024
TRACE 1726271,88.85,89.00,-0.006
TRACE 1728120,88.89,89.00,-0.036
TRACE 1729972,88.93,89.00,-0.035
TRACE 1731816,88.97,89.00,-0.035
TRACE 1733651,89.01,89.00,-0.005
TRACE 1735512,89.04,89.00,0.027
TRACE 1737402,89.08,89.00,0.027
TRACE 1739267,89.12,89.00,0.027
TRACE 1741130,89.15,88.50,0.493
TRACE 1743051,89.18,88.00,0.539
TRACE 1744943,89.22,88.00,0.539
TRACE 1746846,89.25,88.00,0.539
TRACE 1748761,89.28,88.50,0.494
TRACE 1750675,89.32,89.00,0.029
TRACE 1752523,89.35,89.00,0.030
TRACE 1754395,89.38,89.00,-0.000
TRACE 1756251,89.41,89.00,-0.031
TRACE 1758097,89.43,89.00,-0.031
TRACE 1759941,89.46,89.00,-0.031
TRACE 1761783,89.49,89.00,-0.000
TRACE 1763657,89.51,89.00,0.031
TRACE 1765628,89.54,89.00,0.031
TRACE 1767508,89.57,88.50,0.496
TRACE 1769413,89.59,88.00,0.542
TRACE 1771317,89.62,88.00,0.541
TRACE 1773225,89.64,88.00,0.541
TRACE 1775098,89.66,88.50,0.496
TRACE 1777043,89.68,89.00,0.031
TRACE 1778904,89.70,89.00,0.031
TRACE 1790075,89.81,89.00,0.012
TRACE 1791961,89.83,89.00,-0.006
TRACE 1793830,89.84,89.00,-0.006
TRACE 1795707,89.86,88.00,0.479
TRACE 1797655,89.87,88.50,0.464
TRACE 1799583,89.89,88.00,0.514
TRACE 1801528,89.90,88.00,0.514
TRACE 1803463,89.91,88.50,0.493
TRACE 1805399,89.92,89.00,0.028
TRACE 1807286,89.93,89.00,0.027
TRACE 1809147,89.94,89.00,-0.033
TRACE 1811002,89.95,89.00,-0.003
TRACE 1812919,89.96,89.00,-0.034
TRACE 1814767,89.97,89.00,-0.035
TRACE 1816600,89.97,89.00,-0.005
TRACE 1818462,89.98,89.00,0.025
TRACE 1820333,89.98,88.50,0.490
TRACE 1822256,89.99,88.00,0.535
TRACE 1824165,89.99,88.00,0.534
TRACE 1826102,89.99,88.00,0.533
TRACE 1828010,90.00,88.50,0.487
TRACE 1829930,90.00,89.00,0.021
TRACE 1831781,90.00,89.00,0.021
TRACE 1833632,90.00,89.00,-0.000
TRACE 1835286,90.00,89.00,-0.031
TRACE 1836912,90.00,89.00,-0.033
TRACE 1838543,90.00,89.00,-0.034
TRACE 1840185,90.00,89.00,-0.003
TRACE 1841856,90.00,89.00,0.030
TRACE 1843500,90.00,89.00,0.030
TRACE 1845146,90.00,89.00,0.030
TRACE 1846794,90.00,88.50,0.500
TRACE 1848504,90.00,88.00,0.549
TRACE 1850236,90.00,88.00,0.548
TRACE 1851907,90.00,88.00,0.548
TRACE 1853588,90.00,88.50,0.499
TRACE 1855279,90.00,89.00,0.030
TRACE 1856921,90.00,89.00,0.030
TRACE 1858571,90.00,89.00,-0.004
TRACE 1860219,90.00,89.00,-0.038
TRACE 1861875,90.00,89.00,-0.039
TRACE 1863501,90.00,89.00,-0.039
TRACE 1865128,90.00,89.00,-0.005
TRACE 1866773,90.00,89.00,0.030
TRACE 1868414,90.00,89.00,0.030
TRACE 1870048,90.00,88.50,0.500
TRACE 1871753,90.00,88.50,0.500
TRACE 1873453,90.00,88.00,0.549
TRACE 1875124,90.00,88.00,0.549
TRACE 1876805,90.00,88.50,0.499
TRACE 1878510,90.00,89.00,0.030
TRACE 1880146,90.00,89.00,0.030
TRACE 1881781,90.00,89.00,-0.004
TRACE 1883436,90.00,89.00,-0.004
TRACE 1885099,90.00,89.00,-0.039
TRACE 1886731,90.00,89.00,-0.039
TRACE 1888368,90.00,89.00,-0.005
TRACE 1890026,90.00,89.00,0.030
TRACE 1891670,90.00,89.00,0.030
TRACE 1893324,90.00,88.50,0.500
TRACE 1895020,90.00,88.00,0.549
TRACE 1896694,90.00,88.00,0.549
TRACE 1898380,90.00,88.00,0.549
TRACE 1900046,90.00,88.50,0.499
TRACE 1901741,90.00,89.00,0.030
TRACE 1903406,90.00,89.00,0.030
TRACE 1905037,90.00,89.00,-0.004
TRACE 1906660,90.00,89.00,-0.039
TRACE 1908306,90.00,89.00,-0.039
TRACE 1909929,90.00,89.00,-0.039
TRACE 1911565,90.00,89.00,-0.005
TRACE 1913221,90.00,89.00,0.030
TRACE 1914852,90.00,89.00,0.030
TRACE 1916499,90.00,88.50,0.500
TRACE 1918221,90.00,88.50,0.500
TRACE 1919928,90.00,88.00,0.549
TRACE 1921620,90.00,88.00,0.548
TRACE 1923317,90.00,88.50,0.499
TRACE 1925031,90.00,89.00,0.030
TRACE 1926685,90.00,89.00,0.030
TRACE 1928406,90.00,89.00,-0.004
TRACE 1930077,90.00,89.00,-0.004
TRACE 1931712,90.00,89.00,-0.038
TRACE 1933339,90.00,89.00,-0.038
TRACE 1934961,90.00,89.00,-0.004
TRACE 1936633,90.00,89.00,0.030
TRACE 1938258,90.00,89.00,0.030
TRACE 1939897,90.00,88.50,0.500
TRACE 1941588,90.00,88.00,0.549
TRACE 1943281,90.00,88.00,0.549
TRACE 1944971,90.00,88.00,0.549
TRACE 1946644,90.00,88.50,0.499
TRACE 1948369,90.00,89.00,0.030
TRACE 1950010,90.00,89.00,0.030
TRACE 1951661,90.00,89.00,-0.004
TRACE 1953306,90.00,89.00,-0.038
TRACE 1954926,90.00,89.00,-0.039
TRACE 1956561,90.00,89.00,-0.039
TRACE 1958202,90.00,89.00,-0.005
TRACE 1959867,90.00,89.00,0.030
TRACE 1961511,90.00,89.00,0.030
TRACE 1963164,90.00,88.50,0.500
TRACE 1964984,90.00,88.00,0.549
TRACE 1966660,90.00,88.00,0.548
TRACE 1968335,90.00,88.00,0.548
TRACE 1970012,90.00,88.50,0.499
TRACE 1971716,90.00,89.00,0.030
TRACE 1973351,90.00,89.00,0.030
TRACE 1975000,90.00,89.00,-0.004
TRACE 1976642,90.00,89.00,-0.039
TRACE 1978259,90.00,89.00,-0.039
TRACE 1979918,90.00,89.00,-0.039
TRACE 1981553,90.00,89.00,-0.005
TRACE 1992457,90.00,88.00,0.519
TRACE 1994156,90.00,88.00,0.518
TRACE 1995880,90.00,88.00,0.518
TRACE 1997593,90.00,88.00,0.518
TRACE 1999293,90.00,89.00,0.030
TRACE 2000933,90.00,89.00,0.030
TRACE 2002596,90.00,89.00,0.030
TRACE 2004267,90.00,89.00,-0.038
TRACE 2005890,90.00,89.00,-0.038
TRACE 2007517,90.00,89.00,-0.039
TRACE 2009147,90.00,89.00,-0.039
TRACE 2010786,90.00,89.00,0.030
TRACE 2012416,90.00,89.00,0.030
TRACE 2014042,90.00,89.00,0.030
TRACE 2015680,90.00,89.00,0.030
TRACE 2017290,90.00,89.00,0.030
TRACE 2018922,90.00,88.50,0.500
TRACE 2020614,90.00,88.00,0.550
TRACE 2022278,90.00,88.00,0.550
TRACE 2023957,90.00,88.00,0.549
TRACE 2025649,90.00,88.50,0.499
TRACE 2027310,90.00,89.00,0.030
TRACE 2028947,90.00,89.00,0.030
TRACE 2030571,90.00,89.00,-0.004
TRACE 2032191,90.00,89.00,-0.039
TRACE 2033811,90.00,89.00,-0.039
TRACE 2035452,90.00,89.00,-0.040
TRACE 2037286,90.00,89.00,-0.004
TRACE 2038957,90.00,89.00,0.030
TRACE 2040588,90.00,89.00,0.030
TRACE 2042224,90.00,88.50,0.499
TRACE 2043890,90.00,88.00,0.548
TRACE 2045575,90.00,88.00,0.548
TRACE 2047261,90.00,88.00,0.548
TRACE 2048951,90.00,88.50,0.499
TRACE 2050627,90.00,89.00,0.030
TRACE 2052247,90.00,89.00,0.030
TRACE 2053870,90.00,89.00,-0.004
>>> 