arm_test.cmd_trace(arm, [])
TRACE t_us,ref_deg,pos_deg,duty
TRACE 976,-0.00,0.00,-0.430
TRACE 2967,-0.00,0.00,-0.431
TRACE 4803,-0.00,0.00,-0.432
TRACE 6615,-0.00,0.00,-0.433
TRACE 8383,-0.01,0.00,-0.433
TRACE 10164,-0.01,0.00,-0.434
TRACE 11941,-0.01,0.00,-0.435
TRACE 13731,-0.02,0.00,-0.436
TRACE 15524,-0.02,-0.50,0.451
TRACE 17317,-0.03,-0.50,0.450
TRACE 19083,-0.04,-0.50,0.449
TRACE 20839,-0.04,0.00,-0.439
TRACE 22613,-0.05,0.00,-0.440
TRACE 24394,-0.06,0.00,-0.441
TRACE 26192,-0.07,0.00,-0.441
TRACE 27950,-0.08,0.00,-0.475
TRACE 29702,-0.09,0.00,-0.476
TRACE 31432,-0.10,0.00,-0.477
TRACE 33195,-0.11,0.00,-0.445
TRACE 34950,-0.12,0.00,-0.446
TRACE 36710,-0.13,-0.50,0.440
TRACE 38589,-0.15,-1.00,0.486
TRACE 40356,-0.16,-1.00,0.485
TRACE 42133,-0.18,-1.00,0.484
TRACE 43916,-0.19,-0.50,0.435
TRACE 45684,-0.21,0.00,-0.453
TRACE 47452,-0.23,0.00,-0.454
TRACE 49217,-0.24,0.00,-0.487
TRACE 50973,-0.26,0.00,-0.521
TRACE 52747,-0.28,0.00,-0.522
TRACE 54501,-0.30,0.00,-0.523
TRACE 56259,-0.32,0.00,-0.492
TRACE 58036,-0.34,0.00,-0.461
TRACE 59784,-0.36,0.00,-0.462
TRACE 61576,-0.38,-1.00,0.471
TRACE 63352,-0.40,-1.00,0.470
TRACE 65124,-0.42,-1.00,0.468
TRACE 66901,-0.45,-1.00,0.467
TRACE 68688,-0.47,-1.00,0.465
TRACE 70453,-0.50,-1.00,0.464
TRACE 72237,-0.52,-1.00,0.463
TRACE 74008,-0.55,-1.00,-0.443
TRACE 75800,-0.57,0.00,-0.539
TRACE 77560,-0.60,0.00,-0.540
TRACE 79329,-0.63,0.00,-0.542
TRACE 81083,-0.66,0.00,-0.543
TRACE 82857,-0.69,0.00,-0.545
TRACE 84608,-0.72,0.00,-0.547
TRACE 86360,-0.75,0.00,-0.548
TRACE 88119,-0.78,0.00,-0.485
TRACE 89888,-0.81,-0.50,-0.439
TRACE 91695,-0.84,-1.00,0.446
TRACE 93455,-0.87,-1.00,0.445
TRACE 95215,-0.91,-1.00,0.443
TRACE 96996,-0.94,-1.00,0.441
TRACE 98751,-0.98,-1.00,0.440
TRACE 100524,-1.01,-1.00,0.438
TRACE 102302,-1.05,-1.00,-0.436
TRACE 104091,-1.08,-1.00,-0.470
TRACE 105893,-1.12,-1.00,-0.472
TRACE 107679,-1.16,-1.00,-0.474
TRACE 109455,-1.20,-1.00,-0.475
TRACE 111239,-1.24,-1.00,-0.477
TRACE 113020,-1.28,-1.00,-0.479
TRACE 114804,-1.32,-2.00,0.453
TRACE 116584,-1.36,-2.00,0.451
TRACE 118372,-1.40,-2.00,0.449
TRACE 120151,-1.44,-2.00,0.448
TRACE 121906,-1.49,-2.00,0.446
TRACE 123693,-1.53,-2.00,0.444
TRACE 125459,-1.57,-2.00,0.442
TRACE 127334,-1.62,-2.00,-0.464
TRACE 129126,-1.67,-1.00,-0.560
TRACE 130941,-1.71,-1.00,-0.562
TRACE 132730,-1.76,-1.00,-0.564
TRACE 134515,-1.81,-1.00,-0.566
TRACE 136290,-1.86,-1.00,-0.568
TRACE 138079,-1.91,-1.50,-0.524
TRACE 139877,-1.96,-2.00,-0.479
TRACE 141664,-2.01,-2.00,0.423
TRACE 143433,-2.06,-2.50,0.468
TRACE 145228,-2.11,-3.00,0.512
TRACE 146994,-2.16,-3.00,0.510
TRACE 148787,-2.21,-3.00,0.508
TRACE 150557,-2.27,-3.00,0.474
TRACE 152331,-2.32,-3.00,0.440
TRACE 154111,-2.38,-3.00,0.438
TRACE 155877,-2.43,-3.00,-0.437
TRACE 157680,-2.49,-2.00,-0.566
TRACE 159457,-2.54,-2.00,-0.568
TRACE 161255,-2.60,-2.00,-0.570
TRACE 163028,-2.66,-2.00,-0.573
TRACE 164817,-2.72,-2.00,-0.575
TRACE 166619,-2.78,-2.00,-0.577
TRACE 168405,-2.84,-2.00,-0.580
TRACE 170177,-2.90,-2.00,-0.518
TRACE 171964,-2.96,-3.00,-0.427
TRACE 183061,-3.35,-4.00,0.437
TRACE 184867,-3.42,-5.00,0.501
TRACE 186655,-3.48,-5.00,0.498
TRACE 188444,-3.55,-5.00,0.496
TRACE 190212,-3.62,-5.00,0.493
TRACE 192001,-3.69,-5.00,0.490
TRACE 193779,-3.76,-5.00,0.451
TRACE 195559,-3.82,-5.00,0.439
TRACE 197343,-3.89,-5.00,-0.468
TRACE 199147,-3.97,-5.00,-0.471
TRACE 200943,-4.04,-5.00,-0.473
TRACE 202720,-4.11,-5.00,-0.476
TRACE 204500,-4.18,-5.00,-0.479
TRACE 206290,-4.26,-5.00,-0.482
TRACE 208087,-4.33,-5.00,-0.485
TRACE 209871,-4.40,-5.00,-0.488
TRACE 211647,-4.48,-5.00,-0.491
TRACE 213465,-4.56,-6.00,0.440
TRACE 215265,-4.63,-6.00,0.437
TRACE 217041,-4.71,-6.00,0.434
TRACE 218813,-4.79,-6.00,0.431
TRACE 220613,-4.87,-6.50,0.475
TRACE 222403,-4.95,-7.00,0.519
TRACE 224172,-5.03,-7.00,0.516
TRACE 225941,-5.10,-7.00,0.450
TRACE 227704,-5.18,-7.00,0.447
TRACE 229473,-5.27,-6.50,-0.443
TRACE 231258,-5.35,-6.50,-0.447
TRACE 233038,-5.43,-6.00,-0.529
TRACE 234825,-5.51,-6.50,-0.517
TRACE 236609,-5.60,-7.00,-0.473
TRACE 238382,-5.68,-7.00,-0.476
TRACE 240140,-5.77,-7.00,-0.479
TRACE 241933,-5.85,-7.00,-0.451
TRACE 243710,-5.94,-7.00,-0.454
TRACE 245494,-6.03,-7.50,0.462
TRACE 247269,-6.11,-8.00,0.474
TRACE 249043,-6.20,-8.00,0.439
TRACE 250811,-6.29,-8.00,0.435
TRACE 252596,-6.38,-8.00,0.432
TRACE 254371,-6.47,-8.00,0.429
TRACE 256120,-6.56,-8.00,0.425
TRACE 257903,-6.65,-8.00,-0.450
TRACE 259701,-6.74,-8.00,-0.486
TRACE 261496,-6.84,-8.00,-0.489
TRACE 263279,-6.93,-8.00,-0.493
TRACE 265065,-7.03,-8.00,-0.496
TRACE 266859,-7.12,-9.00,0.434
TRACE 268613,-7.22,-9.00,0.431
TRACE 270393,-7.31,-9.00,0.427
TRACE 272176,-7.41,-9.00,0.424
TRACE 273954,-7.51,-9.00,0.420
TRACE 275730,-7.60,-9.00,-0.423
TRACE 277502,-7.70,-8.00,-0.521
TRACE 279286,-7.80,-8.00,-0.589
TRACE 281089,-7.90,-8.00,-0.592
TRACE 282878,-8.00,-8.00,-0.596
TRACE 284666,-8.10,-8.00,-0.600
TRACE 286474,-8.21,-8.50,-0.556
TRACE 288252,-8.31,-9.00,-0.513
TRACE 290036,-8.41,-9.00,-0.453
TRACE 291816,-8.52,-9.00,-0.457
TRACE 293587,-8.62,-9.00,-0.460
TRACE 295367,-8.72,-10.00,0.470
TRACE 297133,-8.83,-10.00,0.467
TRACE 298882,-8.93,-10.00,0.431
TRACE 300649,-9.04,-10.50,0.453
TRACE 302455,-9.15,-10.50,0.449
TRACE 304271,-9.26,-10.50,0.446
TRACE 306097,-9.37,-10.00,-0.445
TRACE 307966,-9.48,-10.00,-0.512
TRACE 309784,-9.59,-10.00,-0.516
TRACE 311610,-9.70,-10.00,-0.519
TRACE 313423,-9.81,-10.00,-0.553
TRACE 315248,-9.91,-10.00,-0.557
TRACE 317076,-10.02,-10.00,-0.560
TRACE 318908,-10.13,-10.00,-0.532
TRACE 320723,-10.24,-10.50,-0.489
TRACE 322543,-10.35,-11.00,-0.446
TRACE 324364,-10.46,-11.00,-0.449
TRACE 326186,-10.57,-11.00,-0.452
TRACE 328014,-10.68,-11.00,-0.456
TRACE 329844,-10.79,-11.50,0.427
TRACE 331662,-10.90,-12.00,0.470
TRACE 333486,-11.01,-12.00,0.436
TRACE 335289,-11.12,-12.00,-0.439
TRACE 337125,-11.23,-12.00,-0.442
TRACE 338972,-11.34,-12.00,-0.446
TRACE 340808,-11.45,-12.50,0.437
TRACE 342622,-11.56,-13.00,0.449
TRACE 344451,-11.67,-13.00,-0.425
TRACE 346266,-11.78,-13.00,-0.429
TRACE 348088,-11.89,-13.00,-0.432
TRACE 349917,-12.00,-13.00,-0.435
TRACE 361039,-12.66,-14.00,0.425
TRACE 362835,-12.77,-14.50,0.437
TRACE 364649,-12.88,-15.00,0.448
TRACE 366469,-12.99,-15.00,0.445
TRACE 368296,-13.10,-15.00,0.442
TRACE 370123,-13.21,-15.00,0.438
TRACE 371943,-13.32,-15.00,0.435
TRACE 373765,-13.43,-15.00,0.422
TRACE 375576,-13.53,-15.00,-0.453
TRACE 377424,-13.65,-15.00,-0.487
TRACE 379264,-13.76,-15.00,-0.491
TRACE 381096,-13.87,-15.00,-0.494
TRACE 382955,-13.98,-15.00,-0.497
TRACE 384815,-14.09,-15.00,-0.501
TRACE 386644,-14.20,-15.00,-0.504
TRACE 388453,-14.31,-15.00,-0.507
TRACE 390285,-14.42,-16.00,0.422
TRACE 392114,-14.53,-16.00,-0.422
TRACE 393935,-14.64,-16.00,-0.425
TRACE 395765,-14.75,-16.00,-0.428
TRACE 397703,-14.86,-16.50,0.454
TRACE 399498,-14.97,-17.00,0.497
TRACE 401309,-15.08,-17.00,0.494
TRACE 403126,-15.19,-17.00,0.429
TRACE 404935,-15.30,-17.00,0.426
TRACE 406744,-15.40,-17.00,0.422
TRACE 408554,-15.51,-17.00,-0.421
TRACE 410390,-15.62,-17.00,-0.455
TRACE 412233,-15.73,-16.50,-0.536
TRACE 414064,-15.84,-16.50,-0.540
TRACE 415887,-15.95,-16.50,-0.543
TRACE 417724,-16.06,-17.00,-0.500
TRACE 419575,-16.17,-17.00,-0.503
TRACE 421413,-16.28,-17.00,-0.507
TRACE 423230,-16.39,-17.00,-0.510
TRACE 425039,-16.50,-17.00,-0.482
TRACE 426871,-16.61,-17.50,-0.439
TRACE 428712,-16.72,-18.00,0.444
TRACE 430530,-16.83,-18.00,-0.430
TRACE 432355,-16.94,-19.00,0.499
TRACE 434151,-17.05,-19.00,0.496
TRACE 435965,-17.16,-19.00,0.493
TRACE 437786,-17.27,-19.00,0.490
TRACE 439594,-17.38,-19.00,0.455
TRACE 441395,-17.48,-19.00,0.421
TRACE 443212,-17.59,-19.00,-0.423
TRACE 445037,-17.70,-18.00,-0.582
TRACE 446858,-17.81,-18.00,-0.585
TRACE 448684,-17.92,-18.00,-0.589
TRACE 450507,-18.03,-18.00,-0.592
TRACE 452370,-18.14,-18.00,-0.595
TRACE 454180,-18.25,-18.00,-0.598
TRACE 456027,-18.36,-19.00,-0.509
TRACE 457867,-18.47,-19.00,-0.450
TRACE 459697,-18.58,-19.00,-0.453
TRACE 461523,-18.69,-19.00,-0.456
TRACE 463352,-18.80,-20.00,0.473
TRACE 465167,-18.91,-20.00,0.470
TRACE 466987,-19.02,-20.50,0.513
TRACE 468797,-19.13,-21.00,0.493
TRACE 470622,-19.24,-21.00,0.490
TRACE 472445,-19.35,-21.00,0.487
TRACE 474257,-19.46,-21.00,0.484
TRACE 476084,-19.57,-20.00,-0.515
TRACE 477911,-19.67,-20.00,-0.518
TRACE 479740,-19.78,-20.00,-0.553
TRACE 481563,-19.89,-20.00,-0.587
TRACE 483502,-20.01,-20.00,-0.590
TRACE 485329,-20.12,-20.00,-0.594
TRACE 487163,-20.23,-20.00,-0.597
TRACE 488995,-20.34,-20.00,-0.538
TRACE 490813,-20.45,-20.50,-0.495
TRACE 492631,-20.56,-21.00,-0.453
TRACE 494450,-20.67,-21.00,-0.456
TRACE 496274,-20.78,-21.00,-0.459
TRACE 498090,-20.89,-22.00,0.471
TRACE 499909,-20.99,-22.00,0.468
TRACE 501730,-21.10,-22.00,0.465
TRACE 503524,-21.21,-23.00,0.523
TRACE 505321,-21.32,-23.00,0.489
TRACE 507122,-21.43,-23.00,0.485
TRACE 508933,-21.54,-23.00,0.482
TRACE 510739,-21.64,-22.50,-0.471
TRACE 512673,-21.76,-22.00,-0.521
TRACE 514483,-21.87,-22.00,-0.524
TRACE 516310,-21.98,-22.00,-0.590
TRACE 518131,-22.09,-22.00,-0.593
TRACE 519970,-22.20,-22.00,-0.596
TRACE 521810,-22.31,-22.00,-0.599
TRACE 523643,-22.42,-22.00,-0.572
TRACE 525467,-22.53,-22.00,-0.544
TRACE 536573,-23.19,-23.00,-0.498
TRACE 538405,-23.30,-24.00,-0.435
TRACE 540254,-23.42,-24.00,-0.438
TRACE 542085,-23.53,-25.00,0.465
TRACE 543912,-23.63,-25.00,0.462
TRACE 545750,-23.75,-25.00,0.458
TRACE 547569,-23.85,-26.00,0.521
TRACE 549411,-23.96,-26.00,0.560
TRACE 551212,-24.07,-26.00,0.495
TRACE 553033,-24.18,-26.00,0.492
TRACE 554866,-24.29,-25.00,-0.507
TRACE 556668,-24.40,-25.00,-0.510
TRACE 558493,-24.51,-25.00,-0.513
TRACE 560326,-24.62,-25.00,-0.579
TRACE 562137,-24.73,-25.00,-0.583
TRACE 563964,-24.84,-25.00,-0.586
TRACE 565804,-24.95,-25.00,-0.589
TRACE 567647,-25.06,-25.00,-0.530
TRACE 569482,-25.17,-25.00,-0.533
TRACE 571302,-25.28,-25.50,-0.490
TRACE 573307,-25.40,-26.00,-0.448
TRACE 575145,-25.51,-26.00,-0.452
TRACE 576964,-25.62,-26.50,0.431
TRACE 578776,-25.73,-27.00,0.474
TRACE 580596,-25.84,-27.00,0.470
TRACE 582405,-25.94,-27.00,0.467
TRACE 584236,-26.05,-27.00,0.433
TRACE 586059,-26.16,-27.00,-0.440
TRACE 587876,-26.27,-27.00,-0.443
TRACE 589706,-26.38,-27.00,-0.478
TRACE 591533,-26.49,-27.00,-0.513
TRACE 593359,-26.60,-27.00,-0.516
TRACE 595223,-26.71,-27.00,-0.519
TRACE 597052,-26.82,-27.00,-0.523
TRACE 598866,-26.93,-27.00,-0.526
TRACE 600657,-27.04,-27.00,-0.529
TRACE 602499,-27.15,-27.00,-0.532
TRACE 604330,-27.26,-27.00,-0.536
TRACE 606141,-27.37,-27.00,-0.539
TRACE 607985,-27.48,-27.50,-0.496
TRACE 609809,-27.59,-28.00,-0.453
TRACE 611626,-27.70,-28.00,-0.456
TRACE 613467,-27.81,-28.50,0.426
TRACE 615298,-27.92,-29.00,0.469
TRACE 617110,-28.03,-29.00,0.466
TRACE 618934,-28.14,-29.00,0.463
TRACE 620743,-28.24,-29.00,0.429
TRACE 622557,-28.35,-29.00,-0.446
TRACE 624380,-28.46,-29.00,-0.449
TRACE 626209,-28.57,-29.00,-0.484
TRACE 628033,-28.68,-29.00,-0.518
TRACE 629857,-28.79,-29.00,-0.522
TRACE 631693,-28.90,-30.00,-0.432
TRACE 633528,-29.01,-30.00,-0.436
TRACE 635354,-29.12,-30.00,-0.439
TRACE 637186,-29.23,-31.00,0.490
TRACE 638994,-29.34,-31.00,0.487
TRACE 640802,-29.45,-31.00,0.484
TRACE 642602,-29.56,-31.00,0.481
TRACE 644399,-29.66,-31.00,-0.425
TRACE 646204,-29.77,-31.00,-0.428
TRACE 648027,-29.88,-31.00,-0.431
TRACE 649841,-29.99,-31.00,-0.498
TRACE 651680,-30.10,-31.00,-0.501
TRACE 653505,-30.21,-31.50,-0.458
TRACE 655348,-30.32,-32.00,0.425
TRACE 657167,-30.43,-32.00,0.422
TRACE 659034,-30.54,-32.00,-0.422
TRACE 660835,-30.65,-32.50,0.461
TRACE 662633,-30.76,-32.50,0.458
TRACE 664438,-30.87,-33.00,0.501
TRACE 666238,-30.97,-32.50,0.421
TRACE 668067,-31.08,-32.50,-0.454
TRACE 669892,-31.19,-32.00,-0.504
TRACE 671709,-31.30,-32.00,-0.507
TRACE 673517,-31.41,-32.00,-0.542
TRACE 675341,-31.52,-32.00,-0.545
TRACE 677169,-31.63,-32.00,-0.580
TRACE 678994,-31.74,-32.00,-0.552
TRACE 680815,-31.85,-32.00,-0.555
TRACE 682617,-31.96,-32.00,-0.527
TRACE 684434,-32.07,-32.00,-0.530
TRACE 686273,-32.18,-32.00,-0.533
TRACE 688212,-32.29,-33.00,-0.445
TRACE 690029,-32.40,-33.00,-0.448
TRACE 691847,-32.51,-33.00,-0.451
TRACE 693690,-32.62,-33.00,-0.455
TRACE 695510,-32.73,-34.00,0.474
TRACE 697317,-32.84,-34.00,0.471
TRACE 699146,-32.95,-34.50,0.514
TRACE 700944,-33.06,-35.00,0.496
TRACE 712043,-33.72,-35.00,0.423
TRACE 713873,-33.83,-35.00,-0.420
TRACE 715700,-33.94,-35.00,-0.424
TRACE 717535,-34.05,-35.00,-0.463
TRACE 719375,-34.16,-35.00,-0.467
TRACE 721218,-34.27,-35.00,-0.488
TRACE 723035,-34.38,-35.00,-0.509
TRACE 724867,-34.49,-35.00,-0.513
TRACE 726699,-34.60,-35.00,-0.516
TRACE 728537,-34.71,-36.00,-0.427
TRACE 730377,-34.82,-36.00,-0.430
TRACE 732226,-34.93,-36.00,-0.434
TRACE 734043,-35.04,-37.00,0.495
TRACE 735877,-35.15,-37.00,0.492
TRACE 737695,-35.26,-37.00,0.489
TRACE 739510,-35.37,-37.00,0.486
TRACE 741329,-35.48,-37.50,0.466
TRACE 743148,-35.59,-37.00,-0.423
TRACE 745002,-35.70,-37.00,-0.426
TRACE 746807,-35.81,-37.00,-0.492
TRACE 748759,-35.93,-37.00,-0.496
TRACE 750585,-36.04,-37.00,-0.499
TRACE 752401,-36.14,-37.00,-0.502
TRACE 754202,-36.25,-37.00,-0.537
TRACE 756047,-36.36,-37.50,-0.463
TRACE 757865,-36.47,-38.00,0.420
TRACE 759695,-36.58,-38.00,-0.423
TRACE 761511,-36.69,-38.00,-0.426
TRACE 763328,-36.80,-38.50,0.457
TRACE 765137,-36.91,-39.00,0.500
TRACE 766960,-37.02,-39.00,0.497
TRACE 768758,-37.13,-39.00,0.463
TRACE 770592,-37.24,-39.00,0.428
TRACE 772406,-37.34,-39.00,0.425
TRACE 774229,-37.45,-39.00,0.421
TRACE 776035,-37.56,-38.00,-0.546
TRACE 777859,-37.67,-38.00,-0.581
TRACE 779706,-37.78,-38.00,-0.584
TRACE 781538,-37.89,-38.00,-0.587
TRACE 783360,-38.00,-38.00,-0.591
TRACE 785166,-38.11,-38.00,-0.594
TRACE 787006,-38.22,-38.50,-0.551
TRACE 788821,-38.33,-39.00,-0.445
TRACE 790619,-38.44,-39.00,-0.448
TRACE 792438,-38.55,-39.00,-0.452
TRACE 794261,-38.66,-39.50,0.432
TRACE 796079,-38.76,-40.00,0.475
TRACE 797904,-38.87,-40.50,0.518
TRACE 799739,-38.98,-41.00,0.530
TRACE 801551,-39.09,-41.00,0.495
TRACE 803348,-39.20,-41.00,0.492
TRACE 805167,-39.31,-41.00,0.488
TRACE 806977,-39.42,-40.00,-0.479
TRACE 808800,-39.53,-40.00,-0.514
TRACE 810645,-39.64,-40.00,-0.549
TRACE 812475,-39.75,-40.00,-0.583
TRACE 814321,-39.86,-40.00,-0.586
TRACE 816132,-39.97,-40.00,-0.590
TRACE 817981,-40.08,-40.00,-0.593
TRACE 819814,-40.19,-40.00,-0.534
TRACE 821635,-40.30,-40.50,-0.491
TRACE 823473,-40.41,-41.00,-0.448
TRACE 825292,-40.52,-41.00,-0.451
TRACE 827125,-40.63,-41.00,-0.454
TRACE 828961,-40.74,-41.00,-0.458
TRACE 830778,-40.85,-42.00,0.472
TRACE 832589,-40.96,-42.00,0.469
TRACE 834520,-41.07,-42.50,0.479
TRACE 836342,-41.18,-43.00,0.491
TRACE 838138,-41.29,-43.00,0.488
TRACE 839971,-41.40,-43.00,0.485
TRACE 841808,-41.51,-43.00,0.481
TRACE 843622,-41.62,-42.00,-0.517
TRACE 845446,-41.73,-42.00,-0.520
TRACE 847252,-41.84,-42.00,-0.554
TRACE 849072,-41.94,-42.00,-0.589
TRACE 850892,-42.05,-42.00,-0.592
TRACE 852714,-42.16,-42.00,-0.596
TRACE 854548,-42.27,-42.00,-0.599
TRACE 856361,-42.38,-42.00,-0.539
TRACE 858202,-42.49,-42.00,-0.543
TRACE 860039,-42.60,-42.00,-0.546
TRACE 861852,-42.71,-42.00,-0.549
TRACE 863788,-42.83,-42.50,-0.507
TRACE 865621,-42.94,-43.00,-0.464
TRACE 867457,-43.05,-43.00,-0.467
TRACE 869271,-43.16,-43.00,-0.471
TRACE 871084,-43.27,-44.00,0.458
TRACE 872918,-43.38,-44.00,0.455
TRACE 874728,-43.48,-44.00,0.452
TRACE 876536,-43.59,-44.50,0.465
TRACE 887601,-44.26,-45.00,-0.433
TRACE 889431,-44.37,-44.50,-0.469
TRACE 891254,-44.48,-44.50,-0.473
TRACE 893091,-44.59,-44.50,-0.512
TRACE 894909,-44.69,-45.00,-0.482
TRACE 896745,-44.80,-45.00,-0.486
TRACE 898566,-44.91,-45.00,-0.507
TRACE 900418,-45.03,-45.00,-0.529
TRACE 902239,-45.13,-45.50,-0.455
TRACE 904065,-45.24,-46.00,0.428
TRACE 905905,-45.35,-46.00,0.425
TRACE 907733,-45.46,-47.00,0.483
TRACE 909541,-45.57,-47.00,0.480
TRACE 911356,-45.68,-47.00,0.477
TRACE 913178,-45.79,-47.00,0.474
TRACE 914976,-45.90,-47.00,0.439
TRACE 916771,-46.01,-47.00,-0.435
TRACE 918610,-46.12,-47.00,-0.439
TRACE 920419,-46.23,-47.00,-0.505
TRACE 922259,-46.34,-46.50,-0.555
TRACE 924223,-46.45,-47.00,-0.512
TRACE 926048,-46.56,-47.00,-0.515
TRACE 927846,-46.67,-47.00,-0.518
TRACE 929665,-46.78,-47.00,-0.521
TRACE 931487,-46.89,-47.00,-0.525
TRACE 933301,-47.00,-47.00,-0.528
TRACE 935138,-47.11,-47.50,-0.454
TRACE 936966,-47.22,-48.00,-0.442
TRACE 938776,-47.33,-48.00,-0.445
TRACE 940595,-47.44,-48.50,0.438
TRACE 942417,-47.55,-49.00,0.481
TRACE 944216,-47.65,-49.00,0.478
TRACE 946050,-47.76,-49.00,0.475
TRACE 947861,-47.87,-49.00,0.440
TRACE 949693,-47.98,-49.00,-0.435
TRACE 951512,-48.09,-49.00,-0.438
TRACE 953338,-48.20,-49.00,-0.473
TRACE 955188,-48.31,-49.00,-0.507
TRACE 957042,-48.42,-49.00,-0.511
TRACE 958858,-48.53,-49.50,-0.468
TRACE 960687,-48.64,-50.00,-0.425
TRACE 962511,-48.75,-50.00,-0.428
TRACE 964340,-48.86,-50.00,-0.431
TRACE 966171,-48.97,-51.00,0.498
TRACE 967982,-49.08,-51.00,0.495
TRACE 969801,-49.19,-51.00,0.492
TRACE 971611,-49.30,-51.00,0.457
TRACE 973419,-49.41,-51.00,0.423
TRACE 975229,-49.51,-51.00,-0.421
TRACE 977041,-49.62,-51.00,-0.424
TRACE 978883,-49.73,-51.00,-0.490
TRACE 980712,-49.84,-51.00,-0.493
TRACE 982528,-49.95,-51.50,-0.450
TRACE 984356,-50.06,-52.00,0.433
TRACE 986187,-50.17,-52.00,0.430
TRACE 988006,-50.28,-52.00,0.426
TRACE 989811,-50.39,-52.00,0.423
TRACE 991634,-50.50,-52.00,-0.420
TRACE 993467,-50.61,-52.00,-0.424
TRACE 995270,-50.72,-52.00,-0.458
TRACE 997113,-50.83,-52.00,-0.493
TRACE 998963,-50.94,-52.00,-0.496
TRACE 1000776,-51.05,-52.00,-0.499
TRACE 1002609,-51.16,-52.00,-0.503
TRACE 1004428,-51.27,-52.00,-0.506
TRACE 1006257,-51.38,-52.00,-0.509
TRACE 1008066,-51.48,-52.00,-0.513
TRACE 1009999,-51.60,-52.00,-0.516
TRACE 1011828,-51.71,-52.50,-0.473
TRACE 1013639,-51.82,-53.00,-0.430
TRACE 1015461,-51.93,-53.00,-0.434
TRACE 1017289,-52.04,-53.00,-0.437
TRACE 1019129,-52.15,-53.50,0.446
TRACE 1020953,-52.26,-54.00,0.488
TRACE 1022752,-52.37,-54.00,0.487
TRACE 1024542,-52.47,-54.00,0.452
TRACE 1026368,-52.58,-54.00,-0.423
TRACE 1028207,-52.69,-54.00,-0.426
TRACE 1030045,-52.80,-54.00,-0.429
TRACE 1031861,-52.91,-54.00,-0.464
TRACE 1033691,-53.02,-54.50,-0.452
TRACE 1035514,-53.13,-55.00,0.431
TRACE 1037323,-53.24,-55.00,0.427
TRACE 1039210,-53.35,-55.00,0.424
TRACE 1041027,-53.46,-55.00,0.421
TRACE 1042861,-53.57,-55.00,-0.423
TRACE 1044686,-53.68,-55.00,-0.426
TRACE 1046522,-53.79,-55.00,-0.461
TRACE 1048334,-53.90,-55.00,-0.495
TRACE 1050150,-54.01,-55.00,-0.498
TRACE 1051972,-54.12,-55.00,-0.502
TRACE 1053807,-54.23,-55.00,-0.505
TRACE 1064941,-54.90,-56.00,-0.459
TRACE 1066781,-55.01,-56.00,-0.462
TRACE 1068632,-55.12,-56.50,-0.432
TRACE 1070458,-55.23,-57.00,0.437
TRACE 1072281,-55.34,-57.00,0.434
TRACE 1074113,-55.45,-57.00,0.431
TRACE 1075935,-55.56,-57.00,0.428
TRACE 1077747,-55.66,-57.00,-0.425
TRACE 1079586,-55.78,-57.00,-0.429
TRACE 1081420,-55.89,-57.00,-0.463
TRACE 1083235,-55.99,-57.00,-0.498
TRACE 1085059,-56.10,-57.00,-0.501
TRACE 1086930,-56.22,-57.50,-0.458
TRACE 1088759,-56.33,-58.00,0.425
TRACE 1090572,-56.43,-58.00,0.421
TRACE 1092385,-56.54,-58.00,-0.422
TRACE 1094229,-56.65,-58.50,0.461
TRACE 1096040,-56.76,-59.00,0.504
TRACE 1097850,-56.87,-59.00,0.501
TRACE 1099671,-56.98,-59.00,0.467
TRACE 1101544,-57.09,-59.00,0.432
TRACE 1103372,-57.20,-58.00,-0.504
TRACE 1105221,-57.31,-58.00,-0.507
TRACE 1107043,-57.42,-58.00,-0.542
TRACE 1108860,-57.53,-58.00,-0.576
TRACE 1110710,-57.64,-58.00,-0.579
TRACE 1112530,-57.75,-58.00,-0.583
TRACE 1114348,-57.86,-59.00,-0.494
TRACE 1116169,-57.97,-59.00,-0.435
TRACE 1117988,-58.08,-59.00,-0.438
TRACE 1119830,-58.19,-59.00,-0.441
TRACE 1121764,-58.31,-59.50,0.441
TRACE 1123597,-58.42,-60.00,0.484
TRACE 1125407,-58.52,-60.00,0.481
TRACE 1127230,-58.63,-60.50,0.461
TRACE 1129066,-58.74,-61.00,0.504
TRACE 1130894,-58.85,-60.50,0.454
TRACE 1132697,-58.96,-60.00,-0.435
TRACE 1134514,-59.07,-60.00,-0.469
TRACE 1136344,-59.18,-60.00,-0.503
TRACE 1138159,-59.29,-60.00,-0.507
TRACE 1139979,-59.40,-60.00,-0.541
TRACE 1141801,-59.51,-60.00,-0.576
TRACE 1143639,-59.62,-60.00,-0.548
TRACE 1145448,-59.73,-60.00,-0.520
TRACE 1147262,-59.84,-60.50,-0.477
TRACE 1149095,-59.95,-61.00,-0.434
TRACE 1150910,-60.05,-61.00,-0.437
TRACE 1152750,-60.17,-61.00,-0.440
TRACE 1154564,-60.27,-61.00,-0.444
TRACE 1156374,-60.38,-61.00,-0.447
TRACE 1158212,-60.49,-62.00,0.483
TRACE 1160021,-60.60,-62.00,0.448
TRACE 1161818,-60.71,-62.00,-0.426
TRACE 1163634,-60.82,-62.50,0.457
TRACE 1165449,-60.93,-63.00,0.500
TRACE 1167264,-61.04,-63.00,0.497
TRACE 1169069,-61.14,-63.00,0.494
TRACE 1170881,-61.25,-63.00,0.428
TRACE 1172700,-61.36,-63.00,0.424
TRACE 1174505,-61.47,-62.00,-0.512
TRACE 1176349,-61.58,-62.00,-0.547
TRACE 1178183,-61.69,-62.00,-0.582
TRACE 1180013,-61.80,-62.00,-0.585
TRACE 1181843,-61.91,-62.00,-0.588
TRACE 1183686,-62.02,-62.00,-0.591
TRACE 1185537,-62.13,-62.00,-0.594
TRACE 1187399,-62.24,-62.00,-0.535
TRACE 1189223,-62.35,-62.00,-0.539
TRACE 1191045,-62.46,-62.00,-0.542
TRACE 1192867,-62.57,-62.00,-0.545
TRACE 1194689,-62.68,-63.00,-0.456
TRACE 1196517,-62.79,-63.00,-0.459
TRACE 1198328,-62.90,-63.00,-0.462
TRACE 1200143,-63.01,-63.00,-0.465
TRACE 1201978,-63.12,-64.00,0.464
TRACE 1203783,-63.23,-64.00,0.461
TRACE 1205605,-63.34,-64.50,0.504
TRACE 1207421,-63.45,-65.00,0.484
TRACE 1209228,-63.55,-65.00,0.481
TRACE 1211012,-63.66,-65.00,0.478
TRACE 1212838,-63.77,-65.00,0.475
TRACE 1214640,-63.88,-65.00,-0.431
TRACE 1216496,-63.99,-65.00,-0.435
TRACE 1218315,-64.10,-65.00,-0.469
TRACE 1220125,-64.21,-65.00,-0.504
TRACE 1221963,-64.32,-65.00,-0.508
TRACE 1223774,-64.43,-65.00,-0.511
TRACE 1225612,-64.54,-65.00,-0.514
TRACE 1227414,-64.64,-65.50,-0.471
TRACE 1229242,-64.75,-66.00,-0.428
TRACE 1240329,-65.42,-67.50,0.465
TRACE 1242152,-65.53,-68.00,0.495
TRACE 1243978,-65.64,-68.00,0.492
TRACE 1245797,-65.75,-69.00,0.555
TRACE 1247645,-65.86,-69.00,0.551
TRACE 1249465,-65.97,-69.00,0.530
TRACE 1251292,-66.08,-69.00,0.509
TRACE 1253151,-66.19,-69.00,0.490
TRACE 1254972,-66.30,-68.00,-0.477
TRACE 1256791,-66.41,-68.00,-0.480
TRACE 1258609,-66.52,-68.00,-0.546
TRACE 1260457,-66.63,-68.00,-0.549
TRACE 1262321,-66.74,-68.00,-0.552
TRACE 1264150,-66.85,-68.00,-0.556
TRACE 1265966,-66.96,-68.00,-0.559
TRACE 1267798,-67.07,-69.00,0.432
TRACE 1269616,-67.18,-69.00,0.429
TRACE 1271444,-67.29,-69.00,0.426
TRACE 1273263,-67.40,-69.00,0.423
TRACE 1275064,-67.50,-69.00,-0.420
TRACE 1277044,-67.62,-69.00,-0.425
TRACE 1278864,-67.73,-69.00,-0.428
TRACE 1280694,-67.84,-69.00,-0.493
TRACE 1282517,-67.95,-69.50,-0.451
TRACE 1284362,-68.06,-70.00,0.432
TRACE 1286159,-68.17,-70.00,0.429
TRACE 1287968,-68.28,-70.00,0.426
TRACE 1289791,-68.39,-70.50,0.470
TRACE 1291621,-68.50,-70.50,0.466
TRACE 1293461,-68.61,-70.50,0.463
TRACE 1295286,-68.72,-70.00,-0.458
TRACE 1297137,-68.83,-70.00,-0.493
TRACE 1298972,-68.94,-70.00,-0.496
TRACE 1300787,-69.05,-70.00,-0.499
TRACE 1302617,-69.16,-70.00,-0.534
TRACE 1304436,-69.27,-70.00,-0.537
TRACE 1306257,-69.38,-70.00,-0.541
TRACE 1308112,-69.49,-70.00,-0.513
TRACE 1309954,-69.60,-70.50,-0.470
TRACE 1311789,-69.71,-71.00,-0.427
TRACE 1313631,-69.82,-71.00,-0.430
TRACE 1315445,-69.93,-71.00,-0.433
TRACE 1317248,-70.03,-71.00,-0.437
TRACE 1319062,-70.14,-72.00,0.493
TRACE 1320892,-70.25,-72.00,0.490
TRACE 1322681,-70.36,-72.50,0.502
TRACE 1324489,-70.47,-73.00,0.514
TRACE 1326306,-70.58,-73.00,0.511
TRACE 1328110,-70.69,-73.00,0.508
TRACE 1329914,-70.79,-72.50,0.458
TRACE 1331720,-70.90,-72.00,-0.495
TRACE 1333540,-71.01,-72.00,-0.498
TRACE 1335353,-71.12,-72.00,-0.533
TRACE 1337176,-71.23,-72.00,-0.568
TRACE 1338994,-71.34,-71.50,-0.618
TRACE 1340803,-71.45,-71.50,-0.621
TRACE 1342650,-71.56,-72.00,-0.546
TRACE 1344485,-71.67,-72.00,-0.518
TRACE 1346321,-71.78,-72.00,-0.521
TRACE 1348146,-71.89,-72.00,-0.525
TRACE 1349962,-72.00,-72.00,-0.528
TRACE 1351798,-72.11,-73.00,0.432
TRACE 1353596,-72.22,-73.00,0.429
TRACE 1355416,-72.32,-73.00,-0.445
TRACE 1357250,-72.44,-73.00,-0.448
TRACE 1359074,-72.54,-73.50,0.435
TRACE 1360890,-72.65,-74.00,0.478
TRACE 1362763,-72.77,-74.00,0.474
TRACE 1364560,-72.87,-74.00,-0.432
TRACE 1366370,-72.98,-74.00,-0.435
TRACE 1368206,-73.09,-74.00,-0.438
TRACE 1370043,-73.20,-74.00,-0.442
TRACE 1371869,-73.31,-74.00,-0.476
TRACE 1373698,-73.42,-74.00,-0.511
TRACE 1375502,-73.53,-74.00,-0.514
TRACE 1377326,-73.64,-74.00,-0.517
TRACE 1379142,-73.75,-74.00,-0.520
TRACE 1380959,-73.86,-74.00,-0.524
TRACE 1382777,-73.97,-74.00,-0.527
TRACE 1384618,-74.08,-74.00,-0.530
TRACE 1386453,-74.19,-74.00,-0.534
TRACE 1388286,-74.30,-74.00,-0.537
TRACE 1390115,-74.41,-74.50,-0.494
TRACE 1391979,-74.52,-75.00,-0.451
TRACE 1393802,-74.63,-75.00,-0.455
TRACE 1395624,-74.74,-75.00,-0.458
TRACE 1397445,-74.85,-76.00,0.471
TRACE 1399262,-74.96,-76.00,0.468
TRACE 1401071,-75.06,-76.50,0.512
TRACE 1402878,-75.17,-77.00,0.524
TRACE 1404690,-75.28,-77.00,0.489
TRACE 1415788,-75.95,-76.00,-0.490
TRACE 1417605,-76.06,-76.00,-0.493
TRACE 1419435,-76.17,-76.00,-0.533
TRACE 1421305,-76.28,-76.00,-0.536
TRACE 1423152,-76.39,-76.00,-0.558
TRACE 1424986,-76.50,-76.00,-0.579
TRACE 1426825,-76.61,-76.00,-0.582
TRACE 1428680,-76.72,-77.00,-0.458
TRACE 1430517,-76.83,-77.00,-0.461
TRACE 1432364,-76.94,-77.00,-0.464
TRACE 1434189,-77.05,-77.50,-0.421
TRACE 1435997,-77.16,-78.00,0.462
TRACE 1437809,-77.27,-78.00,0.459
TRACE 1439659,-77.38,-79.00,0.548
TRACE 1441472,-77.49,-79.00,0.482
TRACE 1443289,-77.60,-79.00,0.479
TRACE 1445084,-77.71,-79.00,0.477
TRACE 1446907,-77.81,-79.00,0.442
TRACE 1448718,-77.92,-79.00,-0.433
TRACE 1450517,-78.03,-79.00,-0.436
TRACE 1452528,-78.15,-78.50,-0.549
TRACE 1454333,-78.26,-78.00,-0.598
TRACE 1456168,-78.37,-78.00,-0.601
TRACE 1457997,-78.48,-78.00,-0.604
TRACE 1459830,-78.59,-78.00,-0.608
TRACE 1461655,-78.70,-79.00,-0.519
TRACE 1463490,-78.81,-79.00,-0.522
TRACE 1465320,-78.92,-79.00,-0.494
TRACE 1467149,-79.03,-79.00,-0.466
TRACE 1468989,-79.14,-79.00,-0.470
TRACE 1470812,-79.25,-80.00,0.459
TRACE 1472647,-79.36,-80.00,0.456
TRACE 1474464,-79.47,-80.50,0.437
TRACE 1476289,-79.58,-81.00,0.480
TRACE 1478072,-79.68,-81.00,0.477
TRACE 1479878,-79.79,-81.00,0.474
TRACE 1481705,-79.90,-81.00,0.471
TRACE 1483525,-80.01,-80.50,-0.482
TRACE 1485355,-80.12,-80.00,-0.532
TRACE 1487166,-80.23,-80.00,-0.566
TRACE 1488995,-80.34,-80.00,-0.601
TRACE 1490808,-80.45,-80.00,-0.604
TRACE 1492635,-80.56,-80.00,-0.607
TRACE 1494460,-80.67,-80.00,-0.611
TRACE 1496297,-80.78,-80.00,-0.583
TRACE 1498123,-80.89,-80.50,-0.508
TRACE 1499966,-81.00,-81.00,-0.465
TRACE 1501778,-81.11,-81.00,-0.458
TRACE 1503658,-81.22,-81.00,-0.461
TRACE 1505569,-81.33,-82.00,0.468
TRACE 1507459,-81.44,-82.00,0.465
TRACE 1509330,-81.55,-82.50,0.507
TRACE 1511204,-81.66,-83.00,0.519
TRACE 1513088,-81.77,-83.00,0.486
TRACE 1514954,-81.87,-83.00,0.483
TRACE 1516831,-81.98,-83.00,0.480
TRACE 1518717,-82.09,-82.50,-0.468
TRACE 1520609,-82.19,-82.00,-0.516
TRACE 1522504,-82.30,-82.00,-0.549
TRACE 1524434,-82.41,-82.00,-0.582
TRACE 1526333,-82.51,-82.00,-0.584
TRACE 1528233,-82.61,-82.00,-0.587
TRACE 1530128,-82.72,-82.00,-0.589
TRACE 1532031,-82.82,-82.00,-0.561
TRACE 1533940,-82.92,-82.00,-0.533
TRACE 1535970,-83.03,-82.00,-0.536
TRACE 1537875,-83.13,-82.00,-0.538
TRACE 1539759,-83.23,-83.00,-0.451
TRACE 1541658,-83.33,-83.00,-0.453
TRACE 1543574,-83.42,-83.00,-0.456
TRACE 1545473,-83.52,-83.50,0.427
TRACE 1547338,-83.62,-84.00,0.470
TRACE 1549238,-83.71,-84.00,0.469
TRACE 1551101,-83.80,-84.00,0.467
TRACE 1552991,-83.90,-84.50,0.450
TRACE 1554875,-83.99,-84.50,0.448
TRACE 1556781,-84.08,-84.00,-0.440
TRACE 1558690,-84.18,-84.00,-0.472
TRACE 1560579,-84.27,-84.00,-0.504
TRACE 1562476,-84.36,-84.00,-0.506
TRACE 1564458,-84.45,-84.00,-0.508
TRACE 1566332,-84.54,-84.50,-0.495
TRACE 1568225,-84.63,-85.00,-0.452
TRACE 1570124,-84.72,-85.00,-0.424
TRACE 1572024,-84.80,-85.00,-0.426
TRACE 1573911,-84.89,-85.50,0.457
TRACE 1575807,-84.97,-86.00,0.500
TRACE 1586952,-85.46,-86.00,0.441
TRACE 1588873,-85.54,-86.00,0.421
TRACE 1590778,-85.62,-86.00,-0.439
TRACE 1592671,-85.70,-86.00,-0.440
TRACE 1594592,-85.78,-86.00,-0.442
TRACE 1596512,-85.86,-86.00,-0.461
TRACE 1598415,-85.94,-86.00,-0.481
TRACE 1600328,-86.01,-87.00,0.448
TRACE 1602201,-86.09,-87.00,0.446
TRACE 1604114,-86.16,-87.00,0.445
TRACE 1605993,-86.24,-87.00,0.443
TRACE 1607878,-86.31,-87.00,0.442
TRACE 1609812,-86.38,-87.00,0.440
TRACE 1611729,-86.46,-87.00,0.439
TRACE 1613611,-86.53,-87.00,-0.463
TRACE 1615508,-86.60,-86.00,-0.554
TRACE 1617416,-86.67,-86.00,-0.556
TRACE 1619345,-86.74,-86.00,-0.557
TRACE 1621249,-86.80,-86.00,-0.558
TRACE 1623325,-86.88,-87.00,-0.470
TRACE 1625210,-86.94,-87.00,-0.471
TRACE 1627082,-87.01,-87.00,-0.473
TRACE 1628974,-87.08,-87.00,0.426
TRACE 1630857,-87.14,-88.00,0.514
TRACE 1632767,-87.20,-88.00,0.513
TRACE 1634681,-87.27,-88.00,0.512
TRACE 1636572,-87.33,-88.00,0.452
TRACE 1638496,-87.39,-88.00,0.450
TRACE 1640402,-87.45,-88.00,0.449
TRACE 1642353,-87.51,-88.00,0.448
TRACE 1644303,-87.58,-88.00,-0.453
TRACE 1646254,-87.64,-88.00,-0.454
TRACE 1648187,-87.70,-88.00,-0.456
TRACE 1650113,-87.75,-88.00,-0.457
TRACE 1652043,-87.81,-88.00,-0.458
TRACE 1653973,-87.87,-88.50,0.426
TRACE 1655902,-87.92,-89.00,0.049
TRACE 1657741,-87.98,-89.00,0.049
TRACE 1659592,-88.03,-89.00,0.049
TRACE 1661449,-88.08,-89.00,0.048
TRACE 1663300,-88.13,-89.00,0.048
TRACE 1665162,-88.18,-89.00,0.047
TRACE 1667014,-88.23,-89.00,0.016
TRACE 1668895,-88.28,-88.50,-0.481
TRACE 1670821,-88.33,-88.00,-0.528
TRACE 1672739,-88.38,-88.00,-0.528
TRACE 1674676,-88.43,-88.00,-0.528
TRACE 1676614,-88.48,-88.50,-0.484
TRACE 1678566,-88.53,-89.00,-0.019
TRACE 1680433,-88.57,-89.00,-0.020
TRACE 1682323,-88.62,-89.00,0.009
TRACE 1684191,-88.66,-89.00,0.038
TRACE 1686052,-88.70,-89.00,0.038
TRACE 1687900,-88.74,-89.00,0.038
TRACE 1689743,-88.78,-89.00,0.007
TRACE 1691623,-88.83,-89.00,-0.024
TRACE 1693492,-88.87,-89.00,-0.024
TRACE 1695365,-88.91,-89.00,-0.025
TRACE 1697236,-88.94,-88.50,-0.491
TRACE 1699166,-88.98,-88.50,-0.491
TRACE 1701094,-89.02,-88.00,-0.537
TRACE 1703021,-89.06,-88.50,-0.492
TRACE 1705062,-89.10,-88.50,-0.492
TRACE 1706991,-89.13,-89.00,-0.028
TRACE 1708859,-89.17,-89.00,-0.028
TRACE 1710737,-89.20,-89.00,0.001
TRACE 1712607,-89.24,-89.00,0.001
TRACE 1714487,-89.27,-89.00,0.031
TRACE 1716347,-89.30,-89.00,0.001
TRACE 1718235,-89.33,-89.00,0.001
TRACE 1720102,-89.36,-89.00,-0.030
TRACE 1721984,-89.39,-89.00,-0.030
TRACE 1723863,-89.42,-89.00,-0.030
TRACE 1725744,-89.45,-88.50,-0.496
TRACE 1727670,-89.48,-88.00,-0.541
TRACE 1729596,-89.50,-88.00,-0.541
TRACE 1731507,-89.53,-88.50,-0.496
TRACE 1733491,-89.56,-88.50,-0.496
TRACE 1735429,-89.58,-89.00,-0.031
TRACE 1737315,-89.61,-89.00,-0.031
TRACE 1739209,-89.63,-89.00,-0.001
TRACE 1741092,-89.65,-89.00,0.029
TRACE 1742952,-89.67,-89.00,0.029
TRACE 1744815,-89.70,-89.00,-0.001
TRACE 1755954,-89.81,-89.00,-0.012
TRACE 1757850,-89.82,-88.50,-0.483
TRACE 1759805,-89.84,-88.00,-0.515
TRACE 1761767,-89.85,-88.00,-0.515
TRACE 1763709,-89.87,-88.00,-0.514
TRACE 1765664,-89.88,-88.50,-0.481
TRACE 1767616,-89.90,-89.00,-0.029
TRACE 1769531,-89.91,-89.00,-0.028
TRACE 1771401,-89.92,-89.00,0.002
TRACE 1773314,-89.93,-89.00,0.032
TRACE 1775165,-89.94,-89.00,0.033
TRACE 1777015,-89.95,-89.00,0.033
TRACE 1778889,-89.96,-89.00,0.004
TRACE 1780768,-89.96,-89.00,-0.026
TRACE 1782640,-89.97,-89.00,-0.025
TRACE 1784520,-89.98,-89.00,-0.025
TRACE 1786410,-89.98,-89.00,-0.024
TRACE 1788304,-89.99,-89.00,-0.024
TRACE 1790196,-89.99,-89.00,-0.023
TRACE 1792102,-89.99,-88.50,-0.488
TRACE 1794053,-90.00,-88.00,-0.532
TRACE 1795976,-90.00,-88.00,-0.531
TRACE 1797902,-90.00,-88.50,-0.486
TRACE 1799850,-90.00,-88.50,-0.485
TRACE 1801787,-90.00,-89.00,-0.030
TRACE 1803438,-90.00,-89.00,-0.030
TRACE 1805108,-90.00,-89.00,0.001
TRACE 1806762,-90.00,-89.00,0.033
TRACE 1808397,-90.00,-89.00,0.034
TRACE 1810031,-90.00,-89.00,0.003
TRACE 1811692,-90.00,-89.00,0.004
TRACE 1813433,-90.00,-89.00,-0.030
TRACE 1815104,-90.00,-89.00,-0.030
TRACE 1816764,-90.00,-89.00,-0.030
TRACE 1818408,-90.00,-89.00,-0.030
TRACE 1820075,-90.00,-89.00,-0.030
TRACE 1821723,-90.00,-89.00,-0.030
TRACE 1823355,-90.00,-88.50,-0.499
TRACE 1825069,-90.00,-88.50,-0.499
TRACE 1826799,-90.00,-88.50,-0.499
TRACE 1828540,-90.00,-88.50,-0.499
TRACE 1830252,-90.00,-88.50,-0.499
TRACE 1832010,-90.00,-89.00,-0.030
TRACE 1833636,-90.00,-89.00,-0.030
TRACE 1835267,-90.00,-89.00,0.004
TRACE 1836927,-90.00,-89.00,0.004
TRACE 1838570,-90.00,-89.00,0.004
TRACE 1840205,-90.00,-89.00,0.004
TRACE 1841860,-90.00,-89.00,0.004
TRACE 1843492,-90.00,-89.00,-0.030
TRACE 1845122,-90.00,-89.00,-0.030
TRACE 1846764,-90.00,-89.00,-0.030
TRACE 1848391,-90.00,-88.50,-0.500
TRACE 1850107,-90.00,-88.00,-0.549
TRACE 1851780,-90.00,-88.00,-0.549
TRACE 1853450,-90.00,-88.50,-0.500
TRACE 1855157,-90.00,-88.50,-0.499
TRACE 1856872,-90.00,-89.00,-0.030
TRACE 1858511,-90.00,-89.00,-0.030
TRACE 1860143,-90.00,-89.00,0.004
TRACE 1861790,-90.00,-89.00,0.038
TRACE 1863403,-90.00,-89.00,0.039
TRACE 1865029,-90.00,-89.00,0.005
TRACE 1866664,-90.00,-89.00,0.005
TRACE 1868302,-90.00,-89.00,-0.030
TRACE 1869946,-90.00,-89.00,-0.030
TRACE 1871592,-90.00,-89.00,-0.030
TRACE 1873222,-90.00,-89.00,-0.030
TRACE 1874845,-90.00,-88.50,-0.500
TRACE 1876540,-90.00,-88.50,-0.500
TRACE 1878232,-90.00,-88.00,-0.549
TRACE 1879932,-90.00,-88.00,-0.549
TRACE 1881611,-90.00,-88.50,-0.499
>>> 