arm_test.cmd_trace(arm, [])
TRACE t_us,ref_deg,pos_deg,duty
TRACE 909,2.00,2.00,0.430
TRACE 2841,2.00,2.00,0.431
TRACE 4696,2.00,2.00,0.432
TRACE 6496,2.00,2.00,0.432
TRACE 8284,2.01,2.00,0.433
TRACE 10080,2.01,2.00,0.434
TRACE 11865,2.01,2.00,0.435
TRACE 13652,2.02,2.00,0.435
TRACE 15460,2.02,2.00,0.436
TRACE 17229,2.03,2.00,0.437
TRACE 19008,2.04,2.00,0.438
TRACE 20785,2.04,2.00,0.439
TRACE 22560,2.05,2.00,0.440
TRACE 24348,2.06,2.50,-0.446
TRACE 26161,2.07,3.00,-0.492
TRACE 27962,2.08,3.00,-0.492
TRACE 29754,2.09,3.00,-0.491
TRACE 31526,2.10,3.00,-0.490
TRACE 33335,2.11,3.00,-0.488
TRACE 35125,2.12,2.00,0.446
TRACE 36894,2.14,2.00,0.479
TRACE 38655,2.15,2.00,0.512
TRACE 40428,2.16,2.00,0.514
TRACE 42204,2.18,2.00,0.515
TRACE 44024,2.19,2.00,0.516
TRACE 45809,2.21,2.00,0.517
TRACE 47631,2.23,2.00,0.454
TRACE 49410,2.24,2.00,0.455
TRACE 51179,2.26,3.00,-0.478
TRACE 52991,2.28,3.00,-0.476
TRACE 54758,2.30,3.00,-0.475
TRACE 56587,2.32,3.00,-0.474
TRACE 58371,2.34,3.00,-0.472
TRACE 60147,2.36,3.00,-0.471
TRACE 61949,2.38,3.00,-0.470
TRACE 63738,2.41,3.00,0.435
TRACE 65503,2.43,3.00,0.436
TRACE 67265,2.45,3.00,0.438
TRACE 69043,2.48,3.00,0.439
TRACE 70816,2.50,3.00,0.441
TRACE 72589,2.53,3.00,0.442
TRACE 74356,2.55,3.00,0.443
TRACE 76125,2.58,4.00,-0.490
TRACE 77914,2.61,4.00,-0.488
TRACE 79699,2.64,4.00,-0.487
TRACE 81476,2.66,4.00,-0.485
TRACE 83251,2.69,4.00,-0.484
TRACE 85056,2.72,3.00,0.452
TRACE 86833,2.75,3.00,0.454
TRACE 88580,2.78,3.00,0.520
TRACE 90355,2.82,3.00,0.521
TRACE 92128,2.85,3.00,0.523
TRACE 93913,2.88,3.00,0.525
TRACE 95683,2.92,3.00,0.526
TRACE 97436,2.95,3.00,0.464
TRACE 99220,2.98,4.00,-0.469
TRACE 101015,3.02,4.00,-0.467
TRACE 102793,3.06,4.00,-0.466
TRACE 104586,3.09,4.00,-0.464
TRACE 106353,3.13,4.00,-0.462
TRACE 108138,3.17,4.00,-0.460
TRACE 109930,3.21,4.00,-0.458
TRACE 111703,3.25,3.50,0.495
TRACE 113484,3.29,3.00,0.544
TRACE 115243,3.33,3.00,0.546
TRACE 117003,3.37,3.00,0.548
TRACE 118773,3.41,3.00,0.549
TRACE 120534,3.45,3.00,0.552
TRACE 122308,3.50,3.00,0.554
TRACE 124070,3.54,3.00,0.523
TRACE 125827,3.58,4.00,-0.442
TRACE 127602,3.63,4.00,-0.440
TRACE 129379,3.67,4.00,-0.438
TRACE 131160,3.72,4.00,-0.436
TRACE 132949,3.77,4.00,-0.434
TRACE 134721,3.81,4.00,-0.431
TRACE 136518,3.86,4.00,-0.429
TRACE 138309,3.91,4.00,0.477
TRACE 140082,3.96,3.50,0.526
TRACE 141860,4.01,3.00,0.576
TRACE 143631,4.06,3.00,0.578
TRACE 145400,4.11,3.00,0.580
TRACE 147153,4.17,3.00,0.582
TRACE 148933,4.22,3.00,0.585
TRACE 150689,4.27,3.00,0.587
TRACE 152446,4.32,3.50,0.510
TRACE 154199,4.38,4.00,0.432
TRACE 155976,4.43,4.00,0.434
TRACE 157752,4.49,4.00,0.437
TRACE 159519,4.54,4.00,0.439
TRACE 161284,4.60,5.00,-0.493
TRACE 163072,4.66,5.00,-0.491
TRACE 164856,4.72,5.00,-0.456
TRACE 166654,4.78,5.00,-0.421
TRACE 168442,4.84,5.00,0.422
TRACE 170225,4.90,5.00,0.424
TRACE 172002,4.96,5.00,0.427
TRACE 173774,5.02,5.00,0.493
TRACE 175546,5.08,5.00,0.496
TRACE 177295,5.14,5.00,0.498
TRACE 179079,5.21,5.00,0.501
TRACE 180851,5.27,5.00,0.503
TRACE 182633,5.34,5.00,0.506
TRACE 184405,5.40,5.00,0.508
TRACE 186171,5.47,5.00,0.511
TRACE 187941,5.53,5.50,0.466
TRACE 189717,5.60,6.00,0.422
TRACE 191487,5.67,6.00,0.424
TRACE 193261,5.73,6.00,0.427
TRACE 195036,5.80,6.00,0.430
TRACE 196809,5.87,6.00,0.433
TRACE 198580,5.94,7.00,-0.499
TRACE 200366,6.01,7.00,-0.464
TRACE 210776,6.44,7.00,0.451
TRACE 212549,6.52,6.50,0.488
TRACE 214328,6.59,6.00,0.525
TRACE 216102,6.67,6.00,0.528
TRACE 217874,6.75,6.00,0.531
TRACE 219653,6.82,6.00,0.572
TRACE 221444,6.90,6.50,0.541
TRACE 223220,6.98,7.00,0.510
TRACE 224985,7.06,7.00,0.481
TRACE 226730,7.14,7.00,0.451
TRACE 228512,7.22,7.00,0.454
TRACE 230303,7.30,8.00,-0.477
TRACE 232084,7.39,8.00,-0.474
TRACE 233908,7.47,8.00,-0.438
TRACE 235705,7.56,9.00,-0.497
TRACE 237490,7.64,9.00,-0.493
TRACE 239273,7.73,9.00,-0.490
TRACE 241070,7.81,9.00,-0.486
TRACE 242860,7.90,8.50,0.468
TRACE 244624,7.98,8.00,0.518
TRACE 246387,8.07,8.00,0.521
TRACE 248209,8.16,8.00,0.588
TRACE 249973,8.25,8.00,0.592
TRACE 251754,8.34,8.00,0.595
TRACE 253546,8.43,8.00,0.598
TRACE 255325,8.52,9.00,0.475
TRACE 257148,8.61,9.00,0.447
TRACE 258900,8.70,9.00,0.450
TRACE 260695,8.80,9.00,0.454
TRACE 262475,8.89,10.00,-0.477
TRACE 264266,8.98,10.00,-0.473
TRACE 266050,9.08,10.00,-0.470
TRACE 267841,9.17,11.00,-0.496
TRACE 269632,9.27,11.00,-0.493
TRACE 271424,9.37,11.00,-0.489
TRACE 273211,9.46,10.50,-0.439
TRACE 274994,9.56,10.00,0.516
TRACE 276768,9.66,10.00,0.519
TRACE 278538,9.76,10.00,0.523
TRACE 280274,9.86,10.00,0.591
TRACE 282044,9.95,10.00,0.595
TRACE 283813,10.05,10.00,0.598
TRACE 285591,10.16,10.00,0.570
TRACE 287362,10.26,10.00,0.541
TRACE 289134,10.36,10.00,0.545
TRACE 290911,10.46,11.00,0.454
TRACE 292666,10.57,11.00,0.458
TRACE 294452,10.67,11.00,0.462
TRACE 296212,10.77,11.00,0.465
TRACE 297987,10.88,12.00,-0.465
TRACE 299783,10.99,12.00,-0.461
TRACE 301571,11.09,12.50,-0.515
TRACE 303404,11.20,13.00,-0.494
TRACE 305236,11.31,13.00,-0.490
TRACE 307077,11.42,13.00,-0.486
TRACE 308882,11.53,13.00,-0.482
TRACE 310701,11.64,13.00,0.424
TRACE 312505,11.75,13.00,0.428
TRACE 314321,11.86,13.00,0.462
TRACE 316119,11.97,13.00,0.497
TRACE 317919,12.08,13.00,0.500
TRACE 319719,12.18,13.00,0.503
TRACE 321537,12.29,13.00,0.507
TRACE 323341,12.40,13.00,0.510
TRACE 325135,12.51,14.00,-0.420
TRACE 326963,12.62,14.00,0.423
TRACE 328789,12.73,14.00,0.427
TRACE 330575,12.83,14.00,0.430
TRACE 332383,12.94,15.00,-0.500
TRACE 334228,13.05,15.00,-0.496
TRACE 336065,13.16,15.00,-0.493
TRACE 337883,13.27,15.00,-0.427
TRACE 339715,13.38,15.00,-0.423
TRACE 341528,13.49,15.00,-0.420
TRACE 343343,13.60,15.00,0.423
TRACE 345141,13.71,15.00,0.489
TRACE 346942,13.82,15.00,0.492
TRACE 348748,13.92,15.00,0.496
TRACE 350566,14.03,15.00,0.499
TRACE 352375,14.14,15.00,0.502
TRACE 354169,14.25,15.00,0.506
TRACE 355968,14.36,15.00,0.509
TRACE 357767,14.47,15.00,0.512
TRACE 359572,14.57,15.50,0.469
TRACE 361380,14.68,16.00,0.425
TRACE 363198,14.79,16.00,0.428
TRACE 365012,14.90,16.50,-0.455
TRACE 366835,15.01,17.00,-0.498
TRACE 368656,15.12,17.00,-0.495
TRACE 370460,15.23,17.00,-0.491
TRACE 372294,15.34,17.00,-0.456
TRACE 374127,15.45,17.00,-0.421
TRACE 375943,15.56,17.00,0.422
TRACE 377731,15.66,17.00,0.456
TRACE 379535,15.77,17.00,0.491
TRACE 381350,15.88,17.00,0.494
TRACE 383161,15.99,16.50,0.544
TRACE 384959,16.10,17.00,0.501
TRACE 386783,16.21,17.00,0.504
TRACE 388593,16.32,17.00,0.507
TRACE 390396,16.42,17.00,0.511
TRACE 392219,16.53,17.00,0.514
TRACE 394036,16.64,17.00,0.517
TRACE 395843,16.75,17.00,0.489
TRACE 397642,16.86,17.50,0.477
TRACE 399463,16.97,18.00,0.434
TRACE 401257,17.08,18.00,0.437
TRACE 403054,17.18,19.00,-0.493
TRACE 404856,17.29,19.00,-0.490
TRACE 415300,17.92,19.00,0.420
TRACE 417154,18.03,19.00,0.424
TRACE 418958,18.14,19.00,0.446
TRACE 420771,18.25,19.00,0.468
TRACE 422583,18.35,19.00,0.471
TRACE 424420,18.47,19.00,0.512
TRACE 426237,18.57,19.00,0.515
TRACE 428091,18.69,20.00,0.426
TRACE 429905,18.79,20.00,0.429
TRACE 431713,18.90,20.00,0.432
TRACE 433547,19.01,21.00,-0.497
TRACE 435376,19.12,21.00,-0.493
TRACE 437200,19.23,21.00,-0.490
TRACE 439044,19.34,21.00,-0.487
TRACE 440892,19.45,21.50,-0.467
TRACE 442716,19.56,22.00,-0.510
TRACE 444549,19.67,22.00,-0.506
TRACE 446396,19.78,21.50,0.445
TRACE 448219,19.89,21.00,0.495
TRACE 450013,20.00,21.00,0.498
TRACE 451850,20.11,21.00,0.501
TRACE 453672,20.22,21.50,0.490
TRACE 455487,20.33,22.00,0.478
TRACE 457366,20.44,22.00,0.481
TRACE 459172,20.55,22.00,0.453
TRACE 461018,20.66,22.00,0.425
TRACE 462833,20.77,22.50,-0.458
TRACE 464648,20.88,23.00,-0.501
TRACE 466487,20.99,23.00,-0.466
TRACE 468316,21.10,23.00,-0.442
TRACE 470230,21.21,23.00,-0.439
TRACE 472136,21.33,23.00,-0.436
TRACE 474035,21.44,23.00,-0.433
TRACE 475918,21.55,23.00,0.440
TRACE 477808,21.66,23.00,0.474
TRACE 479666,21.76,23.00,0.476
TRACE 481529,21.87,23.00,0.479
TRACE 483412,21.98,23.00,0.481
TRACE 485293,22.08,23.00,0.484
TRACE 487170,22.19,24.00,-0.445
TRACE 489048,22.29,24.00,-0.442
TRACE 490943,22.40,24.00,-0.440
TRACE 492828,22.50,24.00,-0.437
TRACE 494723,22.60,24.00,-0.435
TRACE 496619,22.71,24.00,-0.432
TRACE 498516,22.81,23.00,0.501
TRACE 500373,22.91,23.00,0.564
TRACE 502244,23.01,23.00,0.566
TRACE 504103,23.11,23.00,0.568
TRACE 505969,23.20,23.00,0.571
TRACE 507847,23.30,23.00,0.573
TRACE 509722,23.40,23.00,0.575
TRACE 511604,23.49,24.00,0.426
TRACE 513469,23.59,24.00,0.428
TRACE 515356,23.68,24.00,0.430
TRACE 517247,23.78,25.00,-0.499
TRACE 519131,23.87,25.00,-0.496
TRACE 521030,23.97,25.00,-0.494
TRACE 522936,24.06,25.00,-0.492
TRACE 524834,24.15,25.00,-0.429
TRACE 526744,24.24,25.00,-0.427
TRACE 528634,24.33,25.00,-0.425
TRACE 530531,24.42,25.00,0.478
TRACE 532405,24.51,25.00,0.480
TRACE 534296,24.60,25.00,0.482
TRACE 536164,24.69,25.00,0.484
TRACE 538055,24.77,25.00,0.486
TRACE 539949,24.86,25.00,0.487
TRACE 541828,24.94,25.00,0.489
TRACE 543707,25.03,25.00,0.491
TRACE 545576,25.11,25.00,0.493
TRACE 547449,25.19,26.00,-0.436
TRACE 549354,25.28,26.00,-0.434
TRACE 551260,25.36,26.00,-0.432
TRACE 553143,25.44,27.00,-0.521
TRACE 555030,25.52,27.00,-0.519
TRACE 556909,25.60,27.00,-0.518
TRACE 558805,25.68,27.00,-0.516
TRACE 560712,25.76,27.00,-0.453
TRACE 562611,25.84,26.50,0.433
TRACE 564499,25.91,26.00,0.480
TRACE 566370,25.99,26.00,0.542
TRACE 568241,26.06,26.00,0.544
TRACE 570101,26.14,26.00,0.545
TRACE 572011,26.21,27.00,0.456
TRACE 573877,26.28,27.00,0.458
TRACE 575740,26.35,27.00,0.429
TRACE 577631,26.43,27.00,-0.440
TRACE 579521,26.50,27.50,-0.484
TRACE 581397,26.57,28.00,-0.528
TRACE 583318,26.64,28.00,-0.526
TRACE 585220,26.71,28.00,-0.464
TRACE 587150,26.78,28.00,-0.462
TRACE 589060,26.85,28.00,-0.461
TRACE 590983,26.91,28.00,-0.459
TRACE 592892,26.98,27.50,0.457
TRACE 594774,27.05,27.00,0.533
TRACE 596660,27.11,27.00,0.534
TRACE 598541,27.17,27.00,0.536
TRACE 600456,27.24,27.00,0.537
TRACE 602336,27.30,27.50,0.493
TRACE 612866,27.63,29.00,-0.032
TRACE 614752,27.69,30.00,-0.116
TRACE 616632,27.75,30.00,-0.133
TRACE 618484,27.80,31.00,-0.199
TRACE 620366,27.86,31.00,-0.198
TRACE 622225,27.91,31.00,-0.198
TRACE 624107,27.97,31.00,-0.178
TRACE 625980,28.02,31.00,-0.171
TRACE 627836,28.07,31.00,-0.109
TRACE 629690,28.12,31.00,-0.108
TRACE 631541,28.17,31.00,-0.046
TRACE 633483,28.23,31.00,-0.045
TRACE 635368,28.28,31.00,-0.044
TRACE 637234,28.32,31.00,-0.044
TRACE 639096,28.37,31.00,-0.043
TRACE 640955,28.42,31.00,-0.042
TRACE 642879,28.47,31.00,-0.041
TRACE 644747,28.51,31.00,-0.041
TRACE 646662,28.56,31.00,-0.040
TRACE 648538,28.60,31.00,-0.039
TRACE 650452,28.65,31.00,-0.039
TRACE 652328,28.69,31.00,-0.038
TRACE 654232,28.74,31.00,-0.037
TRACE 656130,28.78,31.00,-0.037
TRACE 658026,28.82,31.00,-0.036
TRACE 659921,28.86,31.00,-0.036
TRACE 661842,28.90,31.00,-0.035
TRACE 663735,28.94,31.00,-0.035
TRACE 665625,28.98,31.00,-0.034
TRACE 667510,29.02,31.00,-0.034
TRACE 669400,29.05,31.00,-0.033
TRACE 671308,29.09,31.00,-0.033
TRACE 673191,29.13,31.00,-0.033
TRACE 675095,29.16,31.00,-0.032
TRACE 676966,29.20,31.00,-0.032
TRACE 678869,29.23,31.00,-0.032
TRACE 680747,29.26,31.00,-0.031
TRACE 682634,29.29,31.00,-0.031
TRACE 684501,29.32,31.00,-0.031
TRACE 686404,29.36,31.00,-0.030
TRACE 688269,29.39,31.00,-0.030
TRACE 690152,29.41,31.00,-0.030
TRACE 692026,29.44,31.00,-0.030
TRACE 693914,29.47,31.00,-0.030
TRACE 695774,29.50,31.00,-0.030
TRACE 697669,29.52,31.00,-0.029
TRACE 699546,29.55,31.00,-0.029
TRACE 701447,29.57,31.00,-0.029
TRACE 703338,29.60,31.00,-0.029
TRACE 705233,29.62,31.00,-0.029
TRACE 707106,29.65,31.00,-0.029
TRACE 708985,29.67,31.00,-0.029
TRACE 710859,29.69,31.00,-0.029
TRACE 712752,29.71,31.00,-0.029
TRACE 714622,29.73,31.00,-0.029
TRACE 716520,29.75,31.00,-0.029
TRACE 718401,29.77,31.00,-0.030
TRACE 720315,29.79,31.00,-0.030
TRACE 722186,29.80,31.00,-0.030
TRACE 724089,29.82,31.00,-0.030
TRACE 725976,29.83,31.00,-0.030
TRACE 727864,29.85,31.00,-0.031
TRACE 729743,29.86,31.00,-0.031
TRACE 731659,29.88,31.00,-0.031
TRACE 733555,29.89,31.00,-0.031
TRACE 735459,29.90,31.00,-0.032
TRACE 737341,29.91,31.00,-0.032
TRACE 739227,29.92,31.00,-0.032
TRACE 741124,29.93,31.00,-0.033
TRACE 743023,29.94,31.00,-0.033
TRACE 744898,29.95,31.00,-0.034
TRACE 746784,29.96,31.00,-0.034
TRACE 748681,29.97,31.00,-0.034
TRACE 750571,29.97,31.00,-0.035
TRACE 752433,29.98,31.00,-0.035
TRACE 754351,29.98,31.00,-0.036
TRACE 756232,29.99,31.00,-0.037
TRACE 758114,29.99,31.00,-0.037
TRACE 759985,30.00,31.00,-0.038
TRACE 761885,30.00,31.00,-0.038
TRACE 763753,30.00,31.00,-0.039
TRACE 765661,30.00,31.00,-0.040
TRACE 767549,30.00,31.00,-0.030
TRACE 769218,30.00,31.00,-0.030
TRACE 770841,30.00,31.00,-0.030
TRACE 772475,30.00,31.00,-0.030
TRACE 774094,30.00,31.00,-0.030
TRACE 775725,30.00,31.00,-0.030
TRACE 777381,30.00,31.00,-0.030
TRACE 779004,30.00,31.00,-0.030
TRACE 780647,30.00,31.00,-0.030
TRACE 782289,30.00,31.00,-0.030
TRACE 783922,30.00,31.00,-0.030
TRACE 785558,30.00,31.00,-0.030
TRACE 787185,30.00,31.00,-0.030
TRACE 788796,30.00,31.00,-0.030
TRACE 790446,30.00,31.00,-0.030
TRACE 792089,30.00,31.00,-0.030
TRACE 793731,30.00,31.00,-0.030
TRACE 795352,30.00,31.00,-0.030
TRACE 796976,30.00,31.00,-0.030
TRACE 798608,30.00,31.00,-0.030
TRACE 808901,30.00,31.00,-0.030
TRACE 810558,30.00,31.00,-0.030
TRACE 812209,30.00,31.00,-0.030
TRACE 813847,30.00,31.00,-0.030
TRACE 815503,30.00,31.00,-0.030
TRACE 817143,30.00,31.00,-0.030
TRACE 818780,30.00,31.00,-0.030
>>> 