arm_test.cmd_trace(arm, [])
TRACE t_us,ref_deg,pos_deg,duty
TRACE 926,1.00,1.00,-0.470
TRACE 2954,1.00,1.00,-0.471
TRACE 4816,1.00,1.00,-0.472
TRACE 6630,1.00,1.00,-0.473
TRACE 8462,0.99,1.00,-0.473
TRACE 10269,0.99,0.00,0.562
TRACE 12028,0.99,0.00,0.547
TRACE 13789,0.98,0.00,0.537
TRACE 15530,0.98,0.00,0.537
TRACE 17265,0.97,0.00,0.537
TRACE 19016,0.96,0.00,0.537
TRACE 20755,0.96,0.00,0.536
TRACE 22494,0.95,0.00,0.470
TRACE 24256,0.94,0.00,0.470
TRACE 26006,0.93,0.50,-0.499
TRACE 27763,0.92,1.00,-0.548
TRACE 29555,0.91,1.00,-0.548
TRACE 31339,0.90,1.00,-0.549
TRACE 33163,0.89,1.00,-0.550
TRACE 34945,0.88,1.00,-0.550
TRACE 36755,0.86,0.50,-0.504
TRACE 38704,0.85,0.00,0.493
TRACE 40471,0.84,0.00,0.523
TRACE 42220,0.82,-0.50,0.569
TRACE 43987,0.81,-1.00,0.615
TRACE 45764,0.79,-1.00,0.614
TRACE 47550,0.77,-0.50,0.566
TRACE 49313,0.76,0.00,0.487
TRACE 51057,0.74,0.00,-0.466
TRACE 52814,0.72,0.00,-0.467
TRACE 54578,0.70,1.00,-0.596
TRACE 56352,0.68,1.00,-0.629
TRACE 58124,0.66,1.00,-0.631
TRACE 59904,0.64,0.50,-0.552
TRACE 61702,0.62,0.00,-0.474
TRACE 63454,0.60,0.00,-0.475
TRACE 65208,0.57,0.00,-0.476
TRACE 66981,0.55,-1.00,0.601
TRACE 68768,0.53,-1.00,0.600
TRACE 70563,0.50,-1.00,0.598
TRACE 72351,0.48,-1.00,0.565
TRACE 74116,0.45,-1.00,0.531
TRACE 75898,0.42,-1.00,0.530
TRACE 77650,0.40,-1.00,0.528
TRACE 79424,0.37,-1.00,0.462
TRACE 81193,0.34,-1.00,0.461
TRACE 82958,0.31,-1.00,-0.461
TRACE 84732,0.28,0.00,-0.557
TRACE 86487,0.25,0.00,-0.558
TRACE 88251,0.22,0.00,-0.560
TRACE 90004,0.19,0.00,-0.561
TRACE 91754,0.16,0.00,-0.563
TRACE 93514,0.13,0.00,-0.565
TRACE 95269,0.09,0.00,-0.567
TRACE 97012,0.06,0.00,-0.503
TRACE 98772,0.02,-0.50,0.463
TRACE 100524,-0.01,-1.00,0.509
TRACE 102303,-0.05,-1.00,0.507
TRACE 104066,-0.08,-1.00,0.505
TRACE 105840,-0.12,-1.00,0.503
TRACE 107617,-0.16,-1.00,0.501
TRACE 109389,-0.20,-0.50,-0.468
TRACE 111164,-0.24,0.00,-0.549
TRACE 112922,-0.28,0.00,-0.583
TRACE 114664,-0.31,0.00,-0.585
TRACE 116437,-0.36,0.00,-0.587
TRACE 118221,-0.40,0.00,-0.589
TRACE 120000,-0.44,0.00,-0.591
TRACE 121768,-0.48,0.00,-0.561
TRACE 123546,-0.53,0.00,-0.530
TRACE 125290,-0.57,-1.00,0.482
TRACE 127062,-0.61,-1.00,0.480
TRACE 128858,-0.66,-1.00,0.478
TRACE 130633,-0.71,-1.00,0.476
TRACE 132398,-0.75,-1.00,0.474
TRACE 134156,-0.80,-1.00,0.472
TRACE 135903,-0.85,-1.00,0.470
TRACE 137678,-0.90,-1.00,-0.516
TRACE 139463,-0.94,0.00,-0.613
TRACE 141248,-1.00,0.00,-0.615
TRACE 143000,-1.04,0.00,-0.618
TRACE 144750,-1.10,0.00,-0.620
TRACE 146511,-1.15,0.00,-0.622
TRACE 148275,-1.20,0.00,-0.624
TRACE 150021,-1.25,0.00,-0.626
TRACE 151773,-1.30,0.00,-0.564
TRACE 153543,-1.36,-1.00,-0.471
TRACE 155349,-1.41,-1.00,-0.474
TRACE 157173,-1.47,-1.00,-0.476
TRACE 158997,-1.53,-1.00,-0.479
TRACE 160792,-1.59,-1.50,0.485
TRACE 162568,-1.64,-2.00,0.530
TRACE 164333,-1.70,-2.00,0.527
TRACE 166117,-1.76,-2.00,0.461
TRACE 167877,-1.82,-2.00,-0.461
TRACE 169687,-1.88,-2.00,-0.464
TRACE 171473,-1.94,-2.00,-0.466
TRACE 182517,-2.33,-2.00,-0.527
TRACE 184342,-2.40,-2.50,-0.515
TRACE 186146,-2.47,-3.00,-0.484
TRACE 187962,-2.53,-3.00,-0.487
TRACE 189767,-2.60,-3.00,-0.490
TRACE 191571,-2.67,-3.00,-0.493
TRACE 193365,-2.74,-3.50,-0.462
TRACE 195178,-2.81,-4.00,0.542
TRACE 196973,-2.88,-4.00,0.508
TRACE 198754,-2.95,-5.00,0.567
TRACE 200548,-3.02,-5.00,0.564
TRACE 202325,-3.09,-5.00,0.562
TRACE 204102,-3.17,-5.00,0.559
TRACE 205914,-3.24,-5.00,0.524
TRACE 207707,-3.31,-5.00,0.490
TRACE 209465,-3.39,-5.00,0.487
TRACE 211253,-3.46,-5.00,-0.500
TRACE 213039,-3.54,-5.00,-0.503
TRACE 214855,-3.62,-5.00,-0.506
TRACE 216643,-3.69,-5.00,-0.509
TRACE 218429,-3.77,-5.00,-0.512
TRACE 220364,-3.86,-5.00,-0.515
TRACE 222155,-3.94,-5.00,-0.518
TRACE 223963,-4.02,-5.00,-0.521
TRACE 225742,-4.10,-6.00,0.489
TRACE 227514,-4.18,-6.00,0.486
TRACE 229281,-4.26,-6.00,0.483
TRACE 231053,-4.34,-6.00,0.480
TRACE 232830,-4.42,-6.50,0.525
TRACE 234620,-4.50,-6.50,0.522
TRACE 236401,-4.59,-6.50,0.519
TRACE 238170,-4.67,-6.50,-0.469
TRACE 239973,-4.76,-6.00,-0.519
TRACE 241779,-4.85,-6.00,-0.522
TRACE 243595,-4.93,-6.50,-0.479
TRACE 245382,-5.02,-7.00,-0.467
TRACE 247137,-5.11,-7.00,-0.470
TRACE 248916,-5.20,-7.00,-0.474
TRACE 250715,-5.29,-7.00,-0.477
TRACE 252512,-5.38,-7.00,0.472
TRACE 254278,-5.47,-7.50,0.515
TRACE 256071,-5.56,-8.00,0.527
TRACE 257857,-5.65,-8.00,0.492
TRACE 259623,-5.74,-8.00,0.488
TRACE 261412,-5.83,-8.00,0.485
TRACE 263168,-5.93,-8.00,0.482
TRACE 264942,-6.02,-8.00,0.478
TRACE 266714,-6.11,-8.00,-0.477
TRACE 268507,-6.21,-8.00,-0.513
TRACE 270289,-6.31,-8.00,-0.516
TRACE 272096,-6.40,-8.00,-0.520
TRACE 273893,-6.50,-8.00,-0.524
TRACE 275685,-6.60,-8.00,-0.527
TRACE 277455,-6.70,-8.00,-0.531
TRACE 279237,-6.80,-9.00,0.479
TRACE 281005,-6.90,-9.00,0.476
TRACE 282771,-7.00,-9.00,0.472
TRACE 284555,-7.10,-9.00,0.469
TRACE 286322,-7.20,-9.00,0.465
TRACE 288092,-7.30,-9.00,0.462
TRACE 289853,-7.40,-9.00,-0.462
TRACE 291632,-7.50,-9.00,-0.530
TRACE 293439,-7.61,-9.00,-0.534
TRACE 295232,-7.72,-9.00,-0.538
TRACE 297009,-7.82,-9.00,-0.542
TRACE 298826,-7.93,-9.00,-0.545
TRACE 300615,-8.04,-9.00,-0.539
TRACE 302439,-8.15,-9.00,-0.542
TRACE 304246,-8.25,-9.00,-0.546
TRACE 306078,-8.36,-9.00,-0.549
TRACE 307897,-8.47,-9.00,-0.552
TRACE 309757,-8.59,-9.00,-0.556
TRACE 311589,-8.70,-10.00,-0.466
TRACE 313394,-8.80,-10.00,-0.470
TRACE 315221,-8.91,-10.50,0.493
TRACE 317042,-9.02,-11.00,0.536
TRACE 318841,-9.13,-11.00,0.533
TRACE 320639,-9.24,-11.00,0.530
TRACE 322455,-9.35,-11.00,0.528
TRACE 324251,-9.46,-11.00,0.462
TRACE 326072,-9.56,-11.00,-0.462
TRACE 327884,-9.67,-11.00,-0.497
TRACE 329714,-9.78,-11.00,-0.531
TRACE 331546,-9.89,-11.00,-0.535
TRACE 333371,-10.00,-11.00,-0.538
TRACE 335201,-10.11,-11.00,-0.541
TRACE 337021,-10.22,-11.00,-0.545
TRACE 338859,-10.33,-11.00,-0.548
TRACE 340686,-10.44,-11.00,-0.551
TRACE 342504,-10.55,-11.00,-0.555
TRACE 344327,-10.66,-11.00,-0.558
TRACE 346152,-10.77,-12.00,-0.468
TRACE 347972,-10.88,-12.00,-0.472
TRACE 349792,-10.99,-12.50,0.491
TRACE 351610,-11.10,-13.00,0.535
TRACE 362699,-11.76,-13.00,0.462
TRACE 364500,-11.87,-13.00,-0.461
TRACE 366326,-11.98,-13.00,-0.465
TRACE 368158,-12.09,-13.00,-0.504
TRACE 369985,-12.20,-13.00,-0.508
TRACE 371827,-12.31,-13.00,-0.529
TRACE 373658,-12.42,-13.00,-0.551
TRACE 375518,-12.53,-13.50,-0.508
TRACE 377342,-12.64,-14.00,-0.465
TRACE 379174,-12.75,-14.00,-0.468
TRACE 381018,-12.86,-14.00,-0.472
TRACE 382831,-12.97,-14.50,0.491
TRACE 384672,-13.08,-15.00,0.534
TRACE 386479,-13.19,-15.00,0.531
TRACE 388296,-13.30,-15.00,0.497
TRACE 390109,-13.41,-15.00,0.462
TRACE 391917,-13.52,-15.00,-0.461
TRACE 393769,-13.63,-15.00,-0.464
TRACE 395593,-13.74,-15.00,-0.499
TRACE 397404,-13.84,-15.00,-0.533
TRACE 399276,-13.96,-15.00,-0.537
TRACE 401107,-14.07,-15.00,-0.540
TRACE 402932,-14.18,-15.00,-0.543
TRACE 404763,-14.29,-15.00,-0.547
TRACE 406598,-14.40,-15.00,-0.550
TRACE 408419,-14.51,-16.00,-0.461
TRACE 410255,-14.62,-16.00,-0.464
TRACE 412081,-14.72,-16.00,-0.467
TRACE 413884,-14.83,-16.00,-0.470
TRACE 415703,-14.94,-17.00,0.539
TRACE 417520,-15.05,-17.00,0.536
TRACE 419388,-15.16,-17.00,0.532
TRACE 421193,-15.27,-17.00,0.466
TRACE 423002,-15.38,-17.00,0.463
TRACE 424821,-15.49,-17.00,0.460
TRACE 426626,-15.60,-17.00,-0.463
TRACE 428439,-15.71,-17.00,-0.529
TRACE 430260,-15.82,-17.00,-0.532
TRACE 432081,-15.92,-16.50,-0.582
TRACE 433882,-16.03,-16.50,-0.586
TRACE 435704,-16.14,-16.50,-0.589
TRACE 437542,-16.25,-17.00,-0.546
TRACE 439369,-16.36,-17.00,-0.549
TRACE 441192,-16.47,-17.00,-0.552
TRACE 443037,-16.58,-17.00,-0.555
TRACE 444838,-16.69,-17.50,-0.481
TRACE 446677,-16.80,-18.00,0.482
TRACE 448492,-16.91,-18.00,0.479
TRACE 450298,-17.02,-18.50,0.491
TRACE 452097,-17.13,-19.00,0.534
TRACE 453916,-17.23,-19.00,0.531
TRACE 455727,-17.34,-19.00,0.528
TRACE 457530,-17.45,-19.00,0.493
TRACE 459340,-17.56,-18.50,-0.508
TRACE 461178,-17.67,-18.00,-0.558
TRACE 462994,-17.78,-18.00,-0.593
TRACE 464823,-17.89,-18.00,-0.628
TRACE 466640,-18.00,-18.00,-0.631
TRACE 468478,-18.11,-18.00,-0.634
TRACE 470303,-18.22,-18.50,-0.591
TRACE 472140,-18.33,-19.00,-0.517
TRACE 473972,-18.44,-19.00,-0.489
TRACE 475785,-18.55,-19.00,-0.492
TRACE 477610,-18.66,-20.00,0.517
TRACE 479412,-18.76,-20.00,0.514
TRACE 481209,-18.87,-20.50,0.558
TRACE 483016,-18.98,-21.00,0.570
TRACE 484982,-19.10,-21.00,0.534
TRACE 486762,-19.21,-21.00,0.531
TRACE 488598,-19.32,-20.50,0.481
TRACE 490416,-19.42,-20.00,-0.551
TRACE 492240,-19.53,-20.00,-0.554
TRACE 494059,-19.64,-20.00,-0.588
TRACE 495881,-19.75,-19.50,-0.669
TRACE 497711,-19.86,-19.50,-0.673
TRACE 499556,-19.97,-20.00,-0.630
TRACE 501401,-20.08,-20.00,-0.602
TRACE 503236,-20.19,-20.00,-0.574
TRACE 505052,-20.30,-21.00,-0.485
TRACE 506874,-20.41,-21.00,-0.488
TRACE 508698,-20.52,-21.00,-0.460
TRACE 510499,-20.63,-21.00,-0.463
TRACE 512317,-20.74,-22.00,0.515
TRACE 514178,-20.85,-22.00,0.512
TRACE 515987,-20.96,-23.00,0.601
TRACE 517797,-21.07,-23.00,0.546
TRACE 519658,-21.18,-23.00,0.543
TRACE 521542,-21.29,-23.00,0.540
TRACE 523426,-21.40,-23.00,0.536
TRACE 525293,-21.51,-23.00,0.471
TRACE 527177,-21.62,-23.00,0.469
TRACE 538328,-22.25,-22.00,-0.594
TRACE 540235,-22.36,-22.00,-0.596
TRACE 542152,-22.46,-21.00,-0.664
TRACE 544057,-22.57,-21.00,-0.666
TRACE 545973,-22.67,-21.00,-0.669
TRACE 547863,-22.77,-22.00,-0.605
TRACE 549778,-22.88,-22.00,-0.608
TRACE 551686,-22.98,-22.00,-0.575
TRACE 553588,-23.08,-22.00,-0.577
TRACE 555489,-23.18,-23.00,0.491
TRACE 557352,-23.28,-23.00,0.489
TRACE 559260,-23.37,-23.00,0.487
TRACE 561146,-23.47,-24.00,0.514
TRACE 563028,-23.57,-24.00,0.512
TRACE 564911,-23.66,-24.00,0.510
TRACE 566808,-23.76,-24.00,0.508
TRACE 568693,-23.85,-23.50,-0.520
TRACE 570598,-23.95,-23.00,-0.567
TRACE 572677,-24.05,-23.00,-0.569
TRACE 574577,-24.14,-23.00,-0.631
TRACE 576477,-24.23,-23.00,-0.633
TRACE 578348,-24.32,-23.00,-0.635
TRACE 580242,-24.41,-23.00,-0.637
TRACE 582153,-24.50,-24.00,-0.520
TRACE 584043,-24.59,-24.00,-0.492
TRACE 585931,-24.68,-24.00,-0.493
TRACE 587824,-24.76,-25.00,0.516
TRACE 589721,-24.85,-25.00,0.514
TRACE 591623,-24.94,-25.00,0.511
TRACE 593536,-25.02,-25.50,0.554
TRACE 595408,-25.10,-25.50,0.493
TRACE 597302,-25.19,-25.00,-0.474
TRACE 599202,-25.27,-25.00,-0.476
TRACE 601102,-25.35,-25.00,-0.538
TRACE 602983,-25.43,-25.00,-0.540
TRACE 604877,-25.51,-25.00,-0.542
TRACE 606783,-25.59,-25.00,-0.574
TRACE 608682,-25.67,-25.00,-0.575
TRACE 610578,-25.75,-25.00,-0.547
TRACE 612477,-25.83,-25.00,-0.548
TRACE 614376,-25.91,-25.50,-0.505
TRACE 616293,-25.99,-26.00,-0.462
TRACE 618187,-26.06,-26.00,-0.463
TRACE 620097,-26.14,-26.00,-0.465
TRACE 621994,-26.21,-27.00,0.544
TRACE 623860,-26.28,-27.00,0.543
TRACE 625758,-26.36,-27.00,0.541
TRACE 627660,-26.43,-27.00,0.509
TRACE 629531,-26.50,-27.00,0.478
TRACE 631424,-26.57,-27.00,0.477
TRACE 633303,-26.64,-27.00,0.475
TRACE 635184,-26.71,-27.00,-0.507
TRACE 637080,-26.77,-27.00,-0.508
TRACE 638972,-26.84,-26.00,-0.600
TRACE 640884,-26.91,-26.00,-0.601
TRACE 642780,-26.98,-26.00,-0.602
TRACE 644680,-27.04,-26.50,-0.558
TRACE 646577,-27.11,-27.00,-0.514
TRACE 648472,-27.17,-27.00,-0.516
TRACE 650378,-27.23,-27.00,-0.517
TRACE 652278,-27.30,-27.50,0.507
TRACE 654285,-27.36,-28.00,0.550
TRACE 656218,-27.43,-28.00,0.549
TRACE 658126,-27.49,-28.50,0.562
TRACE 660017,-27.55,-29.00,0.116
TRACE 661857,-27.60,-29.00,0.116
TRACE 663705,-27.66,-29.00,0.115
TRACE 665552,-27.72,-28.50,0.499
TRACE 667466,-27.77,-28.00,-0.497
TRACE 669399,-27.83,-28.00,-0.498
TRACE 671331,-27.89,-28.00,-0.529
TRACE 673246,-27.94,-28.00,-0.560
TRACE 675173,-28.00,-28.00,-0.561
TRACE 677068,-28.05,-28.50,-0.517
TRACE 679034,-28.11,-29.00,0.017
TRACE 680885,-28.16,-29.00,0.046
TRACE 682754,-28.21,-29.00,0.045
TRACE 684603,-28.26,-29.00,0.045
TRACE 686459,-28.30,-29.00,0.045
TRACE 688323,-28.35,-29.00,0.044
TRACE 690184,-28.40,-29.00,0.013
TRACE 692084,-28.45,-29.00,-0.018
TRACE 693952,-28.49,-29.00,-0.019
TRACE 695832,-28.54,-29.00,-0.020
TRACE 707036,-28.80,-30.00,0.042
TRACE 708913,-28.84,-30.00,0.042
TRACE 710789,-28.88,-30.00,0.041
TRACE 712678,-28.92,-30.00,0.041
TRACE 714566,-28.96,-30.00,0.040
TRACE 716449,-29.00,-30.00,0.040
TRACE 718331,-29.03,-30.00,0.039
TRACE 720227,-29.07,-30.00,0.003
TRACE 722122,-29.11,-30.00,0.003
TRACE 724031,-29.14,-30.00,0.002
TRACE 725914,-29.18,-30.00,0.002
TRACE 727785,-29.21,-30.00,0.002
TRACE 729654,-29.24,-30.00,0.001
TRACE 731532,-29.28,-30.00,0.001
TRACE 733410,-29.31,-30.00,0.001
TRACE 735302,-29.34,-30.00,0.001
TRACE 737196,-29.37,-30.00,0.000
TRACE 739074,-29.40,-30.00,0.000
TRACE 740956,-29.43,-30.00,-0.000
TRACE 742873,-29.46,-30.00,-0.000
TRACE 744752,-29.48,-30.00,-0.000
TRACE 746610,-29.51,-30.00,-0.000
TRACE 748480,-29.54,-30.00,-0.001
TRACE 750365,-29.56,-30.00,-0.001
TRACE 752246,-29.58,-30.00,-0.001
TRACE 754118,-29.61,-30.00,-0.001
TRACE 756010,-29.63,-30.00,-0.001
TRACE 757889,-29.65,-30.00,-0.001
TRACE 759777,-29.68,-30.00,-0.001
TRACE 761653,-29.70,-30.00,-0.001
TRACE 763643,-29.72,-30.00,-0.001
TRACE 765530,-29.74,-30.00,-0.001
TRACE 767410,-29.76,-30.00,-0.000
TRACE 769267,-29.78,-30.00,-0.000
TRACE 771154,-29.79,-30.00,-0.000
TRACE 773022,-29.81,-30.00,0.000
TRACE 774888,-29.83,-30.00,0.000
TRACE 776750,-29.84,-30.00,0.000
TRACE 778620,-29.86,-30.00,0.001
TRACE 780484,-29.87,-30.00,0.001
TRACE 782357,-29.88,-30.00,0.001
TRACE 784234,-29.89,-30.00,0.001
TRACE 786090,-29.91,-30.00,0.002
TRACE 787977,-29.92,-30.00,0.002
TRACE 789854,-29.93,-30.00,0.003
TRACE 791712,-29.94,-30.00,0.003
TRACE 793595,-29.95,-30.00,0.003
TRACE 795458,-29.96,-30.00,0.004
TRACE 797347,-29.96,-30.00,0.004
TRACE 799203,-29.97,-30.00,0.005
TRACE 801072,-29.98,-30.00,0.005
TRACE 802963,-29.98,-30.00,0.006
TRACE 804836,-29.99,-30.00,0.006
TRACE 806701,-29.99,-30.00,0.007
TRACE 808550,-29.99,-30.00,0.007
TRACE 810398,-30.00,-30.00,0.008
TRACE 812264,-30.00,-30.00,0.008
TRACE 814130,-30.00,-30.00,0.009
TRACE 816015,-30.00,-30.00,0.010
TRACE 817889,-30.00,-30.00,0.000
TRACE 819566,-30.00,-30.00,0.000
TRACE 821173,-30.00,-30.00,0.000
TRACE 822788,-30.00,-30.00,0.000
TRACE 824393,-30.00,-30.00,0.000
TRACE 826008,-30.00,-30.00,0.000
TRACE 827632,-30.00,-30.00,0.000
TRACE 829338,-30.00,-30.00,0.000
TRACE 830975,-30.00,-30.00,0.000
TRACE 832593,-30.00,-30.00,0.000
TRACE 834213,-30.00,-30.00,0.000
TRACE 835830,-30.00,-30.00,0.000
TRACE 837441,-30.00,-30.00,0.000
TRACE 839039,-30.00,-30.00,0.000
TRACE 840653,-30.00,-30.00,0.000
TRACE 842275,-30.00,-30.00,0.000
TRACE 843876,-30.00,-30.00,0.000
TRACE 845507,-30.00,-30.00,0.000
TRACE 847134,-30.00,-30.00,0.000
TRACE 848760,-30.00,-30.00,0.000
TRACE 850375,-30.00,-30.00,0.000
TRACE 851986,-30.00,-30.00,0.000
TRACE 853614,-30.00,-30.00,0.000
TRACE 855236,-30.00,-30.00,0.000
TRACE 856853,-30.00,-30.00,0.000
TRACE 858455,-30.00,-30.00,0.000
TRACE 860060,-30.00,-30.00,0.000
TRACE 861672,-30.00,-30.00,0.000
TRACE 863292,-30.00,-30.00,0.000
TRACE 864931,-30.00,-30.00,0.000
TRACE 866632,-30.00,-30.00,0.000
TRACE 868273,-30.00,-30.00,0.000
>>> 