arm_test.cmd_trace(arm, [])
TRACE t_us,ref_deg,pos_deg,duty
TRACE 967,-88.50,-88.50,0.430
TRACE 2948,-88.50,-88.50,0.431
TRACE 4799,-88.50,-88.50,0.432
TRACE 6607,-88.50,-88.00,-0.493
TRACE 8408,-88.49,-88.00,-0.476
TRACE 10237,-88.49,-88.00,-0.464
TRACE 12039,-88.49,-88.00,-0.456
TRACE 13873,-88.48,-88.00,-0.450
TRACE 15665,-88.48,-88.50,0.436
TRACE 17421,-88.47,-89.00,0.484
TRACE 19204,-88.46,-89.00,0.517
TRACE 20973,-88.46,-89.00,0.518
TRACE 22764,-88.45,-89.00,0.519
TRACE 24546,-88.44,-88.50,0.473
TRACE 26330,-88.43,-88.00,0.427
TRACE 28114,-88.42,-88.00,-0.445
TRACE 29924,-88.41,-88.00,-0.476
TRACE 31712,-88.40,-88.00,-0.475
TRACE 33506,-88.39,-88.00,-0.473
TRACE 35307,-88.38,-88.00,-0.472
TRACE 37095,-88.36,-88.00,-0.439
TRACE 38960,-88.35,-88.00,0.434
TRACE 40731,-88.33,-89.00,0.528
TRACE 42504,-88.32,-89.00,0.529
TRACE 44261,-88.30,-89.00,0.531
TRACE 46027,-88.29,-89.00,0.532
TRACE 47816,-88.27,-89.00,0.533
TRACE 49576,-88.25,-89.00,0.534
TRACE 51340,-88.24,-88.00,0.441
TRACE 53116,-88.22,-88.00,-0.462
TRACE 54916,-88.20,-88.00,-0.461
TRACE 56690,-88.18,-88.00,-0.459
TRACE 58456,-88.16,-87.50,-0.505
TRACE 60245,-88.14,-87.50,-0.504
TRACE 62135,-88.11,-88.00,-0.455
TRACE 63922,-88.09,-88.00,0.450
TRACE 65691,-88.07,-88.00,0.452
TRACE 67466,-88.04,-88.00,0.453
TRACE 69249,-88.02,-89.00,0.548
TRACE 71012,-88.00,-89.00,0.581
TRACE 72794,-87.97,-89.00,0.583
TRACE 74592,-87.94,-88.50,0.506
TRACE 76353,-87.92,-88.00,0.460
TRACE 78122,-87.89,-88.00,0.461
TRACE 79891,-87.86,-88.00,0.463
TRACE 81651,-87.83,-88.00,-0.440
TRACE 83429,-87.80,-88.00,-0.439
TRACE 85202,-87.77,-87.00,-0.531
TRACE 86976,-87.74,-87.00,-0.498
TRACE 88764,-87.71,-87.00,-0.464
TRACE 90565,-87.68,-87.50,0.425
TRACE 92349,-87.65,-88.00,0.474
TRACE 94113,-87.61,-88.00,0.475
TRACE 95877,-87.58,-88.00,0.477
TRACE 97648,-87.55,-88.00,0.543
TRACE 99408,-87.51,-88.00,0.545
TRACE 101163,-87.48,-88.00,0.547
TRACE 102923,-87.44,-88.00,0.516
TRACE 104685,-87.40,-88.00,0.486
TRACE 106447,-87.37,-88.00,0.487
TRACE 108209,-87.33,-88.00,0.489
TRACE 109981,-87.29,-87.00,-0.444
TRACE 111766,-87.25,-87.00,-0.442
TRACE 113551,-87.21,-87.00,-0.440
TRACE 115348,-87.17,-87.00,-0.438
TRACE 117133,-87.13,-87.00,-0.436
TRACE 118923,-87.09,-87.00,-0.434
TRACE 120692,-87.04,-87.00,-0.432
TRACE 122486,-87.00,-87.00,0.474
TRACE 124246,-86.96,-87.00,0.476
TRACE 126011,-86.91,-87.00,0.478
TRACE 127783,-86.87,-87.00,0.480
TRACE 129692,-86.82,-87.00,0.482
TRACE 131467,-86.77,-87.00,0.484
TRACE 133236,-86.72,-86.50,0.439
TRACE 135016,-86.68,-86.00,-0.446
TRACE 136803,-86.63,-86.00,-0.443
TRACE 138589,-86.58,-86.00,-0.441
TRACE 140373,-86.53,-86.00,-0.439
TRACE 142166,-86.48,-86.00,-0.437
TRACE 143949,-86.43,-86.00,-0.435
TRACE 145742,-86.38,-87.00,0.533
TRACE 147501,-86.32,-87.00,0.567
TRACE 149274,-86.27,-87.00,0.570
TRACE 151045,-86.22,-87.00,0.572
TRACE 152814,-86.16,-87.00,0.574
TRACE 154571,-86.11,-87.00,0.577
TRACE 156363,-86.06,-87.00,0.579
TRACE 158127,-86.00,-87.00,0.517
TRACE 159984,-85.94,-86.00,0.425
TRACE 161750,-85.88,-86.00,0.428
TRACE 163506,-85.83,-86.00,0.430
TRACE 165283,-85.77,-85.00,-0.502
TRACE 167061,-85.71,-85.00,-0.499
TRACE 168834,-85.65,-85.00,-0.497
TRACE 170620,-85.59,-85.00,-0.494
TRACE 172416,-85.53,-85.00,-0.428
TRACE 174195,-85.47,-85.00,-0.426
TRACE 185197,-85.07,-86.00,0.525
TRACE 186996,-85.00,-86.00,0.564
TRACE 188786,-84.94,-86.00,0.567
TRACE 190583,-84.87,-86.50,0.603
TRACE 192353,-84.80,-86.50,0.605
TRACE 194167,-84.73,-86.50,0.608
TRACE 195971,-84.66,-86.50,0.611
TRACE 197768,-84.59,-86.50,0.590
TRACE 199564,-84.52,-86.00,0.546
TRACE 201343,-84.45,-86.00,0.549
TRACE 203117,-84.37,-86.00,0.520
TRACE 204899,-84.30,-86.00,0.523
TRACE 206670,-84.23,-86.00,0.526
TRACE 208434,-84.16,-85.00,0.434
TRACE 210221,-84.08,-85.00,0.437
TRACE 211990,-84.01,-85.00,0.472
TRACE 213739,-83.93,-85.00,0.474
TRACE 215521,-83.86,-84.00,-0.457
TRACE 217300,-83.78,-84.00,-0.454
TRACE 219109,-83.70,-84.00,-0.451
TRACE 220879,-83.62,-83.00,-0.478
TRACE 222683,-83.54,-83.00,-0.474
TRACE 224603,-83.46,-83.00,-0.470
TRACE 226371,-83.38,-83.00,-0.466
TRACE 228142,-83.30,-83.00,0.440
TRACE 229931,-83.21,-83.50,0.490
TRACE 231705,-83.13,-84.00,0.539
TRACE 233494,-83.05,-84.00,0.606
TRACE 235267,-82.96,-83.50,0.563
TRACE 237025,-82.88,-83.00,0.519
TRACE 238779,-82.80,-83.00,0.522
TRACE 240541,-82.71,-83.00,0.525
TRACE 242313,-82.63,-83.00,0.496
TRACE 244095,-82.54,-83.00,0.467
TRACE 245859,-82.46,-83.00,0.470
TRACE 247705,-82.36,-82.00,-0.428
TRACE 249486,-82.28,-82.00,0.447
TRACE 251272,-82.19,-82.00,0.451
TRACE 253053,-82.10,-81.50,-0.433
TRACE 254833,-82.01,-81.00,-0.476
TRACE 256615,-81.91,-81.00,-0.473
TRACE 258399,-81.82,-81.00,-0.469
TRACE 260193,-81.73,-81.00,0.438
TRACE 261941,-81.64,-81.00,0.441
TRACE 263710,-81.55,-81.00,0.444
TRACE 265470,-81.45,-81.50,0.527
TRACE 267229,-81.36,-81.50,0.563
TRACE 268999,-81.26,-82.00,0.614
TRACE 270779,-81.17,-81.50,0.570
TRACE 272552,-81.07,-81.00,0.526
TRACE 274325,-80.97,-81.00,0.530
TRACE 276089,-80.88,-81.00,0.533
TRACE 277871,-80.78,-81.00,0.504
TRACE 279638,-80.68,-81.00,0.508
TRACE 281406,-80.58,-81.00,0.479
TRACE 283174,-80.48,-81.00,0.515
TRACE 284952,-80.38,-80.50,0.504
TRACE 286732,-80.28,-80.00,0.460
TRACE 288522,-80.18,-80.00,0.464
TRACE 290297,-80.07,-79.50,0.421
TRACE 292068,-79.97,-79.00,-0.463
TRACE 293859,-79.86,-79.00,-0.459
TRACE 295647,-79.76,-79.00,-0.455
TRACE 297433,-79.65,-78.50,-0.466
TRACE 299216,-79.55,-78.00,-0.477
TRACE 301008,-79.44,-78.00,-0.483
TRACE 302839,-79.33,-78.00,-0.448
TRACE 304658,-79.22,-78.50,0.475
TRACE 306455,-79.11,-79.00,0.525
TRACE 308263,-79.00,-79.00,0.528
TRACE 310058,-78.90,-79.00,0.563
TRACE 311855,-78.79,-79.00,0.598
TRACE 313712,-78.68,-78.00,0.508
TRACE 315539,-78.57,-78.00,0.511
TRACE 317328,-78.46,-78.00,0.483
TRACE 319171,-78.35,-78.00,0.455
TRACE 320967,-78.24,-77.00,-0.475
TRACE 322782,-78.13,-77.00,-0.472
TRACE 324615,-78.02,-77.00,-0.468
TRACE 326435,-77.91,-77.00,0.438
TRACE 328245,-77.81,-77.00,0.441
TRACE 330058,-77.70,-77.00,0.444
TRACE 331855,-77.59,-76.50,-0.439
TRACE 333677,-77.48,-76.00,0.421
TRACE 335491,-77.37,-76.00,0.424
TRACE 337297,-77.26,-76.00,0.427
TRACE 339098,-77.15,-76.00,0.430
TRACE 340913,-77.05,-76.00,0.433
TRACE 342708,-76.94,-76.00,0.437
TRACE 344666,-76.82,-76.00,0.472
TRACE 346485,-76.71,-76.00,0.507
TRACE 348282,-76.60,-76.00,0.510
TRACE 350090,-76.49,-76.00,0.513
TRACE 351905,-76.39,-76.00,0.516
TRACE 353723,-76.28,-76.00,0.520
TRACE 355512,-76.17,-76.00,0.523
TRACE 357330,-76.06,-76.00,0.526
TRACE 359154,-75.95,-76.00,0.529
TRACE 370280,-75.28,-74.00,-0.423
TRACE 372101,-75.17,-74.00,0.420
TRACE 373923,-75.06,-73.00,-0.483
TRACE 375760,-74.95,-73.00,-0.480
TRACE 377599,-74.84,-73.00,-0.476
TRACE 379431,-74.73,-73.00,-0.473
TRACE 381267,-74.62,-73.00,-0.469
TRACE 383074,-74.52,-73.00,0.420
TRACE 384895,-74.41,-73.00,0.423
TRACE 386717,-74.30,-73.00,0.489
TRACE 388528,-74.19,-73.50,0.539
TRACE 390331,-74.08,-74.00,0.588
TRACE 392131,-73.97,-73.50,0.545
TRACE 393935,-73.86,-73.00,0.502
TRACE 395730,-73.76,-73.00,0.505
TRACE 397542,-73.65,-73.00,0.509
TRACE 399336,-73.54,-73.00,0.512
TRACE 401146,-73.43,-73.00,0.483
TRACE 402947,-73.32,-73.00,0.455
TRACE 404791,-73.21,-72.00,-0.443
TRACE 406728,-73.10,-72.00,0.433
TRACE 408542,-72.99,-71.50,-0.450
TRACE 410361,-72.88,-71.00,-0.493
TRACE 412182,-72.77,-71.00,-0.490
TRACE 413997,-72.66,-71.00,-0.486
TRACE 415822,-72.55,-71.00,-0.483
TRACE 417655,-72.44,-71.00,0.423
TRACE 419474,-72.33,-71.50,0.472
TRACE 421289,-72.22,-72.00,0.553
TRACE 423081,-72.12,-72.00,0.587
TRACE 424896,-72.01,-72.00,0.591
TRACE 426700,-71.90,-72.00,0.594
TRACE 428630,-71.78,-72.00,0.597
TRACE 430430,-71.67,-71.00,0.508
TRACE 432216,-71.57,-71.00,0.480
TRACE 434036,-71.46,-71.00,0.452
TRACE 435852,-71.35,-71.00,0.455
TRACE 437680,-71.24,-71.00,0.458
TRACE 439479,-71.13,-70.50,-0.425
TRACE 441319,-71.02,-70.00,-0.469
TRACE 443150,-70.91,-70.00,0.438
TRACE 444958,-70.80,-70.00,0.441
TRACE 446769,-70.69,-69.50,-0.442
TRACE 448587,-70.58,-69.00,-0.485
TRACE 450394,-70.48,-69.00,-0.482
TRACE 452226,-70.37,-69.00,-0.447
TRACE 454048,-70.26,-69.50,0.474
TRACE 455859,-70.15,-70.00,0.524
TRACE 457664,-70.04,-70.00,0.527
TRACE 459445,-69.93,-70.00,0.562
TRACE 461243,-69.83,-70.00,0.596
TRACE 463038,-69.72,-70.00,0.600
TRACE 464848,-69.61,-70.00,0.603
TRACE 466649,-69.50,-70.00,0.575
TRACE 468447,-69.39,-70.00,0.546
TRACE 470265,-69.28,-69.50,0.503
TRACE 472087,-69.17,-69.00,0.459
TRACE 473911,-69.07,-69.00,0.463
TRACE 475738,-68.96,-69.00,0.466
TRACE 477547,-68.85,-69.00,0.470
TRACE 479334,-68.74,-68.00,-0.460
TRACE 481162,-68.63,-68.00,-0.457
TRACE 482996,-68.52,-68.00,-0.422
TRACE 484813,-68.41,-68.00,0.453
TRACE 486628,-68.30,-67.50,-0.430
TRACE 488457,-68.19,-67.50,-0.427
TRACE 490282,-68.08,-68.00,0.463
TRACE 492092,-67.97,-68.00,0.529
TRACE 493981,-67.86,-68.00,0.532
TRACE 495782,-67.75,-68.00,0.535
TRACE 497577,-67.65,-68.00,0.539
TRACE 499388,-67.54,-68.00,0.573
TRACE 501196,-67.43,-67.50,0.530
TRACE 502989,-67.32,-67.00,0.455
TRACE 504801,-67.21,-67.00,0.459
TRACE 506630,-67.10,-67.00,0.462
TRACE 508433,-66.99,-67.00,0.465
TRACE 510247,-66.89,-66.00,-0.465
TRACE 512067,-66.78,-66.00,-0.461
TRACE 513900,-66.67,-66.00,-0.426
TRACE 515701,-66.56,-66.00,0.448
TRACE 517500,-66.45,-66.00,0.452
TRACE 519336,-66.34,-66.00,0.455
TRACE 521138,-66.23,-66.00,0.458
TRACE 522932,-66.12,-66.00,0.524
TRACE 524832,-66.01,-65.50,0.481
TRACE 526625,-65.90,-65.00,0.438
TRACE 528445,-65.79,-65.00,0.441
TRACE 530237,-65.69,-65.00,0.445
TRACE 532067,-65.58,-65.00,0.448
TRACE 533891,-65.47,-64.00,-0.481
TRACE 535731,-65.36,-64.00,-0.478
TRACE 537561,-65.25,-64.00,-0.444
TRACE 548617,-64.58,-63.50,0.441
TRACE 550447,-64.47,-64.00,0.477
TRACE 552301,-64.36,-64.00,0.481
TRACE 554131,-64.25,-64.00,0.484
TRACE 555927,-64.14,-63.00,0.457
TRACE 557753,-64.03,-63.00,0.461
TRACE 559553,-63.93,-63.00,0.464
TRACE 561388,-63.82,-63.00,0.472
TRACE 563202,-63.71,-63.00,0.444
TRACE 565012,-63.60,-63.00,0.447
TRACE 566828,-63.49,-62.50,-0.436
TRACE 568651,-63.38,-62.00,0.424
TRACE 570463,-63.27,-62.00,0.427
TRACE 572308,-63.16,-62.00,0.430
TRACE 574122,-63.05,-62.00,0.434
TRACE 575939,-62.94,-61.00,-0.496
TRACE 577768,-62.83,-61.00,-0.492
TRACE 579583,-62.73,-61.00,-0.458
TRACE 581417,-62.61,-61.00,-0.423
TRACE 583256,-62.50,-61.00,0.420
TRACE 585070,-62.40,-61.00,0.423
TRACE 587006,-62.28,-61.50,0.474
TRACE 588820,-62.17,-62.00,0.585
TRACE 590623,-62.06,-62.00,0.588
TRACE 592425,-61.95,-62.00,0.592
TRACE 594234,-61.85,-61.50,0.549
TRACE 596051,-61.74,-61.00,0.506
TRACE 597860,-61.63,-61.00,0.509
TRACE 599649,-61.52,-61.00,0.481
TRACE 601458,-61.41,-61.00,0.452
TRACE 603260,-61.30,-61.00,0.456
TRACE 605066,-61.20,-61.00,0.459
TRACE 606896,-61.09,-61.00,0.494
TRACE 608801,-60.97,-60.50,0.482
TRACE 610610,-60.86,-60.00,0.439
TRACE 612412,-60.76,-60.00,0.443
TRACE 614208,-60.65,-59.00,-0.487
TRACE 616047,-60.54,-59.00,-0.483
TRACE 617882,-60.43,-59.00,-0.480
TRACE 619702,-60.32,-59.00,-0.476
TRACE 621525,-60.21,-59.00,-0.443
TRACE 623337,-60.10,-59.00,0.432
TRACE 625168,-59.99,-59.00,0.436
TRACE 626984,-59.88,-59.00,0.502
TRACE 628791,-59.77,-59.00,0.505
TRACE 630590,-59.66,-58.00,-0.425
TRACE 632413,-59.56,-58.00,-0.422
TRACE 634203,-59.45,-58.00,0.421
TRACE 636005,-59.34,-58.00,0.425
TRACE 637809,-59.23,-58.00,0.428
TRACE 639606,-59.12,-58.00,0.431
TRACE 641419,-59.01,-58.00,0.434
TRACE 643230,-58.91,-58.00,0.501
TRACE 645014,-58.80,-58.00,0.504
TRACE 646833,-58.69,-58.00,0.507
TRACE 648649,-58.58,-58.00,0.511
TRACE 650448,-58.47,-58.00,0.514
TRACE 652249,-58.37,-58.00,0.517
TRACE 654036,-58.26,-58.00,0.520
TRACE 655845,-58.15,-58.00,0.524
TRACE 657639,-58.04,-58.00,0.527
TRACE 659439,-57.93,-57.50,0.483
TRACE 661258,-57.82,-57.00,0.440
TRACE 663053,-57.72,-57.00,0.443
TRACE 664852,-57.61,-57.00,0.446
TRACE 666653,-57.50,-57.00,0.450
TRACE 668460,-57.39,-56.00,-0.481
TRACE 670258,-57.28,-56.00,-0.477
TRACE 672084,-57.17,-56.00,-0.442
TRACE 674030,-57.06,-56.00,0.434
TRACE 675822,-56.95,-56.00,0.437
TRACE 677635,-56.84,-56.00,0.440
TRACE 679457,-56.73,-56.00,0.444
TRACE 681283,-56.62,-56.00,0.509
TRACE 683082,-56.52,-55.00,0.420
TRACE 684904,-56.41,-55.00,0.423
TRACE 686717,-56.30,-55.00,0.426
TRACE 688530,-56.19,-55.00,0.429
TRACE 690338,-56.08,-54.50,-0.454
TRACE 692170,-55.97,-54.00,-0.497
TRACE 693986,-55.86,-54.00,-0.494
TRACE 695795,-55.75,-54.00,-0.427
TRACE 697643,-55.64,-54.00,-0.424
TRACE 699450,-55.53,-54.00,-0.421
TRACE 701282,-55.42,-54.00,0.423
TRACE 703095,-55.31,-54.00,0.457
TRACE 704917,-55.20,-54.00,0.492
TRACE 706705,-55.10,-54.00,0.495
TRACE 708511,-54.99,-54.00,0.498
TRACE 710305,-54.88,-54.00,0.502
TRACE 712107,-54.77,-54.00,0.505
TRACE 713907,-54.67,-54.00,0.508
TRACE 715714,-54.56,-53.00,-0.422
TRACE 717547,-54.45,-53.00,0.421
TRACE 728623,-53.78,-53.00,0.468
TRACE 730433,-53.67,-53.00,0.471
TRACE 732273,-53.56,-53.00,0.475
TRACE 734093,-53.45,-53.50,0.511
TRACE 735912,-53.35,-53.50,0.514
TRACE 737706,-53.24,-53.00,0.521
TRACE 739494,-53.13,-53.00,0.524
TRACE 741302,-53.02,-53.00,0.527
TRACE 743128,-52.91,-53.00,0.531
TRACE 744931,-52.80,-53.00,0.534
TRACE 746734,-52.70,-53.00,0.505
TRACE 748556,-52.59,-53.00,0.509
TRACE 750369,-52.48,-52.00,0.450
TRACE 752193,-52.37,-52.00,0.454
TRACE 753990,-52.26,-52.00,0.457
TRACE 755817,-52.15,-51.00,-0.473
TRACE 757640,-52.04,-51.00,-0.469
TRACE 759457,-51.93,-51.00,-0.466
TRACE 761297,-51.82,-51.00,-0.462
TRACE 763111,-51.71,-51.00,0.444
TRACE 764914,-51.61,-51.00,0.447
TRACE 766783,-51.49,-51.00,0.451
TRACE 768609,-51.38,-51.00,0.516
TRACE 770406,-51.28,-50.50,0.473
TRACE 772213,-51.17,-50.00,0.430
TRACE 774035,-51.06,-50.00,0.433
TRACE 775834,-50.95,-50.00,0.437
TRACE 777632,-50.84,-49.00,-0.493
TRACE 779464,-50.73,-49.00,-0.490
TRACE 781281,-50.62,-49.00,-0.487
TRACE 783118,-50.51,-49.00,-0.452
TRACE 784943,-50.40,-49.00,0.423
TRACE 786761,-50.29,-49.00,0.426
TRACE 788597,-50.18,-49.00,0.430
TRACE 790401,-50.08,-49.00,0.496
TRACE 792193,-49.97,-49.00,0.499
TRACE 794004,-49.86,-49.00,0.502
TRACE 795806,-49.75,-49.00,0.505
TRACE 797619,-49.64,-49.00,0.509
TRACE 799439,-49.53,-49.00,0.512
TRACE 801247,-49.43,-48.50,0.469
TRACE 803035,-49.32,-48.00,0.425
TRACE 804853,-49.21,-48.00,0.429
TRACE 806656,-49.10,-47.50,-0.455
TRACE 808474,-48.99,-47.00,-0.498
TRACE 810290,-48.88,-47.00,-0.495
TRACE 812135,-48.77,-47.00,-0.491
TRACE 813957,-48.66,-47.00,-0.456
TRACE 815779,-48.55,-47.00,-0.421
TRACE 817587,-48.44,-47.00,0.422
TRACE 819401,-48.34,-47.00,0.457
TRACE 821198,-48.23,-47.00,0.491
TRACE 823012,-48.12,-47.00,0.494
TRACE 824806,-48.01,-47.00,0.498
TRACE 826625,-47.90,-47.00,0.501
TRACE 828428,-47.79,-47.00,0.504
TRACE 830222,-47.69,-46.50,0.461
TRACE 832038,-47.58,-46.00,-0.423
TRACE 833880,-47.47,-46.00,0.421
TRACE 835690,-47.36,-46.00,0.424
TRACE 837492,-47.25,-46.00,0.427
TRACE 839300,-47.14,-46.00,0.431
TRACE 841106,-47.03,-46.00,0.434
TRACE 842915,-46.93,-46.00,0.469
TRACE 844711,-46.82,-46.00,0.503
TRACE 846528,-46.71,-46.00,0.507
TRACE 848346,-46.60,-46.00,0.510
TRACE 850169,-46.49,-45.00,0.420
TRACE 851987,-46.38,-45.00,0.424
TRACE 853873,-46.27,-45.00,0.427
TRACE 855664,-46.16,-45.00,0.430
TRACE 857475,-46.05,-44.00,-0.499
TRACE 859281,-45.94,-44.00,-0.496
TRACE 861097,-45.83,-44.00,-0.493
TRACE 862920,-45.72,-43.50,-0.473
TRACE 864763,-45.61,-43.00,-0.516
TRACE 866608,-45.50,-43.00,-0.513
TRACE 868432,-45.39,-43.00,-0.509
TRACE 870238,-45.29,-43.50,0.443
TRACE 872042,-45.18,-44.00,0.493
TRACE 873844,-45.07,-44.00,0.496
TRACE 875636,-44.96,-44.00,0.531
TRACE 877442,-44.85,-43.00,0.472
TRACE 879226,-44.75,-43.00,0.476
TRACE 881046,-44.64,-43.00,0.479
TRACE 882921,-44.52,-43.00,0.451
TRACE 884717,-44.42,-43.00,0.422
TRACE 886528,-44.31,-43.00,0.426
TRACE 888332,-44.20,-43.00,0.429
TRACE 890126,-44.09,-42.00,-0.438
TRACE 891950,-43.98,-42.00,-0.434
TRACE 893771,-43.87,-42.00,-0.431
TRACE 895592,-43.76,-42.00,-0.428
TRACE 897421,-43.65,-42.00,-0.425
TRACE 908524,-42.99,-42.00,0.462
TRACE 910335,-42.88,-42.00,0.465
TRACE 912141,-42.77,-42.00,0.505
TRACE 913945,-42.66,-42.00,0.508
TRACE 915776,-42.55,-42.00,0.511
TRACE 917622,-42.44,-42.00,0.515
TRACE 919442,-42.33,-41.50,0.485
TRACE 921265,-42.22,-41.00,0.428
TRACE 923064,-42.12,-41.00,0.432
TRACE 924882,-42.01,-41.00,0.435
TRACE 926679,-41.90,-41.00,0.438
TRACE 928496,-41.79,-40.00,-0.491
TRACE 930315,-41.68,-40.00,-0.488
TRACE 932132,-41.57,-39.50,-0.500
TRACE 933950,-41.46,-39.00,-0.512
TRACE 935764,-41.35,-39.00,-0.509
TRACE 937592,-41.24,-40.00,0.428
TRACE 939406,-41.14,-40.00,0.431
TRACE 941217,-41.03,-40.00,0.497
TRACE 943025,-40.92,-40.00,0.500
TRACE 944954,-40.80,-40.00,0.535
TRACE 946797,-40.69,-40.00,0.570
TRACE 948604,-40.58,-40.00,0.573
TRACE 950400,-40.48,-40.00,0.514
TRACE 952199,-40.37,-40.00,0.517
TRACE 954016,-40.26,-40.00,0.520
TRACE 955824,-40.15,-39.50,0.477
TRACE 957634,-40.04,-39.00,0.434
TRACE 959443,-39.93,-39.00,0.437
TRACE 961237,-39.83,-39.00,0.440
TRACE 963061,-39.72,-39.00,0.443
TRACE 964871,-39.61,-39.00,0.447
TRACE 966717,-39.50,-38.00,-0.483
TRACE 968561,-39.39,-38.00,-0.448
TRACE 970394,-39.28,-38.00,0.427
TRACE 972187,-39.17,-38.00,0.430
TRACE 974007,-39.06,-37.50,-0.453
TRACE 975810,-38.95,-37.00,-0.496
TRACE 977637,-38.84,-37.00,-0.493
TRACE 979466,-38.73,-37.00,-0.427
TRACE 981282,-38.62,-37.00,-0.424
TRACE 983113,-38.51,-37.50,0.466
TRACE 984920,-38.40,-38.00,0.516
TRACE 986730,-38.30,-38.00,0.551
TRACE 988542,-38.19,-38.00,0.585
TRACE 990350,-38.08,-38.00,0.589
TRACE 992141,-37.97,-38.00,0.592
TRACE 993945,-37.86,-38.00,0.595
TRACE 995739,-37.76,-38.00,0.567
TRACE 997534,-37.65,-38.00,0.539
TRACE 999341,-37.54,-38.00,0.542
TRACE 1001168,-37.43,-37.50,0.498
TRACE 1002971,-37.32,-37.00,0.455
TRACE 1004774,-37.21,-37.00,0.458
TRACE 1006592,-37.10,-37.00,0.462
TRACE 1008401,-37.00,-36.50,-0.422
TRACE 1010220,-36.89,-36.00,-0.465
TRACE 1012028,-36.78,-36.00,-0.461
TRACE 1013862,-36.67,-36.00,-0.427
TRACE 1015688,-36.56,-36.00,0.448
TRACE 1017484,-36.45,-36.00,0.452
TRACE 1019300,-36.34,-36.00,0.455
TRACE 1021115,-36.23,-36.00,0.490
TRACE 1022931,-36.12,-35.50,0.478
TRACE 1024771,-36.01,-35.00,0.435
TRACE 1026584,-35.90,-35.00,0.438
TRACE 1028381,-35.80,-35.00,0.441
TRACE 1030190,-35.69,-35.00,0.444
TRACE 1032024,-35.58,-34.00,-0.485
TRACE 1033872,-35.47,-34.00,-0.481
TRACE 1035673,-35.36,-34.00,-0.447
TRACE 1037491,-35.25,-34.00,0.428
TRACE 1039304,-35.14,-34.00,0.431
TRACE 1041108,-35.03,-34.00,0.434
TRACE 1042925,-34.92,-33.00,-0.495
TRACE 1044736,-34.82,-33.00,-0.429
TRACE 1046556,-34.71,-33.00,-0.426
TRACE 1048370,-34.60,-33.00,-0.423
TRACE 1050224,-34.49,-33.00,0.421
TRACE 1052042,-34.38,-33.00,0.424
TRACE 1053836,-34.27,-33.00,0.427
TRACE 1055651,-34.16,-33.00,0.493
TRACE 1057457,-34.05,-33.00,0.496
TRACE 1059266,-33.94,-33.00,0.500
TRACE 1061083,-33.84,-33.00,0.503
TRACE 1062997,-33.72,-33.00,0.506
TRACE 1064808,-33.61,-33.00,0.510
TRACE 1066610,-33.50,-33.00,0.513
TRACE 1068436,-33.39,-33.00,0.516
TRACE 1070249,-33.29,-33.00,0.519
TRACE 1072052,-33.18,-32.50,0.476
TRACE 1073867,-33.07,-32.00,0.433
TRACE 1075654,-32.96,-32.00,0.436
TRACE 1077458,-32.85,-31.50,-0.447
TRACE 1088611,-32.18,-29.50,-0.520
TRACE 1090453,-32.07,-29.00,-0.550
TRACE 1092278,-31.96,-29.00,-0.546
TRACE 1094099,-31.85,-29.00,-0.525
TRACE 1095921,-31.74,-29.00,-0.503
TRACE 1097754,-31.63,-29.00,-0.500
TRACE 1099592,-31.52,-29.00,-0.478
TRACE 1101430,-31.41,-30.00,0.517
TRACE 1103240,-31.31,-30.00,0.551
TRACE 1105063,-31.20,-30.50,0.601
TRACE 1106870,-31.09,-31.00,0.651
TRACE 1108674,-30.98,-31.00,0.654
TRACE 1110485,-30.87,-30.50,0.611
TRACE 1112317,-30.76,-30.00,0.568
TRACE 1114119,-30.65,-30.00,0.508
TRACE 1115933,-30.54,-30.00,0.512
TRACE 1117728,-30.44,-29.00,-0.450
TRACE 1119583,-30.33,-29.00,-0.478
TRACE 1121393,-30.22,-29.00,-0.474
TRACE 1123207,-30.11,-29.00,-0.440
TRACE 1125249,-29.99,-28.00,-0.495
TRACE 1127096,-29.87,-28.00,-0.492
TRACE 1128923,-29.76,-28.00,-0.488
TRACE 1130766,-29.65,-28.00,-0.423
TRACE 1132601,-29.54,-28.50,0.466
TRACE 1134382,-29.44,-29.00,0.515
TRACE 1136180,-29.33,-29.00,0.518
TRACE 1138012,-29.22,-29.00,0.584
TRACE 1139841,-29.11,-29.00,0.587
TRACE 1141647,-29.00,-28.50,0.544
TRACE 1143453,-28.89,-28.00,0.501
TRACE 1145287,-28.78,-28.00,0.473
TRACE 1147239,-28.67,-28.00,0.446
TRACE 1149069,-28.56,-27.00,-0.483
TRACE 1150895,-28.45,-27.00,-0.480
TRACE 1152713,-28.34,-27.00,-0.476
TRACE 1154528,-28.23,-27.00,-0.442
TRACE 1156357,-28.12,-27.00,0.432
TRACE 1158161,-28.01,-27.00,0.436
TRACE 1159965,-27.90,-27.00,0.438
TRACE 1161785,-27.79,-27.00,0.504
TRACE 1163589,-27.68,-27.00,0.507
TRACE 1165398,-27.58,-27.00,0.511
TRACE 1167227,-27.47,-26.50,0.468
TRACE 1169024,-27.36,-26.00,0.424
TRACE 1170822,-27.25,-26.00,0.427
TRACE 1172642,-27.14,-26.00,0.431
TRACE 1174456,-27.03,-26.00,0.434
TRACE 1176243,-26.93,-26.00,0.437
TRACE 1178051,-26.82,-26.00,0.440
TRACE 1179870,-26.71,-26.00,0.475
TRACE 1181687,-26.60,-25.50,0.463
TRACE 1183496,-26.49,-25.00,0.420
TRACE 1185330,-26.38,-25.00,0.424
TRACE 1187124,-26.27,-25.00,0.427
TRACE 1188942,-26.16,-24.50,-0.456
TRACE 1190752,-26.05,-24.00,-0.500
TRACE 1192579,-25.95,-24.00,-0.496
TRACE 1194406,-25.84,-24.00,-0.461
TRACE 1196231,-25.73,-24.00,-0.427
TRACE 1198064,-25.62,-23.50,-0.470
TRACE 1199891,-25.51,-23.50,-0.466
TRACE 1201709,-25.40,-23.50,-0.432
TRACE 1203553,-25.29,-23.50,0.443
TRACE 1205375,-25.18,-24.00,0.493
TRACE 1207188,-25.07,-24.00,0.496
TRACE 1208984,-24.96,-23.50,0.453
TRACE 1210792,-24.85,-23.00,0.441
TRACE 1212734,-24.74,-23.00,0.445
TRACE 1214539,-24.63,-23.00,0.448
TRACE 1216372,-24.52,-23.00,0.451
TRACE 1218146,-24.41,-23.00,0.423
TRACE 1219966,-24.30,-23.00,0.426
TRACE 1221760,-24.19,-22.50,-0.425
TRACE 1223584,-24.08,-22.00,-0.437
TRACE 1225391,-23.98,-22.00,-0.435
TRACE 1227207,-23.87,-22.00,-0.431
TRACE 1229025,-23.76,-22.00,-0.428
TRACE 1230814,-23.65,-22.00,-0.425
TRACE 1232645,-23.54,-22.00,-0.421
TRACE 1234478,-23.43,-22.00,0.454
TRACE 1236291,-23.32,-22.00,0.488
TRACE 1238102,-23.21,-22.00,0.492
TRACE 1239914,-23.11,-22.00,0.495
TRACE 1241782,-22.99,-22.00,0.498
TRACE 1243596,-22.88,-21.00,-0.431
TRACE 1245430,-22.77,-21.00,-0.428
TRACE 1247270,-22.66,-21.00,-0.424
TRACE 1249082,-22.56,-21.00,-0.421
TRACE 1250920,-22.44,-21.00,0.422
TRACE 1252733,-22.34,-21.00,0.426
TRACE 1254553,-22.23,-22.00,0.521
TRACE 1256352,-22.12,-22.00,0.587
TRACE 1267442,-21.45,-21.00,0.514
TRACE 1269259,-21.34,-21.00,0.518
TRACE 1271070,-21.24,-21.00,0.521
TRACE 1272868,-21.13,-21.00,0.524
TRACE 1274697,-21.02,-20.00,0.461
TRACE 1276514,-20.91,-20.00,0.428
TRACE 1278302,-20.80,-19.00,-0.475
TRACE 1280138,-20.69,-19.00,-0.489
TRACE 1281962,-20.58,-19.00,-0.485
TRACE 1283794,-20.47,-19.00,-0.482
TRACE 1285623,-20.36,-19.00,-0.478
TRACE 1287447,-20.25,-19.00,0.428
TRACE 1289262,-20.14,-19.00,0.431
TRACE 1291106,-20.03,-19.00,0.497
TRACE 1292914,-19.93,-19.00,0.500
TRACE 1294711,-19.82,-18.00,-0.429
TRACE 1296523,-19.71,-18.00,-0.426
TRACE 1298384,-19.60,-18.00,-0.423
TRACE 1300205,-19.49,-18.00,0.421
TRACE 1302007,-19.38,-18.00,0.424
TRACE 1303963,-19.26,-18.00,0.428
TRACE 1305753,-19.15,-18.00,0.431
TRACE 1307558,-19.05,-18.00,0.497
TRACE 1309362,-18.94,-18.00,0.500
TRACE 1311189,-18.83,-18.00,0.503
TRACE 1312984,-18.72,-18.00,0.506
TRACE 1314791,-18.61,-18.00,0.510
TRACE 1316610,-18.50,-18.00,0.513
TRACE 1318407,-18.40,-18.00,0.516
TRACE 1320231,-18.29,-18.00,0.519
TRACE 1322036,-18.18,-18.00,0.523
TRACE 1323838,-18.07,-17.00,0.433
TRACE 1325675,-17.96,-17.00,0.436
TRACE 1327474,-17.85,-17.00,0.439
TRACE 1329290,-17.74,-17.00,0.443
TRACE 1331099,-17.63,-16.00,-0.487
TRACE 1332945,-17.52,-16.00,-0.484
TRACE 1334774,-17.41,-16.00,-0.480
TRACE 1336586,-17.30,-16.00,0.426
TRACE 1338386,-17.20,-16.00,0.429
TRACE 1340196,-17.09,-16.00,0.432
TRACE 1341992,-16.98,-16.00,0.436
TRACE 1343777,-16.87,-15.00,-0.431
TRACE 1345598,-16.76,-15.00,-0.428
TRACE 1347420,-16.65,-15.00,-0.425
TRACE 1349236,-16.55,-15.00,-0.422
TRACE 1351058,-16.44,-15.00,0.422
TRACE 1352880,-16.33,-15.00,0.425
TRACE 1354699,-16.22,-15.00,0.429
TRACE 1356500,-16.11,-15.00,0.495
TRACE 1358297,-16.00,-15.00,0.498
TRACE 1360126,-15.89,-15.00,0.501
TRACE 1361920,-15.78,-15.00,0.504
TRACE 1363716,-15.68,-15.00,0.508
TRACE 1365540,-15.57,-15.00,0.511
TRACE 1367324,-15.46,-15.00,0.514
TRACE 1369119,-15.35,-14.50,0.471
TRACE 1370934,-15.24,-14.00,0.427
TRACE 1372767,-15.13,-14.00,0.431
TRACE 1374557,-15.03,-14.00,0.434
TRACE 1376359,-14.92,-14.00,0.437
TRACE 1378174,-14.81,-13.50,-0.446
TRACE 1380004,-14.70,-13.00,-0.489
TRACE 1381845,-14.59,-13.00,-0.454
TRACE 1383666,-14.48,-13.00,0.421
TRACE 1385477,-14.37,-13.00,0.424
TRACE 1387287,-14.26,-13.00,0.427
TRACE 1389076,-14.16,-13.00,0.430
TRACE 1390947,-14.04,-13.00,0.465
TRACE 1392745,-13.94,-13.00,0.500
TRACE 1394555,-13.83,-13.00,0.503
TRACE 1396370,-13.72,-13.00,0.506
TRACE 1398176,-13.61,-13.00,0.510
TRACE 1399971,-13.50,-13.00,0.513
TRACE 1401791,-13.39,-13.00,0.516
TRACE 1403593,-13.28,-12.50,0.473
TRACE 1405411,-13.18,-12.00,0.430
TRACE 1407221,-13.07,-12.00,0.433
TRACE 1409038,-12.96,-11.50,-0.450
TRACE 1410858,-12.85,-11.00,-0.494
TRACE 1412675,-12.74,-11.00,-0.490
TRACE 1414507,-12.63,-11.00,-0.487
TRACE 1416337,-12.52,-11.00,-0.452
TRACE 1418147,-12.41,-11.00,0.423
TRACE 1419958,-12.30,-11.00,0.426
TRACE 1421903,-12.19,-11.00,0.461
TRACE 1423713,-12.08,-11.00,0.496
TRACE 1425535,-11.97,-11.50,0.545
TRACE 1427338,-11.86,-11.50,0.548
TRACE 1429134,-11.75,-11.50,0.552
TRACE 1430930,-11.64,-11.00,0.509
TRACE 1432732,-11.54,-11.00,0.512
TRACE 1434556,-11.43,-11.00,0.515
TRACE 1436362,-11.32,-11.00,0.518
TRACE 1447510,-10.65,-10.00,0.454
TRACE 1449329,-10.54,-9.50,0.424
TRACE 1451132,-10.43,-9.00,-0.446
TRACE 1452973,-10.32,-9.00,-0.424
TRACE 1454806,-10.21,-9.00,-0.421
TRACE 1456621,-10.10,-8.00,-0.484
TRACE 1458463,-9.99,-8.00,-0.480
TRACE 1460273,-9.88,-8.00,-0.494
TRACE 1462117,-9.77,-8.00,-0.459
TRACE 1463946,-9.66,-8.00,-0.424
TRACE 1465775,-9.55,-8.50,0.465
TRACE 1467580,-9.45,-9.00,0.515
TRACE 1469397,-9.34,-9.00,0.581
TRACE 1471227,-9.23,-9.00,0.584
TRACE 1473040,-9.12,-9.00,0.587
TRACE 1474844,-9.01,-8.50,0.544
TRACE 1476665,-8.90,-8.00,0.490
TRACE 1478559,-8.79,-8.00,0.462
TRACE 1480423,-8.68,-8.00,0.433
TRACE 1482284,-8.57,-7.00,-0.496
TRACE 1484245,-8.45,-7.00,-0.492
TRACE 1486136,-8.34,-7.00,-0.489
TRACE 1488028,-8.24,-7.00,-0.455
TRACE 1489923,-8.13,-7.00,-0.422
TRACE 1491816,-8.02,-7.00,0.421
TRACE 1493711,-7.91,-7.00,0.424
TRACE 1495585,-7.81,-7.00,0.486
TRACE 1497468,-7.70,-7.00,0.489
TRACE 1499338,-7.60,-7.00,0.491
TRACE 1501196,-7.50,-7.00,0.494
TRACE 1503085,-7.39,-6.50,0.451
TRACE 1504964,-7.29,-6.50,0.453
TRACE 1506816,-7.19,-6.00,-0.430
TRACE 1508712,-7.09,-6.00,-0.428
TRACE 1510611,-6.99,-6.00,-0.425
TRACE 1512513,-6.89,-6.00,-0.423
TRACE 1514408,-6.79,-6.50,0.465
TRACE 1516292,-6.69,-7.00,0.543
TRACE 1518169,-6.60,-7.00,0.545
TRACE 1520055,-6.50,-7.00,0.577
TRACE 1521939,-6.40,-7.00,0.579
TRACE 1523804,-6.31,-7.00,0.582
TRACE 1525673,-6.22,-7.00,0.584
TRACE 1527550,-6.12,-6.50,0.510
TRACE 1529421,-6.03,-6.00,0.437
TRACE 1531316,-5.94,-6.00,0.439
TRACE 1533195,-5.85,-6.00,0.441
TRACE 1535080,-5.76,-5.00,-0.488
TRACE 1536966,-5.67,-5.00,-0.486
TRACE 1538867,-5.58,-5.00,-0.484
TRACE 1540754,-5.49,-5.00,-0.451
TRACE 1542622,-5.40,-5.00,0.421
TRACE 1544500,-5.31,-5.00,0.423
TRACE 1546391,-5.23,-5.00,0.425
TRACE 1548284,-5.14,-5.00,0.487
TRACE 1550148,-5.06,-5.00,0.489
TRACE 1552059,-4.97,-5.00,0.491
TRACE 1553919,-4.89,-5.00,0.493
TRACE 1555783,-4.81,-5.00,0.495
TRACE 1557666,-4.72,-5.00,0.497
TRACE 1559576,-4.64,-5.00,0.498
TRACE 1561429,-4.56,-5.00,0.500
TRACE 1563289,-4.48,-4.50,0.456
TRACE 1565155,-4.40,-4.00,-0.428
TRACE 1567163,-4.32,-4.00,-0.425
TRACE 1569070,-4.24,-4.00,-0.423
TRACE 1570978,-4.16,-4.00,-0.422
TRACE 1572866,-4.09,-4.00,-0.420
TRACE 1574745,-4.01,-4.00,0.422
TRACE 1576616,-3.94,-4.00,0.453
TRACE 1578486,-3.86,-4.50,0.530
TRACE 1580342,-3.79,-4.50,0.532
TRACE 1582228,-3.72,-4.50,0.533
TRACE 1584108,-3.64,-4.50,0.535
TRACE 1585994,-3.57,-4.00,0.491
TRACE 1587858,-3.50,-4.00,0.492
TRACE 1589738,-3.43,-4.00,0.494
TRACE 1591604,-3.36,-4.00,0.465
TRACE 1593471,-3.30,-3.00,-0.465
TRACE 1595422,-3.22,-3.00,-0.463
TRACE 1597328,-3.16,-3.00,-0.462
TRACE 1599204,-3.09,-3.00,-0.430
TRACE 1601099,-3.02,-3.00,-0.429
TRACE 1602993,-2.96,-3.00,-0.427
TRACE 1604884,-2.89,-3.00,-0.426
TRACE 1606772,-2.83,-3.00,0.476
TRACE 1608663,-2.77,-4.00,0.567
TRACE 1619813,-2.41,-3.00,0.484
TRACE 1621693,-2.35,-3.00,0.485
TRACE 1623565,-2.29,-3.00,0.486
TRACE 1625443,-2.24,-2.50,0.454
TRACE 1627321,-2.18,-2.00,0.422
TRACE 1629279,-2.12,-2.00,0.423
TRACE 1631207,-2.07,-1.00,-0.097
TRACE 1633066,-2.01,-1.00,-0.110
TRACE 1634927,-1.96,-1.00,-0.109
TRACE 1636795,-1.91,-1.00,-0.108
TRACE 1638655,-1.86,0.00,-0.168
TRACE 1640485,-1.81,0.00,-0.137
TRACE 1642322,-1.76,0.00,-0.138
TRACE 1644127,-1.71,0.00,-0.076
TRACE 1645978,-1.66,0.00,-0.075
TRACE 1647815,-1.62,0.00,-0.075
TRACE 1649637,-1.57,0.00,-0.074
TRACE 1651467,-1.53,0.00,-0.011
TRACE 1653304,-1.48,0.00,-0.011
TRACE 1655302,-1.43,0.00,-0.010
TRACE 1657135,-1.39,0.00,-0.009
TRACE 1658982,-1.35,0.00,-0.009
TRACE 1660813,-1.30,0.00,-0.008
TRACE 1662653,-1.26,0.00,-0.007
TRACE 1664489,-1.22,0.00,-0.007
TRACE 1666331,-1.18,0.00,-0.006
TRACE 1668163,-1.14,0.00,-0.006
TRACE 1670005,-1.10,0.00,-0.005
TRACE 1671837,-1.06,0.00,-0.005
TRACE 1673680,-1.03,0.00,-0.004
TRACE 1675562,-0.99,0.00,-0.004
TRACE 1677428,-0.95,0.00,-0.003
TRACE 1679276,-0.92,0.00,-0.003
TRACE 1681112,-0.88,0.00,-0.003
TRACE 1682973,-0.85,0.00,-0.002
TRACE 1684816,-0.81,0.00,-0.002
TRACE 1686666,-0.78,0.00,-0.002
TRACE 1688510,-0.75,0.00,-0.001
TRACE 1690364,-0.72,0.00,-0.001
TRACE 1692223,-0.69,0.00,-0.001
TRACE 1694088,-0.65,0.00,-0.001
TRACE 1695924,-0.63,0.00,-0.000
TRACE 1697776,-0.60,0.00,-0.000
TRACE 1699624,-0.57,0.00,0.000
TRACE 1701459,-0.54,0.00,0.000
TRACE 1703312,-0.51,0.00,0.000
TRACE 1705160,-0.49,0.00,0.001
TRACE 1707001,-0.46,0.00,0.001
TRACE 1708856,-0.44,0.00,0.001
TRACE 1710698,-0.41,0.00,0.001
TRACE 1712549,-0.39,0.00,0.001
TRACE 1714375,-0.37,0.00,0.001
TRACE 1716225,-0.35,0.00,0.001
TRACE 1718054,-0.32,0.00,0.001
TRACE 1719913,-0.30,0.00,0.001
TRACE 1721755,-0.28,0.00,0.001
TRACE 1723609,-0.26,0.00,0.001
TRACE 1725449,-0.25,0.00,0.000
TRACE 1727302,-0.23,0.00,0.000
TRACE 1729148,-0.21,0.00,0.000
TRACE 1731001,-0.19,0.00,0.000
TRACE 1732843,-0.18,0.00,-0.000
TRACE 1734707,-0.16,0.00,-0.000
TRACE 1736545,-0.15,0.00,-0.001
TRACE 1738401,-0.13,0.00,-0.001
TRACE 1740421,-0.12,0.00,-0.001
TRACE 1742263,-0.11,0.00,-0.001
TRACE 1744117,-0.10,0.00,-0.002
TRACE 1745971,-0.08,0.00,-0.002
TRACE 1747815,-0.07,0.00,-0.002
TRACE 1749668,-0.06,0.00,-0.003
TRACE 1751511,-0.06,0.00,-0.003
TRACE 1753363,-0.05,0.00,-0.004
TRACE 1755231,-0.04,0.00,-0.004
TRACE 1757067,-0.03,0.00,-0.005
TRACE 1758922,-0.03,0.00,-0.005
TRACE 1760758,-0.02,0.00,-0.005
TRACE 1762608,-0.02,0.00,-0.006
TRACE 1764450,-0.01,0.00,-0.007
TRACE 1766316,-0.01,0.00,-0.007
TRACE 1768162,-0.00,0.00,-0.008
TRACE 1770030,-0.00,0.00,-0.008
TRACE 1771883,-0.00,0.00,-0.009
TRACE 1773745,-0.00,0.00,-0.010
TRACE 1775609,0.00,0.00,0.000
TRACE 1777236,0.00,0.00,0.000
TRACE 1778834,0.00,0.00,0.000
TRACE 1780425,0.00,0.00,0.000
TRACE 1782007,0.00,0.00,0.000
TRACE 1783600,0.00,0.00,0.000
TRACE 1785179,0.00,0.00,0.000
TRACE 1796072,0.00,0.00,0.000
TRACE 1797657,0.00,0.00,0.000
TRACE 1799247,0.00,0.00,0.000
TRACE 1800836,0.00,0.00,0.000
TRACE 1802424,0.00,0.00,0.000
TRACE 1804011,0.00,0.00,0.000
TRACE 1805607,0.00,0.00,0.000
TRACE 1807206,0.00,0.00,0.000
TRACE 1808786,0.00,0.00,0.000
TRACE 1810374,0.00,0.00,0.000
TRACE 1811972,0.00,0.00,0.000
TRACE 1813564,0.00,0.00,0.000
TRACE 1815174,0.00,0.00,0.000
TRACE 1816770,0.00,0.00,0.000
TRACE 1818376,0.00,0.00,0.000
TRACE 1819953,0.00,0.00,0.000
TRACE 1821539,0.00,0.00,0.000
TRACE 1823138,0.00,0.00,0.000
TRACE 1824764,0.00,0.00,0.000
TRACE 1826375,0.00,0.00,0.000
>>> 