arm_test.cmd_trace(arm, [])
TRACE t_us,ref_deg,pos_deg,duty
TRACE 909,-30.00,-30.00,0.410
TRACE 2862,-30.00,-30.00,0.411
TRACE 4700,-30.00,-30.00,0.412
TRACE 6490,-30.00,-30.00,0.412
TRACE 8267,-29.99,-30.00,0.413
TRACE 10051,-29.99,-30.00,0.414
TRACE 11839,-29.99,-30.00,0.415
TRACE 13646,-29.98,-30.00,0.415
TRACE 15430,-29.98,-29.50,-0.431
TRACE 17222,-29.97,-29.00,-0.477
TRACE 19051,-29.96,-29.00,-0.476
TRACE 20828,-29.96,-29.00,-0.475
TRACE 22632,-29.95,-30.00,0.420
TRACE 24426,-29.94,-30.00,0.421
TRACE 26193,-29.93,-30.00,0.421
TRACE 27957,-29.92,-30.00,0.454
TRACE 29736,-29.91,-30.00,0.487
TRACE 31494,-29.90,-30.00,0.489
TRACE 33292,-29.89,-30.00,0.489
TRACE 35070,-29.88,-30.00,0.426
TRACE 36834,-29.86,-30.00,0.427
TRACE 38591,-29.85,-30.00,0.428
TRACE 40390,-29.84,-29.00,-0.465
TRACE 42188,-29.82,-29.00,-0.464
TRACE 44016,-29.81,-29.00,-0.462
TRACE 45784,-29.79,-29.00,-0.461
TRACE 47606,-29.77,-29.00,-0.460
TRACE 49369,-29.76,-29.00,-0.459
TRACE 51165,-29.74,-29.50,-0.411
TRACE 52968,-29.72,-30.00,0.501
TRACE 54750,-29.70,-30.00,0.502
TRACE 56587,-29.68,-30.00,0.504
TRACE 58347,-29.66,-30.50,0.552
TRACE 60127,-29.64,-30.50,0.553
TRACE 61898,-29.62,-30.00,0.508
TRACE 63647,-29.59,-30.00,0.477
TRACE 65409,-29.57,-30.00,0.446
TRACE 67178,-29.55,-30.00,0.448
TRACE 68941,-29.52,-29.00,-0.446
TRACE 70722,-29.50,-29.00,-0.477
TRACE 72501,-29.47,-29.00,-0.475
TRACE 74299,-29.45,-29.00,-0.441
TRACE 76112,-29.42,-29.00,-0.439
TRACE 77882,-29.39,-29.00,-0.438
TRACE 79651,-29.37,-29.00,-0.436
TRACE 81437,-29.34,-29.00,0.429
TRACE 83215,-29.31,-29.00,0.431
TRACE 85002,-29.28,-29.00,0.432
TRACE 86773,-29.25,-29.00,0.434
TRACE 88529,-29.22,-29.00,0.435
TRACE 90295,-29.18,-29.00,0.437
TRACE 92064,-29.15,-29.00,0.439
TRACE 93798,-29.12,-29.00,0.440
TRACE 95574,-29.09,-29.00,0.442
TRACE 97346,-29.05,-29.00,0.443
TRACE 99105,-29.02,-29.00,0.445
TRACE 100870,-28.98,-28.00,-0.448
TRACE 102666,-28.95,-28.00,-0.446
TRACE 104462,-28.91,-28.00,-0.444
TRACE 106259,-28.87,-28.00,-0.442
TRACE 108054,-28.83,-28.00,-0.440
TRACE 109820,-28.79,-28.00,-0.438
TRACE 111601,-28.75,-28.00,-0.436
TRACE 113385,-28.71,-28.00,0.429
TRACE 115152,-28.67,-29.00,0.525
TRACE 116917,-28.63,-29.00,0.527
TRACE 118685,-28.59,-29.00,0.529
TRACE 120451,-28.55,-29.00,0.531
TRACE 122223,-28.51,-29.00,0.533
TRACE 123989,-28.46,-29.00,0.535
TRACE 125756,-28.42,-28.00,0.443
TRACE 127523,-28.37,-28.00,-0.420
TRACE 129294,-28.33,-28.00,-0.418
TRACE 131081,-28.28,-28.00,-0.416
TRACE 132872,-28.23,-27.00,-0.508
TRACE 134647,-28.19,-27.00,-0.506
TRACE 136443,-28.14,-27.50,-0.456
TRACE 138234,-28.09,-28.00,0.457
TRACE 140003,-28.04,-28.00,0.459
TRACE 141774,-27.99,-28.00,0.461
TRACE 143545,-27.94,-28.00,0.463
TRACE 145311,-27.89,-28.00,0.530
TRACE 147067,-27.84,-28.00,0.532
TRACE 148827,-27.79,-28.00,0.502
TRACE 150585,-27.73,-28.00,0.472
TRACE 152347,-27.68,-28.00,0.474
TRACE 154128,-27.62,-28.00,0.477
TRACE 155924,-27.57,-28.00,0.479
TRACE 157707,-27.51,-28.00,0.481
TRACE 159495,-27.46,-28.00,0.484
TRACE 161273,-27.40,-28.00,0.486
TRACE 163055,-27.34,-28.00,0.488
TRACE 164833,-27.28,-27.00,-0.403
TRACE 166623,-27.22,-27.00,-0.401
TRACE 168399,-27.16,-27.00,0.402
TRACE 170186,-27.10,-27.00,0.404
TRACE 171968,-27.04,-27.00,0.406
TRACE 173744,-26.98,-27.00,0.409
TRACE 175513,-26.92,-26.00,-0.483
TRACE 177300,-26.86,-26.00,-0.416
TRACE 179095,-26.79,-26.00,-0.413
TRACE 180880,-26.73,-26.00,-0.411
TRACE 182649,-26.66,-26.00,-0.408
TRACE 184436,-26.60,-26.50,0.441
TRACE 186216,-26.53,-27.00,0.491
TRACE 187974,-26.47,-27.00,0.558
TRACE 189749,-26.40,-27.00,0.561
TRACE 191518,-26.33,-27.00,0.563
TRACE 193287,-26.26,-27.00,0.566
TRACE 195053,-26.20,-27.00,0.569
TRACE 196816,-26.13,-27.00,0.539
TRACE 198572,-26.06,-26.00,0.415
TRACE 200336,-25.99,-26.00,0.418
TRACE 210795,-25.56,-24.50,-0.441
TRACE 212587,-25.48,-24.00,-0.472
TRACE 214404,-25.40,-24.00,-0.469
TRACE 216209,-25.33,-24.00,-0.465
TRACE 218004,-25.25,-24.00,-0.462
TRACE 219805,-25.17,-23.50,-0.455
TRACE 221595,-25.09,-23.50,-0.452
TRACE 223388,-25.01,-23.50,-0.418
TRACE 225178,-24.93,-23.50,0.416
TRACE 226940,-24.85,-23.50,0.419
TRACE 228722,-24.77,-24.00,0.469
TRACE 230506,-24.69,-23.50,0.425
TRACE 232272,-24.60,-23.00,0.413
TRACE 234069,-24.52,-23.00,0.417
TRACE 235847,-24.44,-23.00,0.420
TRACE 237623,-24.35,-23.00,0.423
TRACE 239390,-24.27,-23.00,0.426
TRACE 241161,-24.18,-23.00,-0.403
TRACE 242947,-24.10,-23.00,0.432
TRACE 244719,-24.01,-23.00,0.468
TRACE 246484,-23.92,-23.00,0.471
TRACE 248299,-23.83,-22.50,0.427
TRACE 250058,-23.75,-22.00,-0.417
TRACE 251866,-23.66,-22.00,-0.413
TRACE 253677,-23.56,-22.00,-0.410
TRACE 255467,-23.47,-21.50,-0.453
TRACE 257290,-23.38,-21.50,-0.449
TRACE 259066,-23.29,-21.50,-0.446
TRACE 260897,-23.19,-21.50,-0.410
TRACE 262674,-23.10,-22.00,0.472
TRACE 264470,-23.01,-22.00,0.475
TRACE 266247,-22.91,-22.00,0.479
TRACE 268026,-22.82,-22.00,0.514
TRACE 269801,-22.72,-22.00,0.517
TRACE 271572,-22.62,-22.00,0.521
TRACE 273331,-22.53,-21.00,0.430
TRACE 275106,-22.43,-21.00,0.402
TRACE 276863,-22.33,-21.00,0.405
TRACE 278653,-22.24,-21.00,0.409
TRACE 280417,-22.14,-21.00,0.412
TRACE 282192,-22.04,-21.00,0.416
TRACE 283976,-21.94,-20.00,-0.475
TRACE 285760,-21.83,-20.00,-0.407
TRACE 287553,-21.73,-20.00,-0.403
TRACE 289338,-21.63,-19.00,-0.493
TRACE 291129,-21.52,-19.00,-0.489
TRACE 292921,-21.42,-19.50,-0.438
TRACE 294697,-21.32,-20.00,0.413
TRACE 296466,-21.21,-20.00,0.480
TRACE 298231,-21.11,-20.00,0.484
TRACE 299992,-21.00,-20.00,0.488
TRACE 301748,-20.90,-20.00,0.546
TRACE 303558,-20.79,-20.00,0.549
TRACE 305353,-20.68,-20.00,0.520
TRACE 307146,-20.57,-20.00,0.491
TRACE 308953,-20.46,-20.00,0.494
TRACE 310764,-20.35,-19.50,0.450
TRACE 312561,-20.25,-19.00,0.407
TRACE 314367,-20.14,-19.00,0.410
TRACE 316171,-20.03,-19.00,0.414
TRACE 317989,-19.92,-19.00,0.417
TRACE 319791,-19.81,-18.00,-0.473
TRACE 321610,-19.70,-18.00,-0.470
TRACE 323454,-19.59,-18.00,-0.434
TRACE 325272,-19.48,-18.00,0.401
TRACE 327087,-19.37,-18.00,0.404
TRACE 328909,-19.27,-18.00,0.407
TRACE 330710,-19.16,-17.50,-0.436
TRACE 332522,-19.05,-17.00,-0.416
TRACE 334355,-18.94,-17.00,-0.413
TRACE 336163,-18.83,-17.00,-0.410
TRACE 337971,-18.72,-17.00,-0.407
TRACE 339774,-18.61,-17.50,0.443
TRACE 341590,-18.50,-18.00,0.493
TRACE 343380,-18.40,-18.00,0.528
TRACE 345189,-18.29,-18.00,0.562
TRACE 346999,-18.18,-18.00,0.566
TRACE 348807,-18.07,-18.00,0.569
TRACE 350615,-17.96,-18.00,0.572
TRACE 352398,-17.86,-18.00,0.544
TRACE 354210,-17.75,-18.00,0.516
TRACE 356019,-17.64,-17.50,0.472
TRACE 357819,-17.53,-17.00,0.429
TRACE 359656,-17.42,-17.00,0.432
TRACE 361445,-17.31,-17.00,0.435
TRACE 363240,-17.21,-16.50,-0.408
TRACE 365079,-17.10,-16.00,-0.451
TRACE 366897,-16.99,-16.00,-0.448
TRACE 368710,-16.88,-16.00,-0.413
TRACE 370521,-16.77,-16.00,0.422
TRACE 372326,-16.66,-16.00,0.425
TRACE 374134,-16.55,-16.00,0.428
TRACE 375948,-16.44,-16.00,0.463
TRACE 377757,-16.33,-16.00,0.498
TRACE 379553,-16.23,-15.50,0.455
TRACE 381357,-16.12,-15.00,0.411
TRACE 383186,-16.01,-15.00,0.415
TRACE 384996,-15.90,-15.00,0.418
TRACE 386808,-15.79,-14.50,-0.425
TRACE 388642,-15.68,-14.00,-0.468
TRACE 390480,-15.57,-14.00,-0.465
TRACE 392296,-15.46,-14.00,-0.430
TRACE 394097,-15.35,-14.00,0.405
TRACE 395922,-15.24,-14.00,0.408
TRACE 397716,-15.14,-14.00,0.411
TRACE 399521,-15.03,-14.00,0.446
TRACE 401342,-14.92,-13.00,-0.413
TRACE 403153,-14.81,-13.00,-0.409
TRACE 404961,-14.70,-13.00,-0.406
TRACE 415452,-14.07,-14.00,0.506
TRACE 417288,-13.96,-14.00,0.509
TRACE 419120,-13.85,-14.00,0.512
TRACE 420924,-13.74,-14.00,0.516
TRACE 422736,-13.64,-14.00,0.556
TRACE 424533,-13.53,-14.00,0.560
TRACE 426360,-13.42,-13.00,0.495
TRACE 428186,-13.31,-13.00,0.436
TRACE 430011,-13.20,-13.00,0.439
TRACE 431830,-13.09,-13.00,0.442
TRACE 433658,-12.98,-12.00,-0.447
TRACE 435494,-12.87,-12.00,-0.444
TRACE 437334,-12.76,-11.50,-0.486
TRACE 439189,-12.65,-11.00,-0.466
TRACE 441029,-12.54,-11.00,-0.463
TRACE 442858,-12.43,-11.00,-0.459
TRACE 444686,-12.32,-11.00,-0.456
TRACE 446529,-12.21,-11.50,0.456
TRACE 448345,-12.10,-12.00,0.505
TRACE 450152,-11.99,-12.00,0.539
TRACE 451971,-11.88,-12.00,0.574
TRACE 453785,-11.77,-12.00,0.578
TRACE 455597,-11.66,-12.00,0.581
TRACE 457430,-11.55,-12.00,0.584
TRACE 459246,-11.45,-11.00,0.463
TRACE 461094,-11.33,-11.00,0.435
TRACE 462910,-11.23,-11.00,0.439
TRACE 464758,-11.11,-11.00,0.442
TRACE 466571,-11.01,-10.00,-0.447
TRACE 468402,-10.90,-10.00,-0.444
TRACE 470223,-10.79,-10.00,-0.441
TRACE 472043,-10.68,-9.00,-0.467
TRACE 473850,-10.57,-9.00,-0.465
TRACE 475669,-10.46,-9.00,-0.461
TRACE 477470,-10.35,-9.50,-0.412
TRACE 479298,-10.24,-10.00,0.501
TRACE 481106,-10.13,-10.00,0.504
TRACE 482920,-10.02,-10.00,0.507
TRACE 484746,-9.92,-10.50,0.620
TRACE 486533,-9.81,-10.00,0.577
TRACE 488347,-9.70,-10.00,0.580
TRACE 490147,-9.59,-10.00,0.552
TRACE 491942,-9.48,-10.00,0.523
TRACE 493733,-9.38,-10.00,0.527
TRACE 495550,-9.27,-9.00,0.437
TRACE 497351,-9.16,-9.00,0.408
TRACE 499166,-9.05,-9.00,0.443
TRACE 500988,-8.94,-8.50,-0.411
TRACE 502886,-8.83,-8.00,-0.453
TRACE 504781,-8.72,-8.00,-0.450
TRACE 506670,-8.60,-7.50,-0.492
TRACE 508556,-8.49,-7.50,-0.427
TRACE 510448,-8.38,-7.50,-0.424
TRACE 512335,-8.28,-8.00,0.425
TRACE 514217,-8.17,-8.00,0.458
TRACE 516106,-8.06,-8.00,0.490
TRACE 518001,-7.95,-8.00,0.493
TRACE 519878,-7.85,-8.00,0.526
TRACE 521760,-7.74,-8.00,0.528
TRACE 523627,-7.64,-8.00,0.531
TRACE 525487,-7.54,-8.00,0.503
TRACE 527384,-7.43,-8.00,0.505
TRACE 529257,-7.33,-8.00,0.508
TRACE 531138,-7.23,-8.00,0.510
TRACE 533011,-7.13,-8.00,0.512
TRACE 534884,-7.03,-8.00,0.515
TRACE 536758,-6.93,-7.00,0.426
TRACE 538644,-6.83,-7.00,0.428
TRACE 540501,-6.73,-7.00,0.430
TRACE 542365,-6.64,-7.00,0.433
TRACE 544231,-6.54,-6.00,-0.456
TRACE 546130,-6.44,-6.00,-0.454
TRACE 548019,-6.35,-6.00,-0.452
TRACE 549904,-6.25,-6.00,0.412
TRACE 551781,-6.16,-6.00,0.414
TRACE 553654,-6.07,-5.50,-0.430
TRACE 555537,-5.98,-5.00,-0.473
TRACE 557431,-5.88,-5.00,-0.410
TRACE 559325,-5.79,-5.00,-0.408
TRACE 561220,-5.70,-5.00,-0.406
TRACE 563095,-5.61,-5.00,-0.404
TRACE 565000,-5.52,-5.00,-0.402
TRACE 566884,-5.43,-5.00,0.431
TRACE 568743,-5.35,-5.00,0.463
TRACE 570603,-5.26,-5.00,0.465
TRACE 572468,-5.18,-5.00,0.467
TRACE 574358,-5.09,-5.00,0.468
TRACE 576239,-5.01,-5.00,0.470
TRACE 578094,-4.92,-5.00,0.472
TRACE 579969,-4.84,-4.50,0.428
TRACE 581850,-4.76,-4.00,-0.415
TRACE 583743,-4.68,-4.00,-0.413
TRACE 585614,-4.60,-4.00,-0.412
TRACE 587505,-4.52,-4.00,-0.410
TRACE 589384,-4.44,-3.50,-0.454
TRACE 591269,-4.36,-3.00,-0.497
TRACE 593143,-4.28,-3.00,-0.465
TRACE 595034,-4.20,-3.00,-0.433
TRACE 596899,-4.13,-3.50,0.414
TRACE 598772,-4.05,-4.00,0.461
TRACE 600662,-3.97,-4.00,0.463
TRACE 602531,-3.90,-3.50,0.449
TRACE 613039,-3.50,-3.00,0.442
TRACE 614941,-3.42,-3.00,0.444
TRACE 616845,-3.35,-2.00,-0.421
TRACE 618802,-3.28,-2.00,-0.438
TRACE 620733,-3.21,-2.00,-0.455
TRACE 622667,-3.14,-2.00,-0.453
TRACE 624580,-3.08,-1.50,-0.467
TRACE 626535,-3.01,-1.50,-0.482
TRACE 628455,-2.94,-2.00,-0.436
TRACE 630380,-2.88,-2.00,0.425
TRACE 632327,-2.81,-2.00,0.426
TRACE 634245,-2.75,-2.00,0.427
TRACE 636195,-2.68,-2.00,0.428
TRACE 638128,-2.62,-2.00,0.459
TRACE 640068,-2.56,-2.00,0.460
TRACE 642001,-2.50,-1.00,-0.057
TRACE 643872,-2.44,-1.00,-0.056
TRACE 645720,-2.38,-1.00,-0.056
TRACE 647578,-2.32,-1.00,-0.055
TRACE 649486,-2.27,-1.00,-0.054
TRACE 651335,-2.21,-1.00,-0.053
TRACE 653220,-2.15,-1.00,-0.053
TRACE 655070,-2.10,-1.00,0.009
TRACE 656960,-2.05,-1.00,0.010
TRACE 658823,-1.99,-1.00,0.011
TRACE 660703,-1.94,-1.00,0.012
TRACE 662587,-1.89,-1.50,0.458
TRACE 664533,-1.84,-2.00,0.504
TRACE 666432,-1.78,-2.00,0.505
TRACE 668341,-1.73,-2.00,0.506
TRACE 670246,-1.68,-1.50,0.461
TRACE 672182,-1.63,-1.00,0.017
TRACE 674021,-1.59,-1.00,0.018
TRACE 675894,-1.54,-1.00,-0.012
TRACE 677745,-1.49,-1.00,-0.041
TRACE 679611,-1.45,-1.00,-0.041
TRACE 681440,-1.41,-1.00,-0.041
TRACE 683284,-1.36,-1.00,-0.010
TRACE 685153,-1.32,-1.00,0.022
TRACE 687014,-1.28,-1.00,0.022
TRACE 688842,-1.24,-1.50,0.469
TRACE 690752,-1.19,-2.00,0.515
TRACE 692663,-1.15,-2.00,0.515
TRACE 694564,-1.11,-2.00,0.516
TRACE 696450,-1.07,-1.50,0.470
TRACE 698364,-1.03,-1.00,0.026
TRACE 700223,-1.00,-1.00,0.026
TRACE 702068,-0.96,-1.00,-0.004
TRACE 703920,-0.92,-1.00,-0.034
TRACE 705765,-0.89,-1.00,-0.034
TRACE 707624,-0.85,-1.00,-0.034
TRACE 709451,-0.82,-1.00,-0.003
TRACE 711329,-0.79,-1.00,0.028
TRACE 713192,-0.75,-1.00,0.029
TRACE 715037,-0.72,-1.50,0.475
TRACE 716938,-0.69,-2.00,0.521
TRACE 718840,-0.66,-2.00,0.521
TRACE 720740,-0.63,-2.00,0.521
TRACE 722649,-0.60,-1.50,0.475
TRACE 724560,-0.57,-1.00,0.030
TRACE 726434,-0.54,-1.00,0.030
TRACE 728277,-0.51,-1.00,0.000
TRACE 730135,-0.49,-1.00,-0.030
TRACE 731964,-0.46,-1.00,-0.030
TRACE 733817,-0.44,-1.00,-0.030
TRACE 735677,-0.41,-1.00,0.000
TRACE 737521,-0.39,-1.00,0.031
TRACE 739356,-0.37,-1.50,0.477
TRACE 741277,-0.34,-2.00,0.522
TRACE 743199,-0.32,-2.00,0.522
TRACE 745085,-0.30,-2.00,0.522
TRACE 746981,-0.28,-1.50,0.476
TRACE 748902,-0.26,-1.00,0.031
TRACE 750763,-0.24,-1.00,0.030
TRACE 752619,-0.22,-1.00,0.000
TRACE 754469,-0.21,-1.00,-0.030
TRACE 756322,-0.19,-1.00,-0.031
TRACE 758161,-0.18,-1.00,-0.031
TRACE 759985,-0.16,-1.00,-0.001
TRACE 761863,-0.15,-1.00,0.029
TRACE 763730,-0.13,-1.50,0.475
TRACE 765640,-0.12,-2.00,0.520
TRACE 767534,-0.11,-2.00,0.520
TRACE 769446,-0.09,-2.00,0.519
TRACE 771353,-0.08,-1.50,0.473
TRACE 773276,-0.07,-1.00,0.027
TRACE 775154,-0.06,-1.00,0.027
TRACE 777013,-0.05,-1.00,-0.003
TRACE 778884,-0.04,-1.00,-0.034
TRACE 780725,-0.04,-1.00,-0.035
TRACE 782568,-0.03,-1.00,-0.036
TRACE 784422,-0.02,-1.00,-0.006
TRACE 786282,-0.02,-1.00,0.024
TRACE 788148,-0.01,-1.00,0.024
TRACE 790014,-0.01,-2.00,0.515
TRACE 791914,-0.01,-2.00,0.514
TRACE 793809,-0.00,-2.00,0.513
TRACE 795725,-0.00,-2.00,0.512
TRACE 797613,-0.00,-1.50,0.466
TRACE 799539,-0.00,-1.00,0.020
TRACE 810074,0.00,-0.50,-0.003
TRACE 811687,0.00,0.00,-0.074
TRACE 813279,0.00,0.00,-0.075
TRACE 814895,0.00,0.00,-0.076
TRACE 816503,0.00,0.00,-0.077
TRACE 818118,0.00,0.50,-0.093
TRACE 819755,0.00,0.50,-0.074
TRACE 821387,0.00,0.50,-0.086
TRACE 822999,0.00,0.00,0.000
TRACE 824624,0.00,0.00,0.000
TRACE 826250,0.00,0.00,0.000
TRACE 827858,0.00,0.00,0.000
TRACE 829475,0.00,0.00,0.035
TRACE 831096,0.00,0.00,0.035
TRACE 832704,0.00,0.00,0.035
TRACE 834292,0.00,0.00,0.000
TRACE 835925,0.00,0.00,0.000
TRACE 837549,0.00,0.00,0.000
TRACE 839189,0.00,0.00,0.000
TRACE 840817,0.00,0.00,0.000
TRACE 842440,0.00,0.00,0.000
TRACE 844034,0.00,0.00,0.000
TRACE 845684,0.00,0.00,0.000
TRACE 847287,0.00,0.00,0.000
TRACE 848881,0.00,0.00,0.000
TRACE 850487,0.00,0.00,0.000
TRACE 852074,0.00,0.00,0.000
TRACE 853646,0.00,0.00,0.000
TRACE 855270,0.00,0.00,0.000
TRACE 856848,0.00,0.00,0.000
TRACE 858438,0.00,0.00,0.000
TRACE 860061,0.00,0.00,0.000
TRACE 861659,0.00,0.00,0.000
TRACE 863244,0.00,0.00,0.000
TRACE 864842,0.00,0.00,0.000
TRACE 866446,0.00,0.00,0.000
TRACE 868023,0.00,0.00,0.000
TRACE 869626,0.00,0.00,0.000
TRACE 871213,0.00,0.00,0.000
TRACE 872799,0.00,0.00,0.000
TRACE 874376,0.00,0.00,0.000
TRACE 876008,0.00,0.00,0.000
TRACE 877601,0.00,0.00,0.000
TRACE 879174,0.00,0.00,0.000
TRACE 880774,0.00,0.00,0.000
TRACE 882376,0.00,0.00,0.000
TRACE 883965,0.00,0.00,0.000
TRACE 885541,0.00,0.00,0.000
TRACE 887131,0.00,0.00,0.000
TRACE 888738,0.00,0.00,0.000
TRACE 890321,0.00,0.00,0.000
TRACE 891910,0.00,0.00,0.000
TRACE 893510,0.00,0.00,0.000
TRACE 895093,0.00,0.00,0.000
>>> 