arm_test.cmd_trace(arm, [])
TRACE t_us,ref_deg,pos_deg,duty
TRACE 928,32.00,32.00,-0.430
TRACE 2888,32.00,32.00,-0.431
TRACE 4748,32.00,31.50,0.528
TRACE 6544,32.00,31.50,0.494
TRACE 8360,31.99,31.50,0.476
TRACE 10147,31.99,31.50,0.464
TRACE 11921,31.99,32.00,-0.435
TRACE 13744,31.98,32.00,-0.436
TRACE 15548,31.98,32.00,-0.436
TRACE 17327,31.97,32.00,-0.469
TRACE 19115,31.96,32.00,-0.470
TRACE 20900,31.96,32.00,-0.471
TRACE 22687,31.95,31.50,-0.425
TRACE 24487,31.94,31.00,0.493
TRACE 26246,31.93,31.00,0.492
TRACE 28004,31.92,31.00,0.492
TRACE 29782,31.91,31.00,0.491
TRACE 31580,31.90,31.00,0.490
TRACE 33365,31.89,31.00,0.489
TRACE 35153,31.88,32.00,-0.478
TRACE 36940,31.86,32.00,-0.512
TRACE 38742,31.85,32.00,-0.512
TRACE 40545,31.84,32.00,-0.513
TRACE 42361,31.82,32.00,-0.514
TRACE 44145,31.81,32.00,-0.515
TRACE 45984,31.79,32.00,-0.516
TRACE 47758,31.77,31.50,0.433
TRACE 49580,31.75,31.00,0.478
TRACE 51346,31.74,31.00,0.477
TRACE 53129,31.72,31.00,0.476
TRACE 54953,31.70,31.00,0.475
TRACE 56746,31.68,31.00,0.473
TRACE 58513,31.66,31.00,0.473
TRACE 60283,31.64,31.50,-0.448
TRACE 62086,31.61,32.00,-0.528
TRACE 63890,31.59,32.00,-0.529
TRACE 65676,31.57,32.00,-0.530
TRACE 67473,31.54,32.00,-0.532
TRACE 69272,31.52,32.00,-0.533
TRACE 71064,31.49,32.00,-0.534
TRACE 72867,31.47,31.50,-0.457
TRACE 74659,31.44,31.00,0.460
TRACE 76417,31.42,31.00,0.459
TRACE 78174,31.39,31.00,0.458
TRACE 79962,31.36,31.00,0.456
TRACE 81728,31.33,31.00,0.455
TRACE 83499,31.30,31.00,0.453
TRACE 85306,31.27,31.00,-0.420
TRACE 87086,31.24,31.00,-0.454
TRACE 88877,31.21,31.00,-0.456
TRACE 90672,31.18,31.00,-0.457
TRACE 92439,31.15,31.00,-0.459
TRACE 94210,31.11,31.00,-0.461
TRACE 96001,31.08,31.00,-0.462
TRACE 97802,31.04,31.00,-0.464
TRACE 99595,31.01,31.00,-0.466
TRACE 101380,30.97,31.00,-0.467
TRACE 103179,30.94,31.00,-0.469
TRACE 104963,30.90,31.00,-0.471
TRACE 106776,30.86,31.00,-0.473
TRACE 108563,30.82,31.00,-0.474
TRACE 110355,30.78,31.00,-0.476
TRACE 112165,30.74,31.00,-0.478
TRACE 113955,30.70,31.00,-0.480
TRACE 115723,30.66,30.00,0.452
TRACE 117478,30.62,30.00,0.450
TRACE 119249,30.58,30.00,0.449
TRACE 121020,30.54,30.00,0.447
TRACE 122791,30.49,30.00,0.445
TRACE 124578,30.45,30.00,0.443
TRACE 126345,30.40,30.00,0.441
TRACE 128114,30.36,30.00,-0.465
TRACE 129896,30.31,30.00,-0.467
TRACE 131692,30.27,30.00,-0.469
TRACE 133466,30.22,30.00,-0.471
TRACE 135264,30.17,30.00,-0.474
TRACE 137040,30.12,30.00,-0.476
TRACE 138826,30.07,30.00,-0.478
TRACE 140611,30.02,30.00,-0.480
TRACE 142412,29.97,29.50,-0.435
TRACE 144205,29.92,29.00,0.450
TRACE 145991,29.87,29.00,0.447
TRACE 147735,29.82,29.00,0.445
TRACE 149500,29.76,29.00,0.443
TRACE 151283,29.71,29.00,0.441
TRACE 153065,29.66,29.00,0.439
TRACE 154844,29.60,29.00,-0.435
TRACE 156629,29.55,30.00,-0.564
TRACE 158408,29.49,30.00,-0.567
TRACE 160210,29.43,30.00,-0.569
TRACE 162014,29.38,30.00,-0.571
TRACE 163817,29.32,30.00,-0.573
TRACE 165600,29.26,30.00,-0.576
TRACE 167398,29.20,30.00,-0.578
TRACE 169183,29.14,30.00,-0.517
TRACE 170968,29.08,29.50,-0.472
TRACE 172761,29.02,29.00,-0.428
TRACE 174534,28.95,29.00,-0.430
TRACE 176330,28.89,29.00,-0.433
TRACE 178125,28.83,29.00,-0.435
TRACE 179920,28.76,28.50,0.449
TRACE 181690,28.70,28.00,0.493
TRACE 183451,28.63,28.00,0.459
TRACE 185224,28.57,28.00,0.425
TRACE 187023,28.50,28.00,0.422
TRACE 188805,28.44,28.00,-0.421
TRACE 190596,28.37,28.00,-0.423
TRACE 192384,28.30,28.00,-0.458
TRACE 194172,28.23,28.00,-0.493
TRACE 204581,27.81,28.00,-0.509
TRACE 206414,27.74,28.00,-0.512
TRACE 208215,27.66,28.00,-0.515
TRACE 210002,27.59,27.00,-0.450
TRACE 211777,27.52,27.00,-0.453
TRACE 213580,27.44,27.00,-0.456
TRACE 215383,27.36,27.00,-0.459
TRACE 217194,27.28,26.00,0.497
TRACE 218985,27.20,26.00,0.495
TRACE 220773,27.13,26.00,0.492
TRACE 222565,27.05,26.00,0.425
TRACE 224351,26.97,26.00,0.422
TRACE 226128,26.89,26.00,-0.421
TRACE 227944,26.80,26.00,-0.424
TRACE 229733,26.72,26.00,-0.491
TRACE 231525,26.64,26.00,-0.494
TRACE 233315,26.56,26.00,-0.497
TRACE 235087,26.47,26.00,-0.500
TRACE 236901,26.39,26.00,-0.504
TRACE 238681,26.30,26.00,-0.507
TRACE 240456,26.22,25.50,-0.463
TRACE 242257,26.13,25.00,0.421
TRACE 244034,26.04,25.00,-0.423
TRACE 245849,25.96,25.00,-0.426
TRACE 247636,25.87,25.00,-0.429
TRACE 249452,25.78,24.50,0.454
TRACE 251226,25.69,24.00,0.498
TRACE 253009,25.60,24.00,0.462
TRACE 254782,25.51,24.00,0.427
TRACE 256554,25.42,24.00,0.424
TRACE 258373,25.32,25.00,-0.513
TRACE 260164,25.23,25.00,-0.517
TRACE 261951,25.14,25.00,-0.552
TRACE 263733,25.04,25.00,-0.588
TRACE 265507,24.95,25.00,-0.591
TRACE 267299,24.86,25.00,-0.594
TRACE 269078,24.76,25.00,-0.598
TRACE 270863,24.66,25.00,-0.538
TRACE 272637,24.57,25.00,-0.541
TRACE 274417,24.47,24.00,-0.451
TRACE 276200,24.37,24.00,-0.454
TRACE 277982,24.27,24.00,-0.458
TRACE 279784,24.17,24.00,-0.461
TRACE 281572,24.07,23.50,0.422
TRACE 283330,23.97,23.00,0.466
TRACE 285124,23.87,23.00,0.462
TRACE 286886,23.77,23.00,-0.446
TRACE 288680,23.67,23.00,-0.450
TRACE 290469,23.56,23.00,-0.454
TRACE 292285,23.46,23.00,-0.458
TRACE 294051,23.35,23.00,-0.493
TRACE 295839,23.25,23.00,-0.529
TRACE 297612,23.14,23.00,-0.533
TRACE 299403,23.04,23.00,-0.537
TRACE 301197,22.93,23.00,-0.530
TRACE 303031,22.82,23.00,-0.533
TRACE 304862,22.71,22.50,-0.490
TRACE 306689,22.60,22.00,-0.447
TRACE 308505,22.49,22.00,-0.450
TRACE 310327,22.38,22.00,-0.454
TRACE 312153,22.27,21.00,0.476
TRACE 313945,22.16,21.00,0.472
TRACE 315766,22.05,21.00,0.469
TRACE 317583,21.95,21.00,0.435
TRACE 319415,21.84,21.00,-0.440
TRACE 321249,21.73,21.00,-0.443
TRACE 323064,21.62,21.00,-0.447
TRACE 324880,21.51,21.00,-0.513
TRACE 326705,21.40,21.00,-0.516
TRACE 328511,21.29,21.00,-0.519
TRACE 330337,21.18,21.00,-0.523
TRACE 332156,21.07,21.00,-0.526
TRACE 333975,20.96,21.00,-0.529
TRACE 335822,20.85,20.50,-0.486
TRACE 337636,20.74,20.00,-0.443
TRACE 339455,20.63,20.00,-0.446
TRACE 341303,20.52,19.00,0.483
TRACE 343130,20.41,19.00,0.479
TRACE 344935,20.30,19.00,0.476
TRACE 346759,20.19,19.00,0.473
TRACE 348560,20.09,19.00,0.439
TRACE 350374,19.98,19.00,-0.436
TRACE 352196,19.87,19.00,-0.439
TRACE 354018,19.76,19.00,-0.505
TRACE 355850,19.65,19.00,-0.509
TRACE 357666,19.54,19.00,-0.512
TRACE 359500,19.43,19.00,-0.515
TRACE 361318,19.32,19.00,-0.518
TRACE 363122,19.21,18.00,-0.429
TRACE 364959,19.10,18.00,-0.432
TRACE 366788,18.99,18.00,-0.436
TRACE 368625,18.88,17.00,0.494
TRACE 370450,18.77,17.00,0.490
TRACE 372283,18.66,17.00,0.487
TRACE 374100,18.55,17.00,0.484
TRACE 375912,18.45,17.00,-0.422
TRACE 377731,18.34,17.00,-0.425
TRACE 379559,18.23,17.00,-0.429
TRACE 381378,18.12,17.00,-0.494
TRACE 383210,18.01,16.50,-0.451
TRACE 385033,17.90,16.00,0.432
TRACE 386867,17.79,16.00,0.428
TRACE 388665,17.68,16.00,0.425
TRACE 390480,17.57,16.00,0.422
TRACE 392287,17.46,17.00,-0.514
TRACE 394116,17.35,17.00,-0.517
TRACE 395939,17.24,17.00,-0.552
TRACE 406438,16.61,16.00,-0.510
TRACE 408272,16.50,16.00,-0.513
TRACE 410108,16.39,16.00,-0.516
TRACE 411948,16.28,15.50,-0.486
TRACE 413772,16.17,15.00,0.422
TRACE 415594,16.06,15.00,-0.422
TRACE 417426,15.95,15.00,-0.425
TRACE 419268,15.84,14.00,0.492
TRACE 421089,15.73,14.00,0.489
TRACE 422894,15.63,14.00,0.486
TRACE 424703,15.52,14.00,0.452
TRACE 426512,15.41,14.00,-0.423
TRACE 428357,15.30,14.00,-0.426
TRACE 430215,15.19,14.00,-0.430
TRACE 432047,15.08,14.00,-0.496
TRACE 433856,14.97,14.00,-0.499
TRACE 435671,14.86,14.00,-0.502
TRACE 437500,14.75,13.50,-0.459
TRACE 439311,14.64,13.00,0.424
TRACE 441130,14.53,13.00,0.421
TRACE 442957,14.42,13.00,-0.423
TRACE 444783,14.31,13.00,-0.426
TRACE 446650,14.20,13.00,-0.429
TRACE 448492,14.09,13.00,-0.433
TRACE 450354,13.98,13.00,-0.468
TRACE 452194,13.87,13.00,-0.502
TRACE 454060,13.76,12.50,-0.459
TRACE 455898,13.65,12.00,0.423
TRACE 457715,13.54,12.00,-0.420
TRACE 459579,13.43,12.00,-0.423
TRACE 461393,13.32,12.00,-0.426
TRACE 463209,13.21,11.00,0.503
TRACE 465022,13.10,11.00,0.500
TRACE 466845,12.99,11.00,0.466
TRACE 468651,12.88,11.00,0.431
TRACE 470470,12.77,11.00,0.428
TRACE 472294,12.66,11.00,0.425
TRACE 474088,12.55,11.00,0.422
TRACE 475899,12.45,12.00,-0.578
TRACE 477717,12.34,12.00,-0.581
TRACE 479560,12.23,12.00,-0.584
TRACE 481376,12.12,12.00,-0.587
TRACE 483187,12.01,12.00,-0.591
TRACE 484995,11.90,12.00,-0.594
TRACE 486798,11.79,12.00,-0.597
TRACE 488620,11.68,11.00,-0.445
TRACE 490440,11.57,11.00,-0.448
TRACE 492247,11.47,11.00,-0.451
TRACE 494071,11.36,10.50,0.432
TRACE 495887,11.25,10.00,0.475
TRACE 497701,11.14,10.00,0.472
TRACE 499513,11.03,9.50,0.515
TRACE 501334,10.92,9.00,0.495
TRACE 503147,10.81,9.50,0.446
TRACE 504946,10.70,10.00,-0.444
TRACE 506757,10.59,10.00,-0.479
TRACE 508583,10.49,10.00,-0.513
TRACE 510415,10.38,10.00,-0.517
TRACE 512222,10.27,10.00,-0.551
TRACE 514051,10.16,10.00,-0.586
TRACE 515877,10.05,10.00,-0.558
TRACE 517671,9.94,10.00,-0.530
TRACE 519493,9.83,9.50,-0.487
TRACE 521324,9.72,9.00,-0.444
TRACE 523135,9.61,9.00,-0.447
TRACE 524976,9.50,9.00,-0.450
TRACE 526796,9.39,9.00,-0.453
TRACE 528611,9.28,9.00,-0.457
TRACE 530459,9.17,8.00,0.472
TRACE 532272,9.06,8.00,0.438
TRACE 534092,8.95,7.50,0.460
TRACE 535975,8.84,7.00,0.503
TRACE 537864,8.73,7.00,0.500
TRACE 539749,8.62,7.50,0.451
TRACE 541641,8.51,8.00,-0.438
TRACE 543522,8.40,8.00,-0.502
TRACE 545431,8.29,8.00,-0.505
TRACE 547312,8.18,8.00,-0.538
TRACE 549204,8.07,8.00,-0.571
TRACE 551115,7.96,8.00,-0.573
TRACE 553010,7.86,8.00,-0.545
TRACE 554906,7.75,8.00,-0.518
TRACE 556804,7.65,8.00,-0.520
TRACE 558715,7.54,8.00,-0.523
TRACE 560611,7.44,8.00,-0.525
TRACE 562497,7.34,7.50,-0.482
TRACE 564405,7.23,7.00,-0.440
TRACE 566319,7.13,7.00,-0.442
TRACE 568228,7.03,7.00,-0.445
TRACE 570107,6.93,6.00,0.483
TRACE 571976,6.83,6.00,0.481
TRACE 573838,6.73,6.00,0.480
TRACE 575708,6.64,6.00,0.447
TRACE 577598,6.54,6.00,-0.425
TRACE 579479,6.44,6.00,-0.427
TRACE 581369,6.35,6.00,-0.429
TRACE 583274,6.25,5.50,-0.447
TRACE 585159,6.16,5.00,0.436
TRACE 587046,6.07,5.00,0.434
TRACE 588908,5.97,5.00,0.432
TRACE 590791,5.88,5.00,0.430
TRACE 592661,5.79,5.00,0.428
TRACE 603209,5.30,5.00,-0.447
TRACE 605108,5.21,5.50,-0.501
TRACE 607014,5.12,6.00,-0.554
TRACE 608907,5.04,5.50,-0.523
TRACE 610832,4.95,5.00,-0.492
TRACE 612738,4.87,5.00,-0.493
TRACE 614646,4.78,5.00,-0.495
TRACE 616556,4.70,5.00,-0.497
TRACE 618467,4.62,4.00,0.461
TRACE 620344,4.54,4.00,0.489
TRACE 622215,4.46,4.00,0.458
TRACE 624129,4.38,3.50,0.471
TRACE 626015,4.30,3.00,0.515
TRACE 627882,4.22,3.00,0.514
TRACE 629754,4.14,3.00,0.512
TRACE 631660,4.07,3.00,0.450
TRACE 633520,3.99,3.50,-0.437
TRACE 635429,3.92,3.50,-0.438
TRACE 637353,3.84,4.00,-0.516
TRACE 639251,3.77,3.50,-0.502
TRACE 641196,3.69,3.00,-0.458
TRACE 643100,3.62,3.00,-0.460
TRACE 645048,3.55,3.00,-0.461
TRACE 646929,3.47,3.00,-0.433
TRACE 648889,3.40,3.00,-0.435
TRACE 650778,3.33,2.50,0.479
TRACE 652717,3.26,2.00,0.492
TRACE 654637,3.19,2.00,0.461
TRACE 656534,3.13,2.00,0.460
TRACE 658424,3.06,2.00,0.459
TRACE 660325,2.99,2.00,0.457
TRACE 662248,2.93,2.00,0.456
TRACE 664151,2.86,2.00,0.425
TRACE 666081,2.80,2.00,-0.446
TRACE 668016,2.73,2.00,-0.448
TRACE 669939,2.67,2.00,-0.449
TRACE 671850,2.61,2.00,-0.450
TRACE 673780,2.55,2.00,-0.451
TRACE 675706,2.48,1.50,0.433
TRACE 677641,2.42,1.00,0.056
TRACE 679481,2.37,1.00,0.055
TRACE 681330,2.31,1.00,0.055
TRACE 683175,2.25,1.00,0.054
TRACE 685036,2.20,1.00,0.053
TRACE 686890,2.14,1.00,0.053
TRACE 688740,2.09,1.00,0.021
TRACE 690616,2.04,1.00,-0.010
TRACE 692486,1.98,1.50,-0.477
TRACE 694418,1.93,2.00,-0.523
TRACE 696341,1.88,2.00,-0.524
TRACE 698256,1.82,2.00,-0.524
TRACE 700158,1.77,2.00,-0.525
TRACE 702077,1.72,1.00,-0.016
TRACE 703953,1.67,1.00,-0.016
TRACE 705830,1.63,1.00,0.013
TRACE 707701,1.58,1.00,0.042
TRACE 709540,1.53,1.00,0.042
TRACE 711390,1.49,1.00,0.042
TRACE 713244,1.44,1.00,0.041
TRACE 715089,1.40,1.00,-0.021
TRACE 716954,1.35,1.00,-0.021
TRACE 718818,1.31,1.00,-0.022
TRACE 720683,1.27,1.50,-0.488
TRACE 722620,1.23,2.00,-0.534
TRACE 724514,1.18,2.00,-0.535
TRACE 726436,1.14,2.00,-0.535
TRACE 728332,1.10,1.50,-0.490
TRACE 730272,1.06,1.00,-0.025
TRACE 732156,1.02,1.00,-0.026
TRACE 734025,0.99,1.00,0.004
TRACE 735901,0.95,1.00,0.034
TRACE 737785,0.91,1.00,0.033
TRACE 739640,0.88,1.00,0.033
TRACE 741495,0.84,1.00,0.003
TRACE 743388,0.81,1.00,-0.028
TRACE 745261,0.78,1.00,-0.028
TRACE 747134,0.74,1.00,-0.029
TRACE 749013,0.71,1.50,-0.495
TRACE 750940,0.68,2.00,-0.540
TRACE 752858,0.65,2.00,-0.540
TRACE 754792,0.62,2.00,-0.540
TRACE 756710,0.59,1.50,-0.495
TRACE 758647,0.56,1.00,-0.030
TRACE 760511,0.53,1.00,-0.030
TRACE 762376,0.50,1.00,-0.001
TRACE 764253,0.48,1.00,0.030
TRACE 766124,0.45,1.00,0.030
TRACE 767978,0.43,1.00,0.030
TRACE 769858,0.40,1.00,-0.000
TRACE 771737,0.38,1.00,-0.031
TRACE 773589,0.36,1.00,-0.031
TRACE 775458,0.33,1.00,-0.031
TRACE 777330,0.31,1.00,-0.031
TRACE 779205,0.29,1.50,-0.496
TRACE 781127,0.27,2.00,-0.541
TRACE 783056,0.25,2.00,-0.541
TRACE 793627,0.16,1.00,-0.030
TRACE 795534,0.14,1.00,-0.029
TRACE 797408,0.13,1.00,-0.029
TRACE 799281,0.12,0.00,0.038
TRACE 801125,0.10,0.00,0.056
TRACE 802934,0.09,0.00,0.075
TRACE 804787,0.08,0.00,0.076
TRACE 806620,0.07,0.00,0.064
TRACE 808439,0.06,0.00,0.065
TRACE 810281,0.05,0.00,0.065
TRACE 812102,0.05,0.00,0.004
TRACE 813951,0.04,0.00,0.004
TRACE 815795,0.03,0.00,0.005
TRACE 817618,0.02,0.00,0.005
TRACE 819455,0.02,0.00,0.006
TRACE 821286,0.01,0.00,0.006
TRACE 823130,0.01,0.00,0.007
TRACE 824967,0.01,0.00,0.007
TRACE 826794,0.00,0.00,0.008
TRACE 828647,0.00,0.00,0.008
TRACE 830476,0.00,0.00,0.009
TRACE 832335,0.00,0.00,0.010
TRACE 834193,0.00,0.00,0.000
TRACE 835838,0.00,0.00,0.000
TRACE 837487,0.00,0.00,0.000
TRACE 839077,0.00,0.00,0.000
TRACE 840654,0.00,0.00,0.000
TRACE 842247,0.00,0.00,0.000
TRACE 843834,0.00,0.00,0.000
TRACE 845431,0.00,0.00,0.000
TRACE 847006,0.00,0.00,0.000
TRACE 848586,0.00,0.00,0.000
TRACE 850186,0.00,0.00,0.000
TRACE 851769,0.00,0.00,0.000
TRACE 853371,0.00,0.00,0.000
TRACE 854956,0.00,0.00,0.000
TRACE 856544,0.00,0.00,0.000
TRACE 858134,0.00,0.00,0.000
TRACE 859714,0.00,0.00,0.000
TRACE 861316,0.00,0.00,0.000
TRACE 862916,0.00,0.00,0.000
TRACE 864508,0.00,0.00,0.000
TRACE 866108,0.00,0.00,0.000
TRACE 867683,0.00,0.00,0.000
TRACE 869259,0.00,0.00,0.000
TRACE 870861,0.00,0.00,0.000
TRACE 872452,0.00,0.00,0.000
TRACE 874050,0.00,0.00,0.000
TRACE 875660,0.00,0.00,0.000
TRACE 877248,0.00,0.00,0.000
TRACE 878851,0.00,0.00,0.000
TRACE 880435,0.00,0.00,0.000
TRACE 882028,0.00,0.00,0.000
TRACE 883628,0.00,0.00,0.000
TRACE 885216,0.00,0.00,0.000
>>> 