arm_test.cmd_trace(arm, [])
TRACE t_us,ref_deg,pos_deg,duty
TRACE 916,30.00,30.00,-0.410
TRACE 2867,30.00,30.00,-0.411
TRACE 4714,30.00,30.00,-0.412
TRACE 6518,30.00,30.00,-0.412
TRACE 8332,29.99,30.00,-0.413
TRACE 10160,29.99,30.00,-0.414
TRACE 11974,29.99,30.00,-0.415
TRACE 13801,29.98,30.00,-0.416
TRACE 15605,29.98,30.00,-0.416
TRACE 17423,29.97,30.00,-0.417
TRACE 19235,29.96,30.00,-0.418
TRACE 21041,29.96,30.00,-0.419
TRACE 22841,29.95,30.00,-0.420
TRACE 24650,29.94,30.00,-0.421
TRACE 26445,29.93,30.00,-0.422
TRACE 28246,29.92,30.00,-0.423
TRACE 30047,29.91,30.00,-0.424
TRACE 31861,29.90,30.00,-0.425
TRACE 33666,29.89,30.00,-0.426
TRACE 35467,29.87,30.00,-0.427
TRACE 37294,29.86,30.00,-0.428
TRACE 39099,29.85,30.00,-0.429
TRACE 40882,29.83,30.00,-0.430
TRACE 42705,29.82,30.00,-0.431
TRACE 44495,29.80,30.00,-0.432
TRACE 46327,29.79,30.00,-0.433
TRACE 48106,29.77,30.00,-0.434
TRACE 49952,29.75,30.00,-0.435
TRACE 51757,29.73,30.00,-0.437
TRACE 53589,29.71,30.00,-0.438
TRACE 55390,29.69,30.00,-0.439
TRACE 57182,29.67,30.00,-0.440
TRACE 58986,29.65,30.00,-0.442
TRACE 60792,29.63,30.00,-0.443
TRACE 62600,29.61,30.00,-0.444
TRACE 64389,29.59,30.00,-0.446
TRACE 66176,29.56,30.00,-0.447
TRACE 67978,29.54,30.00,-0.448
TRACE 69785,29.51,30.00,-0.450
TRACE 71596,29.49,30.00,-0.451
TRACE 73394,29.46,30.00,-0.453
TRACE 75190,29.43,30.00,-0.454
TRACE 76998,29.41,30.00,-0.456
TRACE 78790,29.38,30.00,-0.457
TRACE 80592,29.35,30.00,-0.458
TRACE 82404,29.32,30.00,-0.460
TRACE 84202,29.29,30.00,-0.462
TRACE 86009,29.26,30.00,-0.463
TRACE 87812,29.23,30.00,-0.465
TRACE 89623,29.20,30.00,-0.466
TRACE 91417,29.16,30.00,-0.468
TRACE 93212,29.13,30.00,-0.470
TRACE 95005,29.10,30.00,-0.471
TRACE 96799,29.06,30.00,-0.473
TRACE 98603,29.03,30.00,-0.475
TRACE 100409,28.99,30.00,-0.476
TRACE 102223,28.96,30.00,-0.478
TRACE 104027,28.92,30.00,-0.480
TRACE 105805,28.88,30.00,-0.482
TRACE 107604,28.84,29.50,-0.437
TRACE 109396,28.80,29.50,-0.439
TRACE 111197,28.76,29.50,-0.440
TRACE 112997,28.72,29.50,-0.442
TRACE 114795,28.68,29.50,-0.444
TRACE 116608,28.64,29.50,-0.446
TRACE 118396,28.60,29.50,-0.448
TRACE 120195,28.56,29.50,-0.482
TRACE 121991,28.51,29.50,-0.484
TRACE 123791,28.47,29.50,-0.486
TRACE 125590,28.42,29.50,-0.488
TRACE 127390,28.38,29.50,-0.490
TRACE 129185,28.33,29.50,-0.492
TRACE 130982,28.28,29.50,-0.494
TRACE 132807,28.24,29.50,-0.496
TRACE 134592,28.19,29.50,-0.498
TRACE 136391,28.14,29.50,-0.500
TRACE 138179,28.09,29.50,-0.502
TRACE 139973,28.04,29.00,-0.457
TRACE 141763,27.99,29.00,-0.460
TRACE 143561,27.94,29.00,-0.462
TRACE 145344,27.89,29.00,-0.464
TRACE 147129,27.84,29.00,-0.466
TRACE 148930,27.78,29.00,-0.468
TRACE 150725,27.73,29.00,-0.471
TRACE 152523,27.67,29.00,-0.505
TRACE 154329,27.62,29.00,-0.507
TRACE 156112,27.56,29.00,-0.509
TRACE 157911,27.51,29.00,-0.512
TRACE 159698,27.45,29.00,-0.514
TRACE 161497,27.39,28.00,-0.423
TRACE 163288,27.33,28.00,-0.425
TRACE 165074,27.28,28.00,-0.427
TRACE 166852,27.22,27.00,0.464
TRACE 168640,27.16,27.00,0.462
TRACE 170417,27.10,27.00,0.459
TRACE 172212,27.03,27.00,0.457
TRACE 173995,26.97,27.00,-0.409
TRACE 175790,26.91,26.50,0.435
TRACE 177565,26.85,26.50,0.433
TRACE 179340,26.78,26.50,-0.434
TRACE 181139,26.72,27.00,-0.484
TRACE 182923,26.65,27.00,-0.486
TRACE 184687,26.59,27.00,-0.489
TRACE 186489,26.52,27.00,-0.491
TRACE 188284,26.45,27.00,-0.526
TRACE 190072,26.39,26.50,-0.482
TRACE 191872,26.32,26.00,-0.438
TRACE 193646,26.25,26.00,-0.408
TRACE 204145,25.83,25.00,0.417
TRACE 205934,25.76,25.00,0.414
TRACE 207709,25.69,25.00,0.411
TRACE 209488,25.61,25.00,0.408
TRACE 211276,25.54,25.00,-0.413
TRACE 213081,25.46,25.00,-0.435
TRACE 214876,25.38,25.00,-0.438
TRACE 216668,25.31,25.00,-0.479
TRACE 218466,25.23,25.00,-0.482
TRACE 220266,25.15,25.00,-0.485
TRACE 222071,25.07,25.00,-0.488
TRACE 223848,24.99,25.00,-0.491
TRACE 225643,24.91,25.00,-0.494
TRACE 227451,24.83,25.00,-0.497
TRACE 229209,24.75,25.00,-0.500
TRACE 230986,24.66,25.00,-0.503
TRACE 232784,24.58,24.50,-0.459
TRACE 234602,24.50,24.00,-0.416
TRACE 236403,24.41,24.00,-0.419
TRACE 238190,24.33,24.00,-0.422
TRACE 240020,24.24,24.00,-0.426
TRACE 241829,24.15,24.00,-0.429
TRACE 243642,24.06,23.50,0.414
TRACE 245443,23.98,23.00,0.426
TRACE 247222,23.89,23.00,-0.409
TRACE 249045,23.80,23.00,-0.412
TRACE 250826,23.71,23.00,-0.416
TRACE 252657,23.62,23.00,-0.419
TRACE 254444,23.53,23.00,-0.422
TRACE 256245,23.43,23.00,-0.457
TRACE 258053,23.34,23.00,-0.493
TRACE 259842,23.25,23.00,-0.496
TRACE 261626,23.16,22.00,-0.406
TRACE 263389,23.06,22.00,-0.409
TRACE 265174,22.97,22.00,-0.413
TRACE 266946,22.87,22.00,-0.416
TRACE 268733,22.78,22.00,-0.419
TRACE 270512,22.68,21.00,0.472
TRACE 272302,22.59,21.00,0.468
TRACE 274079,22.49,21.00,0.400
TRACE 275871,22.39,21.00,-0.404
TRACE 277662,22.29,21.00,-0.407
TRACE 279450,22.19,21.00,-0.411
TRACE 281231,22.09,21.00,-0.415
TRACE 283004,21.99,21.00,-0.482
TRACE 284803,21.89,21.00,-0.486
TRACE 286595,21.79,21.00,-0.490
TRACE 288370,21.68,20.50,-0.446
TRACE 290155,21.58,20.00,-0.403
TRACE 291957,21.48,20.00,-0.407
TRACE 293746,21.37,19.50,0.436
TRACE 295529,21.27,19.00,0.479
TRACE 297312,21.16,19.00,0.476
TRACE 299082,21.05,19.00,0.472
TRACE 300886,20.95,19.00,0.446
TRACE 302700,20.84,19.00,0.411
TRACE 304533,20.73,19.00,0.407
TRACE 306363,20.62,20.00,-0.521
TRACE 308181,20.51,20.00,-0.556
TRACE 310009,20.40,20.00,-0.559
TRACE 311847,20.29,20.00,-0.562
TRACE 313675,20.18,20.00,-0.565
TRACE 315482,20.07,20.00,-0.568
TRACE 317286,19.96,20.00,-0.572
TRACE 319114,19.85,20.00,-0.512
TRACE 320949,19.74,19.50,-0.469
TRACE 322783,19.63,19.00,-0.426
TRACE 324612,19.52,19.00,-0.430
TRACE 326430,19.41,19.00,-0.433
TRACE 328253,19.30,18.50,0.410
TRACE 330064,19.20,18.00,0.453
TRACE 331860,19.09,18.00,0.450
TRACE 333676,18.98,18.00,0.416
TRACE 335475,18.87,18.00,-0.419
TRACE 337294,18.76,18.00,-0.422
TRACE 339110,18.65,18.00,-0.425
TRACE 340922,18.54,18.00,-0.460
TRACE 342752,18.43,18.00,-0.495
TRACE 344577,18.33,18.00,-0.498
TRACE 346406,18.22,18.00,-0.502
TRACE 348229,18.11,18.00,-0.505
TRACE 350068,18.00,18.00,-0.508
TRACE 351890,17.89,18.00,-0.511
TRACE 353706,17.78,17.50,-0.468
TRACE 355523,17.67,17.00,-0.425
TRACE 357345,17.56,17.00,-0.429
TRACE 359178,17.45,17.00,-0.432
TRACE 361003,17.34,17.00,-0.435
TRACE 362834,17.23,16.00,0.454
TRACE 364626,17.12,16.00,0.451
TRACE 366432,17.01,16.00,0.417
TRACE 368243,16.91,16.00,-0.418
TRACE 370064,16.80,16.00,-0.421
TRACE 371886,16.69,16.00,-0.424
TRACE 373719,16.58,16.00,-0.428
TRACE 375540,16.47,16.00,-0.494
TRACE 377367,16.36,15.50,-0.451
TRACE 379195,16.25,15.00,-0.408
TRACE 381004,16.14,15.00,-0.411
TRACE 382836,16.03,15.00,-0.414
TRACE 384675,15.92,15.00,-0.418
TRACE 386482,15.81,14.00,0.472
TRACE 388294,15.70,14.00,0.469
TRACE 390103,15.59,14.00,0.434
TRACE 391919,15.48,14.00,-0.401
TRACE 393749,15.38,14.00,-0.404
TRACE 404181,14.75,13.00,0.419
TRACE 406027,14.64,13.00,0.416
TRACE 407846,14.53,13.00,-0.425
TRACE 409678,14.42,12.50,0.406
TRACE 411493,14.31,12.50,0.402
TRACE 413308,14.20,12.50,-0.401
TRACE 415126,14.09,13.00,-0.438
TRACE 416968,13.98,13.00,-0.479
TRACE 418805,13.87,13.00,-0.482
TRACE 420629,13.76,12.50,-0.439
TRACE 422452,13.65,12.00,-0.427
TRACE 424292,13.54,12.00,-0.430
TRACE 426082,13.44,12.00,-0.434
TRACE 427923,13.32,11.50,0.441
TRACE 429741,13.22,11.00,0.484
TRACE 431549,13.11,11.00,0.481
TRACE 433353,13.00,11.00,0.446
TRACE 435169,12.89,11.00,0.412
TRACE 436976,12.78,11.00,0.409
TRACE 438777,12.67,11.00,0.405
TRACE 440620,12.56,12.00,-0.523
TRACE 442448,12.45,12.00,-0.557
TRACE 444310,12.34,12.00,-0.560
TRACE 446151,12.23,12.00,-0.564
TRACE 447997,12.12,12.00,-0.567
TRACE 449861,12.01,12.00,-0.570
TRACE 451667,11.90,12.00,-0.573
TRACE 453556,11.79,11.00,-0.423
TRACE 455369,11.68,11.00,-0.426
TRACE 457217,11.57,11.00,-0.429
TRACE 459038,11.46,10.50,0.414
TRACE 460871,11.35,10.00,0.457
TRACE 462682,11.24,10.00,0.454
TRACE 464493,11.13,10.00,0.451
TRACE 466308,11.02,9.50,0.432
TRACE 468115,10.91,9.50,0.429
TRACE 469927,10.80,10.00,-0.421
TRACE 471763,10.69,10.00,-0.456
TRACE 473577,10.59,10.00,-0.490
TRACE 475406,10.48,10.00,-0.494
TRACE 477230,10.37,10.00,-0.497
TRACE 479057,10.26,10.00,-0.532
TRACE 480884,10.15,10.00,-0.535
TRACE 482708,10.04,10.00,-0.507
TRACE 484547,9.93,9.50,-0.464
TRACE 486384,9.82,9.00,-0.421
TRACE 488203,9.71,9.00,-0.424
TRACE 490050,9.60,9.00,-0.428
TRACE 491890,9.49,9.00,-0.431
TRACE 493716,9.38,9.00,-0.434
TRACE 495527,9.27,8.00,0.455
TRACE 497355,9.16,8.00,0.420
TRACE 499172,9.05,8.00,-0.414
TRACE 500995,8.94,8.00,-0.407
TRACE 502876,8.83,7.50,0.436
TRACE 504759,8.72,7.50,0.433
TRACE 506631,8.61,7.00,0.476
TRACE 508514,8.50,7.00,0.412
TRACE 510404,8.39,7.50,-0.437
TRACE 512308,8.28,8.00,-0.485
TRACE 514207,8.17,8.00,-0.488
TRACE 516084,8.06,8.00,-0.521
TRACE 517976,7.95,8.00,-0.523
TRACE 519887,7.85,8.00,-0.556
TRACE 521782,7.74,8.00,-0.558
TRACE 523675,7.64,7.00,-0.440
TRACE 525558,7.53,7.00,-0.412
TRACE 527458,7.43,7.00,-0.415
TRACE 529343,7.33,7.00,-0.417
TRACE 531217,7.22,6.50,0.426
TRACE 533082,7.12,6.00,0.469
TRACE 534987,7.02,6.00,0.466
TRACE 536890,6.92,6.00,0.403
TRACE 538775,6.82,6.00,0.401
TRACE 540650,6.73,6.00,-0.401
TRACE 542547,6.63,6.00,-0.403
TRACE 544432,6.53,6.00,-0.436
TRACE 546312,6.44,6.50,-0.513
TRACE 548221,6.34,7.00,-0.561
TRACE 550119,6.24,7.00,-0.563
TRACE 551994,6.15,7.00,-0.565
TRACE 553894,6.06,6.50,-0.522
TRACE 555812,5.96,6.00,-0.479
TRACE 557716,5.87,6.00,-0.481
TRACE 559607,5.78,6.00,-0.453
TRACE 561496,5.69,6.00,-0.425
TRACE 563395,5.60,6.00,-0.427
TRACE 565286,5.51,6.00,-0.429
TRACE 567177,5.42,5.50,-0.416
TRACE 569056,5.33,5.00,-0.403
TRACE 570960,5.25,5.00,-0.405
TRACE 572881,5.16,5.00,-0.407
TRACE 574776,5.07,4.50,0.436
TRACE 576647,4.99,4.00,0.480
TRACE 578525,4.91,4.00,0.478
TRACE 580401,4.82,4.00,0.446
TRACE 582288,4.74,4.00,0.414
TRACE 584179,4.66,4.00,0.413
TRACE 586071,4.58,4.00,0.411
TRACE 587951,4.50,4.00,-0.421
TRACE 589852,4.42,4.00,-0.453
TRACE 600395,3.98,4.00,-0.462
TRACE 602298,3.91,4.00,-0.464
TRACE 604188,3.83,3.00,0.401
TRACE 606081,3.76,3.00,-0.400
TRACE 607984,3.69,3.00,-0.402
TRACE 609880,3.61,3.00,-0.404
TRACE 611794,3.54,3.00,-0.405
TRACE 613662,3.47,2.00,0.508
TRACE 615581,3.40,2.00,0.506
TRACE 617497,3.33,2.00,0.444
TRACE 619408,3.26,2.00,0.443
TRACE 621335,3.19,2.00,0.441
TRACE 623244,3.12,2.00,0.440
TRACE 625143,3.06,2.00,0.439
TRACE 627060,2.99,2.00,-0.423
TRACE 629045,2.92,2.00,-0.424
TRACE 630984,2.86,2.00,-0.425
TRACE 632909,2.79,2.00,-0.426
TRACE 634913,2.73,2.00,-0.428
TRACE 636829,2.66,1.50,0.416
TRACE 638795,2.60,1.00,0.059
TRACE 640646,2.54,1.00,0.058
TRACE 642534,2.48,1.00,0.057
TRACE 644383,2.42,1.00,0.056
TRACE 646270,2.36,1.00,0.055
TRACE 648116,2.31,1.00,0.055
TRACE 650023,2.25,1.50,-0.422
TRACE 651983,2.19,2.00,-0.498
TRACE 653900,2.13,2.00,-0.499
TRACE 655828,2.08,2.00,-0.500
TRACE 657765,2.02,2.00,-0.500
TRACE 659686,1.97,1.50,-0.456
TRACE 661624,1.91,1.00,-0.012
TRACE 663484,1.86,1.00,0.016
TRACE 665371,1.81,1.00,0.046
TRACE 667215,1.76,1.00,0.045
TRACE 669079,1.71,1.00,0.045
TRACE 670921,1.67,1.00,0.044
TRACE 672794,1.62,1.00,0.013
TRACE 674667,1.57,1.00,-0.018
TRACE 676548,1.52,1.00,-0.019
TRACE 678407,1.48,1.00,-0.019
TRACE 680273,1.43,1.50,-0.466
TRACE 682229,1.39,2.00,-0.512
TRACE 684149,1.34,2.00,-0.512
TRACE 686079,1.30,2.00,-0.512
TRACE 687997,1.25,1.50,-0.468
TRACE 689922,1.21,1.00,-0.023
TRACE 691825,1.17,1.00,-0.024
TRACE 693686,1.13,1.00,0.005
TRACE 695535,1.09,1.00,0.035
TRACE 697392,1.05,1.00,0.035
TRACE 699265,1.01,1.00,0.035
TRACE 701106,0.98,1.00,0.004
TRACE 702979,0.94,1.00,-0.027
TRACE 704844,0.91,1.00,-0.027
TRACE 706706,0.87,1.50,-0.473
TRACE 708621,0.84,2.00,-0.519
TRACE 710555,0.80,2.00,-0.519
TRACE 712480,0.77,2.00,-0.519
TRACE 714406,0.73,1.50,-0.474
TRACE 716335,0.70,1.00,-0.029
TRACE 718204,0.67,1.00,-0.029
TRACE 720097,0.64,1.00,0.000
TRACE 721969,0.61,1.00,0.030
TRACE 723814,0.58,1.00,0.030
TRACE 725663,0.55,1.00,0.031
TRACE 727530,0.53,1.00,0.000
TRACE 729405,0.50,1.00,-0.030
TRACE 731286,0.47,1.00,-0.031
TRACE 733158,0.45,1.50,-0.476
TRACE 735095,0.42,2.00,-0.522
TRACE 737010,0.40,2.00,-0.521
TRACE 738928,0.37,2.00,-0.521
TRACE 740850,0.35,1.50,-0.476
TRACE 742811,0.33,1.00,-0.031
TRACE 744687,0.31,1.00,-0.031
TRACE 746557,0.29,1.00,-0.001
TRACE 748451,0.27,1.00,0.029
TRACE 750299,0.25,1.00,0.030
TRACE 752167,0.23,1.00,0.030
TRACE 754028,0.21,1.00,0.000
TRACE 755898,0.19,1.00,-0.030
TRACE 757798,0.18,1.00,-0.030
TRACE 759662,0.16,1.50,-0.475
TRACE 761598,0.15,2.00,-0.520
TRACE 763508,0.13,2.00,-0.520
TRACE 765422,0.12,2.00,-0.519
TRACE 767357,0.11,1.50,-0.474
TRACE 769311,0.09,1.00,-0.028
TRACE 771199,0.08,1.00,-0.028
TRACE 773075,0.07,1.00,0.002
TRACE 774921,0.06,1.00,0.033
TRACE 776776,0.05,1.00,0.034
TRACE 778631,0.05,1.00,0.034
TRACE 780505,0.04,1.00,0.005
TRACE 791042,0.01,2.00,-0.490
TRACE 792983,0.00,2.00,-0.489
TRACE 794923,0.00,2.00,-0.488
TRACE 796876,0.00,2.00,-0.488
TRACE 798823,0.00,1.50,-0.454
TRACE 800764,0.00,1.00,-0.030
TRACE 802455,0.00,1.00,-0.030
TRACE 804106,0.00,1.00,0.031
TRACE 805754,0.00,1.00,0.033
TRACE 807380,0.00,1.00,0.034
TRACE 809003,0.00,1.00,0.036
TRACE 810629,0.00,1.00,0.004
TRACE 812258,0.00,1.00,-0.030
TRACE 813901,0.00,1.00,-0.030
TRACE 815541,0.00,1.00,-0.030
TRACE 817174,0.00,1.00,-0.030
TRACE 818827,0.00,1.00,-0.030
TRACE 820463,0.00,1.00,-0.030
TRACE 822082,0.00,1.00,-0.030
TRACE 823728,0.00,1.00,-0.030
TRACE 825379,0.00,1.00,-0.030
TRACE 827012,0.00,1.00,-0.030
TRACE 828655,0.00,1.00,-0.030
TRACE 830282,0.00,1.00,-0.030
TRACE 831929,0.00,1.00,-0.030
TRACE 833565,0.00,1.00,-0.030
TRACE 835202,0.00,1.00,-0.030
TRACE 836839,0.00,1.00,-0.030
TRACE 838451,0.00,1.00,-0.030
TRACE 840084,0.00,1.00,-0.030
TRACE 841734,0.00,1.00,-0.030
TRACE 843358,0.00,1.00,-0.030
TRACE 845014,0.00,1.00,-0.030
TRACE 846669,0.00,1.00,-0.030
TRACE 848303,0.00,1.00,-0.030
TRACE 849979,0.00,1.00,-0.030
TRACE 851596,0.00,1.00,-0.030
>>> 